[1.384s] Invoking command in '/home/jkang/InSituNeedle_Manipulation_FBG_FEM_ROS2/src/sm130_interrogator': PYTHONPATH=/home/jkang/InSituNeedle_Manipulation_FBG_FEM_ROS2/build/sm130_interrogator/prefix_override:/home/jkang/InSituNeedle_Manipulation_FBG_FEM_ROS2/install/sm130_interrogator/lib/python3.8/site-packages:${PYTHONPATH} /usr/bin/python3 setup.py egg_info --egg-base ../../build/sm130_interrogator build --build-base /home/jkang/InSituNeedle_Manipulation_FBG_FEM_ROS2/build/sm130_interrogator/build install --record /home/jkang/InSituNeedle_Manipulation_FBG_FEM_ROS2/build/sm130_interrogator/install.log --single-version-externally-managed
[1.835s] running egg_info
[1.854s] writing ../../build/sm130_interrogator/sm130_interrogator.egg-info/PKG-INFO
[1.854s] writing dependency_links to ../../build/sm130_interrogator/sm130_interrogator.egg-info/dependency_links.txt
[1.854s] writing entry points to ../../build/sm130_interrogator/sm130_interrogator.egg-info/entry_points.txt
[1.854s] writing requirements to ../../build/sm130_interrogator/sm130_interrogator.egg-info/requires.txt
[1.855s] writing top-level names to ../../build/sm130_interrogator/sm130_interrogator.egg-info/top_level.txt
[1.892s] reading manifest file '../../build/sm130_interrogator/sm130_interrogator.egg-info/SOURCES.txt'
[1.894s] writing manifest file '../../build/sm130_interrogator/sm130_interrogator.egg-info/SOURCES.txt'
[1.894s] running build
[1.894s] running build_py
[1.894s] copying sm130_interrogator/sm130_member_function.py -> /home/jkang/InSituNeedle_Manipulation_FBG_FEM_ROS2/build/sm130_interrogator/build/lib/sm130_interrogator
[1.895s] running install
[1.895s] /home/jkang/.local/lib/python3.8/site-packages/setuptools/command/install.py:34: SetuptoolsDeprecationWarning: setup.py install is deprecated. Use build and pip and other standards-based tools.
[1.895s]   warnings.warn(
[1.902s] running install_lib
[1.921s] copying /home/jkang/InSituNeedle_Manipulation_FBG_FEM_ROS2/build/sm130_interrogator/build/lib/sm130_interrogator/sm130_member_function.py -> /home/jkang/InSituNeedle_Manipulation_FBG_FEM_ROS2/install/sm130_interrogator/lib/python3.8/site-packages/sm130_interrogator
[1.921s] byte-compiling /home/jkang/InSituNeedle_Manipulation_FBG_FEM_ROS2/install/sm130_interrogator/lib/python3.8/site-packages/sm130_interrogator/sm130_member_function.py to sm130_member_function.cpython-38.pyc
[1.922s] running install_data
[1.940s] running install_egg_info
[1.959s] removing '/home/jkang/InSituNeedle_Manipulation_FBG_FEM_ROS2/install/sm130_interrogator/lib/python3.8/site-packages/sm130_interrogator-0.0.0-py3.8.egg-info' (and everything under it)
[1.959s] Copying ../../build/sm130_interrogator/sm130_interrogator.egg-info to /home/jkang/InSituNeedle_Manipulation_FBG_FEM_ROS2/install/sm130_interrogator/lib/python3.8/site-packages/sm130_interrogator-0.0.0-py3.8.egg-info
[1.960s] running install_scripts
[2.043s] Installing listener script to /home/jkang/InSituNeedle_Manipulation_FBG_FEM_ROS2/install/sm130_interrogator/lib/sm130_interrogator
[2.043s] Installing talker script to /home/jkang/InSituNeedle_Manipulation_FBG_FEM_ROS2/install/sm130_interrogator/lib/sm130_interrogator
[2.043s] writing list of installed files to '/home/jkang/InSituNeedle_Manipulation_FBG_FEM_ROS2/build/sm130_interrogator/install.log'
[2.084s] Invoked command in '/home/jkang/InSituNeedle_Manipulation_FBG_FEM_ROS2/src/sm130_interrogator' returned '0': PYTHONPATH=/home/jkang/InSituNeedle_Manipulation_FBG_FEM_ROS2/build/sm130_interrogator/prefix_override:/home/jkang/InSituNeedle_Manipulation_FBG_FEM_ROS2/install/sm130_interrogator/lib/python3.8/site-packages:${PYTHONPATH} /usr/bin/python3 setup.py egg_info --egg-base ../../build/sm130_interrogator build --build-base /home/jkang/InSituNeedle_Manipulation_FBG_FEM_ROS2/build/sm130_interrogator/build install --record /home/jkang/InSituNeedle_Manipulation_FBG_FEM_ROS2/build/sm130_interrogator/install.log --single-version-externally-managed
