[0/1] Re-running CMake...
-- Found ament_cmake: 0.9.8 (/home/jkang/MATLAB/R2022b/sys/ros2/glnxa64/ros2/share/ament_cmake/cmake)
-- Found PythonInterp: /home/jkang/.matlab/R2022b/ros2/glnxa64/venv/bin/python3 (found suitable version "3.9.5", minimum required is "3") 
-- Using PYTHON_EXECUTABLE: /home/jkang/.matlab/R2022b/ros2/glnxa64/venv/bin/python3
-- Found ament_cmake_ros: 0.9.2 (/home/jkang/MATLAB/R2022b/sys/ros2/glnxa64/ros2/share/ament_cmake_ros/cmake)
-- Found rosidl_typesupport_c: 1.0.2 (/home/jkang/MATLAB/R2022b/sys/ros2/glnxa64/ros2/share/rosidl_typesupport_c/cmake)
-- Using all available rosidl_typesupport_c: rosidl_typesupport_fastrtps_c;rosidl_typesupport_introspection_c
-- Found rosidl_adapter: 1.2.1 (/home/jkang/MATLAB/R2022b/sys/ros2/glnxa64/ros2/share/rosidl_adapter/cmake)
-- Found rosidl_typesupport_cpp: 1.0.2 (/home/jkang/MATLAB/R2022b/sys/ros2/glnxa64/ros2/share/rosidl_typesupport_cpp/cmake)
-- Using all available rosidl_typesupport_cpp: rosidl_typesupport_fastrtps_cpp;rosidl_typesupport_introspection_cpp
-- Found rosidl_default_generators: 1.0.1 (/home/jkang/MATLAB/R2022b/sys/ros2/glnxa64/ros2/share/rosidl_default_generators/cmake)
-- Found class_loader: 2.0.2 (/home/jkang/MATLAB/R2022b/sys/ros2/glnxa64/ros2/share/class_loader/cmake)
-- Found rclcpp: 2.3.1 (/home/jkang/MATLAB/R2022b/sys/ros2/glnxa64/ros2/share/rclcpp/cmake)
-- Found rmw_implementation_cmake: 1.0.3 (/home/jkang/MATLAB/R2022b/sys/ros2/glnxa64/ros2/share/rmw_implementation_cmake/cmake)
-- Using RMW implementation 'rmw_fastrtps_cpp' as default
-- Found PythonInterp: /home/jkang/.matlab/R2022b/ros2/glnxa64/venv/bin/python3 (found version "3.9.5") 
-- Using all available rosidl_typesupport_c: rosidl_typesupport_fastrtps_c;rosidl_typesupport_introspection_c
-- Using all available rosidl_typesupport_cpp: rosidl_typesupport_fastrtps_cpp;rosidl_typesupport_introspection_cpp
-- Configuring done
-- Generating done
-- Build files have been written to: /home/jkang/InSituNeedle_Manipulation_FBG_FEM_ROS2/src/FEM/custom/matlab_msg_gen/glnxa64/build/fbg_msgs
ninja: no work to do.
-- Install configuration: "Release"
-- Up-to-date: /home/jkang/InSituNeedle_Manipulation_FBG_FEM_ROS2/src/FEM/custom/matlab_msg_gen/glnxa64/install/share/ament_index/resource_index/rosidl_interfaces/fbg_msgs
-- Up-to-date: /home/jkang/InSituNeedle_Manipulation_FBG_FEM_ROS2/src/FEM/custom/matlab_msg_gen/glnxa64/install/include/fbg_msgs
-- Up-to-date: /home/jkang/InSituNeedle_Manipulation_FBG_FEM_ROS2/src/FEM/custom/matlab_msg_gen/glnxa64/install/include/fbg_msgs/msg
-- Up-to-date: /home/jkang/InSituNeedle_Manipulation_FBG_FEM_ROS2/src/FEM/custom/matlab_msg_gen/glnxa64/install/include/fbg_msgs/msg/fbg_reading.h
-- Up-to-date: /home/jkang/InSituNeedle_Manipulation_FBG_FEM_ROS2/src/FEM/custom/matlab_msg_gen/glnxa64/install/include/fbg_msgs/msg/curvature.h
-- Up-to-date: /home/jkang/InSituNeedle_Manipulation_FBG_FEM_ROS2/src/FEM/custom/matlab_msg_gen/glnxa64/install/include/fbg_msgs/msg/rosidl_generator_c__visibility_control.h
-- Up-to-date: /home/jkang/InSituNeedle_Manipulation_FBG_FEM_ROS2/src/FEM/custom/matlab_msg_gen/glnxa64/install/include/fbg_msgs/msg/detail
-- Up-to-date: /home/jkang/InSituNeedle_Manipulation_FBG_FEM_ROS2/src/FEM/custom/matlab_msg_gen/glnxa64/install/include/fbg_msgs/msg/detail/curvature__functions.c
-- Up-to-date: /home/jkang/InSituNeedle_Manipulation_FBG_FEM_ROS2/src/FEM/custom/matlab_msg_gen/glnxa64/install/include/fbg_msgs/msg/detail/fbg_reading__functions.h
-- Up-to-date: /home/jkang/InSituNeedle_Manipulation_FBG_FEM_ROS2/src/FEM/custom/matlab_msg_gen/glnxa64/install/include/fbg_msgs/msg/detail/fbg_reading__type_support.h
-- Up-to-date: /home/jkang/InSituNeedle_Manipulation_FBG_FEM_ROS2/src/FEM/custom/matlab_msg_gen/glnxa64/install/include/fbg_msgs/msg/detail/curvature__struct.h
-- Up-to-date: /home/jkang/InSituNeedle_Manipulation_FBG_FEM_ROS2/src/FEM/custom/matlab_msg_gen/glnxa64/install/include/fbg_msgs/msg/detail/fbg_reading__functions.c
-- Up-to-date: /home/jkang/InSituNeedle_Manipulation_FBG_FEM_ROS2/src/FEM/custom/matlab_msg_gen/glnxa64/install/include/fbg_msgs/msg/detail/fbg_reading__struct.h
-- Up-to-date: /home/jkang/InSituNeedle_Manipulation_FBG_FEM_ROS2/src/FEM/custom/matlab_msg_gen/glnxa64/install/include/fbg_msgs/msg/detail/curvature__functions.h
-- Up-to-date: /home/jkang/InSituNeedle_Manipulation_FBG_FEM_ROS2/src/FEM/custom/matlab_msg_gen/glnxa64/install/include/fbg_msgs/msg/detail/curvature__type_support.h
-- Up-to-date: /home/jkang/InSituNeedle_Manipulation_FBG_FEM_ROS2/src/FEM/custom/matlab_msg_gen/glnxa64/install/include/fbg_msgs/srv
-- Up-to-date: /home/jkang/InSituNeedle_Manipulation_FBG_FEM_ROS2/src/FEM/custom/matlab_msg_gen/glnxa64/install/include/fbg_msgs/srv/cal_curvature.h
-- Up-to-date: /home/jkang/InSituNeedle_Manipulation_FBG_FEM_ROS2/src/FEM/custom/matlab_msg_gen/glnxa64/install/include/fbg_msgs/srv/detail
-- Up-to-date: /home/jkang/InSituNeedle_Manipulation_FBG_FEM_ROS2/src/FEM/custom/matlab_msg_gen/glnxa64/install/include/fbg_msgs/srv/detail/cal_curvature__struct.h
-- Up-to-date: /home/jkang/InSituNeedle_Manipulation_FBG_FEM_ROS2/src/FEM/custom/matlab_msg_gen/glnxa64/install/include/fbg_msgs/srv/detail/cal_curvature__functions.c
-- Up-to-date: /home/jkang/InSituNeedle_Manipulation_FBG_FEM_ROS2/src/FEM/custom/matlab_msg_gen/glnxa64/install/include/fbg_msgs/srv/detail/cal_curvature__functions.h
-- Up-to-date: /home/jkang/InSituNeedle_Manipulation_FBG_FEM_ROS2/src/FEM/custom/matlab_msg_gen/glnxa64/install/include/fbg_msgs/srv/detail/cal_curvature__type_support.h
-- Up-to-date: /home/jkang/InSituNeedle_Manipulation_FBG_FEM_ROS2/src/FEM/custom/matlab_msg_gen/glnxa64/install/share/fbg_msgs/environment/library_path.sh
-- Installing: /home/jkang/InSituNeedle_Manipulation_FBG_FEM_ROS2/src/FEM/custom/matlab_msg_gen/glnxa64/install/share/fbg_msgs/environment/library_path.dsv
-- Up-to-date: /home/jkang/InSituNeedle_Manipulation_FBG_FEM_ROS2/src/FEM/custom/matlab_msg_gen/glnxa64/install/lib/libfbg_msgs__rosidl_generator_c.so
-- Up-to-date: /home/jkang/InSituNeedle_Manipulation_FBG_FEM_ROS2/src/FEM/custom/matlab_msg_gen/glnxa64/install/include/fbg_msgs
-- Up-to-date: /home/jkang/InSituNeedle_Manipulation_FBG_FEM_ROS2/src/FEM/custom/matlab_msg_gen/glnxa64/install/include/fbg_msgs/msg
-- Up-to-date: /home/jkang/InSituNeedle_Manipulation_FBG_FEM_ROS2/src/FEM/custom/matlab_msg_gen/glnxa64/install/include/fbg_msgs/msg/detail
-- Up-to-date: /home/jkang/InSituNeedle_Manipulation_FBG_FEM_ROS2/src/FEM/custom/matlab_msg_gen/glnxa64/install/include/fbg_msgs/msg/detail/fbg_reading__rosidl_typesupport_fastrtps_c.h
-- Up-to-date: /home/jkang/InSituNeedle_Manipulation_FBG_FEM_ROS2/src/FEM/custom/matlab_msg_gen/glnxa64/install/include/fbg_msgs/msg/detail/curvature__rosidl_typesupport_fastrtps_c.h
-- Up-to-date: /home/jkang/InSituNeedle_Manipulation_FBG_FEM_ROS2/src/FEM/custom/matlab_msg_gen/glnxa64/install/include/fbg_msgs/msg/rosidl_typesupport_fastrtps_c__visibility_control.h
-- Up-to-date: /home/jkang/InSituNeedle_Manipulation_FBG_FEM_ROS2/src/FEM/custom/matlab_msg_gen/glnxa64/install/include/fbg_msgs/srv
-- Up-to-date: /home/jkang/InSituNeedle_Manipulation_FBG_FEM_ROS2/src/FEM/custom/matlab_msg_gen/glnxa64/install/include/fbg_msgs/srv/detail
-- Up-to-date: /home/jkang/InSituNeedle_Manipulation_FBG_FEM_ROS2/src/FEM/custom/matlab_msg_gen/glnxa64/install/include/fbg_msgs/srv/detail/cal_curvature__rosidl_typesupport_fastrtps_c.h
-- Up-to-date: /home/jkang/InSituNeedle_Manipulation_FBG_FEM_ROS2/src/FEM/custom/matlab_msg_gen/glnxa64/install/lib/libfbg_msgs__rosidl_typesupport_fastrtps_c.so
-- Up-to-date: /home/jkang/InSituNeedle_Manipulation_FBG_FEM_ROS2/src/FEM/custom/matlab_msg_gen/glnxa64/install/include/fbg_msgs
-- Up-to-date: /home/jkang/InSituNeedle_Manipulation_FBG_FEM_ROS2/src/FEM/custom/matlab_msg_gen/glnxa64/install/include/fbg_msgs/msg
-- Up-to-date: /home/jkang/InSituNeedle_Manipulation_FBG_FEM_ROS2/src/FEM/custom/matlab_msg_gen/glnxa64/install/include/fbg_msgs/msg/detail
-- Up-to-date: /home/jkang/InSituNeedle_Manipulation_FBG_FEM_ROS2/src/FEM/custom/matlab_msg_gen/glnxa64/install/include/fbg_msgs/msg/detail/curvature__rosidl_typesupport_fastrtps_cpp.hpp
-- Up-to-date: /home/jkang/InSituNeedle_Manipulation_FBG_FEM_ROS2/src/FEM/custom/matlab_msg_gen/glnxa64/install/include/fbg_msgs/msg/detail/fbg_reading__rosidl_typesupport_fastrtps_cpp.hpp
-- Up-to-date: /home/jkang/InSituNeedle_Manipulation_FBG_FEM_ROS2/src/FEM/custom/matlab_msg_gen/glnxa64/install/include/fbg_msgs/msg/detail/dds_fastrtps
-- Up-to-date: /home/jkang/InSituNeedle_Manipulation_FBG_FEM_ROS2/src/FEM/custom/matlab_msg_gen/glnxa64/install/include/fbg_msgs/msg/rosidl_typesupport_fastrtps_cpp__visibility_control.h
-- Up-to-date: /home/jkang/InSituNeedle_Manipulation_FBG_FEM_ROS2/src/FEM/custom/matlab_msg_gen/glnxa64/install/include/fbg_msgs/srv
-- Up-to-date: /home/jkang/InSituNeedle_Manipulation_FBG_FEM_ROS2/src/FEM/custom/matlab_msg_gen/glnxa64/install/include/fbg_msgs/srv/detail
-- Up-to-date: /home/jkang/InSituNeedle_Manipulation_FBG_FEM_ROS2/src/FEM/custom/matlab_msg_gen/glnxa64/install/include/fbg_msgs/srv/detail/dds_fastrtps
-- Up-to-date: /home/jkang/InSituNeedle_Manipulation_FBG_FEM_ROS2/src/FEM/custom/matlab_msg_gen/glnxa64/install/include/fbg_msgs/srv/detail/cal_curvature__rosidl_typesupport_fastrtps_cpp.hpp
-- Up-to-date: /home/jkang/InSituNeedle_Manipulation_FBG_FEM_ROS2/src/FEM/custom/matlab_msg_gen/glnxa64/install/lib/libfbg_msgs__rosidl_typesupport_fastrtps_cpp.so
-- Up-to-date: /home/jkang/InSituNeedle_Manipulation_FBG_FEM_ROS2/src/FEM/custom/matlab_msg_gen/glnxa64/install/include/fbg_msgs
-- Up-to-date: /home/jkang/InSituNeedle_Manipulation_FBG_FEM_ROS2/src/FEM/custom/matlab_msg_gen/glnxa64/install/include/fbg_msgs/msg
-- Up-to-date: /home/jkang/InSituNeedle_Manipulation_FBG_FEM_ROS2/src/FEM/custom/matlab_msg_gen/glnxa64/install/include/fbg_msgs/msg/rosidl_typesupport_introspection_c__visibility_control.h
-- Up-to-date: /home/jkang/InSituNeedle_Manipulation_FBG_FEM_ROS2/src/FEM/custom/matlab_msg_gen/glnxa64/install/include/fbg_msgs/msg/detail
-- Up-to-date: /home/jkang/InSituNeedle_Manipulation_FBG_FEM_ROS2/src/FEM/custom/matlab_msg_gen/glnxa64/install/include/fbg_msgs/msg/detail/fbg_reading__type_support.c
-- Up-to-date: /home/jkang/InSituNeedle_Manipulation_FBG_FEM_ROS2/src/FEM/custom/matlab_msg_gen/glnxa64/install/include/fbg_msgs/msg/detail/fbg_reading__rosidl_typesupport_introspection_c.h
-- Up-to-date: /home/jkang/InSituNeedle_Manipulation_FBG_FEM_ROS2/src/FEM/custom/matlab_msg_gen/glnxa64/install/include/fbg_msgs/msg/detail/curvature__type_support.c
-- Up-to-date: /home/jkang/InSituNeedle_Manipulation_FBG_FEM_ROS2/src/FEM/custom/matlab_msg_gen/glnxa64/install/include/fbg_msgs/msg/detail/curvature__rosidl_typesupport_introspection_c.h
-- Up-to-date: /home/jkang/InSituNeedle_Manipulation_FBG_FEM_ROS2/src/FEM/custom/matlab_msg_gen/glnxa64/install/include/fbg_msgs/srv
-- Up-to-date: /home/jkang/InSituNeedle_Manipulation_FBG_FEM_ROS2/src/FEM/custom/matlab_msg_gen/glnxa64/install/include/fbg_msgs/srv/detail
-- Up-to-date: /home/jkang/InSituNeedle_Manipulation_FBG_FEM_ROS2/src/FEM/custom/matlab_msg_gen/glnxa64/install/include/fbg_msgs/srv/detail/cal_curvature__rosidl_typesupport_introspection_c.h
-- Up-to-date: /home/jkang/InSituNeedle_Manipulation_FBG_FEM_ROS2/src/FEM/custom/matlab_msg_gen/glnxa64/install/include/fbg_msgs/srv/detail/cal_curvature__type_support.c
-- Up-to-date: /home/jkang/InSituNeedle_Manipulation_FBG_FEM_ROS2/src/FEM/custom/matlab_msg_gen/glnxa64/install/lib/libfbg_msgs__rosidl_typesupport_introspection_c.so
-- Up-to-date: /home/jkang/InSituNeedle_Manipulation_FBG_FEM_ROS2/src/FEM/custom/matlab_msg_gen/glnxa64/install/lib/libfbg_msgs__rosidl_typesupport_c.so
-- Up-to-date: /home/jkang/InSituNeedle_Manipulation_FBG_FEM_ROS2/src/FEM/custom/matlab_msg_gen/glnxa64/install/include/fbg_msgs
-- Up-to-date: /home/jkang/InSituNeedle_Manipulation_FBG_FEM_ROS2/src/FEM/custom/matlab_msg_gen/glnxa64/install/include/fbg_msgs/msg
-- Up-to-date: /home/jkang/InSituNeedle_Manipulation_FBG_FEM_ROS2/src/FEM/custom/matlab_msg_gen/glnxa64/install/include/fbg_msgs/msg/curvature.hpp
-- Up-to-date: /home/jkang/InSituNeedle_Manipulation_FBG_FEM_ROS2/src/FEM/custom/matlab_msg_gen/glnxa64/install/include/fbg_msgs/msg/fbg_reading.hpp
-- Up-to-date: /home/jkang/InSituNeedle_Manipulation_FBG_FEM_ROS2/src/FEM/custom/matlab_msg_gen/glnxa64/install/include/fbg_msgs/msg/detail
-- Up-to-date: /home/jkang/InSituNeedle_Manipulation_FBG_FEM_ROS2/src/FEM/custom/matlab_msg_gen/glnxa64/install/include/fbg_msgs/msg/detail/curvature__builder.hpp
-- Up-to-date: /home/jkang/InSituNeedle_Manipulation_FBG_FEM_ROS2/src/FEM/custom/matlab_msg_gen/glnxa64/install/include/fbg_msgs/msg/detail/curvature__traits.hpp
-- Up-to-date: /home/jkang/InSituNeedle_Manipulation_FBG_FEM_ROS2/src/FEM/custom/matlab_msg_gen/glnxa64/install/include/fbg_msgs/msg/detail/fbg_reading__struct.hpp
-- Up-to-date: /home/jkang/InSituNeedle_Manipulation_FBG_FEM_ROS2/src/FEM/custom/matlab_msg_gen/glnxa64/install/include/fbg_msgs/msg/detail/fbg_reading__traits.hpp
-- Up-to-date: /home/jkang/InSituNeedle_Manipulation_FBG_FEM_ROS2/src/FEM/custom/matlab_msg_gen/glnxa64/install/include/fbg_msgs/msg/detail/curvature__struct.hpp
-- Up-to-date: /home/jkang/InSituNeedle_Manipulation_FBG_FEM_ROS2/src/FEM/custom/matlab_msg_gen/glnxa64/install/include/fbg_msgs/msg/detail/fbg_reading__builder.hpp
-- Up-to-date: /home/jkang/InSituNeedle_Manipulation_FBG_FEM_ROS2/src/FEM/custom/matlab_msg_gen/glnxa64/install/include/fbg_msgs/srv
-- Up-to-date: /home/jkang/InSituNeedle_Manipulation_FBG_FEM_ROS2/src/FEM/custom/matlab_msg_gen/glnxa64/install/include/fbg_msgs/srv/detail
-- Up-to-date: /home/jkang/InSituNeedle_Manipulation_FBG_FEM_ROS2/src/FEM/custom/matlab_msg_gen/glnxa64/install/include/fbg_msgs/srv/detail/cal_curvature__builder.hpp
-- Up-to-date: /home/jkang/InSituNeedle_Manipulation_FBG_FEM_ROS2/src/FEM/custom/matlab_msg_gen/glnxa64/install/include/fbg_msgs/srv/detail/cal_curvature__traits.hpp
-- Up-to-date: /home/jkang/InSituNeedle_Manipulation_FBG_FEM_ROS2/src/FEM/custom/matlab_msg_gen/glnxa64/install/include/fbg_msgs/srv/detail/cal_curvature__struct.hpp
-- Up-to-date: /home/jkang/InSituNeedle_Manipulation_FBG_FEM_ROS2/src/FEM/custom/matlab_msg_gen/glnxa64/install/include/fbg_msgs/srv/cal_curvature.hpp
-- Up-to-date: /home/jkang/InSituNeedle_Manipulation_FBG_FEM_ROS2/src/FEM/custom/matlab_msg_gen/glnxa64/install/include/fbg_msgs
-- Up-to-date: /home/jkang/InSituNeedle_Manipulation_FBG_FEM_ROS2/src/FEM/custom/matlab_msg_gen/glnxa64/install/include/fbg_msgs/msg
-- Up-to-date: /home/jkang/InSituNeedle_Manipulation_FBG_FEM_ROS2/src/FEM/custom/matlab_msg_gen/glnxa64/install/include/fbg_msgs/msg/detail
-- Up-to-date: /home/jkang/InSituNeedle_Manipulation_FBG_FEM_ROS2/src/FEM/custom/matlab_msg_gen/glnxa64/install/include/fbg_msgs/msg/detail/fbg_reading__type_support.cpp
-- Up-to-date: /home/jkang/InSituNeedle_Manipulation_FBG_FEM_ROS2/src/FEM/custom/matlab_msg_gen/glnxa64/install/include/fbg_msgs/msg/detail/fbg_reading__rosidl_typesupport_introspection_cpp.hpp
-- Up-to-date: /home/jkang/InSituNeedle_Manipulation_FBG_FEM_ROS2/src/FEM/custom/matlab_msg_gen/glnxa64/install/include/fbg_msgs/msg/detail/curvature__type_support.cpp
-- Up-to-date: /home/jkang/InSituNeedle_Manipulation_FBG_FEM_ROS2/src/FEM/custom/matlab_msg_gen/glnxa64/install/include/fbg_msgs/msg/detail/curvature__rosidl_typesupport_introspection_cpp.hpp
-- Up-to-date: /home/jkang/InSituNeedle_Manipulation_FBG_FEM_ROS2/src/FEM/custom/matlab_msg_gen/glnxa64/install/include/fbg_msgs/srv
-- Up-to-date: /home/jkang/InSituNeedle_Manipulation_FBG_FEM_ROS2/src/FEM/custom/matlab_msg_gen/glnxa64/install/include/fbg_msgs/srv/detail
-- Up-to-date: /home/jkang/InSituNeedle_Manipulation_FBG_FEM_ROS2/src/FEM/custom/matlab_msg_gen/glnxa64/install/include/fbg_msgs/srv/detail/cal_curvature__type_support.cpp
-- Up-to-date: /home/jkang/InSituNeedle_Manipulation_FBG_FEM_ROS2/src/FEM/custom/matlab_msg_gen/glnxa64/install/include/fbg_msgs/srv/detail/cal_curvature__rosidl_typesupport_introspection_cpp.hpp
-- Up-to-date: /home/jkang/InSituNeedle_Manipulation_FBG_FEM_ROS2/src/FEM/custom/matlab_msg_gen/glnxa64/install/lib/libfbg_msgs__rosidl_typesupport_introspection_cpp.so
-- Up-to-date: /home/jkang/InSituNeedle_Manipulation_FBG_FEM_ROS2/src/FEM/custom/matlab_msg_gen/glnxa64/install/lib/libfbg_msgs__rosidl_typesupport_cpp.so
-- Up-to-date: /home/jkang/InSituNeedle_Manipulation_FBG_FEM_ROS2/src/FEM/custom/matlab_msg_gen/glnxa64/install/share/fbg_msgs/msg/Curvature.idl
-- Up-to-date: /home/jkang/InSituNeedle_Manipulation_FBG_FEM_ROS2/src/FEM/custom/matlab_msg_gen/glnxa64/install/share/fbg_msgs/msg/FbgReading.idl
-- Up-to-date: /home/jkang/InSituNeedle_Manipulation_FBG_FEM_ROS2/src/FEM/custom/matlab_msg_gen/glnxa64/install/share/fbg_msgs/srv/CalCurvature.idl
-- Up-to-date: /home/jkang/InSituNeedle_Manipulation_FBG_FEM_ROS2/src/FEM/custom/matlab_msg_gen/glnxa64/install/share/fbg_msgs/msg/Curvature.msg
-- Up-to-date: /home/jkang/InSituNeedle_Manipulation_FBG_FEM_ROS2/src/FEM/custom/matlab_msg_gen/glnxa64/install/share/fbg_msgs/msg/FbgReading.msg
-- Up-to-date: /home/jkang/InSituNeedle_Manipulation_FBG_FEM_ROS2/src/FEM/custom/matlab_msg_gen/glnxa64/install/share/fbg_msgs/srv/CalCurvature.srv
-- Up-to-date: /home/jkang/InSituNeedle_Manipulation_FBG_FEM_ROS2/src/FEM/custom/matlab_msg_gen/glnxa64/install/share/fbg_msgs/srv/CalCurvature_Request.msg
-- Up-to-date: /home/jkang/InSituNeedle_Manipulation_FBG_FEM_ROS2/src/FEM/custom/matlab_msg_gen/glnxa64/install/share/fbg_msgs/srv/CalCurvature_Response.msg
-- Up-to-date: /home/jkang/InSituNeedle_Manipulation_FBG_FEM_ROS2/src/FEM/custom/matlab_msg_gen/glnxa64/install/include
-- Up-to-date: /home/jkang/InSituNeedle_Manipulation_FBG_FEM_ROS2/src/FEM/custom/matlab_msg_gen/glnxa64/install/include/fbg_msgs
-- Up-to-date: /home/jkang/InSituNeedle_Manipulation_FBG_FEM_ROS2/src/FEM/custom/matlab_msg_gen/glnxa64/install/include/fbg_msgs/visibility_control.h
-- Up-to-date: /home/jkang/InSituNeedle_Manipulation_FBG_FEM_ROS2/src/FEM/custom/matlab_msg_gen/glnxa64/install/lib/libfbg_msgs_matlab.so
-- Up-to-date: /home/jkang/InSituNeedle_Manipulation_FBG_FEM_ROS2/src/FEM/custom/matlab_msg_gen/glnxa64/install/m/
-- Up-to-date: /home/jkang/InSituNeedle_Manipulation_FBG_FEM_ROS2/src/FEM/custom/matlab_msg_gen/glnxa64/install/m//+ros
-- Up-to-date: /home/jkang/InSituNeedle_Manipulation_FBG_FEM_ROS2/src/FEM/custom/matlab_msg_gen/glnxa64/install/m//+ros/+internal
-- Up-to-date: /home/jkang/InSituNeedle_Manipulation_FBG_FEM_ROS2/src/FEM/custom/matlab_msg_gen/glnxa64/install/m//+ros/+internal/+ros2
-- Up-to-date: /home/jkang/InSituNeedle_Manipulation_FBG_FEM_ROS2/src/FEM/custom/matlab_msg_gen/glnxa64/install/m//+ros/+internal/+ros2/+custommessages
-- Up-to-date: /home/jkang/InSituNeedle_Manipulation_FBG_FEM_ROS2/src/FEM/custom/matlab_msg_gen/glnxa64/install/m//+ros/+internal/+ros2/+custommessages/+fbg_msgs
-- Up-to-date: /home/jkang/InSituNeedle_Manipulation_FBG_FEM_ROS2/src/FEM/custom/matlab_msg_gen/glnxa64/install/m//+ros/+internal/+ros2/+custommessages/+fbg_msgs/fbg_msgs_msg_FbgReading_2To1_Converter.m
-- Up-to-date: /home/jkang/InSituNeedle_Manipulation_FBG_FEM_ROS2/src/FEM/custom/matlab_msg_gen/glnxa64/install/m//+ros/+internal/+ros2/+custommessages/+fbg_msgs/calCurvatureResponse.m
-- Up-to-date: /home/jkang/InSituNeedle_Manipulation_FBG_FEM_ROS2/src/FEM/custom/matlab_msg_gen/glnxa64/install/m//+ros/+internal/+ros2/+custommessages/+fbg_msgs/calCurvatureRequest.m
-- Up-to-date: /home/jkang/InSituNeedle_Manipulation_FBG_FEM_ROS2/src/FEM/custom/matlab_msg_gen/glnxa64/install/m//+ros/+internal/+ros2/+custommessages/+fbg_msgs/fbg_msgs_msg_FbgReading_1To2_Converter.m
-- Up-to-date: /home/jkang/InSituNeedle_Manipulation_FBG_FEM_ROS2/src/FEM/custom/matlab_msg_gen/glnxa64/install/m//+ros/+internal/+ros2/+custommessages/+fbg_msgs/curvature.m
-- Up-to-date: /home/jkang/InSituNeedle_Manipulation_FBG_FEM_ROS2/src/FEM/custom/matlab_msg_gen/glnxa64/install/m//+ros/+internal/+ros2/+custommessages/+fbg_msgs/fbg_msgs_msg_Curvature_1To2_Converter.m
-- Up-to-date: /home/jkang/InSituNeedle_Manipulation_FBG_FEM_ROS2/src/FEM/custom/matlab_msg_gen/glnxa64/install/m//+ros/+internal/+ros2/+custommessages/+fbg_msgs/fbg_msgs_msg_Curvature_2To1_Converter.m
-- Up-to-date: /home/jkang/InSituNeedle_Manipulation_FBG_FEM_ROS2/src/FEM/custom/matlab_msg_gen/glnxa64/install/m//+ros/+internal/+ros2/+custommessages/+fbg_msgs/fbgReading.m
-- Up-to-date: /home/jkang/InSituNeedle_Manipulation_FBG_FEM_ROS2/src/FEM/custom/matlab_msg_gen/glnxa64/install/share/ament_index/resource_index/package_run_dependencies/fbg_msgs
-- Up-to-date: /home/jkang/InSituNeedle_Manipulation_FBG_FEM_ROS2/src/FEM/custom/matlab_msg_gen/glnxa64/install/share/ament_index/resource_index/parent_prefix_path/fbg_msgs
-- Up-to-date: /home/jkang/InSituNeedle_Manipulation_FBG_FEM_ROS2/src/FEM/custom/matlab_msg_gen/glnxa64/install/share/fbg_msgs/environment/ament_prefix_path.sh
-- Installing: /home/jkang/InSituNeedle_Manipulation_FBG_FEM_ROS2/src/FEM/custom/matlab_msg_gen/glnxa64/install/share/fbg_msgs/environment/ament_prefix_path.dsv
-- Up-to-date: /home/jkang/InSituNeedle_Manipulation_FBG_FEM_ROS2/src/FEM/custom/matlab_msg_gen/glnxa64/install/share/fbg_msgs/environment/path.sh
-- Installing: /home/jkang/InSituNeedle_Manipulation_FBG_FEM_ROS2/src/FEM/custom/matlab_msg_gen/glnxa64/install/share/fbg_msgs/environment/path.dsv
-- Up-to-date: /home/jkang/InSituNeedle_Manipulation_FBG_FEM_ROS2/src/FEM/custom/matlab_msg_gen/glnxa64/install/share/fbg_msgs/local_setup.bash
-- Up-to-date: /home/jkang/InSituNeedle_Manipulation_FBG_FEM_ROS2/src/FEM/custom/matlab_msg_gen/glnxa64/install/share/fbg_msgs/local_setup.sh
-- Up-to-date: /home/jkang/InSituNeedle_Manipulation_FBG_FEM_ROS2/src/FEM/custom/matlab_msg_gen/glnxa64/install/share/fbg_msgs/local_setup.zsh
-- Installing: /home/jkang/InSituNeedle_Manipulation_FBG_FEM_ROS2/src/FEM/custom/matlab_msg_gen/glnxa64/install/share/fbg_msgs/local_setup.dsv
-- Installing: /home/jkang/InSituNeedle_Manipulation_FBG_FEM_ROS2/src/FEM/custom/matlab_msg_gen/glnxa64/install/share/fbg_msgs/package.dsv
-- Up-to-date: /home/jkang/InSituNeedle_Manipulation_FBG_FEM_ROS2/src/FEM/custom/matlab_msg_gen/glnxa64/install/share/ament_index/resource_index/packages/fbg_msgs
-- Up-to-date: /home/jkang/InSituNeedle_Manipulation_FBG_FEM_ROS2/src/FEM/custom/matlab_msg_gen/glnxa64/install/share/fbg_msgs/cmake/fbg_msgs__rosidl_generator_cExport.cmake
-- Installing: /home/jkang/InSituNeedle_Manipulation_FBG_FEM_ROS2/src/FEM/custom/matlab_msg_gen/glnxa64/install/share/fbg_msgs/cmake/fbg_msgs__rosidl_generator_cExport-release.cmake
-- Up-to-date: /home/jkang/InSituNeedle_Manipulation_FBG_FEM_ROS2/src/FEM/custom/matlab_msg_gen/glnxa64/install/share/fbg_msgs/cmake/fbg_msgs__rosidl_typesupport_introspection_cExport.cmake
-- Installing: /home/jkang/InSituNeedle_Manipulation_FBG_FEM_ROS2/src/FEM/custom/matlab_msg_gen/glnxa64/install/share/fbg_msgs/cmake/fbg_msgs__rosidl_typesupport_introspection_cExport-release.cmake
-- Up-to-date: /home/jkang/InSituNeedle_Manipulation_FBG_FEM_ROS2/src/FEM/custom/matlab_msg_gen/glnxa64/install/share/fbg_msgs/cmake/fbg_msgs__rosidl_typesupport_cExport.cmake
-- Installing: /home/jkang/InSituNeedle_Manipulation_FBG_FEM_ROS2/src/FEM/custom/matlab_msg_gen/glnxa64/install/share/fbg_msgs/cmake/fbg_msgs__rosidl_typesupport_cExport-release.cmake
-- Up-to-date: /home/jkang/InSituNeedle_Manipulation_FBG_FEM_ROS2/src/FEM/custom/matlab_msg_gen/glnxa64/install/share/fbg_msgs/cmake/fbg_msgs__rosidl_generator_cppExport.cmake
-- Up-to-date: /home/jkang/InSituNeedle_Manipulation_FBG_FEM_ROS2/src/FEM/custom/matlab_msg_gen/glnxa64/install/share/fbg_msgs/cmake/fbg_msgs__rosidl_typesupport_introspection_cppExport.cmake
-- Installing: /home/jkang/InSituNeedle_Manipulation_FBG_FEM_ROS2/src/FEM/custom/matlab_msg_gen/glnxa64/install/share/fbg_msgs/cmake/fbg_msgs__rosidl_typesupport_introspection_cppExport-release.cmake
-- Up-to-date: /home/jkang/InSituNeedle_Manipulation_FBG_FEM_ROS2/src/FEM/custom/matlab_msg_gen/glnxa64/install/share/fbg_msgs/cmake/fbg_msgs__rosidl_typesupport_cppExport.cmake
-- Installing: /home/jkang/InSituNeedle_Manipulation_FBG_FEM_ROS2/src/FEM/custom/matlab_msg_gen/glnxa64/install/share/fbg_msgs/cmake/fbg_msgs__rosidl_typesupport_cppExport-release.cmake
-- Up-to-date: /home/jkang/InSituNeedle_Manipulation_FBG_FEM_ROS2/src/FEM/custom/matlab_msg_gen/glnxa64/install/share/fbg_msgs/cmake/rosidl_cmake-extras.cmake
-- Up-to-date: /home/jkang/InSituNeedle_Manipulation_FBG_FEM_ROS2/src/FEM/custom/matlab_msg_gen/glnxa64/install/share/fbg_msgs/cmake/ament_cmake_export_dependencies-extras.cmake
-- Up-to-date: /home/jkang/InSituNeedle_Manipulation_FBG_FEM_ROS2/src/FEM/custom/matlab_msg_gen/glnxa64/install/share/fbg_msgs/cmake/ament_cmake_export_libraries-extras.cmake
-- Up-to-date: /home/jkang/InSituNeedle_Manipulation_FBG_FEM_ROS2/src/FEM/custom/matlab_msg_gen/glnxa64/install/share/fbg_msgs/cmake/ament_cmake_export_targets-extras.cmake
-- Up-to-date: /home/jkang/InSituNeedle_Manipulation_FBG_FEM_ROS2/src/FEM/custom/matlab_msg_gen/glnxa64/install/share/fbg_msgs/cmake/ament_cmake_export_include_directories-extras.cmake
-- Up-to-date: /home/jkang/InSituNeedle_Manipulation_FBG_FEM_ROS2/src/FEM/custom/matlab_msg_gen/glnxa64/install/share/fbg_msgs/cmake/rosidl_cmake_export_typesupport_libraries-extras.cmake
-- Up-to-date: /home/jkang/InSituNeedle_Manipulation_FBG_FEM_ROS2/src/FEM/custom/matlab_msg_gen/glnxa64/install/share/fbg_msgs/cmake/rosidl_cmake_export_typesupport_targets-extras.cmake
-- Up-to-date: /home/jkang/InSituNeedle_Manipulation_FBG_FEM_ROS2/src/FEM/custom/matlab_msg_gen/glnxa64/install/share/fbg_msgs/cmake/fbg_msgsConfig.cmake
-- Up-to-date: /home/jkang/InSituNeedle_Manipulation_FBG_FEM_ROS2/src/FEM/custom/matlab_msg_gen/glnxa64/install/share/fbg_msgs/cmake/fbg_msgsConfig-version.cmake
-- Installing: /home/jkang/InSituNeedle_Manipulation_FBG_FEM_ROS2/src/FEM/custom/matlab_msg_gen/glnxa64/install/share/fbg_msgs/package.xml
