[0.502s] DEBUG:colcon:Command line arguments: ['/usr/bin/colcon', 'build']
[0.502s] DEBUG:colcon:Parsed command line arguments: Namespace(allow_overriding=[], ament_cmake_args=None, base_paths=['.'], build_base='build', catkin_cmake_args=None, catkin_skip_building_tests=False, cmake_args=None, cmake_clean_cache=False, cmake_clean_first=False, cmake_force_configure=False, cmake_target=None, cmake_target_skip_unavailable=False, continue_on_error=False, event_handlers=None, executor='parallel', ignore_user_meta=False, install_base='install', log_base=None, log_level=None, main=<bound method BuildVerb.main of <colcon_core.verb.build.BuildVerb object at 0x7fe20a2b2af0>>, merge_install=False, metas=['./colcon.meta'], packages_above=None, packages_above_and_dependencies=None, packages_above_depth=None, packages_end=None, packages_ignore=None, packages_ignore_regex=None, packages_select=None, packages_select_build_failed=False, packages_select_by_dep=None, packages_select_regex=None, packages_select_test_failures=False, packages_skip=None, packages_skip_build_finished=False, packages_skip_by_dep=None, packages_skip_regex=None, packages_skip_test_passed=False, packages_skip_up_to=None, packages_start=None, packages_up_to=None, packages_up_to_regex=None, parallel_workers=12, paths=None, symlink_install=False, test_result_base=None, verb_extension=<colcon_core.verb.build.BuildVerb object at 0x7fe20a2b2af0>, verb_name='build', verb_parser=<colcon_defaults.argument_parser.defaults.DefaultArgumentsDecorator object at 0x7fe20a227c70>)
[0.580s] Level 1:colcon.colcon_core.package_discovery:discover_packages(colcon_meta) check parameters
[0.580s] Level 1:colcon.colcon_core.package_discovery:discover_packages(recursive) check parameters
[0.580s] Level 1:colcon.colcon_core.package_discovery:discover_packages(ignore) check parameters
[0.580s] Level 1:colcon.colcon_core.package_discovery:discover_packages(path) check parameters
[0.580s] Level 1:colcon.colcon_core.package_discovery:discover_packages(colcon_meta) discover
[0.581s] Level 1:colcon.colcon_core.package_discovery:discover_packages(recursive) discover
[0.581s] INFO:colcon.colcon_core.package_discovery:Crawling recursively for packages in '/home/jkang/InSituNeedle_Manipulation_FBG_FEM_ROS2'
[0.581s] Level 1:colcon.colcon_core.package_identification:_identify(.) by extensions ['ignore', 'ignore_ament_install']
[0.581s] Level 1:colcon.colcon_core.package_identification:_identify(.) by extension 'ignore'
[0.581s] Level 1:colcon.colcon_core.package_identification:_identify(.) by extension 'ignore_ament_install'
[0.581s] Level 1:colcon.colcon_core.package_identification:_identify(.) by extensions ['colcon_pkg']
[0.581s] Level 1:colcon.colcon_core.package_identification:_identify(.) by extension 'colcon_pkg'
[0.581s] Level 1:colcon.colcon_core.package_identification:_identify(.) by extensions ['colcon_meta']
[0.581s] Level 1:colcon.colcon_core.package_identification:_identify(.) by extension 'colcon_meta'
[0.581s] Level 1:colcon.colcon_core.package_identification:_identify(.) by extensions ['ros']
[0.581s] Level 1:colcon.colcon_core.package_identification:_identify(.) by extension 'ros'
[0.599s] Level 1:colcon.colcon_core.package_identification:_identify(.) by extensions ['cmake', 'python']
[0.599s] Level 1:colcon.colcon_core.package_identification:_identify(.) by extension 'cmake'
[0.599s] Level 1:colcon.colcon_core.package_identification:_identify(.) by extension 'python'
[0.599s] Level 1:colcon.colcon_core.package_identification:_identify(.) by extensions ['python_setup_py']
[0.599s] Level 1:colcon.colcon_core.package_identification:_identify(.) by extension 'python_setup_py'
[0.599s] Level 1:colcon.colcon_core.package_identification:_identify(build) by extensions ['ignore', 'ignore_ament_install']
[0.599s] Level 1:colcon.colcon_core.package_identification:_identify(build) by extension 'ignore'
[0.599s] Level 1:colcon.colcon_core.package_identification:_identify(build) ignored
[0.599s] Level 1:colcon.colcon_core.package_identification:_identify(install) by extensions ['ignore', 'ignore_ament_install']
[0.599s] Level 1:colcon.colcon_core.package_identification:_identify(install) by extension 'ignore'
[0.599s] Level 1:colcon.colcon_core.package_identification:_identify(install) ignored
[0.600s] Level 1:colcon.colcon_core.package_identification:_identify(log) by extensions ['ignore', 'ignore_ament_install']
[0.600s] Level 1:colcon.colcon_core.package_identification:_identify(log) by extension 'ignore'
[0.600s] Level 1:colcon.colcon_core.package_identification:_identify(log) ignored
[0.600s] Level 1:colcon.colcon_core.package_identification:_identify(needle_simulation_control) by extensions ['ignore', 'ignore_ament_install']
[0.600s] Level 1:colcon.colcon_core.package_identification:_identify(needle_simulation_control) by extension 'ignore'
[0.600s] Level 1:colcon.colcon_core.package_identification:_identify(needle_simulation_control) by extension 'ignore_ament_install'
[0.600s] Level 1:colcon.colcon_core.package_identification:_identify(needle_simulation_control) by extensions ['colcon_pkg']
[0.600s] Level 1:colcon.colcon_core.package_identification:_identify(needle_simulation_control) by extension 'colcon_pkg'
[0.600s] Level 1:colcon.colcon_core.package_identification:_identify(needle_simulation_control) by extensions ['colcon_meta']
[0.600s] Level 1:colcon.colcon_core.package_identification:_identify(needle_simulation_control) by extension 'colcon_meta'
[0.600s] Level 1:colcon.colcon_core.package_identification:_identify(needle_simulation_control) by extensions ['ros']
[0.600s] Level 1:colcon.colcon_core.package_identification:_identify(needle_simulation_control) by extension 'ros'
[0.600s] Level 1:colcon.colcon_core.package_identification:_identify(needle_simulation_control) by extensions ['cmake', 'python']
[0.600s] Level 1:colcon.colcon_core.package_identification:_identify(needle_simulation_control) by extension 'cmake'
[0.601s] Level 1:colcon.colcon_core.package_identification:_identify(needle_simulation_control) by extension 'python'
[0.601s] Level 1:colcon.colcon_core.package_identification:_identify(needle_simulation_control) by extensions ['python_setup_py']
[0.601s] Level 1:colcon.colcon_core.package_identification:_identify(needle_simulation_control) by extension 'python_setup_py'
[0.601s] Level 1:colcon.colcon_core.package_identification:_identify(needle_simulation_control/Control) by extensions ['ignore', 'ignore_ament_install']
[0.601s] Level 1:colcon.colcon_core.package_identification:_identify(needle_simulation_control/Control) by extension 'ignore'
[0.601s] Level 1:colcon.colcon_core.package_identification:_identify(needle_simulation_control/Control) by extension 'ignore_ament_install'
[0.601s] Level 1:colcon.colcon_core.package_identification:_identify(needle_simulation_control/Control) by extensions ['colcon_pkg']
[0.601s] Level 1:colcon.colcon_core.package_identification:_identify(needle_simulation_control/Control) by extension 'colcon_pkg'
[0.601s] Level 1:colcon.colcon_core.package_identification:_identify(needle_simulation_control/Control) by extensions ['colcon_meta']
[0.601s] Level 1:colcon.colcon_core.package_identification:_identify(needle_simulation_control/Control) by extension 'colcon_meta'
[0.601s] Level 1:colcon.colcon_core.package_identification:_identify(needle_simulation_control/Control) by extensions ['ros']
[0.601s] Level 1:colcon.colcon_core.package_identification:_identify(needle_simulation_control/Control) by extension 'ros'
[0.601s] Level 1:colcon.colcon_core.package_identification:_identify(needle_simulation_control/Control) by extensions ['cmake', 'python']
[0.601s] Level 1:colcon.colcon_core.package_identification:_identify(needle_simulation_control/Control) by extension 'cmake'
[0.601s] Level 1:colcon.colcon_core.package_identification:_identify(needle_simulation_control/Control) by extension 'python'
[0.602s] Level 1:colcon.colcon_core.package_identification:_identify(needle_simulation_control/Control) by extensions ['python_setup_py']
[0.602s] Level 1:colcon.colcon_core.package_identification:_identify(needle_simulation_control/Control) by extension 'python_setup_py'
[0.602s] Level 1:colcon.colcon_core.package_identification:_identify(needle_simulation_control/Control/Galil_MATLAB_API) by extensions ['ignore', 'ignore_ament_install']
[0.602s] Level 1:colcon.colcon_core.package_identification:_identify(needle_simulation_control/Control/Galil_MATLAB_API) by extension 'ignore'
[0.602s] Level 1:colcon.colcon_core.package_identification:_identify(needle_simulation_control/Control/Galil_MATLAB_API) by extension 'ignore_ament_install'
[0.602s] Level 1:colcon.colcon_core.package_identification:_identify(needle_simulation_control/Control/Galil_MATLAB_API) by extensions ['colcon_pkg']
[0.602s] Level 1:colcon.colcon_core.package_identification:_identify(needle_simulation_control/Control/Galil_MATLAB_API) by extension 'colcon_pkg'
[0.602s] Level 1:colcon.colcon_core.package_identification:_identify(needle_simulation_control/Control/Galil_MATLAB_API) by extensions ['colcon_meta']
[0.602s] Level 1:colcon.colcon_core.package_identification:_identify(needle_simulation_control/Control/Galil_MATLAB_API) by extension 'colcon_meta'
[0.602s] Level 1:colcon.colcon_core.package_identification:_identify(needle_simulation_control/Control/Galil_MATLAB_API) by extensions ['ros']
[0.602s] Level 1:colcon.colcon_core.package_identification:_identify(needle_simulation_control/Control/Galil_MATLAB_API) by extension 'ros'
[0.602s] Level 1:colcon.colcon_core.package_identification:_identify(needle_simulation_control/Control/Galil_MATLAB_API) by extensions ['cmake', 'python']
[0.602s] Level 1:colcon.colcon_core.package_identification:_identify(needle_simulation_control/Control/Galil_MATLAB_API) by extension 'cmake'
[0.602s] Level 1:colcon.colcon_core.package_identification:_identify(needle_simulation_control/Control/Galil_MATLAB_API) by extension 'python'
[0.603s] Level 1:colcon.colcon_core.package_identification:_identify(needle_simulation_control/Control/Galil_MATLAB_API) by extensions ['python_setup_py']
[0.603s] Level 1:colcon.colcon_core.package_identification:_identify(needle_simulation_control/Control/Galil_MATLAB_API) by extension 'python_setup_py'
[0.603s] Level 1:colcon.colcon_core.package_identification:_identify(needle_simulation_control/Dataset) by extensions ['ignore', 'ignore_ament_install']
[0.603s] Level 1:colcon.colcon_core.package_identification:_identify(needle_simulation_control/Dataset) by extension 'ignore'
[0.603s] Level 1:colcon.colcon_core.package_identification:_identify(needle_simulation_control/Dataset) by extension 'ignore_ament_install'
[0.603s] Level 1:colcon.colcon_core.package_identification:_identify(needle_simulation_control/Dataset) by extensions ['colcon_pkg']
[0.603s] Level 1:colcon.colcon_core.package_identification:_identify(needle_simulation_control/Dataset) by extension 'colcon_pkg'
[0.603s] Level 1:colcon.colcon_core.package_identification:_identify(needle_simulation_control/Dataset) by extensions ['colcon_meta']
[0.603s] Level 1:colcon.colcon_core.package_identification:_identify(needle_simulation_control/Dataset) by extension 'colcon_meta'
[0.603s] Level 1:colcon.colcon_core.package_identification:_identify(needle_simulation_control/Dataset) by extensions ['ros']
[0.603s] Level 1:colcon.colcon_core.package_identification:_identify(needle_simulation_control/Dataset) by extension 'ros'
[0.603s] Level 1:colcon.colcon_core.package_identification:_identify(needle_simulation_control/Dataset) by extensions ['cmake', 'python']
[0.603s] Level 1:colcon.colcon_core.package_identification:_identify(needle_simulation_control/Dataset) by extension 'cmake'
[0.603s] Level 1:colcon.colcon_core.package_identification:_identify(needle_simulation_control/Dataset) by extension 'python'
[0.603s] Level 1:colcon.colcon_core.package_identification:_identify(needle_simulation_control/Dataset) by extensions ['python_setup_py']
[0.604s] Level 1:colcon.colcon_core.package_identification:_identify(needle_simulation_control/Dataset) by extension 'python_setup_py'
[0.604s] Level 1:colcon.colcon_core.package_identification:_identify(needle_simulation_control/FEM) by extensions ['ignore', 'ignore_ament_install']
[0.604s] Level 1:colcon.colcon_core.package_identification:_identify(needle_simulation_control/FEM) by extension 'ignore'
[0.604s] Level 1:colcon.colcon_core.package_identification:_identify(needle_simulation_control/FEM) by extension 'ignore_ament_install'
[0.604s] Level 1:colcon.colcon_core.package_identification:_identify(needle_simulation_control/FEM) by extensions ['colcon_pkg']
[0.604s] Level 1:colcon.colcon_core.package_identification:_identify(needle_simulation_control/FEM) by extension 'colcon_pkg'
[0.604s] Level 1:colcon.colcon_core.package_identification:_identify(needle_simulation_control/FEM) by extensions ['colcon_meta']
[0.604s] Level 1:colcon.colcon_core.package_identification:_identify(needle_simulation_control/FEM) by extension 'colcon_meta'
[0.604s] Level 1:colcon.colcon_core.package_identification:_identify(needle_simulation_control/FEM) by extensions ['ros']
[0.604s] Level 1:colcon.colcon_core.package_identification:_identify(needle_simulation_control/FEM) by extension 'ros'
[0.604s] Level 1:colcon.colcon_core.package_identification:_identify(needle_simulation_control/FEM) by extensions ['cmake', 'python']
[0.604s] Level 1:colcon.colcon_core.package_identification:_identify(needle_simulation_control/FEM) by extension 'cmake'
[0.604s] Level 1:colcon.colcon_core.package_identification:_identify(needle_simulation_control/FEM) by extension 'python'
[0.604s] Level 1:colcon.colcon_core.package_identification:_identify(needle_simulation_control/FEM) by extensions ['python_setup_py']
[0.604s] Level 1:colcon.colcon_core.package_identification:_identify(needle_simulation_control/FEM) by extension 'python_setup_py'
[0.605s] Level 1:colcon.colcon_core.package_identification:_identify(needle_simulation_control/FEM/helper_funcs) by extensions ['ignore', 'ignore_ament_install']
[0.605s] Level 1:colcon.colcon_core.package_identification:_identify(needle_simulation_control/FEM/helper_funcs) by extension 'ignore'
[0.605s] Level 1:colcon.colcon_core.package_identification:_identify(needle_simulation_control/FEM/helper_funcs) by extension 'ignore_ament_install'
[0.605s] Level 1:colcon.colcon_core.package_identification:_identify(needle_simulation_control/FEM/helper_funcs) by extensions ['colcon_pkg']
[0.605s] Level 1:colcon.colcon_core.package_identification:_identify(needle_simulation_control/FEM/helper_funcs) by extension 'colcon_pkg'
[0.605s] Level 1:colcon.colcon_core.package_identification:_identify(needle_simulation_control/FEM/helper_funcs) by extensions ['colcon_meta']
[0.605s] Level 1:colcon.colcon_core.package_identification:_identify(needle_simulation_control/FEM/helper_funcs) by extension 'colcon_meta'
[0.605s] Level 1:colcon.colcon_core.package_identification:_identify(needle_simulation_control/FEM/helper_funcs) by extensions ['ros']
[0.605s] Level 1:colcon.colcon_core.package_identification:_identify(needle_simulation_control/FEM/helper_funcs) by extension 'ros'
[0.605s] Level 1:colcon.colcon_core.package_identification:_identify(needle_simulation_control/FEM/helper_funcs) by extensions ['cmake', 'python']
[0.605s] Level 1:colcon.colcon_core.package_identification:_identify(needle_simulation_control/FEM/helper_funcs) by extension 'cmake'
[0.605s] Level 1:colcon.colcon_core.package_identification:_identify(needle_simulation_control/FEM/helper_funcs) by extension 'python'
[0.605s] Level 1:colcon.colcon_core.package_identification:_identify(needle_simulation_control/FEM/helper_funcs) by extensions ['python_setup_py']
[0.605s] Level 1:colcon.colcon_core.package_identification:_identify(needle_simulation_control/FEM/helper_funcs) by extension 'python_setup_py'
[0.606s] Level 1:colcon.colcon_core.package_identification:_identify(needle_simulation_control/FEM/helper_funcs/invChol) by extensions ['ignore', 'ignore_ament_install']
[0.606s] Level 1:colcon.colcon_core.package_identification:_identify(needle_simulation_control/FEM/helper_funcs/invChol) by extension 'ignore'
[0.606s] Level 1:colcon.colcon_core.package_identification:_identify(needle_simulation_control/FEM/helper_funcs/invChol) by extension 'ignore_ament_install'
[0.606s] Level 1:colcon.colcon_core.package_identification:_identify(needle_simulation_control/FEM/helper_funcs/invChol) by extensions ['colcon_pkg']
[0.606s] Level 1:colcon.colcon_core.package_identification:_identify(needle_simulation_control/FEM/helper_funcs/invChol) by extension 'colcon_pkg'
[0.606s] Level 1:colcon.colcon_core.package_identification:_identify(needle_simulation_control/FEM/helper_funcs/invChol) by extensions ['colcon_meta']
[0.606s] Level 1:colcon.colcon_core.package_identification:_identify(needle_simulation_control/FEM/helper_funcs/invChol) by extension 'colcon_meta'
[0.606s] Level 1:colcon.colcon_core.package_identification:_identify(needle_simulation_control/FEM/helper_funcs/invChol) by extensions ['ros']
[0.606s] Level 1:colcon.colcon_core.package_identification:_identify(needle_simulation_control/FEM/helper_funcs/invChol) by extension 'ros'
[0.606s] Level 1:colcon.colcon_core.package_identification:_identify(needle_simulation_control/FEM/helper_funcs/invChol) by extensions ['cmake', 'python']
[0.606s] Level 1:colcon.colcon_core.package_identification:_identify(needle_simulation_control/FEM/helper_funcs/invChol) by extension 'cmake'
[0.606s] Level 1:colcon.colcon_core.package_identification:_identify(needle_simulation_control/FEM/helper_funcs/invChol) by extension 'python'
[0.606s] Level 1:colcon.colcon_core.package_identification:_identify(needle_simulation_control/FEM/helper_funcs/invChol) by extensions ['python_setup_py']
[0.606s] Level 1:colcon.colcon_core.package_identification:_identify(needle_simulation_control/FEM/helper_funcs/invChol) by extension 'python_setup_py'
[0.606s] Level 1:colcon.colcon_core.package_identification:_identify(needle_simulation_control/custom) by extensions ['ignore', 'ignore_ament_install']
[0.607s] Level 1:colcon.colcon_core.package_identification:_identify(needle_simulation_control/custom) by extension 'ignore'
[0.607s] Level 1:colcon.colcon_core.package_identification:_identify(needle_simulation_control/custom) by extension 'ignore_ament_install'
[0.607s] Level 1:colcon.colcon_core.package_identification:_identify(needle_simulation_control/custom) by extensions ['colcon_pkg']
[0.607s] Level 1:colcon.colcon_core.package_identification:_identify(needle_simulation_control/custom) by extension 'colcon_pkg'
[0.607s] Level 1:colcon.colcon_core.package_identification:_identify(needle_simulation_control/custom) by extensions ['colcon_meta']
[0.607s] Level 1:colcon.colcon_core.package_identification:_identify(needle_simulation_control/custom) by extension 'colcon_meta'
[0.607s] Level 1:colcon.colcon_core.package_identification:_identify(needle_simulation_control/custom) by extensions ['ros']
[0.607s] Level 1:colcon.colcon_core.package_identification:_identify(needle_simulation_control/custom) by extension 'ros'
[0.607s] Level 1:colcon.colcon_core.package_identification:_identify(needle_simulation_control/custom) by extensions ['cmake', 'python']
[0.607s] Level 1:colcon.colcon_core.package_identification:_identify(needle_simulation_control/custom) by extension 'cmake'
[0.607s] Level 1:colcon.colcon_core.package_identification:_identify(needle_simulation_control/custom) by extension 'python'
[0.607s] Level 1:colcon.colcon_core.package_identification:_identify(needle_simulation_control/custom) by extensions ['python_setup_py']
[0.607s] Level 1:colcon.colcon_core.package_identification:_identify(needle_simulation_control/custom) by extension 'python_setup_py'
[0.607s] Level 1:colcon.colcon_core.package_identification:_identify(needle_simulation_control/custom/fbg_msgs) by extensions ['ignore', 'ignore_ament_install']
[0.608s] Level 1:colcon.colcon_core.package_identification:_identify(needle_simulation_control/custom/fbg_msgs) by extension 'ignore'
[0.608s] Level 1:colcon.colcon_core.package_identification:_identify(needle_simulation_control/custom/fbg_msgs) by extension 'ignore_ament_install'
[0.608s] Level 1:colcon.colcon_core.package_identification:_identify(needle_simulation_control/custom/fbg_msgs) by extensions ['colcon_pkg']
[0.608s] Level 1:colcon.colcon_core.package_identification:_identify(needle_simulation_control/custom/fbg_msgs) by extension 'colcon_pkg'
[0.608s] Level 1:colcon.colcon_core.package_identification:_identify(needle_simulation_control/custom/fbg_msgs) by extensions ['colcon_meta']
[0.608s] Level 1:colcon.colcon_core.package_identification:_identify(needle_simulation_control/custom/fbg_msgs) by extension 'colcon_meta'
[0.608s] Level 1:colcon.colcon_core.package_identification:_identify(needle_simulation_control/custom/fbg_msgs) by extensions ['ros']
[0.608s] Level 1:colcon.colcon_core.package_identification:_identify(needle_simulation_control/custom/fbg_msgs) by extension 'ros'
[0.608s] Level 1:colcon.colcon_core.package_identification:_identify(needle_simulation_control/custom/fbg_msgs) by extensions ['cmake', 'python']
[0.608s] Level 1:colcon.colcon_core.package_identification:_identify(needle_simulation_control/custom/fbg_msgs) by extension 'cmake'
[0.608s] Level 1:colcon.colcon_core.package_identification:_identify(needle_simulation_control/custom/fbg_msgs) by extension 'python'
[0.608s] Level 1:colcon.colcon_core.package_identification:_identify(needle_simulation_control/custom/fbg_msgs) by extensions ['python_setup_py']
[0.608s] Level 1:colcon.colcon_core.package_identification:_identify(needle_simulation_control/custom/fbg_msgs) by extension 'python_setup_py'
[0.608s] Level 1:colcon.colcon_core.package_identification:_identify(needle_simulation_control/custom/fbg_msgs/msg) by extensions ['ignore', 'ignore_ament_install']
[0.608s] Level 1:colcon.colcon_core.package_identification:_identify(needle_simulation_control/custom/fbg_msgs/msg) by extension 'ignore'
[0.609s] Level 1:colcon.colcon_core.package_identification:_identify(needle_simulation_control/custom/fbg_msgs/msg) by extension 'ignore_ament_install'
[0.609s] Level 1:colcon.colcon_core.package_identification:_identify(needle_simulation_control/custom/fbg_msgs/msg) by extensions ['colcon_pkg']
[0.609s] Level 1:colcon.colcon_core.package_identification:_identify(needle_simulation_control/custom/fbg_msgs/msg) by extension 'colcon_pkg'
[0.609s] Level 1:colcon.colcon_core.package_identification:_identify(needle_simulation_control/custom/fbg_msgs/msg) by extensions ['colcon_meta']
[0.609s] Level 1:colcon.colcon_core.package_identification:_identify(needle_simulation_control/custom/fbg_msgs/msg) by extension 'colcon_meta'
[0.609s] Level 1:colcon.colcon_core.package_identification:_identify(needle_simulation_control/custom/fbg_msgs/msg) by extensions ['ros']
[0.609s] Level 1:colcon.colcon_core.package_identification:_identify(needle_simulation_control/custom/fbg_msgs/msg) by extension 'ros'
[0.609s] Level 1:colcon.colcon_core.package_identification:_identify(needle_simulation_control/custom/fbg_msgs/msg) by extensions ['cmake', 'python']
[0.609s] Level 1:colcon.colcon_core.package_identification:_identify(needle_simulation_control/custom/fbg_msgs/msg) by extension 'cmake'
[0.609s] Level 1:colcon.colcon_core.package_identification:_identify(needle_simulation_control/custom/fbg_msgs/msg) by extension 'python'
[0.609s] Level 1:colcon.colcon_core.package_identification:_identify(needle_simulation_control/custom/fbg_msgs/msg) by extensions ['python_setup_py']
[0.609s] Level 1:colcon.colcon_core.package_identification:_identify(needle_simulation_control/custom/fbg_msgs/msg) by extension 'python_setup_py'
[0.609s] Level 1:colcon.colcon_core.package_identification:_identify(needle_simulation_control/custom/fbg_msgs/srv) by extensions ['ignore', 'ignore_ament_install']
[0.609s] Level 1:colcon.colcon_core.package_identification:_identify(needle_simulation_control/custom/fbg_msgs/srv) by extension 'ignore'
[0.609s] Level 1:colcon.colcon_core.package_identification:_identify(needle_simulation_control/custom/fbg_msgs/srv) by extension 'ignore_ament_install'
[0.610s] Level 1:colcon.colcon_core.package_identification:_identify(needle_simulation_control/custom/fbg_msgs/srv) by extensions ['colcon_pkg']
[0.610s] Level 1:colcon.colcon_core.package_identification:_identify(needle_simulation_control/custom/fbg_msgs/srv) by extension 'colcon_pkg'
[0.610s] Level 1:colcon.colcon_core.package_identification:_identify(needle_simulation_control/custom/fbg_msgs/srv) by extensions ['colcon_meta']
[0.610s] Level 1:colcon.colcon_core.package_identification:_identify(needle_simulation_control/custom/fbg_msgs/srv) by extension 'colcon_meta'
[0.610s] Level 1:colcon.colcon_core.package_identification:_identify(needle_simulation_control/custom/fbg_msgs/srv) by extensions ['ros']
[0.610s] Level 1:colcon.colcon_core.package_identification:_identify(needle_simulation_control/custom/fbg_msgs/srv) by extension 'ros'
[0.610s] Level 1:colcon.colcon_core.package_identification:_identify(needle_simulation_control/custom/fbg_msgs/srv) by extensions ['cmake', 'python']
[0.610s] Level 1:colcon.colcon_core.package_identification:_identify(needle_simulation_control/custom/fbg_msgs/srv) by extension 'cmake'
[0.610s] Level 1:colcon.colcon_core.package_identification:_identify(needle_simulation_control/custom/fbg_msgs/srv) by extension 'python'
[0.610s] Level 1:colcon.colcon_core.package_identification:_identify(needle_simulation_control/custom/fbg_msgs/srv) by extensions ['python_setup_py']
[0.610s] Level 1:colcon.colcon_core.package_identification:_identify(needle_simulation_control/custom/fbg_msgs/srv) by extension 'python_setup_py'
[0.610s] Level 1:colcon.colcon_core.package_identification:_identify(needle_simulation_control/custom/matlab_msg_gen) by extensions ['ignore', 'ignore_ament_install']
[0.610s] Level 1:colcon.colcon_core.package_identification:_identify(needle_simulation_control/custom/matlab_msg_gen) by extension 'ignore'
[0.610s] Level 1:colcon.colcon_core.package_identification:_identify(needle_simulation_control/custom/matlab_msg_gen) ignored
[0.611s] Level 1:colcon.colcon_core.package_identification:_identify(src) by extensions ['ignore', 'ignore_ament_install']
[0.611s] Level 1:colcon.colcon_core.package_identification:_identify(src) by extension 'ignore'
[0.611s] Level 1:colcon.colcon_core.package_identification:_identify(src) by extension 'ignore_ament_install'
[0.611s] Level 1:colcon.colcon_core.package_identification:_identify(src) by extensions ['colcon_pkg']
[0.611s] Level 1:colcon.colcon_core.package_identification:_identify(src) by extension 'colcon_pkg'
[0.611s] Level 1:colcon.colcon_core.package_identification:_identify(src) by extensions ['colcon_meta']
[0.611s] Level 1:colcon.colcon_core.package_identification:_identify(src) by extension 'colcon_meta'
[0.611s] Level 1:colcon.colcon_core.package_identification:_identify(src) by extensions ['ros']
[0.611s] Level 1:colcon.colcon_core.package_identification:_identify(src) by extension 'ros'
[0.611s] Level 1:colcon.colcon_core.package_identification:_identify(src) by extensions ['cmake', 'python']
[0.611s] Level 1:colcon.colcon_core.package_identification:_identify(src) by extension 'cmake'
[0.611s] Level 1:colcon.colcon_core.package_identification:_identify(src) by extension 'python'
[0.611s] Level 1:colcon.colcon_core.package_identification:_identify(src) by extensions ['python_setup_py']
[0.611s] Level 1:colcon.colcon_core.package_identification:_identify(src) by extension 'python_setup_py'
[0.611s] Level 1:colcon.colcon_core.package_identification:_identify(src/curvature_srvcli) by extensions ['ignore', 'ignore_ament_install']
[0.612s] Level 1:colcon.colcon_core.package_identification:_identify(src/curvature_srvcli) by extension 'ignore'
[0.612s] Level 1:colcon.colcon_core.package_identification:_identify(src/curvature_srvcli) by extension 'ignore_ament_install'
[0.612s] Level 1:colcon.colcon_core.package_identification:_identify(src/curvature_srvcli) by extensions ['colcon_pkg']
[0.612s] Level 1:colcon.colcon_core.package_identification:_identify(src/curvature_srvcli) by extension 'colcon_pkg'
[0.612s] Level 1:colcon.colcon_core.package_identification:_identify(src/curvature_srvcli) by extensions ['colcon_meta']
[0.612s] Level 1:colcon.colcon_core.package_identification:_identify(src/curvature_srvcli) by extension 'colcon_meta'
[0.612s] Level 1:colcon.colcon_core.package_identification:_identify(src/curvature_srvcli) by extensions ['ros']
[0.612s] Level 1:colcon.colcon_core.package_identification:_identify(src/curvature_srvcli) by extension 'ros'
[0.615s] DEBUG:colcon.colcon_core.package_identification:Package 'src/curvature_srvcli' with type 'ros.ament_python' and name 'curvature_srvcli'
[0.615s] Level 1:colcon.colcon_core.package_identification:_identify(src/fbg_msgs) by extensions ['ignore', 'ignore_ament_install']
[0.615s] Level 1:colcon.colcon_core.package_identification:_identify(src/fbg_msgs) by extension 'ignore'
[0.615s] Level 1:colcon.colcon_core.package_identification:_identify(src/fbg_msgs) by extension 'ignore_ament_install'
[0.616s] Level 1:colcon.colcon_core.package_identification:_identify(src/fbg_msgs) by extensions ['colcon_pkg']
[0.616s] Level 1:colcon.colcon_core.package_identification:_identify(src/fbg_msgs) by extension 'colcon_pkg'
[0.616s] Level 1:colcon.colcon_core.package_identification:_identify(src/fbg_msgs) by extensions ['colcon_meta']
[0.616s] Level 1:colcon.colcon_core.package_identification:_identify(src/fbg_msgs) by extension 'colcon_meta'
[0.616s] Level 1:colcon.colcon_core.package_identification:_identify(src/fbg_msgs) by extensions ['ros']
[0.616s] Level 1:colcon.colcon_core.package_identification:_identify(src/fbg_msgs) by extension 'ros'
[0.617s] DEBUG:colcon.colcon_core.package_identification:Package 'src/fbg_msgs' with type 'ros.ament_cmake' and name 'fbg_msgs'
[0.617s] Level 1:colcon.colcon_core.package_identification:_identify(src/needle_shape) by extensions ['ignore', 'ignore_ament_install']
[0.617s] Level 1:colcon.colcon_core.package_identification:_identify(src/needle_shape) by extension 'ignore'
[0.617s] Level 1:colcon.colcon_core.package_identification:_identify(src/needle_shape) by extension 'ignore_ament_install'
[0.617s] Level 1:colcon.colcon_core.package_identification:_identify(src/needle_shape) by extensions ['colcon_pkg']
[0.617s] Level 1:colcon.colcon_core.package_identification:_identify(src/needle_shape) by extension 'colcon_pkg'
[0.617s] Level 1:colcon.colcon_core.package_identification:_identify(src/needle_shape) by extensions ['colcon_meta']
[0.617s] Level 1:colcon.colcon_core.package_identification:_identify(src/needle_shape) by extension 'colcon_meta'
[0.617s] Level 1:colcon.colcon_core.package_identification:_identify(src/needle_shape) by extensions ['ros']
[0.617s] Level 1:colcon.colcon_core.package_identification:_identify(src/needle_shape) by extension 'ros'
[0.618s] DEBUG:colcon.colcon_core.package_identification:Package 'src/needle_shape' with type 'ros.ament_python' and name 'needle_shape'
[0.618s] Level 1:colcon.colcon_core.package_identification:_identify(src/sm130_interrogator) by extensions ['ignore', 'ignore_ament_install']
[0.618s] Level 1:colcon.colcon_core.package_identification:_identify(src/sm130_interrogator) by extension 'ignore'
[0.618s] Level 1:colcon.colcon_core.package_identification:_identify(src/sm130_interrogator) by extension 'ignore_ament_install'
[0.618s] Level 1:colcon.colcon_core.package_identification:_identify(src/sm130_interrogator) by extensions ['colcon_pkg']
[0.618s] Level 1:colcon.colcon_core.package_identification:_identify(src/sm130_interrogator) by extension 'colcon_pkg'
[0.618s] Level 1:colcon.colcon_core.package_identification:_identify(src/sm130_interrogator) by extensions ['colcon_meta']
[0.618s] Level 1:colcon.colcon_core.package_identification:_identify(src/sm130_interrogator) by extension 'colcon_meta'
[0.619s] Level 1:colcon.colcon_core.package_identification:_identify(src/sm130_interrogator) by extensions ['ros']
[0.619s] Level 1:colcon.colcon_core.package_identification:_identify(src/sm130_interrogator) by extension 'ros'
[0.619s] DEBUG:colcon.colcon_core.package_identification:Package 'src/sm130_interrogator' with type 'ros.ament_python' and name 'sm130_interrogator'
[0.619s] Level 1:colcon.colcon_core.package_discovery:discover_packages(recursive) using defaults
[0.619s] Level 1:colcon.colcon_core.package_discovery:discover_packages(ignore) discover
[0.619s] Level 1:colcon.colcon_core.package_discovery:discover_packages(ignore) using defaults
[0.619s] Level 1:colcon.colcon_core.package_discovery:discover_packages(path) discover
[0.620s] Level 1:colcon.colcon_core.package_discovery:discover_packages(path) using defaults
[0.654s] Level 1:colcon.colcon_core.package_discovery:discover_packages(prefix_path) check parameters
[0.654s] Level 1:colcon.colcon_core.package_discovery:discover_packages(prefix_path) discover
[0.660s] DEBUG:colcon.colcon_installed_package_information.package_discovery:Found 273 installed packages in /opt/ros/galactic
[0.662s] Level 1:colcon.colcon_core.package_discovery:discover_packages(prefix_path) using defaults
[0.766s] Level 5:colcon.colcon_core.verb:set package 'fbg_msgs' build argument 'cmake_args' from command line to 'None'
[0.766s] Level 5:colcon.colcon_core.verb:set package 'fbg_msgs' build argument 'cmake_target' from command line to 'None'
[0.766s] Level 5:colcon.colcon_core.verb:set package 'fbg_msgs' build argument 'cmake_target_skip_unavailable' from command line to 'False'
[0.766s] Level 5:colcon.colcon_core.verb:set package 'fbg_msgs' build argument 'cmake_clean_cache' from command line to 'False'
[0.766s] Level 5:colcon.colcon_core.verb:set package 'fbg_msgs' build argument 'cmake_clean_first' from command line to 'False'
[0.766s] Level 5:colcon.colcon_core.verb:set package 'fbg_msgs' build argument 'cmake_force_configure' from command line to 'False'
[0.767s] Level 5:colcon.colcon_core.verb:set package 'fbg_msgs' build argument 'ament_cmake_args' from command line to 'None'
[0.767s] Level 5:colcon.colcon_core.verb:set package 'fbg_msgs' build argument 'catkin_cmake_args' from command line to 'None'
[0.767s] Level 5:colcon.colcon_core.verb:set package 'fbg_msgs' build argument 'catkin_skip_building_tests' from command line to 'False'
[0.767s] DEBUG:colcon.colcon_core.verb:Building package 'fbg_msgs' with the following arguments: {'ament_cmake_args': None, 'build_base': '/home/jkang/InSituNeedle_Manipulation_FBG_FEM_ROS2/build/fbg_msgs', 'catkin_cmake_args': None, 'catkin_skip_building_tests': False, 'cmake_args': None, 'cmake_clean_cache': False, 'cmake_clean_first': False, 'cmake_force_configure': False, 'cmake_target': None, 'cmake_target_skip_unavailable': False, 'install_base': '/home/jkang/InSituNeedle_Manipulation_FBG_FEM_ROS2/install/fbg_msgs', 'merge_install': False, 'path': '/home/jkang/InSituNeedle_Manipulation_FBG_FEM_ROS2/src/fbg_msgs', 'symlink_install': False, 'test_result_base': None}
[0.769s] Level 5:colcon.colcon_core.verb:set package 'needle_shape' build argument 'cmake_args' from command line to 'None'
[0.769s] Level 5:colcon.colcon_core.verb:set package 'needle_shape' build argument 'cmake_target' from command line to 'None'
[0.769s] Level 5:colcon.colcon_core.verb:set package 'needle_shape' build argument 'cmake_target_skip_unavailable' from command line to 'False'
[0.769s] Level 5:colcon.colcon_core.verb:set package 'needle_shape' build argument 'cmake_clean_cache' from command line to 'False'
[0.769s] Level 5:colcon.colcon_core.verb:set package 'needle_shape' build argument 'cmake_clean_first' from command line to 'False'
[0.769s] Level 5:colcon.colcon_core.verb:set package 'needle_shape' build argument 'cmake_force_configure' from command line to 'False'
[0.769s] Level 5:colcon.colcon_core.verb:set package 'needle_shape' build argument 'ament_cmake_args' from command line to 'None'
[0.769s] Level 5:colcon.colcon_core.verb:set package 'needle_shape' build argument 'catkin_cmake_args' from command line to 'None'
[0.769s] Level 5:colcon.colcon_core.verb:set package 'needle_shape' build argument 'catkin_skip_building_tests' from command line to 'False'
[0.769s] DEBUG:colcon.colcon_core.verb:Building package 'needle_shape' with the following arguments: {'ament_cmake_args': None, 'build_base': '/home/jkang/InSituNeedle_Manipulation_FBG_FEM_ROS2/build/needle_shape', 'catkin_cmake_args': None, 'catkin_skip_building_tests': False, 'cmake_args': None, 'cmake_clean_cache': False, 'cmake_clean_first': False, 'cmake_force_configure': False, 'cmake_target': None, 'cmake_target_skip_unavailable': False, 'install_base': '/home/jkang/InSituNeedle_Manipulation_FBG_FEM_ROS2/install/needle_shape', 'merge_install': False, 'path': '/home/jkang/InSituNeedle_Manipulation_FBG_FEM_ROS2/src/needle_shape', 'symlink_install': False, 'test_result_base': None}
[0.771s] Level 5:colcon.colcon_core.verb:set package 'sm130_interrogator' build argument 'cmake_args' from command line to 'None'
[0.772s] Level 5:colcon.colcon_core.verb:set package 'sm130_interrogator' build argument 'cmake_target' from command line to 'None'
[0.772s] Level 5:colcon.colcon_core.verb:set package 'sm130_interrogator' build argument 'cmake_target_skip_unavailable' from command line to 'False'
[0.772s] Level 5:colcon.colcon_core.verb:set package 'sm130_interrogator' build argument 'cmake_clean_cache' from command line to 'False'
[0.772s] Level 5:colcon.colcon_core.verb:set package 'sm130_interrogator' build argument 'cmake_clean_first' from command line to 'False'
[0.772s] Level 5:colcon.colcon_core.verb:set package 'sm130_interrogator' build argument 'cmake_force_configure' from command line to 'False'
[0.772s] Level 5:colcon.colcon_core.verb:set package 'sm130_interrogator' build argument 'ament_cmake_args' from command line to 'None'
[0.772s] Level 5:colcon.colcon_core.verb:set package 'sm130_interrogator' build argument 'catkin_cmake_args' from command line to 'None'
[0.772s] Level 5:colcon.colcon_core.verb:set package 'sm130_interrogator' build argument 'catkin_skip_building_tests' from command line to 'False'
[0.772s] DEBUG:colcon.colcon_core.verb:Building package 'sm130_interrogator' with the following arguments: {'ament_cmake_args': None, 'build_base': '/home/jkang/InSituNeedle_Manipulation_FBG_FEM_ROS2/build/sm130_interrogator', 'catkin_cmake_args': None, 'catkin_skip_building_tests': False, 'cmake_args': None, 'cmake_clean_cache': False, 'cmake_clean_first': False, 'cmake_force_configure': False, 'cmake_target': None, 'cmake_target_skip_unavailable': False, 'install_base': '/home/jkang/InSituNeedle_Manipulation_FBG_FEM_ROS2/install/sm130_interrogator', 'merge_install': False, 'path': '/home/jkang/InSituNeedle_Manipulation_FBG_FEM_ROS2/src/sm130_interrogator', 'symlink_install': False, 'test_result_base': None}
[0.774s] Level 5:colcon.colcon_core.verb:set package 'curvature_srvcli' build argument 'cmake_args' from command line to 'None'
[0.774s] Level 5:colcon.colcon_core.verb:set package 'curvature_srvcli' build argument 'cmake_target' from command line to 'None'
[0.774s] Level 5:colcon.colcon_core.verb:set package 'curvature_srvcli' build argument 'cmake_target_skip_unavailable' from command line to 'False'
[0.774s] Level 5:colcon.colcon_core.verb:set package 'curvature_srvcli' build argument 'cmake_clean_cache' from command line to 'False'
[0.774s] Level 5:colcon.colcon_core.verb:set package 'curvature_srvcli' build argument 'cmake_clean_first' from command line to 'False'
[0.774s] Level 5:colcon.colcon_core.verb:set package 'curvature_srvcli' build argument 'cmake_force_configure' from command line to 'False'
[0.774s] Level 5:colcon.colcon_core.verb:set package 'curvature_srvcli' build argument 'ament_cmake_args' from command line to 'None'
[0.774s] Level 5:colcon.colcon_core.verb:set package 'curvature_srvcli' build argument 'catkin_cmake_args' from command line to 'None'
[0.774s] Level 5:colcon.colcon_core.verb:set package 'curvature_srvcli' build argument 'catkin_skip_building_tests' from command line to 'False'
[0.774s] DEBUG:colcon.colcon_core.verb:Building package 'curvature_srvcli' with the following arguments: {'ament_cmake_args': None, 'build_base': '/home/jkang/InSituNeedle_Manipulation_FBG_FEM_ROS2/build/curvature_srvcli', 'catkin_cmake_args': None, 'catkin_skip_building_tests': False, 'cmake_args': None, 'cmake_clean_cache': False, 'cmake_clean_first': False, 'cmake_force_configure': False, 'cmake_target': None, 'cmake_target_skip_unavailable': False, 'install_base': '/home/jkang/InSituNeedle_Manipulation_FBG_FEM_ROS2/install/curvature_srvcli', 'merge_install': False, 'path': '/home/jkang/InSituNeedle_Manipulation_FBG_FEM_ROS2/src/curvature_srvcli', 'symlink_install': False, 'test_result_base': None}
[0.776s] INFO:colcon.colcon_core.executor:Executing jobs using 'parallel' executor
[0.786s] DEBUG:colcon.colcon_parallel_executor.executor.parallel:run_until_complete
[0.786s] INFO:colcon.colcon_ros.task.ament_cmake.build:Building ROS package in '/home/jkang/InSituNeedle_Manipulation_FBG_FEM_ROS2/src/fbg_msgs' with build type 'ament_cmake'
[0.786s] INFO:colcon.colcon_cmake.task.cmake.build:Building CMake package in '/home/jkang/InSituNeedle_Manipulation_FBG_FEM_ROS2/src/fbg_msgs'
[0.795s] INFO:colcon.colcon_core.plugin_system:Skipping extension 'colcon_core.shell.bat': Not used on non-Windows systems
[0.795s] INFO:colcon.colcon_core.shell:Skip shell extension 'powershell' for command environment: Not usable outside of PowerShell
[0.795s] DEBUG:colcon.colcon_core.shell:Skip shell extension 'dsv' for command environment
[0.803s] INFO:colcon.colcon_ros.task.ament_python.build:Building ROS package in '/home/jkang/InSituNeedle_Manipulation_FBG_FEM_ROS2/src/sm130_interrogator' with build type 'ament_python'
[0.803s] Level 1:colcon.colcon_core.shell:create_environment_hook('sm130_interrogator', 'ament_prefix_path')
[0.808s] INFO:colcon.colcon_core.shell:Creating environment hook '/home/jkang/InSituNeedle_Manipulation_FBG_FEM_ROS2/install/sm130_interrogator/share/sm130_interrogator/hook/ament_prefix_path.ps1'
[0.810s] INFO:colcon.colcon_core.shell:Creating environment descriptor '/home/jkang/InSituNeedle_Manipulation_FBG_FEM_ROS2/install/sm130_interrogator/share/sm130_interrogator/hook/ament_prefix_path.dsv'
[0.810s] INFO:colcon.colcon_core.shell:Creating environment hook '/home/jkang/InSituNeedle_Manipulation_FBG_FEM_ROS2/install/sm130_interrogator/share/sm130_interrogator/hook/ament_prefix_path.sh'
[0.815s] INFO:colcon.colcon_core.shell:Skip shell extension 'powershell' for command environment: Not usable outside of PowerShell
[0.815s] DEBUG:colcon.colcon_core.shell:Skip shell extension 'dsv' for command environment
[0.822s] INFO:colcon.colcon_ros.task.ament_python.build:Building ROS package in '/home/jkang/InSituNeedle_Manipulation_FBG_FEM_ROS2/src/needle_shape' with build type 'ament_python'
[0.823s] Level 1:colcon.colcon_core.shell:create_environment_hook('needle_shape', 'ament_prefix_path')
[0.828s] INFO:colcon.colcon_core.shell:Creating environment hook '/home/jkang/InSituNeedle_Manipulation_FBG_FEM_ROS2/install/needle_shape/share/needle_shape/hook/ament_prefix_path.ps1'
[0.829s] INFO:colcon.colcon_core.shell:Creating environment descriptor '/home/jkang/InSituNeedle_Manipulation_FBG_FEM_ROS2/install/needle_shape/share/needle_shape/hook/ament_prefix_path.dsv'
[0.829s] INFO:colcon.colcon_core.shell:Creating environment hook '/home/jkang/InSituNeedle_Manipulation_FBG_FEM_ROS2/install/needle_shape/share/needle_shape/hook/ament_prefix_path.sh'
[0.834s] INFO:colcon.colcon_core.shell:Skip shell extension 'powershell' for command environment: Not usable outside of PowerShell
[0.834s] DEBUG:colcon.colcon_core.shell:Skip shell extension 'dsv' for command environment
[0.849s] DEBUG:colcon.colcon_core.event_handler.log_command:Invoking command in '/home/jkang/InSituNeedle_Manipulation_FBG_FEM_ROS2/build/fbg_msgs': CMAKE_PREFIX_PATH=/opt/ros/galactic /usr/bin/cmake /home/jkang/InSituNeedle_Manipulation_FBG_FEM_ROS2/src/fbg_msgs -DCMAKE_INSTALL_PREFIX=/home/jkang/InSituNeedle_Manipulation_FBG_FEM_ROS2/install/fbg_msgs
[1.285s] INFO:colcon.colcon_core.task.python.build:Building Python package in '/home/jkang/InSituNeedle_Manipulation_FBG_FEM_ROS2/src/sm130_interrogator'
[1.290s] INFO:colcon.colcon_core.shell:Skip shell extension 'powershell' for command environment: Not usable outside of PowerShell
[1.290s] DEBUG:colcon.colcon_core.shell:Skip shell extension 'dsv' for command environment
[1.735s] INFO:colcon.colcon_core.task.python.build:Building Python package in '/home/jkang/InSituNeedle_Manipulation_FBG_FEM_ROS2/src/needle_shape'
[1.740s] INFO:colcon.colcon_core.shell:Skip shell extension 'powershell' for command environment: Not usable outside of PowerShell
[1.740s] DEBUG:colcon.colcon_core.shell:Skip shell extension 'dsv' for command environment
[2.577s] DEBUG:colcon.colcon_core.event_handler.log_command:Invoking command in '/home/jkang/InSituNeedle_Manipulation_FBG_FEM_ROS2/src/sm130_interrogator': PYTHONPATH=/home/jkang/InSituNeedle_Manipulation_FBG_FEM_ROS2/build/sm130_interrogator/prefix_override:/home/jkang/InSituNeedle_Manipulation_FBG_FEM_ROS2/install/sm130_interrogator/lib/python3.8/site-packages:${PYTHONPATH} /usr/bin/python3 setup.py egg_info --egg-base ../../build/sm130_interrogator build --build-base /home/jkang/InSituNeedle_Manipulation_FBG_FEM_ROS2/build/sm130_interrogator/build install --record /home/jkang/InSituNeedle_Manipulation_FBG_FEM_ROS2/build/sm130_interrogator/install.log --single-version-externally-managed
[2.593s] DEBUG:colcon.colcon_core.event_handler.log_command:Invoking command in '/home/jkang/InSituNeedle_Manipulation_FBG_FEM_ROS2/src/needle_shape': PYTHONPATH=/home/jkang/InSituNeedle_Manipulation_FBG_FEM_ROS2/build/needle_shape/prefix_override:/home/jkang/InSituNeedle_Manipulation_FBG_FEM_ROS2/install/needle_shape/lib/python3.8/site-packages:${PYTHONPATH} /usr/bin/python3 setup.py egg_info --egg-base ../../build/needle_shape build --build-base /home/jkang/InSituNeedle_Manipulation_FBG_FEM_ROS2/build/needle_shape/build install --record /home/jkang/InSituNeedle_Manipulation_FBG_FEM_ROS2/build/needle_shape/install.log --single-version-externally-managed
[3.283s] DEBUG:colcon.colcon_core.event_handler.log_command:Invoked command in '/home/jkang/InSituNeedle_Manipulation_FBG_FEM_ROS2/src/sm130_interrogator' returned '0': PYTHONPATH=/home/jkang/InSituNeedle_Manipulation_FBG_FEM_ROS2/build/sm130_interrogator/prefix_override:/home/jkang/InSituNeedle_Manipulation_FBG_FEM_ROS2/install/sm130_interrogator/lib/python3.8/site-packages:${PYTHONPATH} /usr/bin/python3 setup.py egg_info --egg-base ../../build/sm130_interrogator build --build-base /home/jkang/InSituNeedle_Manipulation_FBG_FEM_ROS2/build/sm130_interrogator/build install --record /home/jkang/InSituNeedle_Manipulation_FBG_FEM_ROS2/build/sm130_interrogator/install.log --single-version-externally-managed
[3.293s] Level 1:colcon.colcon_core.environment:checking '/home/jkang/InSituNeedle_Manipulation_FBG_FEM_ROS2/install/sm130_interrogator' for CMake module files
[3.293s] Level 1:colcon.colcon_core.environment:checking '/home/jkang/InSituNeedle_Manipulation_FBG_FEM_ROS2/install/sm130_interrogator' for CMake config files
[3.294s] Level 1:colcon.colcon_core.environment:checking '/home/jkang/InSituNeedle_Manipulation_FBG_FEM_ROS2/install/sm130_interrogator/lib'
[3.294s] Level 1:colcon.colcon_core.environment:checking '/home/jkang/InSituNeedle_Manipulation_FBG_FEM_ROS2/install/sm130_interrogator/bin'
[3.295s] Level 1:colcon.colcon_core.environment:checking '/home/jkang/InSituNeedle_Manipulation_FBG_FEM_ROS2/install/sm130_interrogator/lib/pkgconfig/sm130_interrogator.pc'
[3.295s] Level 1:colcon.colcon_core.environment:checking '/home/jkang/InSituNeedle_Manipulation_FBG_FEM_ROS2/install/sm130_interrogator/lib/python3.8/site-packages'
[3.295s] Level 1:colcon.colcon_core.shell:create_environment_hook('sm130_interrogator', 'pythonpath')
[3.299s] INFO:colcon.colcon_core.shell:Creating environment hook '/home/jkang/InSituNeedle_Manipulation_FBG_FEM_ROS2/install/sm130_interrogator/share/sm130_interrogator/hook/pythonpath.ps1'
[3.300s] INFO:colcon.colcon_core.shell:Creating environment descriptor '/home/jkang/InSituNeedle_Manipulation_FBG_FEM_ROS2/install/sm130_interrogator/share/sm130_interrogator/hook/pythonpath.dsv'
[3.300s] INFO:colcon.colcon_core.shell:Creating environment hook '/home/jkang/InSituNeedle_Manipulation_FBG_FEM_ROS2/install/sm130_interrogator/share/sm130_interrogator/hook/pythonpath.sh'
[3.301s] Level 1:colcon.colcon_core.environment:checking '/home/jkang/InSituNeedle_Manipulation_FBG_FEM_ROS2/install/sm130_interrogator/bin'
[3.301s] Level 1:colcon.colcon_core.environment:create_environment_scripts_only(sm130_interrogator)
[3.306s] INFO:colcon.colcon_core.shell:Creating package script '/home/jkang/InSituNeedle_Manipulation_FBG_FEM_ROS2/install/sm130_interrogator/share/sm130_interrogator/package.ps1'
[3.307s] INFO:colcon.colcon_core.shell:Creating package descriptor '/home/jkang/InSituNeedle_Manipulation_FBG_FEM_ROS2/install/sm130_interrogator/share/sm130_interrogator/package.dsv'
[3.308s] INFO:colcon.colcon_core.shell:Creating package script '/home/jkang/InSituNeedle_Manipulation_FBG_FEM_ROS2/install/sm130_interrogator/share/sm130_interrogator/package.sh'
[3.309s] INFO:colcon.colcon_core.shell:Creating package script '/home/jkang/InSituNeedle_Manipulation_FBG_FEM_ROS2/install/sm130_interrogator/share/sm130_interrogator/package.bash'
[3.310s] INFO:colcon.colcon_core.shell:Creating package script '/home/jkang/InSituNeedle_Manipulation_FBG_FEM_ROS2/install/sm130_interrogator/share/sm130_interrogator/package.zsh'
[3.311s] Level 1:colcon.colcon_core.environment:create_file_with_runtime_dependencies(/home/jkang/InSituNeedle_Manipulation_FBG_FEM_ROS2/install/sm130_interrogator/share/colcon-core/packages/sm130_interrogator)
[3.318s] Level 1:colcon.colcon_core.environment:checking '/home/jkang/InSituNeedle_Manipulation_FBG_FEM_ROS2/install/needle_shape' for CMake module files
[3.319s] Level 1:colcon.colcon_core.environment:checking '/home/jkang/InSituNeedle_Manipulation_FBG_FEM_ROS2/install/needle_shape' for CMake config files
[3.319s] DEBUG:colcon.colcon_core.event_handler.log_command:Invoked command in '/home/jkang/InSituNeedle_Manipulation_FBG_FEM_ROS2/src/needle_shape' returned '0': PYTHONPATH=/home/jkang/InSituNeedle_Manipulation_FBG_FEM_ROS2/build/needle_shape/prefix_override:/home/jkang/InSituNeedle_Manipulation_FBG_FEM_ROS2/install/needle_shape/lib/python3.8/site-packages:${PYTHONPATH} /usr/bin/python3 setup.py egg_info --egg-base ../../build/needle_shape build --build-base /home/jkang/InSituNeedle_Manipulation_FBG_FEM_ROS2/build/needle_shape/build install --record /home/jkang/InSituNeedle_Manipulation_FBG_FEM_ROS2/build/needle_shape/install.log --single-version-externally-managed
[3.320s] Level 1:colcon.colcon_core.environment:checking '/home/jkang/InSituNeedle_Manipulation_FBG_FEM_ROS2/install/needle_shape/lib'
[3.320s] Level 1:colcon.colcon_core.environment:checking '/home/jkang/InSituNeedle_Manipulation_FBG_FEM_ROS2/install/needle_shape/bin'
[3.320s] Level 1:colcon.colcon_core.environment:checking '/home/jkang/InSituNeedle_Manipulation_FBG_FEM_ROS2/install/needle_shape/lib/pkgconfig/needle_shape.pc'
[3.320s] Level 1:colcon.colcon_core.environment:checking '/home/jkang/InSituNeedle_Manipulation_FBG_FEM_ROS2/install/needle_shape/lib/python3.8/site-packages'
[3.320s] Level 1:colcon.colcon_core.shell:create_environment_hook('needle_shape', 'pythonpath')
[3.325s] INFO:colcon.colcon_core.shell:Creating environment hook '/home/jkang/InSituNeedle_Manipulation_FBG_FEM_ROS2/install/needle_shape/share/needle_shape/hook/pythonpath.ps1'
[3.325s] INFO:colcon.colcon_core.shell:Creating environment descriptor '/home/jkang/InSituNeedle_Manipulation_FBG_FEM_ROS2/install/needle_shape/share/needle_shape/hook/pythonpath.dsv'
[3.325s] INFO:colcon.colcon_core.shell:Creating environment hook '/home/jkang/InSituNeedle_Manipulation_FBG_FEM_ROS2/install/needle_shape/share/needle_shape/hook/pythonpath.sh'
[3.326s] Level 1:colcon.colcon_core.environment:checking '/home/jkang/InSituNeedle_Manipulation_FBG_FEM_ROS2/install/needle_shape/bin'
[3.326s] Level 1:colcon.colcon_core.environment:create_environment_scripts_only(needle_shape)
[3.331s] INFO:colcon.colcon_core.shell:Creating package script '/home/jkang/InSituNeedle_Manipulation_FBG_FEM_ROS2/install/needle_shape/share/needle_shape/package.ps1'
[3.332s] INFO:colcon.colcon_core.shell:Creating package descriptor '/home/jkang/InSituNeedle_Manipulation_FBG_FEM_ROS2/install/needle_shape/share/needle_shape/package.dsv'
[3.332s] INFO:colcon.colcon_core.shell:Creating package script '/home/jkang/InSituNeedle_Manipulation_FBG_FEM_ROS2/install/needle_shape/share/needle_shape/package.sh'
[3.333s] INFO:colcon.colcon_core.shell:Creating package script '/home/jkang/InSituNeedle_Manipulation_FBG_FEM_ROS2/install/needle_shape/share/needle_shape/package.bash'
[3.333s] INFO:colcon.colcon_core.shell:Creating package script '/home/jkang/InSituNeedle_Manipulation_FBG_FEM_ROS2/install/needle_shape/share/needle_shape/package.zsh'
[3.333s] Level 1:colcon.colcon_core.environment:create_file_with_runtime_dependencies(/home/jkang/InSituNeedle_Manipulation_FBG_FEM_ROS2/install/needle_shape/share/colcon-core/packages/needle_shape)
[3.485s] DEBUG:colcon.colcon_core.event_handler.log_command:Invoked command in '/home/jkang/InSituNeedle_Manipulation_FBG_FEM_ROS2/build/fbg_msgs' returned '0': CMAKE_PREFIX_PATH=/opt/ros/galactic /usr/bin/cmake /home/jkang/InSituNeedle_Manipulation_FBG_FEM_ROS2/src/fbg_msgs -DCMAKE_INSTALL_PREFIX=/home/jkang/InSituNeedle_Manipulation_FBG_FEM_ROS2/install/fbg_msgs
[3.490s] DEBUG:colcon.colcon_core.event_handler.log_command:Invoking command in '/home/jkang/InSituNeedle_Manipulation_FBG_FEM_ROS2/build/fbg_msgs': CMAKE_PREFIX_PATH=/opt/ros/galactic /usr/bin/cmake --build /home/jkang/InSituNeedle_Manipulation_FBG_FEM_ROS2/build/fbg_msgs -- -j12 -l12
[8.114s] DEBUG:colcon.colcon_core.event_handler.log_command:Invoked command in '/home/jkang/InSituNeedle_Manipulation_FBG_FEM_ROS2/build/fbg_msgs' returned '0': CMAKE_PREFIX_PATH=/opt/ros/galactic /usr/bin/cmake --build /home/jkang/InSituNeedle_Manipulation_FBG_FEM_ROS2/build/fbg_msgs -- -j12 -l12
[8.240s] DEBUG:colcon.colcon_core.event_handler.log_command:Invoking command in '/home/jkang/InSituNeedle_Manipulation_FBG_FEM_ROS2/build/fbg_msgs': CMAKE_PREFIX_PATH=/opt/ros/galactic /usr/bin/cmake --install /home/jkang/InSituNeedle_Manipulation_FBG_FEM_ROS2/build/fbg_msgs
[8.326s] Level 1:colcon.colcon_core.environment:create_environment_scripts_only(fbg_msgs)
[8.326s] DEBUG:colcon.colcon_core.event_handler.log_command:Invoked command in '/home/jkang/InSituNeedle_Manipulation_FBG_FEM_ROS2/build/fbg_msgs' returned '0': CMAKE_PREFIX_PATH=/opt/ros/galactic /usr/bin/cmake --install /home/jkang/InSituNeedle_Manipulation_FBG_FEM_ROS2/build/fbg_msgs
[8.333s] Level 1:colcon.colcon_core.environment:checking '/home/jkang/InSituNeedle_Manipulation_FBG_FEM_ROS2/install/fbg_msgs' for CMake module files
[8.334s] Level 1:colcon.colcon_core.environment:checking '/home/jkang/InSituNeedle_Manipulation_FBG_FEM_ROS2/install/fbg_msgs' for CMake config files
[8.334s] Level 1:colcon.colcon_core.shell:create_environment_hook('fbg_msgs', 'cmake_prefix_path')
[8.338s] INFO:colcon.colcon_core.shell:Creating environment hook '/home/jkang/InSituNeedle_Manipulation_FBG_FEM_ROS2/install/fbg_msgs/share/fbg_msgs/hook/cmake_prefix_path.ps1'
[8.339s] INFO:colcon.colcon_core.shell:Creating environment descriptor '/home/jkang/InSituNeedle_Manipulation_FBG_FEM_ROS2/install/fbg_msgs/share/fbg_msgs/hook/cmake_prefix_path.dsv'
[8.339s] INFO:colcon.colcon_core.shell:Creating environment hook '/home/jkang/InSituNeedle_Manipulation_FBG_FEM_ROS2/install/fbg_msgs/share/fbg_msgs/hook/cmake_prefix_path.sh'
[8.340s] Level 1:colcon.colcon_core.environment:checking '/home/jkang/InSituNeedle_Manipulation_FBG_FEM_ROS2/install/fbg_msgs/lib'
[8.340s] Level 1:colcon.colcon_core.shell:create_environment_hook('fbg_msgs', 'ld_library_path_lib')
[8.344s] INFO:colcon.colcon_core.shell:Creating environment hook '/home/jkang/InSituNeedle_Manipulation_FBG_FEM_ROS2/install/fbg_msgs/share/fbg_msgs/hook/ld_library_path_lib.ps1'
[8.345s] INFO:colcon.colcon_core.shell:Creating environment descriptor '/home/jkang/InSituNeedle_Manipulation_FBG_FEM_ROS2/install/fbg_msgs/share/fbg_msgs/hook/ld_library_path_lib.dsv'
[8.345s] INFO:colcon.colcon_core.shell:Creating environment hook '/home/jkang/InSituNeedle_Manipulation_FBG_FEM_ROS2/install/fbg_msgs/share/fbg_msgs/hook/ld_library_path_lib.sh'
[8.345s] Level 1:colcon.colcon_core.environment:checking '/home/jkang/InSituNeedle_Manipulation_FBG_FEM_ROS2/install/fbg_msgs/bin'
[8.346s] Level 1:colcon.colcon_core.environment:checking '/home/jkang/InSituNeedle_Manipulation_FBG_FEM_ROS2/install/fbg_msgs/lib/pkgconfig/fbg_msgs.pc'
[8.346s] Level 1:colcon.colcon_core.environment:checking '/home/jkang/InSituNeedle_Manipulation_FBG_FEM_ROS2/install/fbg_msgs/lib/python3.8/site-packages'
[8.346s] Level 1:colcon.colcon_core.shell:create_environment_hook('fbg_msgs', 'pythonpath')
[8.350s] INFO:colcon.colcon_core.shell:Creating environment hook '/home/jkang/InSituNeedle_Manipulation_FBG_FEM_ROS2/install/fbg_msgs/share/fbg_msgs/hook/pythonpath.ps1'
[8.350s] INFO:colcon.colcon_core.shell:Creating environment descriptor '/home/jkang/InSituNeedle_Manipulation_FBG_FEM_ROS2/install/fbg_msgs/share/fbg_msgs/hook/pythonpath.dsv'
[8.351s] INFO:colcon.colcon_core.shell:Creating environment hook '/home/jkang/InSituNeedle_Manipulation_FBG_FEM_ROS2/install/fbg_msgs/share/fbg_msgs/hook/pythonpath.sh'
[8.351s] Level 1:colcon.colcon_core.environment:checking '/home/jkang/InSituNeedle_Manipulation_FBG_FEM_ROS2/install/fbg_msgs/bin'
[8.356s] INFO:colcon.colcon_core.shell:Creating package script '/home/jkang/InSituNeedle_Manipulation_FBG_FEM_ROS2/install/fbg_msgs/share/fbg_msgs/package.ps1'
[8.356s] INFO:colcon.colcon_core.shell:Creating package descriptor '/home/jkang/InSituNeedle_Manipulation_FBG_FEM_ROS2/install/fbg_msgs/share/fbg_msgs/package.dsv'
[8.357s] INFO:colcon.colcon_core.shell:Creating package script '/home/jkang/InSituNeedle_Manipulation_FBG_FEM_ROS2/install/fbg_msgs/share/fbg_msgs/package.sh'
[8.357s] INFO:colcon.colcon_core.shell:Creating package script '/home/jkang/InSituNeedle_Manipulation_FBG_FEM_ROS2/install/fbg_msgs/share/fbg_msgs/package.bash'
[8.358s] INFO:colcon.colcon_core.shell:Creating package script '/home/jkang/InSituNeedle_Manipulation_FBG_FEM_ROS2/install/fbg_msgs/share/fbg_msgs/package.zsh'
[8.358s] Level 1:colcon.colcon_core.environment:create_file_with_runtime_dependencies(/home/jkang/InSituNeedle_Manipulation_FBG_FEM_ROS2/install/fbg_msgs/share/colcon-core/packages/fbg_msgs)
[8.476s] Level 1:colcon.colcon_core.environment:create_environment_scripts_only(fbg_msgs)
[8.482s] Level 1:colcon.colcon_core.environment:checking '/home/jkang/InSituNeedle_Manipulation_FBG_FEM_ROS2/install/fbg_msgs' for CMake module files
[8.483s] Level 1:colcon.colcon_core.environment:checking '/home/jkang/InSituNeedle_Manipulation_FBG_FEM_ROS2/install/fbg_msgs' for CMake config files
[8.483s] Level 1:colcon.colcon_core.shell:create_environment_hook('fbg_msgs', 'cmake_prefix_path')
[8.487s] INFO:colcon.colcon_core.shell:Creating environment hook '/home/jkang/InSituNeedle_Manipulation_FBG_FEM_ROS2/install/fbg_msgs/share/fbg_msgs/hook/cmake_prefix_path.ps1'
[8.488s] INFO:colcon.colcon_core.shell:Creating environment descriptor '/home/jkang/InSituNeedle_Manipulation_FBG_FEM_ROS2/install/fbg_msgs/share/fbg_msgs/hook/cmake_prefix_path.dsv'
[8.488s] INFO:colcon.colcon_core.shell:Creating environment hook '/home/jkang/InSituNeedle_Manipulation_FBG_FEM_ROS2/install/fbg_msgs/share/fbg_msgs/hook/cmake_prefix_path.sh'
[8.489s] Level 1:colcon.colcon_core.environment:checking '/home/jkang/InSituNeedle_Manipulation_FBG_FEM_ROS2/install/fbg_msgs/lib'
[8.489s] Level 1:colcon.colcon_core.shell:create_environment_hook('fbg_msgs', 'ld_library_path_lib')
[8.493s] INFO:colcon.colcon_core.shell:Creating environment hook '/home/jkang/InSituNeedle_Manipulation_FBG_FEM_ROS2/install/fbg_msgs/share/fbg_msgs/hook/ld_library_path_lib.ps1'
[8.494s] INFO:colcon.colcon_core.shell:Creating environment descriptor '/home/jkang/InSituNeedle_Manipulation_FBG_FEM_ROS2/install/fbg_msgs/share/fbg_msgs/hook/ld_library_path_lib.dsv'
[8.494s] INFO:colcon.colcon_core.shell:Creating environment hook '/home/jkang/InSituNeedle_Manipulation_FBG_FEM_ROS2/install/fbg_msgs/share/fbg_msgs/hook/ld_library_path_lib.sh'
[8.494s] Level 1:colcon.colcon_core.environment:checking '/home/jkang/InSituNeedle_Manipulation_FBG_FEM_ROS2/install/fbg_msgs/bin'
[8.494s] Level 1:colcon.colcon_core.environment:checking '/home/jkang/InSituNeedle_Manipulation_FBG_FEM_ROS2/install/fbg_msgs/lib/pkgconfig/fbg_msgs.pc'
[8.495s] Level 1:colcon.colcon_core.environment:checking '/home/jkang/InSituNeedle_Manipulation_FBG_FEM_ROS2/install/fbg_msgs/lib/python3.8/site-packages'
[8.495s] Level 1:colcon.colcon_core.shell:create_environment_hook('fbg_msgs', 'pythonpath')
[8.499s] INFO:colcon.colcon_core.shell:Creating environment hook '/home/jkang/InSituNeedle_Manipulation_FBG_FEM_ROS2/install/fbg_msgs/share/fbg_msgs/hook/pythonpath.ps1'
[8.499s] INFO:colcon.colcon_core.shell:Creating environment descriptor '/home/jkang/InSituNeedle_Manipulation_FBG_FEM_ROS2/install/fbg_msgs/share/fbg_msgs/hook/pythonpath.dsv'
[8.500s] INFO:colcon.colcon_core.shell:Creating environment hook '/home/jkang/InSituNeedle_Manipulation_FBG_FEM_ROS2/install/fbg_msgs/share/fbg_msgs/hook/pythonpath.sh'
[8.500s] Level 1:colcon.colcon_core.environment:checking '/home/jkang/InSituNeedle_Manipulation_FBG_FEM_ROS2/install/fbg_msgs/bin'
[8.505s] INFO:colcon.colcon_core.shell:Creating package script '/home/jkang/InSituNeedle_Manipulation_FBG_FEM_ROS2/install/fbg_msgs/share/fbg_msgs/package.ps1'
[8.505s] INFO:colcon.colcon_core.shell:Creating package descriptor '/home/jkang/InSituNeedle_Manipulation_FBG_FEM_ROS2/install/fbg_msgs/share/fbg_msgs/package.dsv'
[8.506s] INFO:colcon.colcon_core.shell:Creating package script '/home/jkang/InSituNeedle_Manipulation_FBG_FEM_ROS2/install/fbg_msgs/share/fbg_msgs/package.sh'
[8.506s] INFO:colcon.colcon_core.shell:Creating package script '/home/jkang/InSituNeedle_Manipulation_FBG_FEM_ROS2/install/fbg_msgs/share/fbg_msgs/package.bash'
[8.507s] INFO:colcon.colcon_core.shell:Creating package script '/home/jkang/InSituNeedle_Manipulation_FBG_FEM_ROS2/install/fbg_msgs/share/fbg_msgs/package.zsh'
[8.507s] Level 1:colcon.colcon_core.environment:create_file_with_runtime_dependencies(/home/jkang/InSituNeedle_Manipulation_FBG_FEM_ROS2/install/fbg_msgs/share/colcon-core/packages/fbg_msgs)
[8.508s] INFO:colcon.colcon_ros.task.ament_python.build:Building ROS package in '/home/jkang/InSituNeedle_Manipulation_FBG_FEM_ROS2/src/curvature_srvcli' with build type 'ament_python'
[8.508s] Level 1:colcon.colcon_core.shell:create_environment_hook('curvature_srvcli', 'ament_prefix_path')
[8.512s] INFO:colcon.colcon_core.shell:Creating environment hook '/home/jkang/InSituNeedle_Manipulation_FBG_FEM_ROS2/install/curvature_srvcli/share/curvature_srvcli/hook/ament_prefix_path.ps1'
[8.514s] INFO:colcon.colcon_core.shell:Creating environment descriptor '/home/jkang/InSituNeedle_Manipulation_FBG_FEM_ROS2/install/curvature_srvcli/share/curvature_srvcli/hook/ament_prefix_path.dsv'
[8.514s] INFO:colcon.colcon_core.shell:Creating environment hook '/home/jkang/InSituNeedle_Manipulation_FBG_FEM_ROS2/install/curvature_srvcli/share/curvature_srvcli/hook/ament_prefix_path.sh'
[8.520s] INFO:colcon.colcon_core.shell:Skip shell extension 'powershell' for command environment: Not usable outside of PowerShell
[8.520s] DEBUG:colcon.colcon_core.shell:Skip shell extension 'dsv' for command environment
[8.970s] INFO:colcon.colcon_core.task.python.build:Building Python package in '/home/jkang/InSituNeedle_Manipulation_FBG_FEM_ROS2/src/curvature_srvcli'
[8.975s] INFO:colcon.colcon_core.shell:Skip shell extension 'powershell' for command environment: Not usable outside of PowerShell
[8.975s] DEBUG:colcon.colcon_core.shell:Skip shell extension 'dsv' for command environment
[9.799s] DEBUG:colcon.colcon_core.event_handler.log_command:Invoking command in '/home/jkang/InSituNeedle_Manipulation_FBG_FEM_ROS2/src/curvature_srvcli': AMENT_PREFIX_PATH=/home/jkang/InSituNeedle_Manipulation_FBG_FEM_ROS2/install/sm130_interrogator:/home/jkang/InSituNeedle_Manipulation_FBG_FEM_ROS2/install/fbg_msgs:${AMENT_PREFIX_PATH} CMAKE_PREFIX_PATH=/home/jkang/InSituNeedle_Manipulation_FBG_FEM_ROS2/install/fbg_msgs LD_LIBRARY_PATH=/home/jkang/InSituNeedle_Manipulation_FBG_FEM_ROS2/install/fbg_msgs/lib:${LD_LIBRARY_PATH} PYTHONPATH=/home/jkang/InSituNeedle_Manipulation_FBG_FEM_ROS2/build/curvature_srvcli/prefix_override:/home/jkang/InSituNeedle_Manipulation_FBG_FEM_ROS2/install/curvature_srvcli/lib/python3.8/site-packages:/home/jkang/InSituNeedle_Manipulation_FBG_FEM_ROS2/install/sm130_interrogator/lib/python3.8/site-packages:/home/jkang/InSituNeedle_Manipulation_FBG_FEM_ROS2/install/fbg_msgs/lib/python3.8/site-packages:${PYTHONPATH} /usr/bin/python3 setup.py egg_info --egg-base ../../build/curvature_srvcli build --build-base /home/jkang/InSituNeedle_Manipulation_FBG_FEM_ROS2/build/curvature_srvcli/build install --record /home/jkang/InSituNeedle_Manipulation_FBG_FEM_ROS2/build/curvature_srvcli/install.log --single-version-externally-managed
[10.517s] Level 1:colcon.colcon_core.environment:checking '/home/jkang/InSituNeedle_Manipulation_FBG_FEM_ROS2/install/curvature_srvcli' for CMake module files
[10.518s] DEBUG:colcon.colcon_core.event_handler.log_command:Invoked command in '/home/jkang/InSituNeedle_Manipulation_FBG_FEM_ROS2/src/curvature_srvcli' returned '0': AMENT_PREFIX_PATH=/home/jkang/InSituNeedle_Manipulation_FBG_FEM_ROS2/install/sm130_interrogator:/home/jkang/InSituNeedle_Manipulation_FBG_FEM_ROS2/install/fbg_msgs:${AMENT_PREFIX_PATH} CMAKE_PREFIX_PATH=/home/jkang/InSituNeedle_Manipulation_FBG_FEM_ROS2/install/fbg_msgs LD_LIBRARY_PATH=/home/jkang/InSituNeedle_Manipulation_FBG_FEM_ROS2/install/fbg_msgs/lib:${LD_LIBRARY_PATH} PYTHONPATH=/home/jkang/InSituNeedle_Manipulation_FBG_FEM_ROS2/build/curvature_srvcli/prefix_override:/home/jkang/InSituNeedle_Manipulation_FBG_FEM_ROS2/install/curvature_srvcli/lib/python3.8/site-packages:/home/jkang/InSituNeedle_Manipulation_FBG_FEM_ROS2/install/sm130_interrogator/lib/python3.8/site-packages:/home/jkang/InSituNeedle_Manipulation_FBG_FEM_ROS2/install/fbg_msgs/lib/python3.8/site-packages:${PYTHONPATH} /usr/bin/python3 setup.py egg_info --egg-base ../../build/curvature_srvcli build --build-base /home/jkang/InSituNeedle_Manipulation_FBG_FEM_ROS2/build/curvature_srvcli/build install --record /home/jkang/InSituNeedle_Manipulation_FBG_FEM_ROS2/build/curvature_srvcli/install.log --single-version-externally-managed
[10.519s] Level 1:colcon.colcon_core.environment:checking '/home/jkang/InSituNeedle_Manipulation_FBG_FEM_ROS2/install/curvature_srvcli' for CMake config files
[10.520s] Level 1:colcon.colcon_core.environment:checking '/home/jkang/InSituNeedle_Manipulation_FBG_FEM_ROS2/install/curvature_srvcli/lib'
[10.520s] Level 1:colcon.colcon_core.environment:checking '/home/jkang/InSituNeedle_Manipulation_FBG_FEM_ROS2/install/curvature_srvcli/bin'
[10.520s] Level 1:colcon.colcon_core.environment:checking '/home/jkang/InSituNeedle_Manipulation_FBG_FEM_ROS2/install/curvature_srvcli/lib/pkgconfig/curvature_srvcli.pc'
[10.520s] Level 1:colcon.colcon_core.environment:checking '/home/jkang/InSituNeedle_Manipulation_FBG_FEM_ROS2/install/curvature_srvcli/lib/python3.8/site-packages'
[10.520s] Level 1:colcon.colcon_core.shell:create_environment_hook('curvature_srvcli', 'pythonpath')
[10.524s] INFO:colcon.colcon_core.shell:Creating environment hook '/home/jkang/InSituNeedle_Manipulation_FBG_FEM_ROS2/install/curvature_srvcli/share/curvature_srvcli/hook/pythonpath.ps1'
[10.525s] INFO:colcon.colcon_core.shell:Creating environment descriptor '/home/jkang/InSituNeedle_Manipulation_FBG_FEM_ROS2/install/curvature_srvcli/share/curvature_srvcli/hook/pythonpath.dsv'
[10.525s] INFO:colcon.colcon_core.shell:Creating environment hook '/home/jkang/InSituNeedle_Manipulation_FBG_FEM_ROS2/install/curvature_srvcli/share/curvature_srvcli/hook/pythonpath.sh'
[10.526s] Level 1:colcon.colcon_core.environment:checking '/home/jkang/InSituNeedle_Manipulation_FBG_FEM_ROS2/install/curvature_srvcli/bin'
[10.526s] Level 1:colcon.colcon_core.environment:create_environment_scripts_only(curvature_srvcli)
[10.530s] INFO:colcon.colcon_core.shell:Creating package script '/home/jkang/InSituNeedle_Manipulation_FBG_FEM_ROS2/install/curvature_srvcli/share/curvature_srvcli/package.ps1'
[10.531s] INFO:colcon.colcon_core.shell:Creating package descriptor '/home/jkang/InSituNeedle_Manipulation_FBG_FEM_ROS2/install/curvature_srvcli/share/curvature_srvcli/package.dsv'
[10.531s] INFO:colcon.colcon_core.shell:Creating package script '/home/jkang/InSituNeedle_Manipulation_FBG_FEM_ROS2/install/curvature_srvcli/share/curvature_srvcli/package.sh'
[10.532s] INFO:colcon.colcon_core.shell:Creating package script '/home/jkang/InSituNeedle_Manipulation_FBG_FEM_ROS2/install/curvature_srvcli/share/curvature_srvcli/package.bash'
[10.532s] INFO:colcon.colcon_core.shell:Creating package script '/home/jkang/InSituNeedle_Manipulation_FBG_FEM_ROS2/install/curvature_srvcli/share/curvature_srvcli/package.zsh'
[10.532s] Level 1:colcon.colcon_core.environment:create_file_with_runtime_dependencies(/home/jkang/InSituNeedle_Manipulation_FBG_FEM_ROS2/install/curvature_srvcli/share/colcon-core/packages/curvature_srvcli)
[10.533s] DEBUG:colcon.colcon_parallel_executor.executor.parallel:closing loop
[10.533s] DEBUG:colcon.colcon_parallel_executor.executor.parallel:loop closed
[10.534s] DEBUG:colcon.colcon_parallel_executor.executor.parallel:run_until_complete finished with '0'
[10.534s] DEBUG:colcon.colcon_core.event_reactor:joining thread
[10.542s] INFO:colcon.colcon_core.plugin_system:Skipping extension 'colcon_notification.desktop_notification.terminal_notifier': Not used on non-Darwin systems
[10.542s] INFO:colcon.colcon_core.plugin_system:Skipping extension 'colcon_notification.desktop_notification.win32': Not used on non-Windows systems
[10.542s] INFO:colcon.colcon_notification.desktop_notification:Sending desktop notification using 'notify2'
[10.562s] DEBUG:colcon.colcon_core.event_reactor:joined thread
[10.568s] INFO:colcon.colcon_core.shell:Creating prefix script '/home/jkang/InSituNeedle_Manipulation_FBG_FEM_ROS2/install/local_setup.ps1'
[10.569s] INFO:colcon.colcon_core.shell:Creating prefix util module '/home/jkang/InSituNeedle_Manipulation_FBG_FEM_ROS2/install/_local_setup_util_ps1.py'
[10.572s] INFO:colcon.colcon_core.shell:Creating prefix chain script '/home/jkang/InSituNeedle_Manipulation_FBG_FEM_ROS2/install/setup.ps1'
[10.575s] INFO:colcon.colcon_core.shell:Creating prefix script '/home/jkang/InSituNeedle_Manipulation_FBG_FEM_ROS2/install/local_setup.sh'
[10.575s] INFO:colcon.colcon_core.shell:Creating prefix util module '/home/jkang/InSituNeedle_Manipulation_FBG_FEM_ROS2/install/_local_setup_util_sh.py'
[10.576s] INFO:colcon.colcon_core.shell:Creating prefix chain script '/home/jkang/InSituNeedle_Manipulation_FBG_FEM_ROS2/install/setup.sh'
[10.578s] INFO:colcon.colcon_core.shell:Creating prefix script '/home/jkang/InSituNeedle_Manipulation_FBG_FEM_ROS2/install/local_setup.bash'
[10.578s] INFO:colcon.colcon_core.shell:Creating prefix chain script '/home/jkang/InSituNeedle_Manipulation_FBG_FEM_ROS2/install/setup.bash'
[10.581s] INFO:colcon.colcon_core.shell:Creating prefix script '/home/jkang/InSituNeedle_Manipulation_FBG_FEM_ROS2/install/local_setup.zsh'
[10.581s] INFO:colcon.colcon_core.shell:Creating prefix chain script '/home/jkang/InSituNeedle_Manipulation_FBG_FEM_ROS2/install/setup.zsh'
