[2.221s] Invoking command in '/home/jkang/InSituNeedle_Manipulation_FBG_FEM_ROS2/src/sm130_interrogator': PYTHONPATH=/home/jkang/InSituNeedle_Manipulation_FBG_FEM_ROS2/build/sm130_interrogator/prefix_override:/home/jkang/InSituNeedle_Manipulation_FBG_FEM_ROS2/install/sm130_interrogator/lib/python3.8/site-packages:${PYTHONPATH} /usr/bin/python3 setup.py egg_info --egg-base ../../build/sm130_interrogator build --build-base /home/jkang/InSituNeedle_Manipulation_FBG_FEM_ROS2/build/sm130_interrogator/build install --record /home/jkang/InSituNeedle_Manipulation_FBG_FEM_ROS2/build/sm130_interrogator/install.log --single-version-externally-managed
[2.742s] running egg_info
[2.764s] writing ../../build/sm130_interrogator/sm130_interrogator.egg-info/PKG-INFO
[2.764s] writing dependency_links to ../../build/sm130_interrogator/sm130_interrogator.egg-info/dependency_links.txt
[2.765s] writing entry points to ../../build/sm130_interrogator/sm130_interrogator.egg-info/entry_points.txt
[2.765s] writing requirements to ../../build/sm130_interrogator/sm130_interrogator.egg-info/requires.txt
[2.765s] writing top-level names to ../../build/sm130_interrogator/sm130_interrogator.egg-info/top_level.txt
[2.811s] reading manifest file '../../build/sm130_interrogator/sm130_interrogator.egg-info/SOURCES.txt'
[2.813s] writing manifest file '../../build/sm130_interrogator/sm130_interrogator.egg-info/SOURCES.txt'
[2.814s] running build
[2.814s] running build_py
[2.814s] running install
[2.815s] /home/jkang/.local/lib/python3.8/site-packages/setuptools/command/install.py:34: SetuptoolsDeprecationWarning: setup.py install is deprecated. Use build and pip and other standards-based tools.
[2.815s]   warnings.warn(
[2.825s] running install_lib
[2.848s] running install_data
[2.871s] running install_egg_info
[2.894s] removing '/home/jkang/InSituNeedle_Manipulation_FBG_FEM_ROS2/install/sm130_interrogator/lib/python3.8/site-packages/sm130_interrogator-0.0.0-py3.8.egg-info' (and everything under it)
[2.895s] Copying ../../build/sm130_interrogator/sm130_interrogator.egg-info to /home/jkang/InSituNeedle_Manipulation_FBG_FEM_ROS2/install/sm130_interrogator/lib/python3.8/site-packages/sm130_interrogator-0.0.0-py3.8.egg-info
[2.896s] running install_scripts
[3.003s] Installing listener script to /home/jkang/InSituNeedle_Manipulation_FBG_FEM_ROS2/install/sm130_interrogator/lib/sm130_interrogator
[3.004s] Installing talker script to /home/jkang/InSituNeedle_Manipulation_FBG_FEM_ROS2/install/sm130_interrogator/lib/sm130_interrogator
[3.005s] writing list of installed files to '/home/jkang/InSituNeedle_Manipulation_FBG_FEM_ROS2/build/sm130_interrogator/install.log'
[3.067s] Invoked command in '/home/jkang/InSituNeedle_Manipulation_FBG_FEM_ROS2/src/sm130_interrogator' returned '0': PYTHONPATH=/home/jkang/InSituNeedle_Manipulation_FBG_FEM_ROS2/build/sm130_interrogator/prefix_override:/home/jkang/InSituNeedle_Manipulation_FBG_FEM_ROS2/install/sm130_interrogator/lib/python3.8/site-packages:${PYTHONPATH} /usr/bin/python3 setup.py egg_info --egg-base ../../build/sm130_interrogator build --build-base /home/jkang/InSituNeedle_Manipulation_FBG_FEM_ROS2/build/sm130_interrogator/build install --record /home/jkang/InSituNeedle_Manipulation_FBG_FEM_ROS2/build/sm130_interrogator/install.log --single-version-externally-managed
