-- The C compiler identification is GNU 9.4.0
-- The CXX compiler identification is GNU 9.4.0
-- Detecting C compiler ABI info
-- Detecting C compiler ABI info - done
-- Check for working C compiler: /usr/bin/cc - skipped
-- Detecting C compile features
-- Detecting C compile features - done
-- Detecting CXX compiler ABI info
-- Detecting CXX compiler ABI info - done
-- Check for working CXX compiler: /usr/bin/c++ - skipped
-- Detecting CXX compile features
-- Detecting CXX compile features - done
-- Found ament_cmake: 0.9.8 (/home/jkang/MATLAB/R2022b/sys/ros2/glnxa64/ros2/share/ament_cmake/cmake)
-- Found PythonInterp: /home/jkang/.matlab/R2022b/ros2/glnxa64/venv/bin/python3 (found suitable version "3.9.5", minimum required is "3") 
-- Using PYTHON_EXECUTABLE: /home/jkang/.matlab/R2022b/ros2/glnxa64/venv/bin/python3
-- Found ament_cmake_ros: 0.9.2 (/home/jkang/MATLAB/R2022b/sys/ros2/glnxa64/ros2/share/ament_cmake_ros/cmake)
-- Found rosidl_typesupport_c: 1.0.2 (/home/jkang/MATLAB/R2022b/sys/ros2/glnxa64/ros2/share/rosidl_typesupport_c/cmake)
-- Using all available rosidl_typesupport_c: rosidl_typesupport_fastrtps_c;rosidl_typesupport_introspection_c
-- Found rosidl_adapter: 1.2.1 (/home/jkang/MATLAB/R2022b/sys/ros2/glnxa64/ros2/share/rosidl_adapter/cmake)
-- Found FastRTPS: /home/jkang/MATLAB/R2022b/sys/ros2/glnxa64/ros2/include  
-- Found rosidl_typesupport_cpp: 1.0.2 (/home/jkang/MATLAB/R2022b/sys/ros2/glnxa64/ros2/share/rosidl_typesupport_cpp/cmake)
-- Using all available rosidl_typesupport_cpp: rosidl_typesupport_fastrtps_cpp;rosidl_typesupport_introspection_cpp
-- Found rosidl_default_generators: 1.0.1 (/home/jkang/MATLAB/R2022b/sys/ros2/glnxa64/ros2/share/rosidl_default_generators/cmake)
-- Found class_loader: 2.0.2 (/home/jkang/MATLAB/R2022b/sys/ros2/glnxa64/ros2/share/class_loader/cmake)
-- Found rclcpp: 2.3.1 (/home/jkang/MATLAB/R2022b/sys/ros2/glnxa64/ros2/share/rclcpp/cmake)
-- Found rmw_implementation_cmake: 1.0.3 (/home/jkang/MATLAB/R2022b/sys/ros2/glnxa64/ros2/share/rmw_implementation_cmake/cmake)
-- Using RMW implementation 'rmw_fastrtps_cpp' as default
-- Looking for pthread.h
-- Looking for pthread.h - found
-- Performing Test CMAKE_HAVE_LIBC_PTHREAD
-- Performing Test CMAKE_HAVE_LIBC_PTHREAD - Failed
-- Looking for pthread_create in pthreads
-- Looking for pthread_create in pthreads - not found
-- Looking for pthread_create in pthread
-- Looking for pthread_create in pthread - found
-- Found Threads: TRUE  
-- Found PythonInterp: /home/jkang/.matlab/R2022b/ros2/glnxa64/venv/bin/python3 (found version "3.9.5") 
-- Using all available rosidl_typesupport_c: rosidl_typesupport_fastrtps_c;rosidl_typesupport_introspection_c
-- Using all available rosidl_typesupport_cpp: rosidl_typesupport_fastrtps_cpp;rosidl_typesupport_introspection_cpp
-- Configuring done
-- Generating done
-- Build files have been written to: /home/jkang/InSituNeedle_Manipulation_FBG_FEM_ROS2/needle_simulation_control/custom/matlab_msg_gen/glnxa64/build/fbg_msgs
[1/56] Generating C code for ROS interfaces
[2/56] Building C object CMakeFiles/fbg_msgs__rosidl_generator_c.dir/rosidl_generator_c/fbg_msgs/msg/detail/fbg_reading__functions.c.o
[3/56] Building C object CMakeFiles/fbg_msgs__rosidl_generator_c.dir/rosidl_generator_c/fbg_msgs/msg/detail/curvature__functions.c.o
[4/56] Generating C++ code for ROS interfaces
[5/56] Building C object CMakeFiles/fbg_msgs__rosidl_generator_c.dir/rosidl_generator_c/fbg_msgs/msg/detail/needle_shape__functions.c.o
[6/56] Building C object CMakeFiles/fbg_msgs__rosidl_generator_c.dir/rosidl_generator_c/fbg_msgs/srv/detail/cal_curvature__functions.c.o
[7/56] Building C object CMakeFiles/fbg_msgs__rosidl_generator_c.dir/rosidl_generator_c/fbg_msgs/srv/detail/find_norm__functions.c.o
[8/56] Linking C shared library libfbg_msgs__rosidl_generator_c.so
[9/56] Generating C++ type support dispatch for ROS interfaces
[10/56] Generating C++ introspection for ROS interfaces
[11/56] Generating C type support dispatch for ROS interfaces
[12/56] Generating C introspection for ROS interfaces
[13/56] Building C object CMakeFiles/fbg_msgs__rosidl_typesupport_introspection_c.dir/rosidl_typesupport_introspection_c/fbg_msgs/msg/detail/curvature__type_support.c.o
[14/56] Generating C++ type support for eProsima Fast-RTPS
[15/56] Building C object CMakeFiles/fbg_msgs__rosidl_typesupport_introspection_c.dir/rosidl_typesupport_introspection_c/fbg_msgs/msg/detail/fbg_reading__type_support.c.o
[16/56] Building CXX object CMakeFiles/fbg_msgs__rosidl_typesupport_cpp.dir/rosidl_typesupport_cpp/fbg_msgs/msg/needle_shape__type_support.cpp.o
[17/56] Building CXX object CMakeFiles/fbg_msgs__rosidl_typesupport_cpp.dir/rosidl_typesupport_cpp/fbg_msgs/srv/cal_curvature__type_support.cpp.o
[18/56] Building CXX object CMakeFiles/fbg_msgs__rosidl_typesupport_cpp.dir/rosidl_typesupport_cpp/fbg_msgs/msg/curvature__type_support.cpp.o
[19/56] Building CXX object CMakeFiles/fbg_msgs__rosidl_typesupport_cpp.dir/rosidl_typesupport_cpp/fbg_msgs/msg/fbg_reading__type_support.cpp.o
[20/56] Building CXX object CMakeFiles/fbg_msgs__rosidl_typesupport_introspection_cpp.dir/rosidl_typesupport_introspection_cpp/fbg_msgs/srv/detail/cal_curvature__type_support.cpp.o
[21/56] Building CXX object CMakeFiles/fbg_msgs__rosidl_typesupport_introspection_cpp.dir/rosidl_typesupport_introspection_cpp/fbg_msgs/srv/detail/find_norm__type_support.cpp.o
[22/56] Building CXX object CMakeFiles/fbg_msgs__rosidl_typesupport_cpp.dir/rosidl_typesupport_cpp/fbg_msgs/srv/find_norm__type_support.cpp.o
[23/56] Building C object CMakeFiles/fbg_msgs__rosidl_typesupport_introspection_c.dir/rosidl_typesupport_introspection_c/fbg_msgs/msg/detail/needle_shape__type_support.c.o
[24/56] Building CXX object CMakeFiles/fbg_msgs__rosidl_typesupport_introspection_cpp.dir/rosidl_typesupport_introspection_cpp/fbg_msgs/msg/detail/curvature__type_support.cpp.o
[25/56] Building CXX object CMakeFiles/fbg_msgs__rosidl_typesupport_introspection_cpp.dir/rosidl_typesupport_introspection_cpp/fbg_msgs/msg/detail/needle_shape__type_support.cpp.o
[26/56] Building C object CMakeFiles/fbg_msgs__rosidl_typesupport_introspection_c.dir/rosidl_typesupport_introspection_c/fbg_msgs/srv/detail/cal_curvature__type_support.c.o
[27/56] Building CXX object CMakeFiles/fbg_msgs__rosidl_typesupport_c.dir/rosidl_typesupport_c/fbg_msgs/msg/curvature__type_support.cpp.o
[28/56] Building C object CMakeFiles/fbg_msgs__rosidl_typesupport_introspection_c.dir/rosidl_typesupport_introspection_c/fbg_msgs/srv/detail/find_norm__type_support.c.o
[29/56] Building CXX object CMakeFiles/fbg_msgs__rosidl_typesupport_introspection_cpp.dir/rosidl_typesupport_introspection_cpp/fbg_msgs/msg/detail/fbg_reading__type_support.cpp.o
[30/56] Building CXX object CMakeFiles/fbg_msgs__rosidl_typesupport_c.dir/rosidl_typesupport_c/fbg_msgs/msg/fbg_reading__type_support.cpp.o
[31/56] Building CXX object CMakeFiles/fbg_msgs__rosidl_typesupport_c.dir/rosidl_typesupport_c/fbg_msgs/msg/needle_shape__type_support.cpp.o
[32/56] Linking CXX shared library libfbg_msgs__rosidl_typesupport_cpp.so
[33/56] Building CXX object CMakeFiles/fbg_msgs__rosidl_typesupport_c.dir/rosidl_typesupport_c/fbg_msgs/srv/cal_curvature__type_support.cpp.o
[34/56] Linking C shared library libfbg_msgs__rosidl_typesupport_introspection_c.so
[35/56] Building CXX object CMakeFiles/fbg_msgs__rosidl_typesupport_c.dir/rosidl_typesupport_c/fbg_msgs/srv/find_norm__type_support.cpp.o
[36/56] Linking CXX shared library libfbg_msgs__rosidl_typesupport_introspection_cpp.so
[37/56] Linking CXX shared library libfbg_msgs__rosidl_typesupport_c.so
[38/56] Building CXX object CMakeFiles/fbg_msgs__rosidl_typesupport_fastrtps_cpp.dir/rosidl_typesupport_fastrtps_cpp/fbg_msgs/msg/detail/dds_fastrtps/curvature__type_support.cpp.o
[39/56] Building CXX object CMakeFiles/fbg_msgs__rosidl_typesupport_fastrtps_cpp.dir/rosidl_typesupport_fastrtps_cpp/fbg_msgs/msg/detail/dds_fastrtps/fbg_reading__type_support.cpp.o
[40/56] Building CXX object CMakeFiles/fbg_msgs__rosidl_typesupport_fastrtps_cpp.dir/rosidl_typesupport_fastrtps_cpp/fbg_msgs/msg/detail/dds_fastrtps/needle_shape__type_support.cpp.o
[41/56] Building CXX object CMakeFiles/fbg_msgs__rosidl_typesupport_fastrtps_cpp.dir/rosidl_typesupport_fastrtps_cpp/fbg_msgs/srv/detail/dds_fastrtps/find_norm__type_support.cpp.o
[42/56] Building CXX object CMakeFiles/fbg_msgs__rosidl_typesupport_fastrtps_cpp.dir/rosidl_typesupport_fastrtps_cpp/fbg_msgs/srv/detail/dds_fastrtps/cal_curvature__type_support.cpp.o
[43/56] Linking CXX shared library libfbg_msgs__rosidl_typesupport_fastrtps_cpp.so
[44/56] Generating C type support for eProsima Fast-RTPS
[45/56] Building CXX object CMakeFiles/fbg_msgs__rosidl_typesupport_fastrtps_c.dir/rosidl_typesupport_fastrtps_c/fbg_msgs/msg/detail/needle_shape__type_support_c.cpp.o
[46/56] Building CXX object CMakeFiles/fbg_msgs__rosidl_typesupport_fastrtps_c.dir/rosidl_typesupport_fastrtps_c/fbg_msgs/srv/detail/find_norm__type_support_c.cpp.o
[47/56] Building CXX object CMakeFiles/fbg_msgs__rosidl_typesupport_fastrtps_c.dir/rosidl_typesupport_fastrtps_c/fbg_msgs/msg/detail/curvature__type_support_c.cpp.o
[48/56] Building CXX object CMakeFiles/fbg_msgs__rosidl_typesupport_fastrtps_c.dir/rosidl_typesupport_fastrtps_c/fbg_msgs/msg/detail/fbg_reading__type_support_c.cpp.o
[49/56] Building CXX object CMakeFiles/fbg_msgs__rosidl_typesupport_fastrtps_c.dir/rosidl_typesupport_fastrtps_c/fbg_msgs/srv/detail/cal_curvature__type_support_c.cpp.o
[50/56] Linking CXX shared library libfbg_msgs__rosidl_typesupport_fastrtps_c.so
[51/56] Building CXX object CMakeFiles/fbg_msgs_matlab.dir/src/fbg_msgs_NeedleShape_message.cpp.o
[52/56] Building CXX object CMakeFiles/fbg_msgs_matlab.dir/src/fbg_msgs_FbgReading_message.cpp.o
[53/56] Building CXX object CMakeFiles/fbg_msgs_matlab.dir/src/fbg_msgs_Curvature_message.cpp.o
[54/56] Building CXX object CMakeFiles/fbg_msgs_matlab.dir/src/fbg_msgs_FindNorm_service.cpp.o
[55/56] Building CXX object CMakeFiles/fbg_msgs_matlab.dir/src/fbg_msgs_CalCurvature_service.cpp.o
[56/56] Linking CXX shared library libfbg_msgs_matlab.so
-- Install configuration: "Release"
-- Installing: /home/jkang/InSituNeedle_Manipulation_FBG_FEM_ROS2/needle_simulation_control/custom/matlab_msg_gen/glnxa64/install/share/ament_index/resource_index/rosidl_interfaces/fbg_msgs
-- Installing: /home/jkang/InSituNeedle_Manipulation_FBG_FEM_ROS2/needle_simulation_control/custom/matlab_msg_gen/glnxa64/install/include/fbg_msgs
-- Installing: /home/jkang/InSituNeedle_Manipulation_FBG_FEM_ROS2/needle_simulation_control/custom/matlab_msg_gen/glnxa64/install/include/fbg_msgs/msg
-- Installing: /home/jkang/InSituNeedle_Manipulation_FBG_FEM_ROS2/needle_simulation_control/custom/matlab_msg_gen/glnxa64/install/include/fbg_msgs/msg/fbg_reading.h
-- Installing: /home/jkang/InSituNeedle_Manipulation_FBG_FEM_ROS2/needle_simulation_control/custom/matlab_msg_gen/glnxa64/install/include/fbg_msgs/msg/curvature.h
-- Installing: /home/jkang/InSituNeedle_Manipulation_FBG_FEM_ROS2/needle_simulation_control/custom/matlab_msg_gen/glnxa64/install/include/fbg_msgs/msg/needle_shape.h
-- Installing: /home/jkang/InSituNeedle_Manipulation_FBG_FEM_ROS2/needle_simulation_control/custom/matlab_msg_gen/glnxa64/install/include/fbg_msgs/msg/rosidl_generator_c__visibility_control.h
-- Installing: /home/jkang/InSituNeedle_Manipulation_FBG_FEM_ROS2/needle_simulation_control/custom/matlab_msg_gen/glnxa64/install/include/fbg_msgs/msg/detail
-- Installing: /home/jkang/InSituNeedle_Manipulation_FBG_FEM_ROS2/needle_simulation_control/custom/matlab_msg_gen/glnxa64/install/include/fbg_msgs/msg/detail/needle_shape__functions.c
-- Installing: /home/jkang/InSituNeedle_Manipulation_FBG_FEM_ROS2/needle_simulation_control/custom/matlab_msg_gen/glnxa64/install/include/fbg_msgs/msg/detail/curvature__functions.c
-- Installing: /home/jkang/InSituNeedle_Manipulation_FBG_FEM_ROS2/needle_simulation_control/custom/matlab_msg_gen/glnxa64/install/include/fbg_msgs/msg/detail/needle_shape__struct.h
-- Installing: /home/jkang/InSituNeedle_Manipulation_FBG_FEM_ROS2/needle_simulation_control/custom/matlab_msg_gen/glnxa64/install/include/fbg_msgs/msg/detail/fbg_reading__functions.h
-- Installing: /home/jkang/InSituNeedle_Manipulation_FBG_FEM_ROS2/needle_simulation_control/custom/matlab_msg_gen/glnxa64/install/include/fbg_msgs/msg/detail/fbg_reading__type_support.h
-- Installing: /home/jkang/InSituNeedle_Manipulation_FBG_FEM_ROS2/needle_simulation_control/custom/matlab_msg_gen/glnxa64/install/include/fbg_msgs/msg/detail/curvature__struct.h
-- Installing: /home/jkang/InSituNeedle_Manipulation_FBG_FEM_ROS2/needle_simulation_control/custom/matlab_msg_gen/glnxa64/install/include/fbg_msgs/msg/detail/fbg_reading__functions.c
-- Installing: /home/jkang/InSituNeedle_Manipulation_FBG_FEM_ROS2/needle_simulation_control/custom/matlab_msg_gen/glnxa64/install/include/fbg_msgs/msg/detail/fbg_reading__struct.h
-- Installing: /home/jkang/InSituNeedle_Manipulation_FBG_FEM_ROS2/needle_simulation_control/custom/matlab_msg_gen/glnxa64/install/include/fbg_msgs/msg/detail/needle_shape__type_support.h
-- Installing: /home/jkang/InSituNeedle_Manipulation_FBG_FEM_ROS2/needle_simulation_control/custom/matlab_msg_gen/glnxa64/install/include/fbg_msgs/msg/detail/curvature__functions.h
-- Installing: /home/jkang/InSituNeedle_Manipulation_FBG_FEM_ROS2/needle_simulation_control/custom/matlab_msg_gen/glnxa64/install/include/fbg_msgs/msg/detail/curvature__type_support.h
-- Installing: /home/jkang/InSituNeedle_Manipulation_FBG_FEM_ROS2/needle_simulation_control/custom/matlab_msg_gen/glnxa64/install/include/fbg_msgs/msg/detail/needle_shape__functions.h
-- Installing: /home/jkang/InSituNeedle_Manipulation_FBG_FEM_ROS2/needle_simulation_control/custom/matlab_msg_gen/glnxa64/install/include/fbg_msgs/srv
-- Installing: /home/jkang/InSituNeedle_Manipulation_FBG_FEM_ROS2/needle_simulation_control/custom/matlab_msg_gen/glnxa64/install/include/fbg_msgs/srv/cal_curvature.h
-- Installing: /home/jkang/InSituNeedle_Manipulation_FBG_FEM_ROS2/needle_simulation_control/custom/matlab_msg_gen/glnxa64/install/include/fbg_msgs/srv/detail
-- Installing: /home/jkang/InSituNeedle_Manipulation_FBG_FEM_ROS2/needle_simulation_control/custom/matlab_msg_gen/glnxa64/install/include/fbg_msgs/srv/detail/cal_curvature__struct.h
-- Installing: /home/jkang/InSituNeedle_Manipulation_FBG_FEM_ROS2/needle_simulation_control/custom/matlab_msg_gen/glnxa64/install/include/fbg_msgs/srv/detail/find_norm__type_support.h
-- Installing: /home/jkang/InSituNeedle_Manipulation_FBG_FEM_ROS2/needle_simulation_control/custom/matlab_msg_gen/glnxa64/install/include/fbg_msgs/srv/detail/cal_curvature__functions.c
-- Installing: /home/jkang/InSituNeedle_Manipulation_FBG_FEM_ROS2/needle_simulation_control/custom/matlab_msg_gen/glnxa64/install/include/fbg_msgs/srv/detail/find_norm__struct.h
-- Installing: /home/jkang/InSituNeedle_Manipulation_FBG_FEM_ROS2/needle_simulation_control/custom/matlab_msg_gen/glnxa64/install/include/fbg_msgs/srv/detail/find_norm__functions.c
-- Installing: /home/jkang/InSituNeedle_Manipulation_FBG_FEM_ROS2/needle_simulation_control/custom/matlab_msg_gen/glnxa64/install/include/fbg_msgs/srv/detail/find_norm__functions.h
-- Installing: /home/jkang/InSituNeedle_Manipulation_FBG_FEM_ROS2/needle_simulation_control/custom/matlab_msg_gen/glnxa64/install/include/fbg_msgs/srv/detail/cal_curvature__functions.h
-- Installing: /home/jkang/InSituNeedle_Manipulation_FBG_FEM_ROS2/needle_simulation_control/custom/matlab_msg_gen/glnxa64/install/include/fbg_msgs/srv/detail/cal_curvature__type_support.h
-- Installing: /home/jkang/InSituNeedle_Manipulation_FBG_FEM_ROS2/needle_simulation_control/custom/matlab_msg_gen/glnxa64/install/include/fbg_msgs/srv/find_norm.h
-- Installing: /home/jkang/InSituNeedle_Manipulation_FBG_FEM_ROS2/needle_simulation_control/custom/matlab_msg_gen/glnxa64/install/share/fbg_msgs/environment/library_path.sh
-- Installing: /home/jkang/InSituNeedle_Manipulation_FBG_FEM_ROS2/needle_simulation_control/custom/matlab_msg_gen/glnxa64/install/share/fbg_msgs/environment/library_path.dsv
-- Installing: /home/jkang/InSituNeedle_Manipulation_FBG_FEM_ROS2/needle_simulation_control/custom/matlab_msg_gen/glnxa64/install/lib/libfbg_msgs__rosidl_generator_c.so
-- Up-to-date: /home/jkang/InSituNeedle_Manipulation_FBG_FEM_ROS2/needle_simulation_control/custom/matlab_msg_gen/glnxa64/install/include/fbg_msgs
-- Up-to-date: /home/jkang/InSituNeedle_Manipulation_FBG_FEM_ROS2/needle_simulation_control/custom/matlab_msg_gen/glnxa64/install/include/fbg_msgs/msg
-- Up-to-date: /home/jkang/InSituNeedle_Manipulation_FBG_FEM_ROS2/needle_simulation_control/custom/matlab_msg_gen/glnxa64/install/include/fbg_msgs/msg/detail
-- Installing: /home/jkang/InSituNeedle_Manipulation_FBG_FEM_ROS2/needle_simulation_control/custom/matlab_msg_gen/glnxa64/install/include/fbg_msgs/msg/detail/fbg_reading__rosidl_typesupport_fastrtps_c.h
-- Installing: /home/jkang/InSituNeedle_Manipulation_FBG_FEM_ROS2/needle_simulation_control/custom/matlab_msg_gen/glnxa64/install/include/fbg_msgs/msg/detail/curvature__rosidl_typesupport_fastrtps_c.h
-- Installing: /home/jkang/InSituNeedle_Manipulation_FBG_FEM_ROS2/needle_simulation_control/custom/matlab_msg_gen/glnxa64/install/include/fbg_msgs/msg/detail/needle_shape__rosidl_typesupport_fastrtps_c.h
-- Installing: /home/jkang/InSituNeedle_Manipulation_FBG_FEM_ROS2/needle_simulation_control/custom/matlab_msg_gen/glnxa64/install/include/fbg_msgs/msg/rosidl_typesupport_fastrtps_c__visibility_control.h
-- Up-to-date: /home/jkang/InSituNeedle_Manipulation_FBG_FEM_ROS2/needle_simulation_control/custom/matlab_msg_gen/glnxa64/install/include/fbg_msgs/srv
-- Up-to-date: /home/jkang/InSituNeedle_Manipulation_FBG_FEM_ROS2/needle_simulation_control/custom/matlab_msg_gen/glnxa64/install/include/fbg_msgs/srv/detail
-- Installing: /home/jkang/InSituNeedle_Manipulation_FBG_FEM_ROS2/needle_simulation_control/custom/matlab_msg_gen/glnxa64/install/include/fbg_msgs/srv/detail/cal_curvature__rosidl_typesupport_fastrtps_c.h
-- Installing: /home/jkang/InSituNeedle_Manipulation_FBG_FEM_ROS2/needle_simulation_control/custom/matlab_msg_gen/glnxa64/install/include/fbg_msgs/srv/detail/find_norm__rosidl_typesupport_fastrtps_c.h
-- Installing: /home/jkang/InSituNeedle_Manipulation_FBG_FEM_ROS2/needle_simulation_control/custom/matlab_msg_gen/glnxa64/install/lib/libfbg_msgs__rosidl_typesupport_fastrtps_c.so
-- Up-to-date: /home/jkang/InSituNeedle_Manipulation_FBG_FEM_ROS2/needle_simulation_control/custom/matlab_msg_gen/glnxa64/install/include/fbg_msgs
-- Up-to-date: /home/jkang/InSituNeedle_Manipulation_FBG_FEM_ROS2/needle_simulation_control/custom/matlab_msg_gen/glnxa64/install/include/fbg_msgs/msg
-- Up-to-date: /home/jkang/InSituNeedle_Manipulation_FBG_FEM_ROS2/needle_simulation_control/custom/matlab_msg_gen/glnxa64/install/include/fbg_msgs/msg/detail
-- Installing: /home/jkang/InSituNeedle_Manipulation_FBG_FEM_ROS2/needle_simulation_control/custom/matlab_msg_gen/glnxa64/install/include/fbg_msgs/msg/detail/curvature__rosidl_typesupport_fastrtps_cpp.hpp
-- Installing: /home/jkang/InSituNeedle_Manipulation_FBG_FEM_ROS2/needle_simulation_control/custom/matlab_msg_gen/glnxa64/install/include/fbg_msgs/msg/detail/fbg_reading__rosidl_typesupport_fastrtps_cpp.hpp
-- Installing: /home/jkang/InSituNeedle_Manipulation_FBG_FEM_ROS2/needle_simulation_control/custom/matlab_msg_gen/glnxa64/install/include/fbg_msgs/msg/detail/dds_fastrtps
-- Installing: /home/jkang/InSituNeedle_Manipulation_FBG_FEM_ROS2/needle_simulation_control/custom/matlab_msg_gen/glnxa64/install/include/fbg_msgs/msg/detail/needle_shape__rosidl_typesupport_fastrtps_cpp.hpp
-- Installing: /home/jkang/InSituNeedle_Manipulation_FBG_FEM_ROS2/needle_simulation_control/custom/matlab_msg_gen/glnxa64/install/include/fbg_msgs/msg/rosidl_typesupport_fastrtps_cpp__visibility_control.h
-- Up-to-date: /home/jkang/InSituNeedle_Manipulation_FBG_FEM_ROS2/needle_simulation_control/custom/matlab_msg_gen/glnxa64/install/include/fbg_msgs/srv
-- Up-to-date: /home/jkang/InSituNeedle_Manipulation_FBG_FEM_ROS2/needle_simulation_control/custom/matlab_msg_gen/glnxa64/install/include/fbg_msgs/srv/detail
-- Installing: /home/jkang/InSituNeedle_Manipulation_FBG_FEM_ROS2/needle_simulation_control/custom/matlab_msg_gen/glnxa64/install/include/fbg_msgs/srv/detail/find_norm__rosidl_typesupport_fastrtps_cpp.hpp
-- Installing: /home/jkang/InSituNeedle_Manipulation_FBG_FEM_ROS2/needle_simulation_control/custom/matlab_msg_gen/glnxa64/install/include/fbg_msgs/srv/detail/dds_fastrtps
-- Installing: /home/jkang/InSituNeedle_Manipulation_FBG_FEM_ROS2/needle_simulation_control/custom/matlab_msg_gen/glnxa64/install/include/fbg_msgs/srv/detail/cal_curvature__rosidl_typesupport_fastrtps_cpp.hpp
-- Installing: /home/jkang/InSituNeedle_Manipulation_FBG_FEM_ROS2/needle_simulation_control/custom/matlab_msg_gen/glnxa64/install/lib/libfbg_msgs__rosidl_typesupport_fastrtps_cpp.so
-- Up-to-date: /home/jkang/InSituNeedle_Manipulation_FBG_FEM_ROS2/needle_simulation_control/custom/matlab_msg_gen/glnxa64/install/include/fbg_msgs
-- Up-to-date: /home/jkang/InSituNeedle_Manipulation_FBG_FEM_ROS2/needle_simulation_control/custom/matlab_msg_gen/glnxa64/install/include/fbg_msgs/msg
-- Installing: /home/jkang/InSituNeedle_Manipulation_FBG_FEM_ROS2/needle_simulation_control/custom/matlab_msg_gen/glnxa64/install/include/fbg_msgs/msg/rosidl_typesupport_introspection_c__visibility_control.h
-- Up-to-date: /home/jkang/InSituNeedle_Manipulation_FBG_FEM_ROS2/needle_simulation_control/custom/matlab_msg_gen/glnxa64/install/include/fbg_msgs/msg/detail
-- Installing: /home/jkang/InSituNeedle_Manipulation_FBG_FEM_ROS2/needle_simulation_control/custom/matlab_msg_gen/glnxa64/install/include/fbg_msgs/msg/detail/fbg_reading__type_support.c
-- Installing: /home/jkang/InSituNeedle_Manipulation_FBG_FEM_ROS2/needle_simulation_control/custom/matlab_msg_gen/glnxa64/install/include/fbg_msgs/msg/detail/fbg_reading__rosidl_typesupport_introspection_c.h
-- Installing: /home/jkang/InSituNeedle_Manipulation_FBG_FEM_ROS2/needle_simulation_control/custom/matlab_msg_gen/glnxa64/install/include/fbg_msgs/msg/detail/curvature__type_support.c
-- Installing: /home/jkang/InSituNeedle_Manipulation_FBG_FEM_ROS2/needle_simulation_control/custom/matlab_msg_gen/glnxa64/install/include/fbg_msgs/msg/detail/curvature__rosidl_typesupport_introspection_c.h
-- Installing: /home/jkang/InSituNeedle_Manipulation_FBG_FEM_ROS2/needle_simulation_control/custom/matlab_msg_gen/glnxa64/install/include/fbg_msgs/msg/detail/needle_shape__rosidl_typesupport_introspection_c.h
-- Installing: /home/jkang/InSituNeedle_Manipulation_FBG_FEM_ROS2/needle_simulation_control/custom/matlab_msg_gen/glnxa64/install/include/fbg_msgs/msg/detail/needle_shape__type_support.c
-- Up-to-date: /home/jkang/InSituNeedle_Manipulation_FBG_FEM_ROS2/needle_simulation_control/custom/matlab_msg_gen/glnxa64/install/include/fbg_msgs/srv
-- Up-to-date: /home/jkang/InSituNeedle_Manipulation_FBG_FEM_ROS2/needle_simulation_control/custom/matlab_msg_gen/glnxa64/install/include/fbg_msgs/srv/detail
-- Installing: /home/jkang/InSituNeedle_Manipulation_FBG_FEM_ROS2/needle_simulation_control/custom/matlab_msg_gen/glnxa64/install/include/fbg_msgs/srv/detail/find_norm__rosidl_typesupport_introspection_c.h
-- Installing: /home/jkang/InSituNeedle_Manipulation_FBG_FEM_ROS2/needle_simulation_control/custom/matlab_msg_gen/glnxa64/install/include/fbg_msgs/srv/detail/cal_curvature__rosidl_typesupport_introspection_c.h
-- Installing: /home/jkang/InSituNeedle_Manipulation_FBG_FEM_ROS2/needle_simulation_control/custom/matlab_msg_gen/glnxa64/install/include/fbg_msgs/srv/detail/find_norm__type_support.c
-- Installing: /home/jkang/InSituNeedle_Manipulation_FBG_FEM_ROS2/needle_simulation_control/custom/matlab_msg_gen/glnxa64/install/include/fbg_msgs/srv/detail/cal_curvature__type_support.c
-- Installing: /home/jkang/InSituNeedle_Manipulation_FBG_FEM_ROS2/needle_simulation_control/custom/matlab_msg_gen/glnxa64/install/lib/libfbg_msgs__rosidl_typesupport_introspection_c.so
-- Installing: /home/jkang/InSituNeedle_Manipulation_FBG_FEM_ROS2/needle_simulation_control/custom/matlab_msg_gen/glnxa64/install/lib/libfbg_msgs__rosidl_typesupport_c.so
-- Up-to-date: /home/jkang/InSituNeedle_Manipulation_FBG_FEM_ROS2/needle_simulation_control/custom/matlab_msg_gen/glnxa64/install/include/fbg_msgs
-- Up-to-date: /home/jkang/InSituNeedle_Manipulation_FBG_FEM_ROS2/needle_simulation_control/custom/matlab_msg_gen/glnxa64/install/include/fbg_msgs/msg
-- Installing: /home/jkang/InSituNeedle_Manipulation_FBG_FEM_ROS2/needle_simulation_control/custom/matlab_msg_gen/glnxa64/install/include/fbg_msgs/msg/curvature.hpp
-- Installing: /home/jkang/InSituNeedle_Manipulation_FBG_FEM_ROS2/needle_simulation_control/custom/matlab_msg_gen/glnxa64/install/include/fbg_msgs/msg/fbg_reading.hpp
-- Installing: /home/jkang/InSituNeedle_Manipulation_FBG_FEM_ROS2/needle_simulation_control/custom/matlab_msg_gen/glnxa64/install/include/fbg_msgs/msg/needle_shape.hpp
-- Up-to-date: /home/jkang/InSituNeedle_Manipulation_FBG_FEM_ROS2/needle_simulation_control/custom/matlab_msg_gen/glnxa64/install/include/fbg_msgs/msg/detail
-- Installing: /home/jkang/InSituNeedle_Manipulation_FBG_FEM_ROS2/needle_simulation_control/custom/matlab_msg_gen/glnxa64/install/include/fbg_msgs/msg/detail/curvature__builder.hpp
-- Installing: /home/jkang/InSituNeedle_Manipulation_FBG_FEM_ROS2/needle_simulation_control/custom/matlab_msg_gen/glnxa64/install/include/fbg_msgs/msg/detail/needle_shape__traits.hpp
-- Installing: /home/jkang/InSituNeedle_Manipulation_FBG_FEM_ROS2/needle_simulation_control/custom/matlab_msg_gen/glnxa64/install/include/fbg_msgs/msg/detail/curvature__traits.hpp
-- Installing: /home/jkang/InSituNeedle_Manipulation_FBG_FEM_ROS2/needle_simulation_control/custom/matlab_msg_gen/glnxa64/install/include/fbg_msgs/msg/detail/needle_shape__builder.hpp
-- Installing: /home/jkang/InSituNeedle_Manipulation_FBG_FEM_ROS2/needle_simulation_control/custom/matlab_msg_gen/glnxa64/install/include/fbg_msgs/msg/detail/fbg_reading__struct.hpp
-- Installing: /home/jkang/InSituNeedle_Manipulation_FBG_FEM_ROS2/needle_simulation_control/custom/matlab_msg_gen/glnxa64/install/include/fbg_msgs/msg/detail/needle_shape__struct.hpp
-- Installing: /home/jkang/InSituNeedle_Manipulation_FBG_FEM_ROS2/needle_simulation_control/custom/matlab_msg_gen/glnxa64/install/include/fbg_msgs/msg/detail/fbg_reading__traits.hpp
-- Installing: /home/jkang/InSituNeedle_Manipulation_FBG_FEM_ROS2/needle_simulation_control/custom/matlab_msg_gen/glnxa64/install/include/fbg_msgs/msg/detail/curvature__struct.hpp
-- Installing: /home/jkang/InSituNeedle_Manipulation_FBG_FEM_ROS2/needle_simulation_control/custom/matlab_msg_gen/glnxa64/install/include/fbg_msgs/msg/detail/fbg_reading__builder.hpp
-- Up-to-date: /home/jkang/InSituNeedle_Manipulation_FBG_FEM_ROS2/needle_simulation_control/custom/matlab_msg_gen/glnxa64/install/include/fbg_msgs/srv
-- Up-to-date: /home/jkang/InSituNeedle_Manipulation_FBG_FEM_ROS2/needle_simulation_control/custom/matlab_msg_gen/glnxa64/install/include/fbg_msgs/srv/detail
-- Installing: /home/jkang/InSituNeedle_Manipulation_FBG_FEM_ROS2/needle_simulation_control/custom/matlab_msg_gen/glnxa64/install/include/fbg_msgs/srv/detail/cal_curvature__builder.hpp
-- Installing: /home/jkang/InSituNeedle_Manipulation_FBG_FEM_ROS2/needle_simulation_control/custom/matlab_msg_gen/glnxa64/install/include/fbg_msgs/srv/detail/find_norm__struct.hpp
-- Installing: /home/jkang/InSituNeedle_Manipulation_FBG_FEM_ROS2/needle_simulation_control/custom/matlab_msg_gen/glnxa64/install/include/fbg_msgs/srv/detail/cal_curvature__traits.hpp
-- Installing: /home/jkang/InSituNeedle_Manipulation_FBG_FEM_ROS2/needle_simulation_control/custom/matlab_msg_gen/glnxa64/install/include/fbg_msgs/srv/detail/find_norm__traits.hpp
-- Installing: /home/jkang/InSituNeedle_Manipulation_FBG_FEM_ROS2/needle_simulation_control/custom/matlab_msg_gen/glnxa64/install/include/fbg_msgs/srv/detail/find_norm__builder.hpp
-- Installing: /home/jkang/InSituNeedle_Manipulation_FBG_FEM_ROS2/needle_simulation_control/custom/matlab_msg_gen/glnxa64/install/include/fbg_msgs/srv/detail/cal_curvature__struct.hpp
-- Installing: /home/jkang/InSituNeedle_Manipulation_FBG_FEM_ROS2/needle_simulation_control/custom/matlab_msg_gen/glnxa64/install/include/fbg_msgs/srv/find_norm.hpp
-- Installing: /home/jkang/InSituNeedle_Manipulation_FBG_FEM_ROS2/needle_simulation_control/custom/matlab_msg_gen/glnxa64/install/include/fbg_msgs/srv/cal_curvature.hpp
-- Up-to-date: /home/jkang/InSituNeedle_Manipulation_FBG_FEM_ROS2/needle_simulation_control/custom/matlab_msg_gen/glnxa64/install/include/fbg_msgs
-- Up-to-date: /home/jkang/InSituNeedle_Manipulation_FBG_FEM_ROS2/needle_simulation_control/custom/matlab_msg_gen/glnxa64/install/include/fbg_msgs/msg
-- Up-to-date: /home/jkang/InSituNeedle_Manipulation_FBG_FEM_ROS2/needle_simulation_control/custom/matlab_msg_gen/glnxa64/install/include/fbg_msgs/msg/detail
-- Installing: /home/jkang/InSituNeedle_Manipulation_FBG_FEM_ROS2/needle_simulation_control/custom/matlab_msg_gen/glnxa64/install/include/fbg_msgs/msg/detail/fbg_reading__type_support.cpp
-- Installing: /home/jkang/InSituNeedle_Manipulation_FBG_FEM_ROS2/needle_simulation_control/custom/matlab_msg_gen/glnxa64/install/include/fbg_msgs/msg/detail/needle_shape__rosidl_typesupport_introspection_cpp.hpp
-- Installing: /home/jkang/InSituNeedle_Manipulation_FBG_FEM_ROS2/needle_simulation_control/custom/matlab_msg_gen/glnxa64/install/include/fbg_msgs/msg/detail/needle_shape__type_support.cpp
-- Installing: /home/jkang/InSituNeedle_Manipulation_FBG_FEM_ROS2/needle_simulation_control/custom/matlab_msg_gen/glnxa64/install/include/fbg_msgs/msg/detail/fbg_reading__rosidl_typesupport_introspection_cpp.hpp
-- Installing: /home/jkang/InSituNeedle_Manipulation_FBG_FEM_ROS2/needle_simulation_control/custom/matlab_msg_gen/glnxa64/install/include/fbg_msgs/msg/detail/curvature__type_support.cpp
-- Installing: /home/jkang/InSituNeedle_Manipulation_FBG_FEM_ROS2/needle_simulation_control/custom/matlab_msg_gen/glnxa64/install/include/fbg_msgs/msg/detail/curvature__rosidl_typesupport_introspection_cpp.hpp
-- Up-to-date: /home/jkang/InSituNeedle_Manipulation_FBG_FEM_ROS2/needle_simulation_control/custom/matlab_msg_gen/glnxa64/install/include/fbg_msgs/srv
-- Up-to-date: /home/jkang/InSituNeedle_Manipulation_FBG_FEM_ROS2/needle_simulation_control/custom/matlab_msg_gen/glnxa64/install/include/fbg_msgs/srv/detail
-- Installing: /home/jkang/InSituNeedle_Manipulation_FBG_FEM_ROS2/needle_simulation_control/custom/matlab_msg_gen/glnxa64/install/include/fbg_msgs/srv/detail/find_norm__type_support.cpp
-- Installing: /home/jkang/InSituNeedle_Manipulation_FBG_FEM_ROS2/needle_simulation_control/custom/matlab_msg_gen/glnxa64/install/include/fbg_msgs/srv/detail/cal_curvature__type_support.cpp
-- Installing: /home/jkang/InSituNeedle_Manipulation_FBG_FEM_ROS2/needle_simulation_control/custom/matlab_msg_gen/glnxa64/install/include/fbg_msgs/srv/detail/cal_curvature__rosidl_typesupport_introspection_cpp.hpp
-- Installing: /home/jkang/InSituNeedle_Manipulation_FBG_FEM_ROS2/needle_simulation_control/custom/matlab_msg_gen/glnxa64/install/include/fbg_msgs/srv/detail/find_norm__rosidl_typesupport_introspection_cpp.hpp
-- Installing: /home/jkang/InSituNeedle_Manipulation_FBG_FEM_ROS2/needle_simulation_control/custom/matlab_msg_gen/glnxa64/install/lib/libfbg_msgs__rosidl_typesupport_introspection_cpp.so
-- Installing: /home/jkang/InSituNeedle_Manipulation_FBG_FEM_ROS2/needle_simulation_control/custom/matlab_msg_gen/glnxa64/install/lib/libfbg_msgs__rosidl_typesupport_cpp.so
-- Installing: /home/jkang/InSituNeedle_Manipulation_FBG_FEM_ROS2/needle_simulation_control/custom/matlab_msg_gen/glnxa64/install/share/fbg_msgs/msg/Curvature.idl
-- Installing: /home/jkang/InSituNeedle_Manipulation_FBG_FEM_ROS2/needle_simulation_control/custom/matlab_msg_gen/glnxa64/install/share/fbg_msgs/msg/FbgReading.idl
-- Installing: /home/jkang/InSituNeedle_Manipulation_FBG_FEM_ROS2/needle_simulation_control/custom/matlab_msg_gen/glnxa64/install/share/fbg_msgs/msg/NeedleShape.idl
-- Installing: /home/jkang/InSituNeedle_Manipulation_FBG_FEM_ROS2/needle_simulation_control/custom/matlab_msg_gen/glnxa64/install/share/fbg_msgs/srv/CalCurvature.idl
-- Installing: /home/jkang/InSituNeedle_Manipulation_FBG_FEM_ROS2/needle_simulation_control/custom/matlab_msg_gen/glnxa64/install/share/fbg_msgs/srv/FindNorm.idl
-- Installing: /home/jkang/InSituNeedle_Manipulation_FBG_FEM_ROS2/needle_simulation_control/custom/matlab_msg_gen/glnxa64/install/share/fbg_msgs/msg/Curvature.msg
-- Installing: /home/jkang/InSituNeedle_Manipulation_FBG_FEM_ROS2/needle_simulation_control/custom/matlab_msg_gen/glnxa64/install/share/fbg_msgs/msg/FbgReading.msg
-- Installing: /home/jkang/InSituNeedle_Manipulation_FBG_FEM_ROS2/needle_simulation_control/custom/matlab_msg_gen/glnxa64/install/share/fbg_msgs/msg/NeedleShape.msg
-- Installing: /home/jkang/InSituNeedle_Manipulation_FBG_FEM_ROS2/needle_simulation_control/custom/matlab_msg_gen/glnxa64/install/share/fbg_msgs/srv/CalCurvature.srv
-- Installing: /home/jkang/InSituNeedle_Manipulation_FBG_FEM_ROS2/needle_simulation_control/custom/matlab_msg_gen/glnxa64/install/share/fbg_msgs/srv/CalCurvature_Request.msg
-- Installing: /home/jkang/InSituNeedle_Manipulation_FBG_FEM_ROS2/needle_simulation_control/custom/matlab_msg_gen/glnxa64/install/share/fbg_msgs/srv/CalCurvature_Response.msg
-- Installing: /home/jkang/InSituNeedle_Manipulation_FBG_FEM_ROS2/needle_simulation_control/custom/matlab_msg_gen/glnxa64/install/share/fbg_msgs/srv/FindNorm.srv
-- Installing: /home/jkang/InSituNeedle_Manipulation_FBG_FEM_ROS2/needle_simulation_control/custom/matlab_msg_gen/glnxa64/install/share/fbg_msgs/srv/FindNorm_Request.msg
-- Installing: /home/jkang/InSituNeedle_Manipulation_FBG_FEM_ROS2/needle_simulation_control/custom/matlab_msg_gen/glnxa64/install/share/fbg_msgs/srv/FindNorm_Response.msg
-- Up-to-date: /home/jkang/InSituNeedle_Manipulation_FBG_FEM_ROS2/needle_simulation_control/custom/matlab_msg_gen/glnxa64/install/include
-- Up-to-date: /home/jkang/InSituNeedle_Manipulation_FBG_FEM_ROS2/needle_simulation_control/custom/matlab_msg_gen/glnxa64/install/include/fbg_msgs
-- Installing: /home/jkang/InSituNeedle_Manipulation_FBG_FEM_ROS2/needle_simulation_control/custom/matlab_msg_gen/glnxa64/install/include/fbg_msgs/visibility_control.h
-- Installing: /home/jkang/InSituNeedle_Manipulation_FBG_FEM_ROS2/needle_simulation_control/custom/matlab_msg_gen/glnxa64/install/lib/libfbg_msgs_matlab.so
-- Installing: /home/jkang/InSituNeedle_Manipulation_FBG_FEM_ROS2/needle_simulation_control/custom/matlab_msg_gen/glnxa64/install/m/
-- Installing: /home/jkang/InSituNeedle_Manipulation_FBG_FEM_ROS2/needle_simulation_control/custom/matlab_msg_gen/glnxa64/install/m//+ros
-- Installing: /home/jkang/InSituNeedle_Manipulation_FBG_FEM_ROS2/needle_simulation_control/custom/matlab_msg_gen/glnxa64/install/m//+ros/+internal
-- Installing: /home/jkang/InSituNeedle_Manipulation_FBG_FEM_ROS2/needle_simulation_control/custom/matlab_msg_gen/glnxa64/install/m//+ros/+internal/+ros2
-- Installing: /home/jkang/InSituNeedle_Manipulation_FBG_FEM_ROS2/needle_simulation_control/custom/matlab_msg_gen/glnxa64/install/m//+ros/+internal/+ros2/+custommessages
-- Installing: /home/jkang/InSituNeedle_Manipulation_FBG_FEM_ROS2/needle_simulation_control/custom/matlab_msg_gen/glnxa64/install/m//+ros/+internal/+ros2/+custommessages/+fbg_msgs
-- Installing: /home/jkang/InSituNeedle_Manipulation_FBG_FEM_ROS2/needle_simulation_control/custom/matlab_msg_gen/glnxa64/install/m//+ros/+internal/+ros2/+custommessages/+fbg_msgs/fbg_msgs_msg_FbgReading_2To1_Converter.m
-- Installing: /home/jkang/InSituNeedle_Manipulation_FBG_FEM_ROS2/needle_simulation_control/custom/matlab_msg_gen/glnxa64/install/m//+ros/+internal/+ros2/+custommessages/+fbg_msgs/calCurvatureResponse.m
-- Installing: /home/jkang/InSituNeedle_Manipulation_FBG_FEM_ROS2/needle_simulation_control/custom/matlab_msg_gen/glnxa64/install/m//+ros/+internal/+ros2/+custommessages/+fbg_msgs/calCurvatureRequest.m
-- Installing: /home/jkang/InSituNeedle_Manipulation_FBG_FEM_ROS2/needle_simulation_control/custom/matlab_msg_gen/glnxa64/install/m//+ros/+internal/+ros2/+custommessages/+fbg_msgs/fbg_msgs_msg_FbgReading_1To2_Converter.m
-- Installing: /home/jkang/InSituNeedle_Manipulation_FBG_FEM_ROS2/needle_simulation_control/custom/matlab_msg_gen/glnxa64/install/m//+ros/+internal/+ros2/+custommessages/+fbg_msgs/curvature.m
-- Installing: /home/jkang/InSituNeedle_Manipulation_FBG_FEM_ROS2/needle_simulation_control/custom/matlab_msg_gen/glnxa64/install/m//+ros/+internal/+ros2/+custommessages/+fbg_msgs/findNormRequest.m
-- Installing: /home/jkang/InSituNeedle_Manipulation_FBG_FEM_ROS2/needle_simulation_control/custom/matlab_msg_gen/glnxa64/install/m//+ros/+internal/+ros2/+custommessages/+fbg_msgs/fbg_msgs_msg_Curvature_1To2_Converter.m
-- Installing: /home/jkang/InSituNeedle_Manipulation_FBG_FEM_ROS2/needle_simulation_control/custom/matlab_msg_gen/glnxa64/install/m//+ros/+internal/+ros2/+custommessages/+fbg_msgs/fbg_msgs_msg_Curvature_2To1_Converter.m
-- Installing: /home/jkang/InSituNeedle_Manipulation_FBG_FEM_ROS2/needle_simulation_control/custom/matlab_msg_gen/glnxa64/install/m//+ros/+internal/+ros2/+custommessages/+fbg_msgs/fbgReading.m
-- Installing: /home/jkang/InSituNeedle_Manipulation_FBG_FEM_ROS2/needle_simulation_control/custom/matlab_msg_gen/glnxa64/install/m//+ros/+internal/+ros2/+custommessages/+fbg_msgs/fbg_msgs_msg_NeedleShape_2To1_Converter.m
-- Installing: /home/jkang/InSituNeedle_Manipulation_FBG_FEM_ROS2/needle_simulation_control/custom/matlab_msg_gen/glnxa64/install/m//+ros/+internal/+ros2/+custommessages/+fbg_msgs/fbg_msgs_msg_NeedleShape_1To2_Converter.m
-- Installing: /home/jkang/InSituNeedle_Manipulation_FBG_FEM_ROS2/needle_simulation_control/custom/matlab_msg_gen/glnxa64/install/m//+ros/+internal/+ros2/+custommessages/+fbg_msgs/findNormResponse.m
-- Installing: /home/jkang/InSituNeedle_Manipulation_FBG_FEM_ROS2/needle_simulation_control/custom/matlab_msg_gen/glnxa64/install/m//+ros/+internal/+ros2/+custommessages/+fbg_msgs/needleShape.m
-- Installing: /home/jkang/InSituNeedle_Manipulation_FBG_FEM_ROS2/needle_simulation_control/custom/matlab_msg_gen/glnxa64/install/share/ament_index/resource_index/package_run_dependencies/fbg_msgs
-- Installing: /home/jkang/InSituNeedle_Manipulation_FBG_FEM_ROS2/needle_simulation_control/custom/matlab_msg_gen/glnxa64/install/share/ament_index/resource_index/parent_prefix_path/fbg_msgs
-- Installing: /home/jkang/InSituNeedle_Manipulation_FBG_FEM_ROS2/needle_simulation_control/custom/matlab_msg_gen/glnxa64/install/share/fbg_msgs/environment/ament_prefix_path.sh
-- Installing: /home/jkang/InSituNeedle_Manipulation_FBG_FEM_ROS2/needle_simulation_control/custom/matlab_msg_gen/glnxa64/install/share/fbg_msgs/environment/ament_prefix_path.dsv
-- Installing: /home/jkang/InSituNeedle_Manipulation_FBG_FEM_ROS2/needle_simulation_control/custom/matlab_msg_gen/glnxa64/install/share/fbg_msgs/environment/path.sh
-- Installing: /home/jkang/InSituNeedle_Manipulation_FBG_FEM_ROS2/needle_simulation_control/custom/matlab_msg_gen/glnxa64/install/share/fbg_msgs/environment/path.dsv
-- Installing: /home/jkang/InSituNeedle_Manipulation_FBG_FEM_ROS2/needle_simulation_control/custom/matlab_msg_gen/glnxa64/install/share/fbg_msgs/local_setup.bash
-- Installing: /home/jkang/InSituNeedle_Manipulation_FBG_FEM_ROS2/needle_simulation_control/custom/matlab_msg_gen/glnxa64/install/share/fbg_msgs/local_setup.sh
-- Installing: /home/jkang/InSituNeedle_Manipulation_FBG_FEM_ROS2/needle_simulation_control/custom/matlab_msg_gen/glnxa64/install/share/fbg_msgs/local_setup.zsh
-- Installing: /home/jkang/InSituNeedle_Manipulation_FBG_FEM_ROS2/needle_simulation_control/custom/matlab_msg_gen/glnxa64/install/share/fbg_msgs/local_setup.dsv
-- Installing: /home/jkang/InSituNeedle_Manipulation_FBG_FEM_ROS2/needle_simulation_control/custom/matlab_msg_gen/glnxa64/install/share/fbg_msgs/package.dsv
-- Installing: /home/jkang/InSituNeedle_Manipulation_FBG_FEM_ROS2/needle_simulation_control/custom/matlab_msg_gen/glnxa64/install/share/ament_index/resource_index/packages/fbg_msgs
-- Installing: /home/jkang/InSituNeedle_Manipulation_FBG_FEM_ROS2/needle_simulation_control/custom/matlab_msg_gen/glnxa64/install/share/fbg_msgs/cmake/fbg_msgs__rosidl_generator_cExport.cmake
-- Installing: /home/jkang/InSituNeedle_Manipulation_FBG_FEM_ROS2/needle_simulation_control/custom/matlab_msg_gen/glnxa64/install/share/fbg_msgs/cmake/fbg_msgs__rosidl_generator_cExport-release.cmake
-- Installing: /home/jkang/InSituNeedle_Manipulation_FBG_FEM_ROS2/needle_simulation_control/custom/matlab_msg_gen/glnxa64/install/share/fbg_msgs/cmake/fbg_msgs__rosidl_typesupport_introspection_cExport.cmake
-- Installing: /home/jkang/InSituNeedle_Manipulation_FBG_FEM_ROS2/needle_simulation_control/custom/matlab_msg_gen/glnxa64/install/share/fbg_msgs/cmake/fbg_msgs__rosidl_typesupport_introspection_cExport-release.cmake
-- Installing: /home/jkang/InSituNeedle_Manipulation_FBG_FEM_ROS2/needle_simulation_control/custom/matlab_msg_gen/glnxa64/install/share/fbg_msgs/cmake/fbg_msgs__rosidl_typesupport_cExport.cmake
-- Installing: /home/jkang/InSituNeedle_Manipulation_FBG_FEM_ROS2/needle_simulation_control/custom/matlab_msg_gen/glnxa64/install/share/fbg_msgs/cmake/fbg_msgs__rosidl_typesupport_cExport-release.cmake
-- Installing: /home/jkang/InSituNeedle_Manipulation_FBG_FEM_ROS2/needle_simulation_control/custom/matlab_msg_gen/glnxa64/install/share/fbg_msgs/cmake/fbg_msgs__rosidl_generator_cppExport.cmake
-- Installing: /home/jkang/InSituNeedle_Manipulation_FBG_FEM_ROS2/needle_simulation_control/custom/matlab_msg_gen/glnxa64/install/share/fbg_msgs/cmake/fbg_msgs__rosidl_typesupport_introspection_cppExport.cmake
-- Installing: /home/jkang/InSituNeedle_Manipulation_FBG_FEM_ROS2/needle_simulation_control/custom/matlab_msg_gen/glnxa64/install/share/fbg_msgs/cmake/fbg_msgs__rosidl_typesupport_introspection_cppExport-release.cmake
-- Installing: /home/jkang/InSituNeedle_Manipulation_FBG_FEM_ROS2/needle_simulation_control/custom/matlab_msg_gen/glnxa64/install/share/fbg_msgs/cmake/fbg_msgs__rosidl_typesupport_cppExport.cmake
-- Installing: /home/jkang/InSituNeedle_Manipulation_FBG_FEM_ROS2/needle_simulation_control/custom/matlab_msg_gen/glnxa64/install/share/fbg_msgs/cmake/fbg_msgs__rosidl_typesupport_cppExport-release.cmake
-- Installing: /home/jkang/InSituNeedle_Manipulation_FBG_FEM_ROS2/needle_simulation_control/custom/matlab_msg_gen/glnxa64/install/share/fbg_msgs/cmake/rosidl_cmake-extras.cmake
-- Installing: /home/jkang/InSituNeedle_Manipulation_FBG_FEM_ROS2/needle_simulation_control/custom/matlab_msg_gen/glnxa64/install/share/fbg_msgs/cmake/ament_cmake_export_dependencies-extras.cmake
-- Installing: /home/jkang/InSituNeedle_Manipulation_FBG_FEM_ROS2/needle_simulation_control/custom/matlab_msg_gen/glnxa64/install/share/fbg_msgs/cmake/ament_cmake_export_libraries-extras.cmake
-- Installing: /home/jkang/InSituNeedle_Manipulation_FBG_FEM_ROS2/needle_simulation_control/custom/matlab_msg_gen/glnxa64/install/share/fbg_msgs/cmake/ament_cmake_export_targets-extras.cmake
-- Installing: /home/jkang/InSituNeedle_Manipulation_FBG_FEM_ROS2/needle_simulation_control/custom/matlab_msg_gen/glnxa64/install/share/fbg_msgs/cmake/ament_cmake_export_include_directories-extras.cmake
-- Installing: /home/jkang/InSituNeedle_Manipulation_FBG_FEM_ROS2/needle_simulation_control/custom/matlab_msg_gen/glnxa64/install/share/fbg_msgs/cmake/rosidl_cmake_export_typesupport_libraries-extras.cmake
-- Installing: /home/jkang/InSituNeedle_Manipulation_FBG_FEM_ROS2/needle_simulation_control/custom/matlab_msg_gen/glnxa64/install/share/fbg_msgs/cmake/rosidl_cmake_export_typesupport_targets-extras.cmake
-- Installing: /home/jkang/InSituNeedle_Manipulation_FBG_FEM_ROS2/needle_simulation_control/custom/matlab_msg_gen/glnxa64/install/share/fbg_msgs/cmake/fbg_msgsConfig.cmake
-- Installing: /home/jkang/InSituNeedle_Manipulation_FBG_FEM_ROS2/needle_simulation_control/custom/matlab_msg_gen/glnxa64/install/share/fbg_msgs/cmake/fbg_msgsConfig-version.cmake
-- Installing: /home/jkang/InSituNeedle_Manipulation_FBG_FEM_ROS2/needle_simulation_control/custom/matlab_msg_gen/glnxa64/install/share/fbg_msgs/package.xml
