[0.840s] Invoking command in '/home/yangshengxu/Desktop/InSituNeedle_Manipulation_FBG_FEM_ROS2/src/needle_shape': PYTHONPATH=/home/yangshengxu/Desktop/InSituNeedle_Manipulation_FBG_FEM_ROS2/build/needle_shape/prefix_override:/home/yangshengxu/Desktop/InSituNeedle_Manipulation_FBG_FEM_ROS2/install/needle_shape/lib/python3.8/site-packages:${PYTHONPATH} /usr/bin/python3 setup.py egg_info --egg-base ../../build/needle_shape build --build-base /home/yangshengxu/Desktop/InSituNeedle_Manipulation_FBG_FEM_ROS2/build/needle_shape/build install --record /home/yangshengxu/Desktop/InSituNeedle_Manipulation_FBG_FEM_ROS2/build/needle_shape/install.log --single-version-externally-managed
[1.042s] running egg_info
[1.043s] writing ../../build/needle_shape/needle_shape.egg-info/PKG-INFO
[1.043s] writing dependency_links to ../../build/needle_shape/needle_shape.egg-info/dependency_links.txt
[1.043s] writing entry points to ../../build/needle_shape/needle_shape.egg-info/entry_points.txt
[1.044s] writing requirements to ../../build/needle_shape/needle_shape.egg-info/requires.txt
[1.044s] writing top-level names to ../../build/needle_shape/needle_shape.egg-info/top_level.txt
[1.077s] reading manifest file '../../build/needle_shape/needle_shape.egg-info/SOURCES.txt'
[1.078s] writing manifest file '../../build/needle_shape/needle_shape.egg-info/SOURCES.txt'
[1.078s] running build
[1.078s] running build_py
[1.078s] copying needle_shape/needle_shape_member_function.py -> /home/yangshengxu/Desktop/InSituNeedle_Manipulation_FBG_FEM_ROS2/build/needle_shape/build/lib/needle_shape
[1.079s] running install
[1.080s] running install_lib
[1.081s] copying /home/yangshengxu/Desktop/InSituNeedle_Manipulation_FBG_FEM_ROS2/build/needle_shape/build/lib/needle_shape/needle_shape_member_function.py -> /home/yangshengxu/Desktop/InSituNeedle_Manipulation_FBG_FEM_ROS2/install/needle_shape/lib/python3.8/site-packages/needle_shape
[1.082s] byte-compiling /home/yangshengxu/Desktop/InSituNeedle_Manipulation_FBG_FEM_ROS2/install/needle_shape/lib/python3.8/site-packages/needle_shape/needle_shape_member_function.py to needle_shape_member_function.cpython-38.pyc
[1.087s] running install_data
[1.087s] running install_egg_info
[1.087s] removing '/home/yangshengxu/Desktop/InSituNeedle_Manipulation_FBG_FEM_ROS2/install/needle_shape/lib/python3.8/site-packages/needle_shape-0.0.0-py3.8.egg-info' (and everything under it)
[1.087s] Copying ../../build/needle_shape/needle_shape.egg-info to /home/yangshengxu/Desktop/InSituNeedle_Manipulation_FBG_FEM_ROS2/install/needle_shape/lib/python3.8/site-packages/needle_shape-0.0.0-py3.8.egg-info
[1.087s] running install_scripts
[1.104s] Installing needle_shape_viewer script to /home/yangshengxu/Desktop/InSituNeedle_Manipulation_FBG_FEM_ROS2/install/needle_shape/lib/needle_shape
[1.104s] writing list of installed files to '/home/yangshengxu/Desktop/InSituNeedle_Manipulation_FBG_FEM_ROS2/build/needle_shape/install.log'
[1.309s] Invoked command in '/home/yangshengxu/Desktop/InSituNeedle_Manipulation_FBG_FEM_ROS2/src/needle_shape' returned '0': PYTHONPATH=/home/yangshengxu/Desktop/InSituNeedle_Manipulation_FBG_FEM_ROS2/build/needle_shape/prefix_override:/home/yangshengxu/Desktop/InSituNeedle_Manipulation_FBG_FEM_ROS2/install/needle_shape/lib/python3.8/site-packages:${PYTHONPATH} /usr/bin/python3 setup.py egg_info --egg-base ../../build/needle_shape build --build-base /home/yangshengxu/Desktop/InSituNeedle_Manipulation_FBG_FEM_ROS2/build/needle_shape/build install --record /home/yangshengxu/Desktop/InSituNeedle_Manipulation_FBG_FEM_ROS2/build/needle_shape/install.log --single-version-externally-managed
