Performing C SOURCE FILE Test CMAKE_HAVE_LIBC_PTHREAD failed with the following output:
Change Dir: /home/jkang/InSituNeedle_Manipulation_FBG_FEM_ROS2/build/fbg_msgs/CMakeFiles/CMakeTmp

Run Build Command(s):/usr/bin/make cmTC_83d2e/fast && /usr/bin/make -f CMakeFiles/cmTC_83d2e.dir/build.make CMakeFiles/cmTC_83d2e.dir/build
make[1]: Entering directory '/home/jkang/InSituNeedle_Manipulation_FBG_FEM_ROS2/build/fbg_msgs/CMakeFiles/CMakeTmp'
Building C object CMakeFiles/cmTC_83d2e.dir/src.c.o
/usr/bin/cc   -DCMAKE_HAVE_LIBC_PTHREAD   -o CMakeFiles/cmTC_83d2e.dir/src.c.o   -c /home/jkang/InSituNeedle_Manipulation_FBG_FEM_ROS2/build/fbg_msgs/CMakeFiles/CMakeTmp/src.c
Linking C executable cmTC_83d2e
/usr/bin/cmake -E cmake_link_script CMakeFiles/cmTC_83d2e.dir/link.txt --verbose=1
/usr/bin/cc  -DCMAKE_HAVE_LIBC_PTHREAD    CMakeFiles/cmTC_83d2e.dir/src.c.o  -o cmTC_83d2e 
/usr/bin/ld: CMakeFiles/cmTC_83d2e.dir/src.c.o: in function `main':
src.c:(.text+0x46): undefined reference to `pthread_create'
/usr/bin/ld: src.c:(.text+0x52): undefined reference to `pthread_detach'
/usr/bin/ld: src.c:(.text+0x63): undefined reference to `pthread_join'
collect2: error: ld returned 1 exit status
make[1]: *** [CMakeFiles/cmTC_83d2e.dir/build.make:87: cmTC_83d2e] Error 1
make[1]: Leaving directory '/home/jkang/InSituNeedle_Manipulation_FBG_FEM_ROS2/build/fbg_msgs/CMakeFiles/CMakeTmp'
make: *** [Makefile:121: cmTC_83d2e/fast] Error 2


Source file was:
#include <pthread.h>

void* test_func(void* data)
{
  return data;
}

int main(void)
{
  pthread_t thread;
  pthread_create(&thread, NULL, test_func, NULL);
  pthread_detach(thread);
  pthread_join(thread, NULL);
  pthread_atfork(NULL, NULL, NULL);
  pthread_exit(NULL);

  return 0;
}

Determining if the function pthread_create exists in the pthreads failed with the following output:
Change Dir: /home/jkang/InSituNeedle_Manipulation_FBG_FEM_ROS2/build/fbg_msgs/CMakeFiles/CMakeTmp

Run Build Command(s):/usr/bin/make cmTC_d03ce/fast && /usr/bin/make -f CMakeFiles/cmTC_d03ce.dir/build.make CMakeFiles/cmTC_d03ce.dir/build
make[1]: Entering directory '/home/jkang/InSituNeedle_Manipulation_FBG_FEM_ROS2/build/fbg_msgs/CMakeFiles/CMakeTmp'
Building C object CMakeFiles/cmTC_d03ce.dir/CheckFunctionExists.c.o
/usr/bin/cc   -DCHECK_FUNCTION_EXISTS=pthread_create   -o CMakeFiles/cmTC_d03ce.dir/CheckFunctionExists.c.o   -c /usr/share/cmake-3.16/Modules/CheckFunctionExists.c
Linking C executable cmTC_d03ce
/usr/bin/cmake -E cmake_link_script CMakeFiles/cmTC_d03ce.dir/link.txt --verbose=1
/usr/bin/cc  -DCHECK_FUNCTION_EXISTS=pthread_create    CMakeFiles/cmTC_d03ce.dir/CheckFunctionExists.c.o  -o cmTC_d03ce  -lpthreads 
/usr/bin/ld: cannot find -lpthreads
collect2: error: ld returned 1 exit status
make[1]: *** [CMakeFiles/cmTC_d03ce.dir/build.make:87: cmTC_d03ce] Error 1
make[1]: Leaving directory '/home/jkang/InSituNeedle_Manipulation_FBG_FEM_ROS2/build/fbg_msgs/CMakeFiles/CMakeTmp'
make: *** [Makefile:121: cmTC_d03ce/fast] Error 2



