[0.859s] Invoking command in '/home/yangshengxu/Desktop/InSituNeedle_Manipulation_FBG_FEM_ROS2/src/sm130_interrogator': PYTHONPATH=/home/yangshengxu/Desktop/InSituNeedle_Manipulation_FBG_FEM_ROS2/build/sm130_interrogator/prefix_override:/home/yangshengxu/Desktop/InSituNeedle_Manipulation_FBG_FEM_ROS2/install/sm130_interrogator/lib/python3.8/site-packages:${PYTHONPATH} /usr/bin/python3 setup.py egg_info --egg-base ../../build/sm130_interrogator build --build-base /home/yangshengxu/Desktop/InSituNeedle_Manipulation_FBG_FEM_ROS2/build/sm130_interrogator/build install --record /home/yangshengxu/Desktop/InSituNeedle_Manipulation_FBG_FEM_ROS2/build/sm130_interrogator/install.log --single-version-externally-managed
[1.047s] running egg_info
[1.047s] writing ../../build/sm130_interrogator/sm130_interrogator.egg-info/PKG-INFO
[1.047s] writing dependency_links to ../../build/sm130_interrogator/sm130_interrogator.egg-info/dependency_links.txt
[1.048s] writing entry points to ../../build/sm130_interrogator/sm130_interrogator.egg-info/entry_points.txt
[1.048s] writing requirements to ../../build/sm130_interrogator/sm130_interrogator.egg-info/requires.txt
[1.048s] writing top-level names to ../../build/sm130_interrogator/sm130_interrogator.egg-info/top_level.txt
[1.078s] reading manifest file '../../build/sm130_interrogator/sm130_interrogator.egg-info/SOURCES.txt'
[1.079s] writing manifest file '../../build/sm130_interrogator/sm130_interrogator.egg-info/SOURCES.txt'
[1.079s] running build
[1.080s] running build_py
[1.080s] running install
[1.081s] running install_lib
[1.082s] running install_data
[1.082s] running install_egg_info
[1.083s] removing '/home/yangshengxu/Desktop/InSituNeedle_Manipulation_FBG_FEM_ROS2/install/sm130_interrogator/lib/python3.8/site-packages/sm130_interrogator-0.0.0-py3.8.egg-info' (and everything under it)
[1.084s] Copying ../../build/sm130_interrogator/sm130_interrogator.egg-info to /home/yangshengxu/Desktop/InSituNeedle_Manipulation_FBG_FEM_ROS2/install/sm130_interrogator/lib/python3.8/site-packages/sm130_interrogator-0.0.0-py3.8.egg-info
[1.084s] running install_scripts
[1.099s] Installing listener script to /home/yangshengxu/Desktop/InSituNeedle_Manipulation_FBG_FEM_ROS2/install/sm130_interrogator/lib/sm130_interrogator
[1.099s] Installing talker script to /home/yangshengxu/Desktop/InSituNeedle_Manipulation_FBG_FEM_ROS2/install/sm130_interrogator/lib/sm130_interrogator
[1.099s] writing list of installed files to '/home/yangshengxu/Desktop/InSituNeedle_Manipulation_FBG_FEM_ROS2/build/sm130_interrogator/install.log'
[1.119s] Invoked command in '/home/yangshengxu/Desktop/InSituNeedle_Manipulation_FBG_FEM_ROS2/src/sm130_interrogator' returned '0': PYTHONPATH=/home/yangshengxu/Desktop/InSituNeedle_Manipulation_FBG_FEM_ROS2/build/sm130_interrogator/prefix_override:/home/yangshengxu/Desktop/InSituNeedle_Manipulation_FBG_FEM_ROS2/install/sm130_interrogator/lib/python3.8/site-packages:${PYTHONPATH} /usr/bin/python3 setup.py egg_info --egg-base ../../build/sm130_interrogator build --build-base /home/yangshengxu/Desktop/InSituNeedle_Manipulation_FBG_FEM_ROS2/build/sm130_interrogator/build install --record /home/yangshengxu/Desktop/InSituNeedle_Manipulation_FBG_FEM_ROS2/build/sm130_interrogator/install.log --single-version-externally-managed
