[0.238s] DEBUG:colcon:Command line arguments: ['/usr/bin/colcon', 'build']
[0.238s] DEBUG:colcon:Parsed command line arguments: Namespace(allow_overriding=[], ament_cmake_args=None, base_paths=['.'], build_base='build', catkin_cmake_args=None, catkin_skip_building_tests=False, cmake_args=None, cmake_clean_cache=False, cmake_clean_first=False, cmake_force_configure=False, cmake_target=None, cmake_target_skip_unavailable=False, continue_on_error=False, event_handlers=None, executor='parallel', ignore_user_meta=False, install_base='install', log_base=None, log_level=None, main=<bound method BuildVerb.main of <colcon_core.verb.build.BuildVerb object at 0x7f3e376ce160>>, merge_install=False, metas=['./colcon.meta'], packages_above=None, packages_above_and_dependencies=None, packages_above_depth=None, packages_end=None, packages_ignore=None, packages_ignore_regex=None, packages_select=None, packages_select_build_failed=False, packages_select_by_dep=None, packages_select_regex=None, packages_select_test_failures=False, packages_skip=None, packages_skip_build_finished=False, packages_skip_by_dep=None, packages_skip_regex=None, packages_skip_test_passed=False, packages_skip_up_to=None, packages_start=None, packages_up_to=None, packages_up_to_regex=None, parallel_workers=8, paths=None, symlink_install=False, test_result_base=None, verb_extension=<colcon_core.verb.build.BuildVerb object at 0x7f3e376ce160>, verb_name='build', verb_parser=<colcon_defaults.argument_parser.defaults.DefaultArgumentsDecorator object at 0x7f3e376ce6a0>)
[0.261s] Level 1:colcon.colcon_core.package_discovery:discover_packages(colcon_meta) check parameters
[0.262s] Level 1:colcon.colcon_core.package_discovery:discover_packages(recursive) check parameters
[0.262s] Level 1:colcon.colcon_core.package_discovery:discover_packages(ignore) check parameters
[0.262s] Level 1:colcon.colcon_core.package_discovery:discover_packages(path) check parameters
[0.262s] Level 1:colcon.colcon_core.package_discovery:discover_packages(colcon_meta) discover
[0.262s] Level 1:colcon.colcon_core.package_discovery:discover_packages(recursive) discover
[0.262s] INFO:colcon.colcon_core.package_discovery:Crawling recursively for packages in '/home/yangshengxu/Desktop/InSituNeedle_Manipulation_FBG_FEM_ROS2'
[0.262s] Level 1:colcon.colcon_core.package_identification:_identify(.) by extensions ['ignore', 'ignore_ament_install']
[0.262s] Level 1:colcon.colcon_core.package_identification:_identify(.) by extension 'ignore'
[0.262s] Level 1:colcon.colcon_core.package_identification:_identify(.) by extension 'ignore_ament_install'
[0.262s] Level 1:colcon.colcon_core.package_identification:_identify(.) by extensions ['colcon_pkg']
[0.262s] Level 1:colcon.colcon_core.package_identification:_identify(.) by extension 'colcon_pkg'
[0.262s] Level 1:colcon.colcon_core.package_identification:_identify(.) by extensions ['colcon_meta']
[0.262s] Level 1:colcon.colcon_core.package_identification:_identify(.) by extension 'colcon_meta'
[0.262s] Level 1:colcon.colcon_core.package_identification:_identify(.) by extensions ['ros']
[0.262s] Level 1:colcon.colcon_core.package_identification:_identify(.) by extension 'ros'
[0.280s] Level 1:colcon.colcon_core.package_identification:_identify(.) by extensions ['cmake', 'python']
[0.280s] Level 1:colcon.colcon_core.package_identification:_identify(.) by extension 'cmake'
[0.280s] Level 1:colcon.colcon_core.package_identification:_identify(.) by extension 'python'
[0.280s] Level 1:colcon.colcon_core.package_identification:_identify(.) by extensions ['python_setup_py']
[0.280s] Level 1:colcon.colcon_core.package_identification:_identify(.) by extension 'python_setup_py'
[0.280s] Level 1:colcon.colcon_core.package_identification:_identify(build) by extensions ['ignore', 'ignore_ament_install']
[0.280s] Level 1:colcon.colcon_core.package_identification:_identify(build) by extension 'ignore'
[0.280s] Level 1:colcon.colcon_core.package_identification:_identify(build) ignored
[0.280s] Level 1:colcon.colcon_core.package_identification:_identify(install) by extensions ['ignore', 'ignore_ament_install']
[0.280s] Level 1:colcon.colcon_core.package_identification:_identify(install) by extension 'ignore'
[0.280s] Level 1:colcon.colcon_core.package_identification:_identify(install) ignored
[0.280s] Level 1:colcon.colcon_core.package_identification:_identify(log) by extensions ['ignore', 'ignore_ament_install']
[0.281s] Level 1:colcon.colcon_core.package_identification:_identify(log) by extension 'ignore'
[0.281s] Level 1:colcon.colcon_core.package_identification:_identify(log) ignored
[0.281s] Level 1:colcon.colcon_core.package_identification:_identify(needle_simulation_control) by extensions ['ignore', 'ignore_ament_install']
[0.281s] Level 1:colcon.colcon_core.package_identification:_identify(needle_simulation_control) by extension 'ignore'
[0.281s] Level 1:colcon.colcon_core.package_identification:_identify(needle_simulation_control) by extension 'ignore_ament_install'
[0.281s] Level 1:colcon.colcon_core.package_identification:_identify(needle_simulation_control) by extensions ['colcon_pkg']
[0.281s] Level 1:colcon.colcon_core.package_identification:_identify(needle_simulation_control) by extension 'colcon_pkg'
[0.281s] Level 1:colcon.colcon_core.package_identification:_identify(needle_simulation_control) by extensions ['colcon_meta']
[0.281s] Level 1:colcon.colcon_core.package_identification:_identify(needle_simulation_control) by extension 'colcon_meta'
[0.281s] Level 1:colcon.colcon_core.package_identification:_identify(needle_simulation_control) by extensions ['ros']
[0.281s] Level 1:colcon.colcon_core.package_identification:_identify(needle_simulation_control) by extension 'ros'
[0.281s] Level 1:colcon.colcon_core.package_identification:_identify(needle_simulation_control) by extensions ['cmake', 'python']
[0.281s] Level 1:colcon.colcon_core.package_identification:_identify(needle_simulation_control) by extension 'cmake'
[0.281s] Level 1:colcon.colcon_core.package_identification:_identify(needle_simulation_control) by extension 'python'
[0.281s] Level 1:colcon.colcon_core.package_identification:_identify(needle_simulation_control) by extensions ['python_setup_py']
[0.281s] Level 1:colcon.colcon_core.package_identification:_identify(needle_simulation_control) by extension 'python_setup_py'
[0.281s] Level 1:colcon.colcon_core.package_identification:_identify(needle_simulation_control/Control) by extensions ['ignore', 'ignore_ament_install']
[0.281s] Level 1:colcon.colcon_core.package_identification:_identify(needle_simulation_control/Control) by extension 'ignore'
[0.281s] Level 1:colcon.colcon_core.package_identification:_identify(needle_simulation_control/Control) by extension 'ignore_ament_install'
[0.281s] Level 1:colcon.colcon_core.package_identification:_identify(needle_simulation_control/Control) by extensions ['colcon_pkg']
[0.281s] Level 1:colcon.colcon_core.package_identification:_identify(needle_simulation_control/Control) by extension 'colcon_pkg'
[0.281s] Level 1:colcon.colcon_core.package_identification:_identify(needle_simulation_control/Control) by extensions ['colcon_meta']
[0.281s] Level 1:colcon.colcon_core.package_identification:_identify(needle_simulation_control/Control) by extension 'colcon_meta'
[0.281s] Level 1:colcon.colcon_core.package_identification:_identify(needle_simulation_control/Control) by extensions ['ros']
[0.281s] Level 1:colcon.colcon_core.package_identification:_identify(needle_simulation_control/Control) by extension 'ros'
[0.281s] Level 1:colcon.colcon_core.package_identification:_identify(needle_simulation_control/Control) by extensions ['cmake', 'python']
[0.281s] Level 1:colcon.colcon_core.package_identification:_identify(needle_simulation_control/Control) by extension 'cmake'
[0.281s] Level 1:colcon.colcon_core.package_identification:_identify(needle_simulation_control/Control) by extension 'python'
[0.282s] Level 1:colcon.colcon_core.package_identification:_identify(needle_simulation_control/Control) by extensions ['python_setup_py']
[0.282s] Level 1:colcon.colcon_core.package_identification:_identify(needle_simulation_control/Control) by extension 'python_setup_py'
[0.282s] Level 1:colcon.colcon_core.package_identification:_identify(needle_simulation_control/Control/Galil_MATLAB_API) by extensions ['ignore', 'ignore_ament_install']
[0.282s] Level 1:colcon.colcon_core.package_identification:_identify(needle_simulation_control/Control/Galil_MATLAB_API) by extension 'ignore'
[0.282s] Level 1:colcon.colcon_core.package_identification:_identify(needle_simulation_control/Control/Galil_MATLAB_API) by extension 'ignore_ament_install'
[0.282s] Level 1:colcon.colcon_core.package_identification:_identify(needle_simulation_control/Control/Galil_MATLAB_API) by extensions ['colcon_pkg']
[0.282s] Level 1:colcon.colcon_core.package_identification:_identify(needle_simulation_control/Control/Galil_MATLAB_API) by extension 'colcon_pkg'
[0.282s] Level 1:colcon.colcon_core.package_identification:_identify(needle_simulation_control/Control/Galil_MATLAB_API) by extensions ['colcon_meta']
[0.282s] Level 1:colcon.colcon_core.package_identification:_identify(needle_simulation_control/Control/Galil_MATLAB_API) by extension 'colcon_meta'
[0.282s] Level 1:colcon.colcon_core.package_identification:_identify(needle_simulation_control/Control/Galil_MATLAB_API) by extensions ['ros']
[0.282s] Level 1:colcon.colcon_core.package_identification:_identify(needle_simulation_control/Control/Galil_MATLAB_API) by extension 'ros'
[0.282s] Level 1:colcon.colcon_core.package_identification:_identify(needle_simulation_control/Control/Galil_MATLAB_API) by extensions ['cmake', 'python']
[0.282s] Level 1:colcon.colcon_core.package_identification:_identify(needle_simulation_control/Control/Galil_MATLAB_API) by extension 'cmake'
[0.282s] Level 1:colcon.colcon_core.package_identification:_identify(needle_simulation_control/Control/Galil_MATLAB_API) by extension 'python'
[0.282s] Level 1:colcon.colcon_core.package_identification:_identify(needle_simulation_control/Control/Galil_MATLAB_API) by extensions ['python_setup_py']
[0.282s] Level 1:colcon.colcon_core.package_identification:_identify(needle_simulation_control/Control/Galil_MATLAB_API) by extension 'python_setup_py'
[0.282s] Level 1:colcon.colcon_core.package_identification:_identify(needle_simulation_control/FEM) by extensions ['ignore', 'ignore_ament_install']
[0.282s] Level 1:colcon.colcon_core.package_identification:_identify(needle_simulation_control/FEM) by extension 'ignore'
[0.282s] Level 1:colcon.colcon_core.package_identification:_identify(needle_simulation_control/FEM) by extension 'ignore_ament_install'
[0.282s] Level 1:colcon.colcon_core.package_identification:_identify(needle_simulation_control/FEM) by extensions ['colcon_pkg']
[0.282s] Level 1:colcon.colcon_core.package_identification:_identify(needle_simulation_control/FEM) by extension 'colcon_pkg'
[0.283s] Level 1:colcon.colcon_core.package_identification:_identify(needle_simulation_control/FEM) by extensions ['colcon_meta']
[0.283s] Level 1:colcon.colcon_core.package_identification:_identify(needle_simulation_control/FEM) by extension 'colcon_meta'
[0.283s] Level 1:colcon.colcon_core.package_identification:_identify(needle_simulation_control/FEM) by extensions ['ros']
[0.283s] Level 1:colcon.colcon_core.package_identification:_identify(needle_simulation_control/FEM) by extension 'ros'
[0.283s] Level 1:colcon.colcon_core.package_identification:_identify(needle_simulation_control/FEM) by extensions ['cmake', 'python']
[0.283s] Level 1:colcon.colcon_core.package_identification:_identify(needle_simulation_control/FEM) by extension 'cmake'
[0.283s] Level 1:colcon.colcon_core.package_identification:_identify(needle_simulation_control/FEM) by extension 'python'
[0.283s] Level 1:colcon.colcon_core.package_identification:_identify(needle_simulation_control/FEM) by extensions ['python_setup_py']
[0.283s] Level 1:colcon.colcon_core.package_identification:_identify(needle_simulation_control/FEM) by extension 'python_setup_py'
[0.283s] Level 1:colcon.colcon_core.package_identification:_identify(needle_simulation_control/FEM/helper_funcs) by extensions ['ignore', 'ignore_ament_install']
[0.283s] Level 1:colcon.colcon_core.package_identification:_identify(needle_simulation_control/FEM/helper_funcs) by extension 'ignore'
[0.283s] Level 1:colcon.colcon_core.package_identification:_identify(needle_simulation_control/FEM/helper_funcs) by extension 'ignore_ament_install'
[0.283s] Level 1:colcon.colcon_core.package_identification:_identify(needle_simulation_control/FEM/helper_funcs) by extensions ['colcon_pkg']
[0.283s] Level 1:colcon.colcon_core.package_identification:_identify(needle_simulation_control/FEM/helper_funcs) by extension 'colcon_pkg'
[0.283s] Level 1:colcon.colcon_core.package_identification:_identify(needle_simulation_control/FEM/helper_funcs) by extensions ['colcon_meta']
[0.283s] Level 1:colcon.colcon_core.package_identification:_identify(needle_simulation_control/FEM/helper_funcs) by extension 'colcon_meta'
[0.283s] Level 1:colcon.colcon_core.package_identification:_identify(needle_simulation_control/FEM/helper_funcs) by extensions ['ros']
[0.283s] Level 1:colcon.colcon_core.package_identification:_identify(needle_simulation_control/FEM/helper_funcs) by extension 'ros'
[0.283s] Level 1:colcon.colcon_core.package_identification:_identify(needle_simulation_control/FEM/helper_funcs) by extensions ['cmake', 'python']
[0.284s] Level 1:colcon.colcon_core.package_identification:_identify(needle_simulation_control/FEM/helper_funcs) by extension 'cmake'
[0.284s] Level 1:colcon.colcon_core.package_identification:_identify(needle_simulation_control/FEM/helper_funcs) by extension 'python'
[0.284s] Level 1:colcon.colcon_core.package_identification:_identify(needle_simulation_control/FEM/helper_funcs) by extensions ['python_setup_py']
[0.284s] Level 1:colcon.colcon_core.package_identification:_identify(needle_simulation_control/FEM/helper_funcs) by extension 'python_setup_py'
[0.284s] Level 1:colcon.colcon_core.package_identification:_identify(needle_simulation_control/FEM/helper_funcs/invChol) by extensions ['ignore', 'ignore_ament_install']
[0.284s] Level 1:colcon.colcon_core.package_identification:_identify(needle_simulation_control/FEM/helper_funcs/invChol) by extension 'ignore'
[0.284s] Level 1:colcon.colcon_core.package_identification:_identify(needle_simulation_control/FEM/helper_funcs/invChol) by extension 'ignore_ament_install'
[0.284s] Level 1:colcon.colcon_core.package_identification:_identify(needle_simulation_control/FEM/helper_funcs/invChol) by extensions ['colcon_pkg']
[0.284s] Level 1:colcon.colcon_core.package_identification:_identify(needle_simulation_control/FEM/helper_funcs/invChol) by extension 'colcon_pkg'
[0.284s] Level 1:colcon.colcon_core.package_identification:_identify(needle_simulation_control/FEM/helper_funcs/invChol) by extensions ['colcon_meta']
[0.284s] Level 1:colcon.colcon_core.package_identification:_identify(needle_simulation_control/FEM/helper_funcs/invChol) by extension 'colcon_meta'
[0.284s] Level 1:colcon.colcon_core.package_identification:_identify(needle_simulation_control/FEM/helper_funcs/invChol) by extensions ['ros']
[0.284s] Level 1:colcon.colcon_core.package_identification:_identify(needle_simulation_control/FEM/helper_funcs/invChol) by extension 'ros'
[0.284s] Level 1:colcon.colcon_core.package_identification:_identify(needle_simulation_control/FEM/helper_funcs/invChol) by extensions ['cmake', 'python']
[0.284s] Level 1:colcon.colcon_core.package_identification:_identify(needle_simulation_control/FEM/helper_funcs/invChol) by extension 'cmake'
[0.284s] Level 1:colcon.colcon_core.package_identification:_identify(needle_simulation_control/FEM/helper_funcs/invChol) by extension 'python'
[0.284s] Level 1:colcon.colcon_core.package_identification:_identify(needle_simulation_control/FEM/helper_funcs/invChol) by extensions ['python_setup_py']
[0.284s] Level 1:colcon.colcon_core.package_identification:_identify(needle_simulation_control/FEM/helper_funcs/invChol) by extension 'python_setup_py'
[0.284s] Level 1:colcon.colcon_core.package_identification:_identify(needle_simulation_control/custom) by extensions ['ignore', 'ignore_ament_install']
[0.285s] Level 1:colcon.colcon_core.package_identification:_identify(needle_simulation_control/custom) by extension 'ignore'
[0.285s] Level 1:colcon.colcon_core.package_identification:_identify(needle_simulation_control/custom) by extension 'ignore_ament_install'
[0.285s] Level 1:colcon.colcon_core.package_identification:_identify(needle_simulation_control/custom) by extensions ['colcon_pkg']
[0.285s] Level 1:colcon.colcon_core.package_identification:_identify(needle_simulation_control/custom) by extension 'colcon_pkg'
[0.285s] Level 1:colcon.colcon_core.package_identification:_identify(needle_simulation_control/custom) by extensions ['colcon_meta']
[0.285s] Level 1:colcon.colcon_core.package_identification:_identify(needle_simulation_control/custom) by extension 'colcon_meta'
[0.285s] Level 1:colcon.colcon_core.package_identification:_identify(needle_simulation_control/custom) by extensions ['ros']
[0.285s] Level 1:colcon.colcon_core.package_identification:_identify(needle_simulation_control/custom) by extension 'ros'
[0.285s] Level 1:colcon.colcon_core.package_identification:_identify(needle_simulation_control/custom) by extensions ['cmake', 'python']
[0.285s] Level 1:colcon.colcon_core.package_identification:_identify(needle_simulation_control/custom) by extension 'cmake'
[0.285s] Level 1:colcon.colcon_core.package_identification:_identify(needle_simulation_control/custom) by extension 'python'
[0.285s] Level 1:colcon.colcon_core.package_identification:_identify(needle_simulation_control/custom) by extensions ['python_setup_py']
[0.285s] Level 1:colcon.colcon_core.package_identification:_identify(needle_simulation_control/custom) by extension 'python_setup_py'
[0.285s] Level 1:colcon.colcon_core.package_identification:_identify(needle_simulation_control/custom/fbg_msgs) by extensions ['ignore', 'ignore_ament_install']
[0.285s] Level 1:colcon.colcon_core.package_identification:_identify(needle_simulation_control/custom/fbg_msgs) by extension 'ignore'
[0.285s] Level 1:colcon.colcon_core.package_identification:_identify(needle_simulation_control/custom/fbg_msgs) by extension 'ignore_ament_install'
[0.285s] Level 1:colcon.colcon_core.package_identification:_identify(needle_simulation_control/custom/fbg_msgs) by extensions ['colcon_pkg']
[0.285s] Level 1:colcon.colcon_core.package_identification:_identify(needle_simulation_control/custom/fbg_msgs) by extension 'colcon_pkg'
[0.285s] Level 1:colcon.colcon_core.package_identification:_identify(needle_simulation_control/custom/fbg_msgs) by extensions ['colcon_meta']
[0.286s] Level 1:colcon.colcon_core.package_identification:_identify(needle_simulation_control/custom/fbg_msgs) by extension 'colcon_meta'
[0.286s] Level 1:colcon.colcon_core.package_identification:_identify(needle_simulation_control/custom/fbg_msgs) by extensions ['ros']
[0.286s] Level 1:colcon.colcon_core.package_identification:_identify(needle_simulation_control/custom/fbg_msgs) by extension 'ros'
[0.286s] Level 1:colcon.colcon_core.package_identification:_identify(needle_simulation_control/custom/fbg_msgs) by extensions ['cmake', 'python']
[0.286s] Level 1:colcon.colcon_core.package_identification:_identify(needle_simulation_control/custom/fbg_msgs) by extension 'cmake'
[0.286s] Level 1:colcon.colcon_core.package_identification:_identify(needle_simulation_control/custom/fbg_msgs) by extension 'python'
[0.286s] Level 1:colcon.colcon_core.package_identification:_identify(needle_simulation_control/custom/fbg_msgs) by extensions ['python_setup_py']
[0.286s] Level 1:colcon.colcon_core.package_identification:_identify(needle_simulation_control/custom/fbg_msgs) by extension 'python_setup_py'
[0.286s] Level 1:colcon.colcon_core.package_identification:_identify(needle_simulation_control/custom/fbg_msgs/msg) by extensions ['ignore', 'ignore_ament_install']
[0.286s] Level 1:colcon.colcon_core.package_identification:_identify(needle_simulation_control/custom/fbg_msgs/msg) by extension 'ignore'
[0.286s] Level 1:colcon.colcon_core.package_identification:_identify(needle_simulation_control/custom/fbg_msgs/msg) by extension 'ignore_ament_install'
[0.286s] Level 1:colcon.colcon_core.package_identification:_identify(needle_simulation_control/custom/fbg_msgs/msg) by extensions ['colcon_pkg']
[0.286s] Level 1:colcon.colcon_core.package_identification:_identify(needle_simulation_control/custom/fbg_msgs/msg) by extension 'colcon_pkg'
[0.286s] Level 1:colcon.colcon_core.package_identification:_identify(needle_simulation_control/custom/fbg_msgs/msg) by extensions ['colcon_meta']
[0.286s] Level 1:colcon.colcon_core.package_identification:_identify(needle_simulation_control/custom/fbg_msgs/msg) by extension 'colcon_meta'
[0.286s] Level 1:colcon.colcon_core.package_identification:_identify(needle_simulation_control/custom/fbg_msgs/msg) by extensions ['ros']
[0.286s] Level 1:colcon.colcon_core.package_identification:_identify(needle_simulation_control/custom/fbg_msgs/msg) by extension 'ros'
[0.286s] Level 1:colcon.colcon_core.package_identification:_identify(needle_simulation_control/custom/fbg_msgs/msg) by extensions ['cmake', 'python']
[0.286s] Level 1:colcon.colcon_core.package_identification:_identify(needle_simulation_control/custom/fbg_msgs/msg) by extension 'cmake'
[0.286s] Level 1:colcon.colcon_core.package_identification:_identify(needle_simulation_control/custom/fbg_msgs/msg) by extension 'python'
[0.286s] Level 1:colcon.colcon_core.package_identification:_identify(needle_simulation_control/custom/fbg_msgs/msg) by extensions ['python_setup_py']
[0.286s] Level 1:colcon.colcon_core.package_identification:_identify(needle_simulation_control/custom/fbg_msgs/msg) by extension 'python_setup_py'
[0.286s] Level 1:colcon.colcon_core.package_identification:_identify(needle_simulation_control/custom/fbg_msgs/srv) by extensions ['ignore', 'ignore_ament_install']
[0.287s] Level 1:colcon.colcon_core.package_identification:_identify(needle_simulation_control/custom/fbg_msgs/srv) by extension 'ignore'
[0.287s] Level 1:colcon.colcon_core.package_identification:_identify(needle_simulation_control/custom/fbg_msgs/srv) by extension 'ignore_ament_install'
[0.287s] Level 1:colcon.colcon_core.package_identification:_identify(needle_simulation_control/custom/fbg_msgs/srv) by extensions ['colcon_pkg']
[0.287s] Level 1:colcon.colcon_core.package_identification:_identify(needle_simulation_control/custom/fbg_msgs/srv) by extension 'colcon_pkg'
[0.287s] Level 1:colcon.colcon_core.package_identification:_identify(needle_simulation_control/custom/fbg_msgs/srv) by extensions ['colcon_meta']
[0.287s] Level 1:colcon.colcon_core.package_identification:_identify(needle_simulation_control/custom/fbg_msgs/srv) by extension 'colcon_meta'
[0.287s] Level 1:colcon.colcon_core.package_identification:_identify(needle_simulation_control/custom/fbg_msgs/srv) by extensions ['ros']
[0.287s] Level 1:colcon.colcon_core.package_identification:_identify(needle_simulation_control/custom/fbg_msgs/srv) by extension 'ros'
[0.287s] Level 1:colcon.colcon_core.package_identification:_identify(needle_simulation_control/custom/fbg_msgs/srv) by extensions ['cmake', 'python']
[0.287s] Level 1:colcon.colcon_core.package_identification:_identify(needle_simulation_control/custom/fbg_msgs/srv) by extension 'cmake'
[0.287s] Level 1:colcon.colcon_core.package_identification:_identify(needle_simulation_control/custom/fbg_msgs/srv) by extension 'python'
[0.287s] Level 1:colcon.colcon_core.package_identification:_identify(needle_simulation_control/custom/fbg_msgs/srv) by extensions ['python_setup_py']
[0.287s] Level 1:colcon.colcon_core.package_identification:_identify(needle_simulation_control/custom/fbg_msgs/srv) by extension 'python_setup_py'
[0.287s] Level 1:colcon.colcon_core.package_identification:_identify(needle_simulation_control/custom/matlab_msg_gen) by extensions ['ignore', 'ignore_ament_install']
[0.287s] Level 1:colcon.colcon_core.package_identification:_identify(needle_simulation_control/custom/matlab_msg_gen) by extension 'ignore'
[0.287s] Level 1:colcon.colcon_core.package_identification:_identify(needle_simulation_control/custom/matlab_msg_gen) ignored
[0.287s] Level 1:colcon.colcon_core.package_identification:_identify(src) by extensions ['ignore', 'ignore_ament_install']
[0.287s] Level 1:colcon.colcon_core.package_identification:_identify(src) by extension 'ignore'
[0.287s] Level 1:colcon.colcon_core.package_identification:_identify(src) by extension 'ignore_ament_install'
[0.287s] Level 1:colcon.colcon_core.package_identification:_identify(src) by extensions ['colcon_pkg']
[0.287s] Level 1:colcon.colcon_core.package_identification:_identify(src) by extension 'colcon_pkg'
[0.287s] Level 1:colcon.colcon_core.package_identification:_identify(src) by extensions ['colcon_meta']
[0.287s] Level 1:colcon.colcon_core.package_identification:_identify(src) by extension 'colcon_meta'
[0.287s] Level 1:colcon.colcon_core.package_identification:_identify(src) by extensions ['ros']
[0.288s] Level 1:colcon.colcon_core.package_identification:_identify(src) by extension 'ros'
[0.288s] Level 1:colcon.colcon_core.package_identification:_identify(src) by extensions ['cmake', 'python']
[0.288s] Level 1:colcon.colcon_core.package_identification:_identify(src) by extension 'cmake'
[0.288s] Level 1:colcon.colcon_core.package_identification:_identify(src) by extension 'python'
[0.288s] Level 1:colcon.colcon_core.package_identification:_identify(src) by extensions ['python_setup_py']
[0.288s] Level 1:colcon.colcon_core.package_identification:_identify(src) by extension 'python_setup_py'
[0.288s] Level 1:colcon.colcon_core.package_identification:_identify(src/curvature_srvcli) by extensions ['ignore', 'ignore_ament_install']
[0.288s] Level 1:colcon.colcon_core.package_identification:_identify(src/curvature_srvcli) by extension 'ignore'
[0.288s] Level 1:colcon.colcon_core.package_identification:_identify(src/curvature_srvcli) by extension 'ignore_ament_install'
[0.288s] Level 1:colcon.colcon_core.package_identification:_identify(src/curvature_srvcli) by extensions ['colcon_pkg']
[0.288s] Level 1:colcon.colcon_core.package_identification:_identify(src/curvature_srvcli) by extension 'colcon_pkg'
[0.288s] Level 1:colcon.colcon_core.package_identification:_identify(src/curvature_srvcli) by extensions ['colcon_meta']
[0.288s] Level 1:colcon.colcon_core.package_identification:_identify(src/curvature_srvcli) by extension 'colcon_meta'
[0.288s] Level 1:colcon.colcon_core.package_identification:_identify(src/curvature_srvcli) by extensions ['ros']
[0.288s] Level 1:colcon.colcon_core.package_identification:_identify(src/curvature_srvcli) by extension 'ros'
[0.290s] DEBUG:colcon.colcon_core.package_identification:Package 'src/curvature_srvcli' with type 'ros.ament_python' and name 'curvature_srvcli'
[0.291s] Level 1:colcon.colcon_core.package_identification:_identify(src/fbg_msgs) by extensions ['ignore', 'ignore_ament_install']
[0.291s] Level 1:colcon.colcon_core.package_identification:_identify(src/fbg_msgs) by extension 'ignore'
[0.291s] Level 1:colcon.colcon_core.package_identification:_identify(src/fbg_msgs) by extension 'ignore_ament_install'
[0.291s] Level 1:colcon.colcon_core.package_identification:_identify(src/fbg_msgs) by extensions ['colcon_pkg']
[0.291s] Level 1:colcon.colcon_core.package_identification:_identify(src/fbg_msgs) by extension 'colcon_pkg'
[0.291s] Level 1:colcon.colcon_core.package_identification:_identify(src/fbg_msgs) by extensions ['colcon_meta']
[0.291s] Level 1:colcon.colcon_core.package_identification:_identify(src/fbg_msgs) by extension 'colcon_meta'
[0.291s] Level 1:colcon.colcon_core.package_identification:_identify(src/fbg_msgs) by extensions ['ros']
[0.291s] Level 1:colcon.colcon_core.package_identification:_identify(src/fbg_msgs) by extension 'ros'
[0.292s] DEBUG:colcon.colcon_core.package_identification:Package 'src/fbg_msgs' with type 'ros.ament_cmake' and name 'fbg_msgs'
[0.292s] Level 1:colcon.colcon_core.package_identification:_identify(src/needle_shape) by extensions ['ignore', 'ignore_ament_install']
[0.292s] Level 1:colcon.colcon_core.package_identification:_identify(src/needle_shape) by extension 'ignore'
[0.292s] Level 1:colcon.colcon_core.package_identification:_identify(src/needle_shape) by extension 'ignore_ament_install'
[0.292s] Level 1:colcon.colcon_core.package_identification:_identify(src/needle_shape) by extensions ['colcon_pkg']
[0.292s] Level 1:colcon.colcon_core.package_identification:_identify(src/needle_shape) by extension 'colcon_pkg'
[0.292s] Level 1:colcon.colcon_core.package_identification:_identify(src/needle_shape) by extensions ['colcon_meta']
[0.292s] Level 1:colcon.colcon_core.package_identification:_identify(src/needle_shape) by extension 'colcon_meta'
[0.292s] Level 1:colcon.colcon_core.package_identification:_identify(src/needle_shape) by extensions ['ros']
[0.292s] Level 1:colcon.colcon_core.package_identification:_identify(src/needle_shape) by extension 'ros'
[0.292s] DEBUG:colcon.colcon_core.package_identification:Package 'src/needle_shape' with type 'ros.ament_python' and name 'needle_shape'
[0.292s] Level 1:colcon.colcon_core.package_identification:_identify(src/sm130_interrogator) by extensions ['ignore', 'ignore_ament_install']
[0.292s] Level 1:colcon.colcon_core.package_identification:_identify(src/sm130_interrogator) by extension 'ignore'
[0.293s] Level 1:colcon.colcon_core.package_identification:_identify(src/sm130_interrogator) by extension 'ignore_ament_install'
[0.293s] Level 1:colcon.colcon_core.package_identification:_identify(src/sm130_interrogator) by extensions ['colcon_pkg']
[0.293s] Level 1:colcon.colcon_core.package_identification:_identify(src/sm130_interrogator) by extension 'colcon_pkg'
[0.293s] Level 1:colcon.colcon_core.package_identification:_identify(src/sm130_interrogator) by extensions ['colcon_meta']
[0.293s] Level 1:colcon.colcon_core.package_identification:_identify(src/sm130_interrogator) by extension 'colcon_meta'
[0.293s] Level 1:colcon.colcon_core.package_identification:_identify(src/sm130_interrogator) by extensions ['ros']
[0.293s] Level 1:colcon.colcon_core.package_identification:_identify(src/sm130_interrogator) by extension 'ros'
[0.293s] DEBUG:colcon.colcon_core.package_identification:Package 'src/sm130_interrogator' with type 'ros.ament_python' and name 'sm130_interrogator'
[0.293s] Level 1:colcon.colcon_core.package_discovery:discover_packages(recursive) using defaults
[0.293s] Level 1:colcon.colcon_core.package_discovery:discover_packages(ignore) discover
[0.293s] Level 1:colcon.colcon_core.package_discovery:discover_packages(ignore) using defaults
[0.293s] Level 1:colcon.colcon_core.package_discovery:discover_packages(path) discover
[0.293s] Level 1:colcon.colcon_core.package_discovery:discover_packages(path) using defaults
[0.313s] Level 1:colcon.colcon_core.package_discovery:discover_packages(prefix_path) check parameters
[0.313s] Level 1:colcon.colcon_core.package_discovery:discover_packages(prefix_path) discover
[0.315s] DEBUG:colcon.colcon_installed_package_information.package_discovery:Found 281 installed packages in /opt/ros/galactic
[0.317s] Level 1:colcon.colcon_core.package_discovery:discover_packages(prefix_path) using defaults
[0.385s] Level 5:colcon.colcon_core.verb:set package 'fbg_msgs' build argument 'cmake_args' from command line to 'None'
[0.385s] Level 5:colcon.colcon_core.verb:set package 'fbg_msgs' build argument 'cmake_target' from command line to 'None'
[0.385s] Level 5:colcon.colcon_core.verb:set package 'fbg_msgs' build argument 'cmake_target_skip_unavailable' from command line to 'False'
[0.385s] Level 5:colcon.colcon_core.verb:set package 'fbg_msgs' build argument 'cmake_clean_cache' from command line to 'False'
[0.385s] Level 5:colcon.colcon_core.verb:set package 'fbg_msgs' build argument 'cmake_clean_first' from command line to 'False'
[0.385s] Level 5:colcon.colcon_core.verb:set package 'fbg_msgs' build argument 'cmake_force_configure' from command line to 'False'
[0.385s] Level 5:colcon.colcon_core.verb:set package 'fbg_msgs' build argument 'ament_cmake_args' from command line to 'None'
[0.385s] Level 5:colcon.colcon_core.verb:set package 'fbg_msgs' build argument 'catkin_cmake_args' from command line to 'None'
[0.385s] Level 5:colcon.colcon_core.verb:set package 'fbg_msgs' build argument 'catkin_skip_building_tests' from command line to 'False'
[0.385s] DEBUG:colcon.colcon_core.verb:Building package 'fbg_msgs' with the following arguments: {'ament_cmake_args': None, 'build_base': '/home/yangshengxu/Desktop/InSituNeedle_Manipulation_FBG_FEM_ROS2/build/fbg_msgs', 'catkin_cmake_args': None, 'catkin_skip_building_tests': False, 'cmake_args': None, 'cmake_clean_cache': False, 'cmake_clean_first': False, 'cmake_force_configure': False, 'cmake_target': None, 'cmake_target_skip_unavailable': False, 'install_base': '/home/yangshengxu/Desktop/InSituNeedle_Manipulation_FBG_FEM_ROS2/install/fbg_msgs', 'merge_install': False, 'path': '/home/yangshengxu/Desktop/InSituNeedle_Manipulation_FBG_FEM_ROS2/src/fbg_msgs', 'symlink_install': False, 'test_result_base': None}
[0.386s] Level 5:colcon.colcon_core.verb:set package 'needle_shape' build argument 'cmake_args' from command line to 'None'
[0.386s] Level 5:colcon.colcon_core.verb:set package 'needle_shape' build argument 'cmake_target' from command line to 'None'
[0.386s] Level 5:colcon.colcon_core.verb:set package 'needle_shape' build argument 'cmake_target_skip_unavailable' from command line to 'False'
[0.386s] Level 5:colcon.colcon_core.verb:set package 'needle_shape' build argument 'cmake_clean_cache' from command line to 'False'
[0.386s] Level 5:colcon.colcon_core.verb:set package 'needle_shape' build argument 'cmake_clean_first' from command line to 'False'
[0.386s] Level 5:colcon.colcon_core.verb:set package 'needle_shape' build argument 'cmake_force_configure' from command line to 'False'
[0.386s] Level 5:colcon.colcon_core.verb:set package 'needle_shape' build argument 'ament_cmake_args' from command line to 'None'
[0.386s] Level 5:colcon.colcon_core.verb:set package 'needle_shape' build argument 'catkin_cmake_args' from command line to 'None'
[0.386s] Level 5:colcon.colcon_core.verb:set package 'needle_shape' build argument 'catkin_skip_building_tests' from command line to 'False'
[0.386s] DEBUG:colcon.colcon_core.verb:Building package 'needle_shape' with the following arguments: {'ament_cmake_args': None, 'build_base': '/home/yangshengxu/Desktop/InSituNeedle_Manipulation_FBG_FEM_ROS2/build/needle_shape', 'catkin_cmake_args': None, 'catkin_skip_building_tests': False, 'cmake_args': None, 'cmake_clean_cache': False, 'cmake_clean_first': False, 'cmake_force_configure': False, 'cmake_target': None, 'cmake_target_skip_unavailable': False, 'install_base': '/home/yangshengxu/Desktop/InSituNeedle_Manipulation_FBG_FEM_ROS2/install/needle_shape', 'merge_install': False, 'path': '/home/yangshengxu/Desktop/InSituNeedle_Manipulation_FBG_FEM_ROS2/src/needle_shape', 'symlink_install': False, 'test_result_base': None}
[0.387s] Level 5:colcon.colcon_core.verb:set package 'sm130_interrogator' build argument 'cmake_args' from command line to 'None'
[0.387s] Level 5:colcon.colcon_core.verb:set package 'sm130_interrogator' build argument 'cmake_target' from command line to 'None'
[0.387s] Level 5:colcon.colcon_core.verb:set package 'sm130_interrogator' build argument 'cmake_target_skip_unavailable' from command line to 'False'
[0.387s] Level 5:colcon.colcon_core.verb:set package 'sm130_interrogator' build argument 'cmake_clean_cache' from command line to 'False'
[0.387s] Level 5:colcon.colcon_core.verb:set package 'sm130_interrogator' build argument 'cmake_clean_first' from command line to 'False'
[0.387s] Level 5:colcon.colcon_core.verb:set package 'sm130_interrogator' build argument 'cmake_force_configure' from command line to 'False'
[0.387s] Level 5:colcon.colcon_core.verb:set package 'sm130_interrogator' build argument 'ament_cmake_args' from command line to 'None'
[0.387s] Level 5:colcon.colcon_core.verb:set package 'sm130_interrogator' build argument 'catkin_cmake_args' from command line to 'None'
[0.387s] Level 5:colcon.colcon_core.verb:set package 'sm130_interrogator' build argument 'catkin_skip_building_tests' from command line to 'False'
[0.387s] DEBUG:colcon.colcon_core.verb:Building package 'sm130_interrogator' with the following arguments: {'ament_cmake_args': None, 'build_base': '/home/yangshengxu/Desktop/InSituNeedle_Manipulation_FBG_FEM_ROS2/build/sm130_interrogator', 'catkin_cmake_args': None, 'catkin_skip_building_tests': False, 'cmake_args': None, 'cmake_clean_cache': False, 'cmake_clean_first': False, 'cmake_force_configure': False, 'cmake_target': None, 'cmake_target_skip_unavailable': False, 'install_base': '/home/yangshengxu/Desktop/InSituNeedle_Manipulation_FBG_FEM_ROS2/install/sm130_interrogator', 'merge_install': False, 'path': '/home/yangshengxu/Desktop/InSituNeedle_Manipulation_FBG_FEM_ROS2/src/sm130_interrogator', 'symlink_install': False, 'test_result_base': None}
[0.389s] Level 5:colcon.colcon_core.verb:set package 'curvature_srvcli' build argument 'cmake_args' from command line to 'None'
[0.389s] Level 5:colcon.colcon_core.verb:set package 'curvature_srvcli' build argument 'cmake_target' from command line to 'None'
[0.389s] Level 5:colcon.colcon_core.verb:set package 'curvature_srvcli' build argument 'cmake_target_skip_unavailable' from command line to 'False'
[0.389s] Level 5:colcon.colcon_core.verb:set package 'curvature_srvcli' build argument 'cmake_clean_cache' from command line to 'False'
[0.389s] Level 5:colcon.colcon_core.verb:set package 'curvature_srvcli' build argument 'cmake_clean_first' from command line to 'False'
[0.389s] Level 5:colcon.colcon_core.verb:set package 'curvature_srvcli' build argument 'cmake_force_configure' from command line to 'False'
[0.389s] Level 5:colcon.colcon_core.verb:set package 'curvature_srvcli' build argument 'ament_cmake_args' from command line to 'None'
[0.389s] Level 5:colcon.colcon_core.verb:set package 'curvature_srvcli' build argument 'catkin_cmake_args' from command line to 'None'
[0.389s] Level 5:colcon.colcon_core.verb:set package 'curvature_srvcli' build argument 'catkin_skip_building_tests' from command line to 'False'
[0.389s] DEBUG:colcon.colcon_core.verb:Building package 'curvature_srvcli' with the following arguments: {'ament_cmake_args': None, 'build_base': '/home/yangshengxu/Desktop/InSituNeedle_Manipulation_FBG_FEM_ROS2/build/curvature_srvcli', 'catkin_cmake_args': None, 'catkin_skip_building_tests': False, 'cmake_args': None, 'cmake_clean_cache': False, 'cmake_clean_first': False, 'cmake_force_configure': False, 'cmake_target': None, 'cmake_target_skip_unavailable': False, 'install_base': '/home/yangshengxu/Desktop/InSituNeedle_Manipulation_FBG_FEM_ROS2/install/curvature_srvcli', 'merge_install': False, 'path': '/home/yangshengxu/Desktop/InSituNeedle_Manipulation_FBG_FEM_ROS2/src/curvature_srvcli', 'symlink_install': False, 'test_result_base': None}
[0.389s] INFO:colcon.colcon_core.executor:Executing jobs using 'parallel' executor
[0.392s] DEBUG:colcon.colcon_parallel_executor.executor.parallel:run_until_complete
[0.392s] INFO:colcon.colcon_ros.task.ament_cmake.build:Building ROS package in '/home/yangshengxu/Desktop/InSituNeedle_Manipulation_FBG_FEM_ROS2/src/fbg_msgs' with build type 'ament_cmake'
[0.393s] INFO:colcon.colcon_cmake.task.cmake.build:Building CMake package in '/home/yangshengxu/Desktop/InSituNeedle_Manipulation_FBG_FEM_ROS2/src/fbg_msgs'
[0.397s] INFO:colcon.colcon_core.plugin_system:Skipping extension 'colcon_core.shell.bat': Not used on non-Windows systems
[0.398s] INFO:colcon.colcon_core.shell:Skip shell extension 'powershell' for command environment: Not usable outside of PowerShell
[0.398s] DEBUG:colcon.colcon_core.shell:Skip shell extension 'dsv' for command environment
[0.402s] INFO:colcon.colcon_ros.task.ament_python.build:Building ROS package in '/home/yangshengxu/Desktop/InSituNeedle_Manipulation_FBG_FEM_ROS2/src/sm130_interrogator' with build type 'ament_python'
[0.402s] Level 1:colcon.colcon_core.shell:create_environment_hook('sm130_interrogator', 'ament_prefix_path')
[0.403s] INFO:colcon.colcon_core.shell:Creating environment hook '/home/yangshengxu/Desktop/InSituNeedle_Manipulation_FBG_FEM_ROS2/install/sm130_interrogator/share/sm130_interrogator/hook/ament_prefix_path.ps1'
[0.404s] INFO:colcon.colcon_core.shell:Creating environment descriptor '/home/yangshengxu/Desktop/InSituNeedle_Manipulation_FBG_FEM_ROS2/install/sm130_interrogator/share/sm130_interrogator/hook/ament_prefix_path.dsv'
[0.404s] INFO:colcon.colcon_core.shell:Creating environment hook '/home/yangshengxu/Desktop/InSituNeedle_Manipulation_FBG_FEM_ROS2/install/sm130_interrogator/share/sm130_interrogator/hook/ament_prefix_path.sh'
[0.406s] INFO:colcon.colcon_core.shell:Skip shell extension 'powershell' for command environment: Not usable outside of PowerShell
[0.406s] DEBUG:colcon.colcon_core.shell:Skip shell extension 'dsv' for command environment
[0.411s] INFO:colcon.colcon_ros.task.ament_python.build:Building ROS package in '/home/yangshengxu/Desktop/InSituNeedle_Manipulation_FBG_FEM_ROS2/src/needle_shape' with build type 'ament_python'
[0.411s] Level 1:colcon.colcon_core.shell:create_environment_hook('needle_shape', 'ament_prefix_path')
[0.413s] INFO:colcon.colcon_core.shell:Creating environment hook '/home/yangshengxu/Desktop/InSituNeedle_Manipulation_FBG_FEM_ROS2/install/needle_shape/share/needle_shape/hook/ament_prefix_path.ps1'
[0.413s] INFO:colcon.colcon_core.shell:Creating environment descriptor '/home/yangshengxu/Desktop/InSituNeedle_Manipulation_FBG_FEM_ROS2/install/needle_shape/share/needle_shape/hook/ament_prefix_path.dsv'
[0.413s] INFO:colcon.colcon_core.shell:Creating environment hook '/home/yangshengxu/Desktop/InSituNeedle_Manipulation_FBG_FEM_ROS2/install/needle_shape/share/needle_shape/hook/ament_prefix_path.sh'
[0.415s] INFO:colcon.colcon_core.shell:Skip shell extension 'powershell' for command environment: Not usable outside of PowerShell
[0.415s] DEBUG:colcon.colcon_core.shell:Skip shell extension 'dsv' for command environment
[0.426s] DEBUG:colcon.colcon_core.event_handler.log_command:Invoking command in '/home/yangshengxu/Desktop/InSituNeedle_Manipulation_FBG_FEM_ROS2/build/fbg_msgs': CMAKE_PREFIX_PATH=/opt/ros/galactic /usr/bin/cmake --build /home/yangshengxu/Desktop/InSituNeedle_Manipulation_FBG_FEM_ROS2/build/fbg_msgs -- -j8 -l8
[0.640s] INFO:colcon.colcon_core.task.python.build:Building Python package in '/home/yangshengxu/Desktop/InSituNeedle_Manipulation_FBG_FEM_ROS2/src/sm130_interrogator'
[0.641s] INFO:colcon.colcon_core.shell:Skip shell extension 'powershell' for command environment: Not usable outside of PowerShell
[0.641s] DEBUG:colcon.colcon_core.shell:Skip shell extension 'dsv' for command environment
[0.842s] INFO:colcon.colcon_core.task.python.build:Building Python package in '/home/yangshengxu/Desktop/InSituNeedle_Manipulation_FBG_FEM_ROS2/src/needle_shape'
[0.843s] INFO:colcon.colcon_core.shell:Skip shell extension 'powershell' for command environment: Not usable outside of PowerShell
[0.843s] DEBUG:colcon.colcon_core.shell:Skip shell extension 'dsv' for command environment
[0.850s] DEBUG:colcon.colcon_core.event_handler.log_command:Invoked command in '/home/yangshengxu/Desktop/InSituNeedle_Manipulation_FBG_FEM_ROS2/build/fbg_msgs' returned '0': CMAKE_PREFIX_PATH=/opt/ros/galactic /usr/bin/cmake --build /home/yangshengxu/Desktop/InSituNeedle_Manipulation_FBG_FEM_ROS2/build/fbg_msgs -- -j8 -l8
[0.937s] DEBUG:colcon.colcon_core.event_handler.log_command:Invoking command in '/home/yangshengxu/Desktop/InSituNeedle_Manipulation_FBG_FEM_ROS2/build/fbg_msgs': CMAKE_PREFIX_PATH=/opt/ros/galactic /usr/bin/cmake --install /home/yangshengxu/Desktop/InSituNeedle_Manipulation_FBG_FEM_ROS2/build/fbg_msgs
[0.988s] Level 1:colcon.colcon_core.environment:create_environment_scripts_only(fbg_msgs)
[0.989s] DEBUG:colcon.colcon_core.event_handler.log_command:Invoked command in '/home/yangshengxu/Desktop/InSituNeedle_Manipulation_FBG_FEM_ROS2/build/fbg_msgs' returned '0': CMAKE_PREFIX_PATH=/opt/ros/galactic /usr/bin/cmake --install /home/yangshengxu/Desktop/InSituNeedle_Manipulation_FBG_FEM_ROS2/build/fbg_msgs
[0.993s] Level 1:colcon.colcon_core.environment:checking '/home/yangshengxu/Desktop/InSituNeedle_Manipulation_FBG_FEM_ROS2/install/fbg_msgs' for CMake module files
[0.994s] Level 1:colcon.colcon_core.environment:checking '/home/yangshengxu/Desktop/InSituNeedle_Manipulation_FBG_FEM_ROS2/install/fbg_msgs' for CMake config files
[0.994s] Level 1:colcon.colcon_core.shell:create_environment_hook('fbg_msgs', 'cmake_prefix_path')
[0.995s] INFO:colcon.colcon_core.shell:Creating environment hook '/home/yangshengxu/Desktop/InSituNeedle_Manipulation_FBG_FEM_ROS2/install/fbg_msgs/share/fbg_msgs/hook/cmake_prefix_path.ps1'
[0.996s] INFO:colcon.colcon_core.shell:Creating environment descriptor '/home/yangshengxu/Desktop/InSituNeedle_Manipulation_FBG_FEM_ROS2/install/fbg_msgs/share/fbg_msgs/hook/cmake_prefix_path.dsv'
[0.996s] INFO:colcon.colcon_core.shell:Creating environment hook '/home/yangshengxu/Desktop/InSituNeedle_Manipulation_FBG_FEM_ROS2/install/fbg_msgs/share/fbg_msgs/hook/cmake_prefix_path.sh'
[0.997s] Level 1:colcon.colcon_core.environment:checking '/home/yangshengxu/Desktop/InSituNeedle_Manipulation_FBG_FEM_ROS2/install/fbg_msgs/lib'
[0.997s] Level 1:colcon.colcon_core.shell:create_environment_hook('fbg_msgs', 'ld_library_path_lib')
[0.998s] INFO:colcon.colcon_core.shell:Creating environment hook '/home/yangshengxu/Desktop/InSituNeedle_Manipulation_FBG_FEM_ROS2/install/fbg_msgs/share/fbg_msgs/hook/ld_library_path_lib.ps1'
[0.998s] INFO:colcon.colcon_core.shell:Creating environment descriptor '/home/yangshengxu/Desktop/InSituNeedle_Manipulation_FBG_FEM_ROS2/install/fbg_msgs/share/fbg_msgs/hook/ld_library_path_lib.dsv'
[0.999s] INFO:colcon.colcon_core.shell:Creating environment hook '/home/yangshengxu/Desktop/InSituNeedle_Manipulation_FBG_FEM_ROS2/install/fbg_msgs/share/fbg_msgs/hook/ld_library_path_lib.sh'
[0.999s] Level 1:colcon.colcon_core.environment:checking '/home/yangshengxu/Desktop/InSituNeedle_Manipulation_FBG_FEM_ROS2/install/fbg_msgs/bin'
[0.999s] Level 1:colcon.colcon_core.environment:checking '/home/yangshengxu/Desktop/InSituNeedle_Manipulation_FBG_FEM_ROS2/install/fbg_msgs/lib/pkgconfig/fbg_msgs.pc'
[0.999s] Level 1:colcon.colcon_core.environment:checking '/home/yangshengxu/Desktop/InSituNeedle_Manipulation_FBG_FEM_ROS2/install/fbg_msgs/lib/python3.8/site-packages'
[0.999s] Level 1:colcon.colcon_core.shell:create_environment_hook('fbg_msgs', 'pythonpath')
[1.001s] INFO:colcon.colcon_core.shell:Creating environment hook '/home/yangshengxu/Desktop/InSituNeedle_Manipulation_FBG_FEM_ROS2/install/fbg_msgs/share/fbg_msgs/hook/pythonpath.ps1'
[1.002s] INFO:colcon.colcon_core.shell:Creating environment descriptor '/home/yangshengxu/Desktop/InSituNeedle_Manipulation_FBG_FEM_ROS2/install/fbg_msgs/share/fbg_msgs/hook/pythonpath.dsv'
[1.002s] INFO:colcon.colcon_core.shell:Creating environment hook '/home/yangshengxu/Desktop/InSituNeedle_Manipulation_FBG_FEM_ROS2/install/fbg_msgs/share/fbg_msgs/hook/pythonpath.sh'
[1.003s] Level 1:colcon.colcon_core.environment:checking '/home/yangshengxu/Desktop/InSituNeedle_Manipulation_FBG_FEM_ROS2/install/fbg_msgs/bin'
[1.004s] INFO:colcon.colcon_core.shell:Creating package script '/home/yangshengxu/Desktop/InSituNeedle_Manipulation_FBG_FEM_ROS2/install/fbg_msgs/share/fbg_msgs/package.ps1'
[1.005s] INFO:colcon.colcon_core.shell:Creating package descriptor '/home/yangshengxu/Desktop/InSituNeedle_Manipulation_FBG_FEM_ROS2/install/fbg_msgs/share/fbg_msgs/package.dsv'
[1.005s] INFO:colcon.colcon_core.shell:Creating package script '/home/yangshengxu/Desktop/InSituNeedle_Manipulation_FBG_FEM_ROS2/install/fbg_msgs/share/fbg_msgs/package.sh'
[1.006s] INFO:colcon.colcon_core.shell:Creating package script '/home/yangshengxu/Desktop/InSituNeedle_Manipulation_FBG_FEM_ROS2/install/fbg_msgs/share/fbg_msgs/package.bash'
[1.006s] INFO:colcon.colcon_core.shell:Creating package script '/home/yangshengxu/Desktop/InSituNeedle_Manipulation_FBG_FEM_ROS2/install/fbg_msgs/share/fbg_msgs/package.zsh'
[1.007s] Level 1:colcon.colcon_core.environment:create_file_with_runtime_dependencies(/home/yangshengxu/Desktop/InSituNeedle_Manipulation_FBG_FEM_ROS2/install/fbg_msgs/share/colcon-core/packages/fbg_msgs)
[1.084s] Level 1:colcon.colcon_core.environment:create_environment_scripts_only(fbg_msgs)
[1.086s] Level 1:colcon.colcon_core.environment:checking '/home/yangshengxu/Desktop/InSituNeedle_Manipulation_FBG_FEM_ROS2/install/fbg_msgs' for CMake module files
[1.087s] Level 1:colcon.colcon_core.environment:checking '/home/yangshengxu/Desktop/InSituNeedle_Manipulation_FBG_FEM_ROS2/install/fbg_msgs' for CMake config files
[1.087s] Level 1:colcon.colcon_core.shell:create_environment_hook('fbg_msgs', 'cmake_prefix_path')
[1.088s] INFO:colcon.colcon_core.shell:Creating environment hook '/home/yangshengxu/Desktop/InSituNeedle_Manipulation_FBG_FEM_ROS2/install/fbg_msgs/share/fbg_msgs/hook/cmake_prefix_path.ps1'
[1.089s] INFO:colcon.colcon_core.shell:Creating environment descriptor '/home/yangshengxu/Desktop/InSituNeedle_Manipulation_FBG_FEM_ROS2/install/fbg_msgs/share/fbg_msgs/hook/cmake_prefix_path.dsv'
[1.089s] INFO:colcon.colcon_core.shell:Creating environment hook '/home/yangshengxu/Desktop/InSituNeedle_Manipulation_FBG_FEM_ROS2/install/fbg_msgs/share/fbg_msgs/hook/cmake_prefix_path.sh'
[1.089s] Level 1:colcon.colcon_core.environment:checking '/home/yangshengxu/Desktop/InSituNeedle_Manipulation_FBG_FEM_ROS2/install/fbg_msgs/lib'
[1.090s] Level 1:colcon.colcon_core.shell:create_environment_hook('fbg_msgs', 'ld_library_path_lib')
[1.091s] INFO:colcon.colcon_core.shell:Creating environment hook '/home/yangshengxu/Desktop/InSituNeedle_Manipulation_FBG_FEM_ROS2/install/fbg_msgs/share/fbg_msgs/hook/ld_library_path_lib.ps1'
[1.091s] INFO:colcon.colcon_core.shell:Creating environment descriptor '/home/yangshengxu/Desktop/InSituNeedle_Manipulation_FBG_FEM_ROS2/install/fbg_msgs/share/fbg_msgs/hook/ld_library_path_lib.dsv'
[1.091s] INFO:colcon.colcon_core.shell:Creating environment hook '/home/yangshengxu/Desktop/InSituNeedle_Manipulation_FBG_FEM_ROS2/install/fbg_msgs/share/fbg_msgs/hook/ld_library_path_lib.sh'
[1.091s] Level 1:colcon.colcon_core.environment:checking '/home/yangshengxu/Desktop/InSituNeedle_Manipulation_FBG_FEM_ROS2/install/fbg_msgs/bin'
[1.092s] Level 1:colcon.colcon_core.environment:checking '/home/yangshengxu/Desktop/InSituNeedle_Manipulation_FBG_FEM_ROS2/install/fbg_msgs/lib/pkgconfig/fbg_msgs.pc'
[1.092s] Level 1:colcon.colcon_core.environment:checking '/home/yangshengxu/Desktop/InSituNeedle_Manipulation_FBG_FEM_ROS2/install/fbg_msgs/lib/python3.8/site-packages'
[1.092s] Level 1:colcon.colcon_core.shell:create_environment_hook('fbg_msgs', 'pythonpath')
[1.093s] INFO:colcon.colcon_core.shell:Creating environment hook '/home/yangshengxu/Desktop/InSituNeedle_Manipulation_FBG_FEM_ROS2/install/fbg_msgs/share/fbg_msgs/hook/pythonpath.ps1'
[1.093s] INFO:colcon.colcon_core.shell:Creating environment descriptor '/home/yangshengxu/Desktop/InSituNeedle_Manipulation_FBG_FEM_ROS2/install/fbg_msgs/share/fbg_msgs/hook/pythonpath.dsv'
[1.093s] INFO:colcon.colcon_core.shell:Creating environment hook '/home/yangshengxu/Desktop/InSituNeedle_Manipulation_FBG_FEM_ROS2/install/fbg_msgs/share/fbg_msgs/hook/pythonpath.sh'
[1.094s] Level 1:colcon.colcon_core.environment:checking '/home/yangshengxu/Desktop/InSituNeedle_Manipulation_FBG_FEM_ROS2/install/fbg_msgs/bin'
[1.095s] INFO:colcon.colcon_core.shell:Creating package script '/home/yangshengxu/Desktop/InSituNeedle_Manipulation_FBG_FEM_ROS2/install/fbg_msgs/share/fbg_msgs/package.ps1'
[1.096s] INFO:colcon.colcon_core.shell:Creating package descriptor '/home/yangshengxu/Desktop/InSituNeedle_Manipulation_FBG_FEM_ROS2/install/fbg_msgs/share/fbg_msgs/package.dsv'
[1.096s] INFO:colcon.colcon_core.shell:Creating package script '/home/yangshengxu/Desktop/InSituNeedle_Manipulation_FBG_FEM_ROS2/install/fbg_msgs/share/fbg_msgs/package.sh'
[1.097s] INFO:colcon.colcon_core.shell:Creating package script '/home/yangshengxu/Desktop/InSituNeedle_Manipulation_FBG_FEM_ROS2/install/fbg_msgs/share/fbg_msgs/package.bash'
[1.097s] INFO:colcon.colcon_core.shell:Creating package script '/home/yangshengxu/Desktop/InSituNeedle_Manipulation_FBG_FEM_ROS2/install/fbg_msgs/share/fbg_msgs/package.zsh'
[1.097s] Level 1:colcon.colcon_core.environment:create_file_with_runtime_dependencies(/home/yangshengxu/Desktop/InSituNeedle_Manipulation_FBG_FEM_ROS2/install/fbg_msgs/share/colcon-core/packages/fbg_msgs)
[1.198s] DEBUG:colcon.colcon_core.event_handler.log_command:Invoking command in '/home/yangshengxu/Desktop/InSituNeedle_Manipulation_FBG_FEM_ROS2/src/sm130_interrogator': PYTHONPATH=/home/yangshengxu/Desktop/InSituNeedle_Manipulation_FBG_FEM_ROS2/build/sm130_interrogator/prefix_override:/home/yangshengxu/Desktop/InSituNeedle_Manipulation_FBG_FEM_ROS2/install/sm130_interrogator/lib/python3.8/site-packages:${PYTHONPATH} /usr/bin/python3 setup.py egg_info --egg-base ../../build/sm130_interrogator build --build-base /home/yangshengxu/Desktop/InSituNeedle_Manipulation_FBG_FEM_ROS2/build/sm130_interrogator/build install --record /home/yangshengxu/Desktop/InSituNeedle_Manipulation_FBG_FEM_ROS2/build/sm130_interrogator/install.log --single-version-externally-managed
[1.302s] DEBUG:colcon.colcon_core.event_handler.log_command:Invoking command in '/home/yangshengxu/Desktop/InSituNeedle_Manipulation_FBG_FEM_ROS2/src/needle_shape': PYTHONPATH=/home/yangshengxu/Desktop/InSituNeedle_Manipulation_FBG_FEM_ROS2/build/needle_shape/prefix_override:/home/yangshengxu/Desktop/InSituNeedle_Manipulation_FBG_FEM_ROS2/install/needle_shape/lib/python3.8/site-packages:${PYTHONPATH} /usr/bin/python3 setup.py egg_info --egg-base ../../build/needle_shape build --build-base /home/yangshengxu/Desktop/InSituNeedle_Manipulation_FBG_FEM_ROS2/build/needle_shape/build install --record /home/yangshengxu/Desktop/InSituNeedle_Manipulation_FBG_FEM_ROS2/build/needle_shape/install.log --single-version-externally-managed
[1.463s] Level 1:colcon.colcon_core.environment:checking '/home/yangshengxu/Desktop/InSituNeedle_Manipulation_FBG_FEM_ROS2/install/sm130_interrogator' for CMake module files
[1.464s] DEBUG:colcon.colcon_core.event_handler.log_command:Invoked command in '/home/yangshengxu/Desktop/InSituNeedle_Manipulation_FBG_FEM_ROS2/src/sm130_interrogator' returned '0': PYTHONPATH=/home/yangshengxu/Desktop/InSituNeedle_Manipulation_FBG_FEM_ROS2/build/sm130_interrogator/prefix_override:/home/yangshengxu/Desktop/InSituNeedle_Manipulation_FBG_FEM_ROS2/install/sm130_interrogator/lib/python3.8/site-packages:${PYTHONPATH} /usr/bin/python3 setup.py egg_info --egg-base ../../build/sm130_interrogator build --build-base /home/yangshengxu/Desktop/InSituNeedle_Manipulation_FBG_FEM_ROS2/build/sm130_interrogator/build install --record /home/yangshengxu/Desktop/InSituNeedle_Manipulation_FBG_FEM_ROS2/build/sm130_interrogator/install.log --single-version-externally-managed
[1.464s] Level 1:colcon.colcon_core.environment:checking '/home/yangshengxu/Desktop/InSituNeedle_Manipulation_FBG_FEM_ROS2/install/sm130_interrogator' for CMake config files
[1.464s] Level 1:colcon.colcon_core.environment:checking '/home/yangshengxu/Desktop/InSituNeedle_Manipulation_FBG_FEM_ROS2/install/sm130_interrogator/lib'
[1.464s] Level 1:colcon.colcon_core.environment:checking '/home/yangshengxu/Desktop/InSituNeedle_Manipulation_FBG_FEM_ROS2/install/sm130_interrogator/bin'
[1.464s] Level 1:colcon.colcon_core.environment:checking '/home/yangshengxu/Desktop/InSituNeedle_Manipulation_FBG_FEM_ROS2/install/sm130_interrogator/lib/pkgconfig/sm130_interrogator.pc'
[1.464s] Level 1:colcon.colcon_core.environment:checking '/home/yangshengxu/Desktop/InSituNeedle_Manipulation_FBG_FEM_ROS2/install/sm130_interrogator/lib/python3.8/site-packages'
[1.465s] Level 1:colcon.colcon_core.shell:create_environment_hook('sm130_interrogator', 'pythonpath')
[1.466s] INFO:colcon.colcon_core.shell:Creating environment hook '/home/yangshengxu/Desktop/InSituNeedle_Manipulation_FBG_FEM_ROS2/install/sm130_interrogator/share/sm130_interrogator/hook/pythonpath.ps1'
[1.466s] INFO:colcon.colcon_core.shell:Creating environment descriptor '/home/yangshengxu/Desktop/InSituNeedle_Manipulation_FBG_FEM_ROS2/install/sm130_interrogator/share/sm130_interrogator/hook/pythonpath.dsv'
[1.467s] INFO:colcon.colcon_core.shell:Creating environment hook '/home/yangshengxu/Desktop/InSituNeedle_Manipulation_FBG_FEM_ROS2/install/sm130_interrogator/share/sm130_interrogator/hook/pythonpath.sh'
[1.467s] Level 1:colcon.colcon_core.environment:checking '/home/yangshengxu/Desktop/InSituNeedle_Manipulation_FBG_FEM_ROS2/install/sm130_interrogator/bin'
[1.467s] Level 1:colcon.colcon_core.environment:create_environment_scripts_only(sm130_interrogator)
[1.469s] INFO:colcon.colcon_core.shell:Creating package script '/home/yangshengxu/Desktop/InSituNeedle_Manipulation_FBG_FEM_ROS2/install/sm130_interrogator/share/sm130_interrogator/package.ps1'
[1.470s] INFO:colcon.colcon_core.shell:Creating package descriptor '/home/yangshengxu/Desktop/InSituNeedle_Manipulation_FBG_FEM_ROS2/install/sm130_interrogator/share/sm130_interrogator/package.dsv'
[1.470s] INFO:colcon.colcon_core.shell:Creating package script '/home/yangshengxu/Desktop/InSituNeedle_Manipulation_FBG_FEM_ROS2/install/sm130_interrogator/share/sm130_interrogator/package.sh'
[1.471s] INFO:colcon.colcon_core.shell:Creating package script '/home/yangshengxu/Desktop/InSituNeedle_Manipulation_FBG_FEM_ROS2/install/sm130_interrogator/share/sm130_interrogator/package.bash'
[1.471s] INFO:colcon.colcon_core.shell:Creating package script '/home/yangshengxu/Desktop/InSituNeedle_Manipulation_FBG_FEM_ROS2/install/sm130_interrogator/share/sm130_interrogator/package.zsh'
[1.471s] Level 1:colcon.colcon_core.environment:create_file_with_runtime_dependencies(/home/yangshengxu/Desktop/InSituNeedle_Manipulation_FBG_FEM_ROS2/install/sm130_interrogator/share/colcon-core/packages/sm130_interrogator)
[1.471s] INFO:colcon.colcon_ros.task.ament_python.build:Building ROS package in '/home/yangshengxu/Desktop/InSituNeedle_Manipulation_FBG_FEM_ROS2/src/curvature_srvcli' with build type 'ament_python'
[1.472s] Level 1:colcon.colcon_core.shell:create_environment_hook('curvature_srvcli', 'ament_prefix_path')
[1.473s] INFO:colcon.colcon_core.shell:Creating environment hook '/home/yangshengxu/Desktop/InSituNeedle_Manipulation_FBG_FEM_ROS2/install/curvature_srvcli/share/curvature_srvcli/hook/ament_prefix_path.ps1'
[1.474s] INFO:colcon.colcon_core.shell:Creating environment descriptor '/home/yangshengxu/Desktop/InSituNeedle_Manipulation_FBG_FEM_ROS2/install/curvature_srvcli/share/curvature_srvcli/hook/ament_prefix_path.dsv'
[1.474s] INFO:colcon.colcon_core.shell:Creating environment hook '/home/yangshengxu/Desktop/InSituNeedle_Manipulation_FBG_FEM_ROS2/install/curvature_srvcli/share/curvature_srvcli/hook/ament_prefix_path.sh'
[1.475s] INFO:colcon.colcon_core.shell:Skip shell extension 'powershell' for command environment: Not usable outside of PowerShell
[1.475s] DEBUG:colcon.colcon_core.shell:Skip shell extension 'dsv' for command environment
[1.682s] INFO:colcon.colcon_core.task.python.build:Building Python package in '/home/yangshengxu/Desktop/InSituNeedle_Manipulation_FBG_FEM_ROS2/src/curvature_srvcli'
[1.684s] INFO:colcon.colcon_core.shell:Skip shell extension 'powershell' for command environment: Not usable outside of PowerShell
[1.684s] DEBUG:colcon.colcon_core.shell:Skip shell extension 'dsv' for command environment
[1.693s] Level 1:colcon.colcon_core.environment:checking '/home/yangshengxu/Desktop/InSituNeedle_Manipulation_FBG_FEM_ROS2/install/needle_shape' for CMake module files
[1.694s] DEBUG:colcon.colcon_core.event_handler.log_command:Invoked command in '/home/yangshengxu/Desktop/InSituNeedle_Manipulation_FBG_FEM_ROS2/src/needle_shape' returned '0': PYTHONPATH=/home/yangshengxu/Desktop/InSituNeedle_Manipulation_FBG_FEM_ROS2/build/needle_shape/prefix_override:/home/yangshengxu/Desktop/InSituNeedle_Manipulation_FBG_FEM_ROS2/install/needle_shape/lib/python3.8/site-packages:${PYTHONPATH} /usr/bin/python3 setup.py egg_info --egg-base ../../build/needle_shape build --build-base /home/yangshengxu/Desktop/InSituNeedle_Manipulation_FBG_FEM_ROS2/build/needle_shape/build install --record /home/yangshengxu/Desktop/InSituNeedle_Manipulation_FBG_FEM_ROS2/build/needle_shape/install.log --single-version-externally-managed
[1.695s] Level 1:colcon.colcon_core.environment:checking '/home/yangshengxu/Desktop/InSituNeedle_Manipulation_FBG_FEM_ROS2/install/needle_shape' for CMake config files
[1.695s] Level 1:colcon.colcon_core.environment:checking '/home/yangshengxu/Desktop/InSituNeedle_Manipulation_FBG_FEM_ROS2/install/needle_shape/lib'
[1.695s] Level 1:colcon.colcon_core.environment:checking '/home/yangshengxu/Desktop/InSituNeedle_Manipulation_FBG_FEM_ROS2/install/needle_shape/bin'
[1.695s] Level 1:colcon.colcon_core.environment:checking '/home/yangshengxu/Desktop/InSituNeedle_Manipulation_FBG_FEM_ROS2/install/needle_shape/lib/pkgconfig/needle_shape.pc'
[1.695s] Level 1:colcon.colcon_core.environment:checking '/home/yangshengxu/Desktop/InSituNeedle_Manipulation_FBG_FEM_ROS2/install/needle_shape/lib/python3.8/site-packages'
[1.695s] Level 1:colcon.colcon_core.shell:create_environment_hook('needle_shape', 'pythonpath')
[1.696s] INFO:colcon.colcon_core.shell:Creating environment hook '/home/yangshengxu/Desktop/InSituNeedle_Manipulation_FBG_FEM_ROS2/install/needle_shape/share/needle_shape/hook/pythonpath.ps1'
[1.697s] INFO:colcon.colcon_core.shell:Creating environment descriptor '/home/yangshengxu/Desktop/InSituNeedle_Manipulation_FBG_FEM_ROS2/install/needle_shape/share/needle_shape/hook/pythonpath.dsv'
[1.697s] INFO:colcon.colcon_core.shell:Creating environment hook '/home/yangshengxu/Desktop/InSituNeedle_Manipulation_FBG_FEM_ROS2/install/needle_shape/share/needle_shape/hook/pythonpath.sh'
[1.698s] Level 1:colcon.colcon_core.environment:checking '/home/yangshengxu/Desktop/InSituNeedle_Manipulation_FBG_FEM_ROS2/install/needle_shape/bin'
[1.698s] Level 1:colcon.colcon_core.environment:create_environment_scripts_only(needle_shape)
[1.699s] INFO:colcon.colcon_core.shell:Creating package script '/home/yangshengxu/Desktop/InSituNeedle_Manipulation_FBG_FEM_ROS2/install/needle_shape/share/needle_shape/package.ps1'
[1.699s] INFO:colcon.colcon_core.shell:Creating package descriptor '/home/yangshengxu/Desktop/InSituNeedle_Manipulation_FBG_FEM_ROS2/install/needle_shape/share/needle_shape/package.dsv'
[1.699s] INFO:colcon.colcon_core.shell:Creating package script '/home/yangshengxu/Desktop/InSituNeedle_Manipulation_FBG_FEM_ROS2/install/needle_shape/share/needle_shape/package.sh'
[1.700s] INFO:colcon.colcon_core.shell:Creating package script '/home/yangshengxu/Desktop/InSituNeedle_Manipulation_FBG_FEM_ROS2/install/needle_shape/share/needle_shape/package.bash'
[1.700s] INFO:colcon.colcon_core.shell:Creating package script '/home/yangshengxu/Desktop/InSituNeedle_Manipulation_FBG_FEM_ROS2/install/needle_shape/share/needle_shape/package.zsh'
[1.700s] Level 1:colcon.colcon_core.environment:create_file_with_runtime_dependencies(/home/yangshengxu/Desktop/InSituNeedle_Manipulation_FBG_FEM_ROS2/install/needle_shape/share/colcon-core/packages/needle_shape)
[2.037s] DEBUG:colcon.colcon_core.event_handler.log_command:Invoking command in '/home/yangshengxu/Desktop/InSituNeedle_Manipulation_FBG_FEM_ROS2/src/curvature_srvcli': AMENT_PREFIX_PATH=/home/yangshengxu/Desktop/InSituNeedle_Manipulation_FBG_FEM_ROS2/install/sm130_interrogator:/home/yangshengxu/Desktop/InSituNeedle_Manipulation_FBG_FEM_ROS2/install/fbg_msgs:${AMENT_PREFIX_PATH} CMAKE_PREFIX_PATH=/home/yangshengxu/Desktop/InSituNeedle_Manipulation_FBG_FEM_ROS2/install/fbg_msgs LD_LIBRARY_PATH=/home/yangshengxu/Desktop/InSituNeedle_Manipulation_FBG_FEM_ROS2/install/fbg_msgs/lib:${LD_LIBRARY_PATH} PYTHONPATH=/home/yangshengxu/Desktop/InSituNeedle_Manipulation_FBG_FEM_ROS2/build/curvature_srvcli/prefix_override:/home/yangshengxu/Desktop/InSituNeedle_Manipulation_FBG_FEM_ROS2/install/curvature_srvcli/lib/python3.8/site-packages:/home/yangshengxu/Desktop/InSituNeedle_Manipulation_FBG_FEM_ROS2/install/sm130_interrogator/lib/python3.8/site-packages:/home/yangshengxu/Desktop/InSituNeedle_Manipulation_FBG_FEM_ROS2/install/fbg_msgs/lib/python3.8/site-packages:${PYTHONPATH} /usr/bin/python3 setup.py egg_info --egg-base ../../build/curvature_srvcli build --build-base /home/yangshengxu/Desktop/InSituNeedle_Manipulation_FBG_FEM_ROS2/build/curvature_srvcli/build install --record /home/yangshengxu/Desktop/InSituNeedle_Manipulation_FBG_FEM_ROS2/build/curvature_srvcli/install.log --single-version-externally-managed
[2.269s] Level 1:colcon.colcon_core.environment:checking '/home/yangshengxu/Desktop/InSituNeedle_Manipulation_FBG_FEM_ROS2/install/curvature_srvcli' for CMake module files
[2.270s] DEBUG:colcon.colcon_core.event_handler.log_command:Invoked command in '/home/yangshengxu/Desktop/InSituNeedle_Manipulation_FBG_FEM_ROS2/src/curvature_srvcli' returned '0': AMENT_PREFIX_PATH=/home/yangshengxu/Desktop/InSituNeedle_Manipulation_FBG_FEM_ROS2/install/sm130_interrogator:/home/yangshengxu/Desktop/InSituNeedle_Manipulation_FBG_FEM_ROS2/install/fbg_msgs:${AMENT_PREFIX_PATH} CMAKE_PREFIX_PATH=/home/yangshengxu/Desktop/InSituNeedle_Manipulation_FBG_FEM_ROS2/install/fbg_msgs LD_LIBRARY_PATH=/home/yangshengxu/Desktop/InSituNeedle_Manipulation_FBG_FEM_ROS2/install/fbg_msgs/lib:${LD_LIBRARY_PATH} PYTHONPATH=/home/yangshengxu/Desktop/InSituNeedle_Manipulation_FBG_FEM_ROS2/build/curvature_srvcli/prefix_override:/home/yangshengxu/Desktop/InSituNeedle_Manipulation_FBG_FEM_ROS2/install/curvature_srvcli/lib/python3.8/site-packages:/home/yangshengxu/Desktop/InSituNeedle_Manipulation_FBG_FEM_ROS2/install/sm130_interrogator/lib/python3.8/site-packages:/home/yangshengxu/Desktop/InSituNeedle_Manipulation_FBG_FEM_ROS2/install/fbg_msgs/lib/python3.8/site-packages:${PYTHONPATH} /usr/bin/python3 setup.py egg_info --egg-base ../../build/curvature_srvcli build --build-base /home/yangshengxu/Desktop/InSituNeedle_Manipulation_FBG_FEM_ROS2/build/curvature_srvcli/build install --record /home/yangshengxu/Desktop/InSituNeedle_Manipulation_FBG_FEM_ROS2/build/curvature_srvcli/install.log --single-version-externally-managed
[2.270s] Level 1:colcon.colcon_core.environment:checking '/home/yangshengxu/Desktop/InSituNeedle_Manipulation_FBG_FEM_ROS2/install/curvature_srvcli' for CMake config files
[2.270s] Level 1:colcon.colcon_core.environment:checking '/home/yangshengxu/Desktop/InSituNeedle_Manipulation_FBG_FEM_ROS2/install/curvature_srvcli/lib'
[2.270s] Level 1:colcon.colcon_core.environment:checking '/home/yangshengxu/Desktop/InSituNeedle_Manipulation_FBG_FEM_ROS2/install/curvature_srvcli/bin'
[2.270s] Level 1:colcon.colcon_core.environment:checking '/home/yangshengxu/Desktop/InSituNeedle_Manipulation_FBG_FEM_ROS2/install/curvature_srvcli/lib/pkgconfig/curvature_srvcli.pc'
[2.271s] Level 1:colcon.colcon_core.environment:checking '/home/yangshengxu/Desktop/InSituNeedle_Manipulation_FBG_FEM_ROS2/install/curvature_srvcli/lib/python3.8/site-packages'
[2.271s] Level 1:colcon.colcon_core.shell:create_environment_hook('curvature_srvcli', 'pythonpath')
[2.272s] INFO:colcon.colcon_core.shell:Creating environment hook '/home/yangshengxu/Desktop/InSituNeedle_Manipulation_FBG_FEM_ROS2/install/curvature_srvcli/share/curvature_srvcli/hook/pythonpath.ps1'
[2.272s] INFO:colcon.colcon_core.shell:Creating environment descriptor '/home/yangshengxu/Desktop/InSituNeedle_Manipulation_FBG_FEM_ROS2/install/curvature_srvcli/share/curvature_srvcli/hook/pythonpath.dsv'
[2.272s] INFO:colcon.colcon_core.shell:Creating environment hook '/home/yangshengxu/Desktop/InSituNeedle_Manipulation_FBG_FEM_ROS2/install/curvature_srvcli/share/curvature_srvcli/hook/pythonpath.sh'
[2.273s] Level 1:colcon.colcon_core.environment:checking '/home/yangshengxu/Desktop/InSituNeedle_Manipulation_FBG_FEM_ROS2/install/curvature_srvcli/bin'
[2.273s] Level 1:colcon.colcon_core.environment:create_environment_scripts_only(curvature_srvcli)
[2.274s] INFO:colcon.colcon_core.shell:Creating package script '/home/yangshengxu/Desktop/InSituNeedle_Manipulation_FBG_FEM_ROS2/install/curvature_srvcli/share/curvature_srvcli/package.ps1'
[2.274s] INFO:colcon.colcon_core.shell:Creating package descriptor '/home/yangshengxu/Desktop/InSituNeedle_Manipulation_FBG_FEM_ROS2/install/curvature_srvcli/share/curvature_srvcli/package.dsv'
[2.274s] INFO:colcon.colcon_core.shell:Creating package script '/home/yangshengxu/Desktop/InSituNeedle_Manipulation_FBG_FEM_ROS2/install/curvature_srvcli/share/curvature_srvcli/package.sh'
[2.275s] INFO:colcon.colcon_core.shell:Creating package script '/home/yangshengxu/Desktop/InSituNeedle_Manipulation_FBG_FEM_ROS2/install/curvature_srvcli/share/curvature_srvcli/package.bash'
[2.275s] INFO:colcon.colcon_core.shell:Creating package script '/home/yangshengxu/Desktop/InSituNeedle_Manipulation_FBG_FEM_ROS2/install/curvature_srvcli/share/curvature_srvcli/package.zsh'
[2.275s] Level 1:colcon.colcon_core.environment:create_file_with_runtime_dependencies(/home/yangshengxu/Desktop/InSituNeedle_Manipulation_FBG_FEM_ROS2/install/curvature_srvcli/share/colcon-core/packages/curvature_srvcli)
[2.275s] DEBUG:colcon.colcon_parallel_executor.executor.parallel:closing loop
[2.275s] DEBUG:colcon.colcon_parallel_executor.executor.parallel:loop closed
[2.275s] DEBUG:colcon.colcon_parallel_executor.executor.parallel:run_until_complete finished with '0'
[2.276s] DEBUG:colcon.colcon_core.event_reactor:joining thread
[2.280s] INFO:colcon.colcon_core.plugin_system:Skipping extension 'colcon_notification.desktop_notification.terminal_notifier': Not used on non-Darwin systems
[2.280s] INFO:colcon.colcon_core.plugin_system:Skipping extension 'colcon_notification.desktop_notification.win32': Not used on non-Windows systems
[2.280s] INFO:colcon.colcon_notification.desktop_notification:Sending desktop notification using 'notify2'
[2.291s] DEBUG:colcon.colcon_core.event_reactor:joined thread
[2.293s] INFO:colcon.colcon_core.shell:Creating prefix script '/home/yangshengxu/Desktop/InSituNeedle_Manipulation_FBG_FEM_ROS2/install/local_setup.ps1'
[2.293s] INFO:colcon.colcon_core.shell:Creating prefix util module '/home/yangshengxu/Desktop/InSituNeedle_Manipulation_FBG_FEM_ROS2/install/_local_setup_util_ps1.py'
[2.294s] INFO:colcon.colcon_core.shell:Creating prefix chain script '/home/yangshengxu/Desktop/InSituNeedle_Manipulation_FBG_FEM_ROS2/install/setup.ps1'
[2.295s] INFO:colcon.colcon_core.shell:Creating prefix script '/home/yangshengxu/Desktop/InSituNeedle_Manipulation_FBG_FEM_ROS2/install/local_setup.sh'
[2.296s] INFO:colcon.colcon_core.shell:Creating prefix util module '/home/yangshengxu/Desktop/InSituNeedle_Manipulation_FBG_FEM_ROS2/install/_local_setup_util_sh.py'
[2.296s] INFO:colcon.colcon_core.shell:Creating prefix chain script '/home/yangshengxu/Desktop/InSituNeedle_Manipulation_FBG_FEM_ROS2/install/setup.sh'
[2.297s] INFO:colcon.colcon_core.shell:Creating prefix script '/home/yangshengxu/Desktop/InSituNeedle_Manipulation_FBG_FEM_ROS2/install/local_setup.bash'
[2.297s] INFO:colcon.colcon_core.shell:Creating prefix chain script '/home/yangshengxu/Desktop/InSituNeedle_Manipulation_FBG_FEM_ROS2/install/setup.bash'
[2.299s] INFO:colcon.colcon_core.shell:Creating prefix script '/home/yangshengxu/Desktop/InSituNeedle_Manipulation_FBG_FEM_ROS2/install/local_setup.zsh'
[2.300s] INFO:colcon.colcon_core.shell:Creating prefix chain script '/home/yangshengxu/Desktop/InSituNeedle_Manipulation_FBG_FEM_ROS2/install/setup.zsh'
