[0.621s] DEBUG:colcon:Command line arguments: ['/usr/bin/colcon', 'build']
[0.621s] DEBUG:colcon:Parsed command line arguments: Namespace(allow_overriding=[], ament_cmake_args=None, base_paths=['.'], build_base='build', catkin_cmake_args=None, catkin_skip_building_tests=False, cmake_args=None, cmake_clean_cache=False, cmake_clean_first=False, cmake_force_configure=False, cmake_target=None, cmake_target_skip_unavailable=False, continue_on_error=False, event_handlers=None, executor='parallel', ignore_user_meta=False, install_base='install', log_base=None, log_level=None, main=<bound method BuildVerb.main of <colcon_core.verb.build.BuildVerb object at 0x7f0bb6fd8280>>, merge_install=False, metas=['./colcon.meta'], packages_above=None, packages_above_and_dependencies=None, packages_above_depth=None, packages_end=None, packages_ignore=None, packages_ignore_regex=None, packages_select=None, packages_select_build_failed=False, packages_select_by_dep=None, packages_select_regex=None, packages_select_test_failures=False, packages_skip=None, packages_skip_build_finished=False, packages_skip_by_dep=None, packages_skip_regex=None, packages_skip_test_passed=False, packages_skip_up_to=None, packages_start=None, packages_up_to=None, packages_up_to_regex=None, parallel_workers=12, paths=None, symlink_install=False, test_result_base=None, verb_extension=<colcon_core.verb.build.BuildVerb object at 0x7f0bb6fd8280>, verb_name='build', verb_parser=<colcon_defaults.argument_parser.defaults.DefaultArgumentsDecorator object at 0x7f0bb6ef4520>)
[0.716s] Level 1:colcon.colcon_core.package_discovery:discover_packages(colcon_meta) check parameters
[0.717s] Level 1:colcon.colcon_core.package_discovery:discover_packages(recursive) check parameters
[0.717s] Level 1:colcon.colcon_core.package_discovery:discover_packages(ignore) check parameters
[0.717s] Level 1:colcon.colcon_core.package_discovery:discover_packages(path) check parameters
[0.717s] Level 1:colcon.colcon_core.package_discovery:discover_packages(colcon_meta) discover
[0.717s] Level 1:colcon.colcon_core.package_discovery:discover_packages(recursive) discover
[0.717s] INFO:colcon.colcon_core.package_discovery:Crawling recursively for packages in '/home/jkang/InSituNeedle_Manipulation_FBG_FEM_ROS2'
[0.717s] Level 1:colcon.colcon_core.package_identification:_identify(.) by extensions ['ignore', 'ignore_ament_install']
[0.718s] Level 1:colcon.colcon_core.package_identification:_identify(.) by extension 'ignore'
[0.718s] Level 1:colcon.colcon_core.package_identification:_identify(.) by extension 'ignore_ament_install'
[0.718s] Level 1:colcon.colcon_core.package_identification:_identify(.) by extensions ['colcon_pkg']
[0.718s] Level 1:colcon.colcon_core.package_identification:_identify(.) by extension 'colcon_pkg'
[0.718s] Level 1:colcon.colcon_core.package_identification:_identify(.) by extensions ['colcon_meta']
[0.718s] Level 1:colcon.colcon_core.package_identification:_identify(.) by extension 'colcon_meta'
[0.718s] Level 1:colcon.colcon_core.package_identification:_identify(.) by extensions ['ros']
[0.718s] Level 1:colcon.colcon_core.package_identification:_identify(.) by extension 'ros'
[0.740s] Level 1:colcon.colcon_core.package_identification:_identify(.) by extensions ['cmake', 'python']
[0.740s] Level 1:colcon.colcon_core.package_identification:_identify(.) by extension 'cmake'
[0.740s] Level 1:colcon.colcon_core.package_identification:_identify(.) by extension 'python'
[0.740s] Level 1:colcon.colcon_core.package_identification:_identify(.) by extensions ['python_setup_py']
[0.740s] Level 1:colcon.colcon_core.package_identification:_identify(.) by extension 'python_setup_py'
[0.740s] Level 1:colcon.colcon_core.package_identification:_identify(build) by extensions ['ignore', 'ignore_ament_install']
[0.740s] Level 1:colcon.colcon_core.package_identification:_identify(build) by extension 'ignore'
[0.740s] Level 1:colcon.colcon_core.package_identification:_identify(build) ignored
[0.740s] Level 1:colcon.colcon_core.package_identification:_identify(install) by extensions ['ignore', 'ignore_ament_install']
[0.741s] Level 1:colcon.colcon_core.package_identification:_identify(install) by extension 'ignore'
[0.741s] Level 1:colcon.colcon_core.package_identification:_identify(install) ignored
[0.741s] Level 1:colcon.colcon_core.package_identification:_identify(log) by extensions ['ignore', 'ignore_ament_install']
[0.741s] Level 1:colcon.colcon_core.package_identification:_identify(log) by extension 'ignore'
[0.741s] Level 1:colcon.colcon_core.package_identification:_identify(log) ignored
[0.741s] Level 1:colcon.colcon_core.package_identification:_identify(needle_simulation_control) by extensions ['ignore', 'ignore_ament_install']
[0.741s] Level 1:colcon.colcon_core.package_identification:_identify(needle_simulation_control) by extension 'ignore'
[0.741s] Level 1:colcon.colcon_core.package_identification:_identify(needle_simulation_control) by extension 'ignore_ament_install'
[0.741s] Level 1:colcon.colcon_core.package_identification:_identify(needle_simulation_control) by extensions ['colcon_pkg']
[0.741s] Level 1:colcon.colcon_core.package_identification:_identify(needle_simulation_control) by extension 'colcon_pkg'
[0.741s] Level 1:colcon.colcon_core.package_identification:_identify(needle_simulation_control) by extensions ['colcon_meta']
[0.742s] Level 1:colcon.colcon_core.package_identification:_identify(needle_simulation_control) by extension 'colcon_meta'
[0.742s] Level 1:colcon.colcon_core.package_identification:_identify(needle_simulation_control) by extensions ['ros']
[0.742s] Level 1:colcon.colcon_core.package_identification:_identify(needle_simulation_control) by extension 'ros'
[0.742s] Level 1:colcon.colcon_core.package_identification:_identify(needle_simulation_control) by extensions ['cmake', 'python']
[0.742s] Level 1:colcon.colcon_core.package_identification:_identify(needle_simulation_control) by extension 'cmake'
[0.742s] Level 1:colcon.colcon_core.package_identification:_identify(needle_simulation_control) by extension 'python'
[0.742s] Level 1:colcon.colcon_core.package_identification:_identify(needle_simulation_control) by extensions ['python_setup_py']
[0.742s] Level 1:colcon.colcon_core.package_identification:_identify(needle_simulation_control) by extension 'python_setup_py'
[0.742s] Level 1:colcon.colcon_core.package_identification:_identify(needle_simulation_control/Control) by extensions ['ignore', 'ignore_ament_install']
[0.742s] Level 1:colcon.colcon_core.package_identification:_identify(needle_simulation_control/Control) by extension 'ignore'
[0.742s] Level 1:colcon.colcon_core.package_identification:_identify(needle_simulation_control/Control) by extension 'ignore_ament_install'
[0.742s] Level 1:colcon.colcon_core.package_identification:_identify(needle_simulation_control/Control) by extensions ['colcon_pkg']
[0.742s] Level 1:colcon.colcon_core.package_identification:_identify(needle_simulation_control/Control) by extension 'colcon_pkg'
[0.742s] Level 1:colcon.colcon_core.package_identification:_identify(needle_simulation_control/Control) by extensions ['colcon_meta']
[0.742s] Level 1:colcon.colcon_core.package_identification:_identify(needle_simulation_control/Control) by extension 'colcon_meta'
[0.743s] Level 1:colcon.colcon_core.package_identification:_identify(needle_simulation_control/Control) by extensions ['ros']
[0.743s] Level 1:colcon.colcon_core.package_identification:_identify(needle_simulation_control/Control) by extension 'ros'
[0.743s] Level 1:colcon.colcon_core.package_identification:_identify(needle_simulation_control/Control) by extensions ['cmake', 'python']
[0.743s] Level 1:colcon.colcon_core.package_identification:_identify(needle_simulation_control/Control) by extension 'cmake'
[0.743s] Level 1:colcon.colcon_core.package_identification:_identify(needle_simulation_control/Control) by extension 'python'
[0.743s] Level 1:colcon.colcon_core.package_identification:_identify(needle_simulation_control/Control) by extensions ['python_setup_py']
[0.743s] Level 1:colcon.colcon_core.package_identification:_identify(needle_simulation_control/Control) by extension 'python_setup_py'
[0.743s] Level 1:colcon.colcon_core.package_identification:_identify(needle_simulation_control/Control/Galil_MATLAB_API) by extensions ['ignore', 'ignore_ament_install']
[0.743s] Level 1:colcon.colcon_core.package_identification:_identify(needle_simulation_control/Control/Galil_MATLAB_API) by extension 'ignore'
[0.743s] Level 1:colcon.colcon_core.package_identification:_identify(needle_simulation_control/Control/Galil_MATLAB_API) by extension 'ignore_ament_install'
[0.743s] Level 1:colcon.colcon_core.package_identification:_identify(needle_simulation_control/Control/Galil_MATLAB_API) by extensions ['colcon_pkg']
[0.743s] Level 1:colcon.colcon_core.package_identification:_identify(needle_simulation_control/Control/Galil_MATLAB_API) by extension 'colcon_pkg'
[0.743s] Level 1:colcon.colcon_core.package_identification:_identify(needle_simulation_control/Control/Galil_MATLAB_API) by extensions ['colcon_meta']
[0.743s] Level 1:colcon.colcon_core.package_identification:_identify(needle_simulation_control/Control/Galil_MATLAB_API) by extension 'colcon_meta'
[0.744s] Level 1:colcon.colcon_core.package_identification:_identify(needle_simulation_control/Control/Galil_MATLAB_API) by extensions ['ros']
[0.744s] Level 1:colcon.colcon_core.package_identification:_identify(needle_simulation_control/Control/Galil_MATLAB_API) by extension 'ros'
[0.744s] Level 1:colcon.colcon_core.package_identification:_identify(needle_simulation_control/Control/Galil_MATLAB_API) by extensions ['cmake', 'python']
[0.744s] Level 1:colcon.colcon_core.package_identification:_identify(needle_simulation_control/Control/Galil_MATLAB_API) by extension 'cmake'
[0.744s] Level 1:colcon.colcon_core.package_identification:_identify(needle_simulation_control/Control/Galil_MATLAB_API) by extension 'python'
[0.744s] Level 1:colcon.colcon_core.package_identification:_identify(needle_simulation_control/Control/Galil_MATLAB_API) by extensions ['python_setup_py']
[0.744s] Level 1:colcon.colcon_core.package_identification:_identify(needle_simulation_control/Control/Galil_MATLAB_API) by extension 'python_setup_py'
[0.744s] Level 1:colcon.colcon_core.package_identification:_identify(needle_simulation_control/Dataset) by extensions ['ignore', 'ignore_ament_install']
[0.744s] Level 1:colcon.colcon_core.package_identification:_identify(needle_simulation_control/Dataset) by extension 'ignore'
[0.744s] Level 1:colcon.colcon_core.package_identification:_identify(needle_simulation_control/Dataset) by extension 'ignore_ament_install'
[0.744s] Level 1:colcon.colcon_core.package_identification:_identify(needle_simulation_control/Dataset) by extensions ['colcon_pkg']
[0.744s] Level 1:colcon.colcon_core.package_identification:_identify(needle_simulation_control/Dataset) by extension 'colcon_pkg'
[0.744s] Level 1:colcon.colcon_core.package_identification:_identify(needle_simulation_control/Dataset) by extensions ['colcon_meta']
[0.744s] Level 1:colcon.colcon_core.package_identification:_identify(needle_simulation_control/Dataset) by extension 'colcon_meta'
[0.745s] Level 1:colcon.colcon_core.package_identification:_identify(needle_simulation_control/Dataset) by extensions ['ros']
[0.745s] Level 1:colcon.colcon_core.package_identification:_identify(needle_simulation_control/Dataset) by extension 'ros'
[0.745s] Level 1:colcon.colcon_core.package_identification:_identify(needle_simulation_control/Dataset) by extensions ['cmake', 'python']
[0.745s] Level 1:colcon.colcon_core.package_identification:_identify(needle_simulation_control/Dataset) by extension 'cmake'
[0.745s] Level 1:colcon.colcon_core.package_identification:_identify(needle_simulation_control/Dataset) by extension 'python'
[0.745s] Level 1:colcon.colcon_core.package_identification:_identify(needle_simulation_control/Dataset) by extensions ['python_setup_py']
[0.745s] Level 1:colcon.colcon_core.package_identification:_identify(needle_simulation_control/Dataset) by extension 'python_setup_py'
[0.745s] Level 1:colcon.colcon_core.package_identification:_identify(needle_simulation_control/FEM) by extensions ['ignore', 'ignore_ament_install']
[0.745s] Level 1:colcon.colcon_core.package_identification:_identify(needle_simulation_control/FEM) by extension 'ignore'
[0.745s] Level 1:colcon.colcon_core.package_identification:_identify(needle_simulation_control/FEM) by extension 'ignore_ament_install'
[0.745s] Level 1:colcon.colcon_core.package_identification:_identify(needle_simulation_control/FEM) by extensions ['colcon_pkg']
[0.745s] Level 1:colcon.colcon_core.package_identification:_identify(needle_simulation_control/FEM) by extension 'colcon_pkg'
[0.745s] Level 1:colcon.colcon_core.package_identification:_identify(needle_simulation_control/FEM) by extensions ['colcon_meta']
[0.745s] Level 1:colcon.colcon_core.package_identification:_identify(needle_simulation_control/FEM) by extension 'colcon_meta'
[0.745s] Level 1:colcon.colcon_core.package_identification:_identify(needle_simulation_control/FEM) by extensions ['ros']
[0.746s] Level 1:colcon.colcon_core.package_identification:_identify(needle_simulation_control/FEM) by extension 'ros'
[0.746s] Level 1:colcon.colcon_core.package_identification:_identify(needle_simulation_control/FEM) by extensions ['cmake', 'python']
[0.746s] Level 1:colcon.colcon_core.package_identification:_identify(needle_simulation_control/FEM) by extension 'cmake'
[0.746s] Level 1:colcon.colcon_core.package_identification:_identify(needle_simulation_control/FEM) by extension 'python'
[0.746s] Level 1:colcon.colcon_core.package_identification:_identify(needle_simulation_control/FEM) by extensions ['python_setup_py']
[0.746s] Level 1:colcon.colcon_core.package_identification:_identify(needle_simulation_control/FEM) by extension 'python_setup_py'
[0.746s] Level 1:colcon.colcon_core.package_identification:_identify(needle_simulation_control/FEM/helper_funcs) by extensions ['ignore', 'ignore_ament_install']
[0.746s] Level 1:colcon.colcon_core.package_identification:_identify(needle_simulation_control/FEM/helper_funcs) by extension 'ignore'
[0.746s] Level 1:colcon.colcon_core.package_identification:_identify(needle_simulation_control/FEM/helper_funcs) by extension 'ignore_ament_install'
[0.746s] Level 1:colcon.colcon_core.package_identification:_identify(needle_simulation_control/FEM/helper_funcs) by extensions ['colcon_pkg']
[0.746s] Level 1:colcon.colcon_core.package_identification:_identify(needle_simulation_control/FEM/helper_funcs) by extension 'colcon_pkg'
[0.746s] Level 1:colcon.colcon_core.package_identification:_identify(needle_simulation_control/FEM/helper_funcs) by extensions ['colcon_meta']
[0.746s] Level 1:colcon.colcon_core.package_identification:_identify(needle_simulation_control/FEM/helper_funcs) by extension 'colcon_meta'
[0.746s] Level 1:colcon.colcon_core.package_identification:_identify(needle_simulation_control/FEM/helper_funcs) by extensions ['ros']
[0.746s] Level 1:colcon.colcon_core.package_identification:_identify(needle_simulation_control/FEM/helper_funcs) by extension 'ros'
[0.747s] Level 1:colcon.colcon_core.package_identification:_identify(needle_simulation_control/FEM/helper_funcs) by extensions ['cmake', 'python']
[0.747s] Level 1:colcon.colcon_core.package_identification:_identify(needle_simulation_control/FEM/helper_funcs) by extension 'cmake'
[0.747s] Level 1:colcon.colcon_core.package_identification:_identify(needle_simulation_control/FEM/helper_funcs) by extension 'python'
[0.747s] Level 1:colcon.colcon_core.package_identification:_identify(needle_simulation_control/FEM/helper_funcs) by extensions ['python_setup_py']
[0.747s] Level 1:colcon.colcon_core.package_identification:_identify(needle_simulation_control/FEM/helper_funcs) by extension 'python_setup_py'
[0.747s] Level 1:colcon.colcon_core.package_identification:_identify(needle_simulation_control/FEM/helper_funcs/invChol) by extensions ['ignore', 'ignore_ament_install']
[0.747s] Level 1:colcon.colcon_core.package_identification:_identify(needle_simulation_control/FEM/helper_funcs/invChol) by extension 'ignore'
[0.747s] Level 1:colcon.colcon_core.package_identification:_identify(needle_simulation_control/FEM/helper_funcs/invChol) by extension 'ignore_ament_install'
[0.747s] Level 1:colcon.colcon_core.package_identification:_identify(needle_simulation_control/FEM/helper_funcs/invChol) by extensions ['colcon_pkg']
[0.747s] Level 1:colcon.colcon_core.package_identification:_identify(needle_simulation_control/FEM/helper_funcs/invChol) by extension 'colcon_pkg'
[0.747s] Level 1:colcon.colcon_core.package_identification:_identify(needle_simulation_control/FEM/helper_funcs/invChol) by extensions ['colcon_meta']
[0.747s] Level 1:colcon.colcon_core.package_identification:_identify(needle_simulation_control/FEM/helper_funcs/invChol) by extension 'colcon_meta'
[0.747s] Level 1:colcon.colcon_core.package_identification:_identify(needle_simulation_control/FEM/helper_funcs/invChol) by extensions ['ros']
[0.748s] Level 1:colcon.colcon_core.package_identification:_identify(needle_simulation_control/FEM/helper_funcs/invChol) by extension 'ros'
[0.748s] Level 1:colcon.colcon_core.package_identification:_identify(needle_simulation_control/FEM/helper_funcs/invChol) by extensions ['cmake', 'python']
[0.748s] Level 1:colcon.colcon_core.package_identification:_identify(needle_simulation_control/FEM/helper_funcs/invChol) by extension 'cmake'
[0.748s] Level 1:colcon.colcon_core.package_identification:_identify(needle_simulation_control/FEM/helper_funcs/invChol) by extension 'python'
[0.748s] Level 1:colcon.colcon_core.package_identification:_identify(needle_simulation_control/FEM/helper_funcs/invChol) by extensions ['python_setup_py']
[0.748s] Level 1:colcon.colcon_core.package_identification:_identify(needle_simulation_control/FEM/helper_funcs/invChol) by extension 'python_setup_py'
[0.748s] Level 1:colcon.colcon_core.package_identification:_identify(needle_simulation_control/custom) by extensions ['ignore', 'ignore_ament_install']
[0.748s] Level 1:colcon.colcon_core.package_identification:_identify(needle_simulation_control/custom) by extension 'ignore'
[0.748s] Level 1:colcon.colcon_core.package_identification:_identify(needle_simulation_control/custom) by extension 'ignore_ament_install'
[0.748s] Level 1:colcon.colcon_core.package_identification:_identify(needle_simulation_control/custom) by extensions ['colcon_pkg']
[0.748s] Level 1:colcon.colcon_core.package_identification:_identify(needle_simulation_control/custom) by extension 'colcon_pkg'
[0.748s] Level 1:colcon.colcon_core.package_identification:_identify(needle_simulation_control/custom) by extensions ['colcon_meta']
[0.748s] Level 1:colcon.colcon_core.package_identification:_identify(needle_simulation_control/custom) by extension 'colcon_meta'
[0.748s] Level 1:colcon.colcon_core.package_identification:_identify(needle_simulation_control/custom) by extensions ['ros']
[0.748s] Level 1:colcon.colcon_core.package_identification:_identify(needle_simulation_control/custom) by extension 'ros'
[0.749s] Level 1:colcon.colcon_core.package_identification:_identify(needle_simulation_control/custom) by extensions ['cmake', 'python']
[0.749s] Level 1:colcon.colcon_core.package_identification:_identify(needle_simulation_control/custom) by extension 'cmake'
[0.749s] Level 1:colcon.colcon_core.package_identification:_identify(needle_simulation_control/custom) by extension 'python'
[0.749s] Level 1:colcon.colcon_core.package_identification:_identify(needle_simulation_control/custom) by extensions ['python_setup_py']
[0.749s] Level 1:colcon.colcon_core.package_identification:_identify(needle_simulation_control/custom) by extension 'python_setup_py'
[0.749s] Level 1:colcon.colcon_core.package_identification:_identify(needle_simulation_control/custom/fbg_msgs) by extensions ['ignore', 'ignore_ament_install']
[0.749s] Level 1:colcon.colcon_core.package_identification:_identify(needle_simulation_control/custom/fbg_msgs) by extension 'ignore'
[0.749s] Level 1:colcon.colcon_core.package_identification:_identify(needle_simulation_control/custom/fbg_msgs) by extension 'ignore_ament_install'
[0.749s] Level 1:colcon.colcon_core.package_identification:_identify(needle_simulation_control/custom/fbg_msgs) by extensions ['colcon_pkg']
[0.749s] Level 1:colcon.colcon_core.package_identification:_identify(needle_simulation_control/custom/fbg_msgs) by extension 'colcon_pkg'
[0.749s] Level 1:colcon.colcon_core.package_identification:_identify(needle_simulation_control/custom/fbg_msgs) by extensions ['colcon_meta']
[0.749s] Level 1:colcon.colcon_core.package_identification:_identify(needle_simulation_control/custom/fbg_msgs) by extension 'colcon_meta'
[0.749s] Level 1:colcon.colcon_core.package_identification:_identify(needle_simulation_control/custom/fbg_msgs) by extensions ['ros']
[0.749s] Level 1:colcon.colcon_core.package_identification:_identify(needle_simulation_control/custom/fbg_msgs) by extension 'ros'
[0.750s] Level 1:colcon.colcon_core.package_identification:_identify(needle_simulation_control/custom/fbg_msgs) by extensions ['cmake', 'python']
[0.750s] Level 1:colcon.colcon_core.package_identification:_identify(needle_simulation_control/custom/fbg_msgs) by extension 'cmake'
[0.750s] Level 1:colcon.colcon_core.package_identification:_identify(needle_simulation_control/custom/fbg_msgs) by extension 'python'
[0.750s] Level 1:colcon.colcon_core.package_identification:_identify(needle_simulation_control/custom/fbg_msgs) by extensions ['python_setup_py']
[0.750s] Level 1:colcon.colcon_core.package_identification:_identify(needle_simulation_control/custom/fbg_msgs) by extension 'python_setup_py'
[0.750s] Level 1:colcon.colcon_core.package_identification:_identify(needle_simulation_control/custom/fbg_msgs/msg) by extensions ['ignore', 'ignore_ament_install']
[0.750s] Level 1:colcon.colcon_core.package_identification:_identify(needle_simulation_control/custom/fbg_msgs/msg) by extension 'ignore'
[0.750s] Level 1:colcon.colcon_core.package_identification:_identify(needle_simulation_control/custom/fbg_msgs/msg) by extension 'ignore_ament_install'
[0.750s] Level 1:colcon.colcon_core.package_identification:_identify(needle_simulation_control/custom/fbg_msgs/msg) by extensions ['colcon_pkg']
[0.750s] Level 1:colcon.colcon_core.package_identification:_identify(needle_simulation_control/custom/fbg_msgs/msg) by extension 'colcon_pkg'
[0.750s] Level 1:colcon.colcon_core.package_identification:_identify(needle_simulation_control/custom/fbg_msgs/msg) by extensions ['colcon_meta']
[0.750s] Level 1:colcon.colcon_core.package_identification:_identify(needle_simulation_control/custom/fbg_msgs/msg) by extension 'colcon_meta'
[0.750s] Level 1:colcon.colcon_core.package_identification:_identify(needle_simulation_control/custom/fbg_msgs/msg) by extensions ['ros']
[0.750s] Level 1:colcon.colcon_core.package_identification:_identify(needle_simulation_control/custom/fbg_msgs/msg) by extension 'ros'
[0.751s] Level 1:colcon.colcon_core.package_identification:_identify(needle_simulation_control/custom/fbg_msgs/msg) by extensions ['cmake', 'python']
[0.751s] Level 1:colcon.colcon_core.package_identification:_identify(needle_simulation_control/custom/fbg_msgs/msg) by extension 'cmake'
[0.751s] Level 1:colcon.colcon_core.package_identification:_identify(needle_simulation_control/custom/fbg_msgs/msg) by extension 'python'
[0.751s] Level 1:colcon.colcon_core.package_identification:_identify(needle_simulation_control/custom/fbg_msgs/msg) by extensions ['python_setup_py']
[0.751s] Level 1:colcon.colcon_core.package_identification:_identify(needle_simulation_control/custom/fbg_msgs/msg) by extension 'python_setup_py'
[0.751s] Level 1:colcon.colcon_core.package_identification:_identify(needle_simulation_control/custom/fbg_msgs/srv) by extensions ['ignore', 'ignore_ament_install']
[0.751s] Level 1:colcon.colcon_core.package_identification:_identify(needle_simulation_control/custom/fbg_msgs/srv) by extension 'ignore'
[0.751s] Level 1:colcon.colcon_core.package_identification:_identify(needle_simulation_control/custom/fbg_msgs/srv) by extension 'ignore_ament_install'
[0.751s] Level 1:colcon.colcon_core.package_identification:_identify(needle_simulation_control/custom/fbg_msgs/srv) by extensions ['colcon_pkg']
[0.751s] Level 1:colcon.colcon_core.package_identification:_identify(needle_simulation_control/custom/fbg_msgs/srv) by extension 'colcon_pkg'
[0.751s] Level 1:colcon.colcon_core.package_identification:_identify(needle_simulation_control/custom/fbg_msgs/srv) by extensions ['colcon_meta']
[0.751s] Level 1:colcon.colcon_core.package_identification:_identify(needle_simulation_control/custom/fbg_msgs/srv) by extension 'colcon_meta'
[0.751s] Level 1:colcon.colcon_core.package_identification:_identify(needle_simulation_control/custom/fbg_msgs/srv) by extensions ['ros']
[0.751s] Level 1:colcon.colcon_core.package_identification:_identify(needle_simulation_control/custom/fbg_msgs/srv) by extension 'ros'
[0.752s] Level 1:colcon.colcon_core.package_identification:_identify(needle_simulation_control/custom/fbg_msgs/srv) by extensions ['cmake', 'python']
[0.752s] Level 1:colcon.colcon_core.package_identification:_identify(needle_simulation_control/custom/fbg_msgs/srv) by extension 'cmake'
[0.752s] Level 1:colcon.colcon_core.package_identification:_identify(needle_simulation_control/custom/fbg_msgs/srv) by extension 'python'
[0.752s] Level 1:colcon.colcon_core.package_identification:_identify(needle_simulation_control/custom/fbg_msgs/srv) by extensions ['python_setup_py']
[0.752s] Level 1:colcon.colcon_core.package_identification:_identify(needle_simulation_control/custom/fbg_msgs/srv) by extension 'python_setup_py'
[0.752s] Level 1:colcon.colcon_core.package_identification:_identify(needle_simulation_control/custom/matlab_msg_gen) by extensions ['ignore', 'ignore_ament_install']
[0.752s] Level 1:colcon.colcon_core.package_identification:_identify(needle_simulation_control/custom/matlab_msg_gen) by extension 'ignore'
[0.752s] Level 1:colcon.colcon_core.package_identification:_identify(needle_simulation_control/custom/matlab_msg_gen) ignored
[0.752s] Level 1:colcon.colcon_core.package_identification:_identify(src) by extensions ['ignore', 'ignore_ament_install']
[0.752s] Level 1:colcon.colcon_core.package_identification:_identify(src) by extension 'ignore'
[0.752s] Level 1:colcon.colcon_core.package_identification:_identify(src) by extension 'ignore_ament_install'
[0.753s] Level 1:colcon.colcon_core.package_identification:_identify(src) by extensions ['colcon_pkg']
[0.753s] Level 1:colcon.colcon_core.package_identification:_identify(src) by extension 'colcon_pkg'
[0.753s] Level 1:colcon.colcon_core.package_identification:_identify(src) by extensions ['colcon_meta']
[0.753s] Level 1:colcon.colcon_core.package_identification:_identify(src) by extension 'colcon_meta'
[0.753s] Level 1:colcon.colcon_core.package_identification:_identify(src) by extensions ['ros']
[0.753s] Level 1:colcon.colcon_core.package_identification:_identify(src) by extension 'ros'
[0.753s] Level 1:colcon.colcon_core.package_identification:_identify(src) by extensions ['cmake', 'python']
[0.753s] Level 1:colcon.colcon_core.package_identification:_identify(src) by extension 'cmake'
[0.753s] Level 1:colcon.colcon_core.package_identification:_identify(src) by extension 'python'
[0.753s] Level 1:colcon.colcon_core.package_identification:_identify(src) by extensions ['python_setup_py']
[0.753s] Level 1:colcon.colcon_core.package_identification:_identify(src) by extension 'python_setup_py'
[0.753s] Level 1:colcon.colcon_core.package_identification:_identify(src/curvature_srvcli) by extensions ['ignore', 'ignore_ament_install']
[0.753s] Level 1:colcon.colcon_core.package_identification:_identify(src/curvature_srvcli) by extension 'ignore'
[0.753s] Level 1:colcon.colcon_core.package_identification:_identify(src/curvature_srvcli) by extension 'ignore_ament_install'
[0.754s] Level 1:colcon.colcon_core.package_identification:_identify(src/curvature_srvcli) by extensions ['colcon_pkg']
[0.754s] Level 1:colcon.colcon_core.package_identification:_identify(src/curvature_srvcli) by extension 'colcon_pkg'
[0.754s] Level 1:colcon.colcon_core.package_identification:_identify(src/curvature_srvcli) by extensions ['colcon_meta']
[0.754s] Level 1:colcon.colcon_core.package_identification:_identify(src/curvature_srvcli) by extension 'colcon_meta'
[0.754s] Level 1:colcon.colcon_core.package_identification:_identify(src/curvature_srvcli) by extensions ['ros']
[0.754s] Level 1:colcon.colcon_core.package_identification:_identify(src/curvature_srvcli) by extension 'ros'
[0.757s] DEBUG:colcon.colcon_core.package_identification:Package 'src/curvature_srvcli' with type 'ros.ament_python' and name 'curvature_srvcli'
[0.757s] Level 1:colcon.colcon_core.package_identification:_identify(src/fbg_msgs) by extensions ['ignore', 'ignore_ament_install']
[0.757s] Level 1:colcon.colcon_core.package_identification:_identify(src/fbg_msgs) by extension 'ignore'
[0.758s] Level 1:colcon.colcon_core.package_identification:_identify(src/fbg_msgs) by extension 'ignore_ament_install'
[0.758s] Level 1:colcon.colcon_core.package_identification:_identify(src/fbg_msgs) by extensions ['colcon_pkg']
[0.758s] Level 1:colcon.colcon_core.package_identification:_identify(src/fbg_msgs) by extension 'colcon_pkg'
[0.758s] Level 1:colcon.colcon_core.package_identification:_identify(src/fbg_msgs) by extensions ['colcon_meta']
[0.758s] Level 1:colcon.colcon_core.package_identification:_identify(src/fbg_msgs) by extension 'colcon_meta'
[0.758s] Level 1:colcon.colcon_core.package_identification:_identify(src/fbg_msgs) by extensions ['ros']
[0.758s] Level 1:colcon.colcon_core.package_identification:_identify(src/fbg_msgs) by extension 'ros'
[0.759s] DEBUG:colcon.colcon_core.package_identification:Package 'src/fbg_msgs' with type 'ros.ament_cmake' and name 'fbg_msgs'
[0.759s] Level 1:colcon.colcon_core.package_identification:_identify(src/needle_shape) by extensions ['ignore', 'ignore_ament_install']
[0.759s] Level 1:colcon.colcon_core.package_identification:_identify(src/needle_shape) by extension 'ignore'
[0.759s] Level 1:colcon.colcon_core.package_identification:_identify(src/needle_shape) by extension 'ignore_ament_install'
[0.759s] Level 1:colcon.colcon_core.package_identification:_identify(src/needle_shape) by extensions ['colcon_pkg']
[0.759s] Level 1:colcon.colcon_core.package_identification:_identify(src/needle_shape) by extension 'colcon_pkg'
[0.759s] Level 1:colcon.colcon_core.package_identification:_identify(src/needle_shape) by extensions ['colcon_meta']
[0.759s] Level 1:colcon.colcon_core.package_identification:_identify(src/needle_shape) by extension 'colcon_meta'
[0.759s] Level 1:colcon.colcon_core.package_identification:_identify(src/needle_shape) by extensions ['ros']
[0.759s] Level 1:colcon.colcon_core.package_identification:_identify(src/needle_shape) by extension 'ros'
[0.760s] DEBUG:colcon.colcon_core.package_identification:Package 'src/needle_shape' with type 'ros.ament_python' and name 'needle_shape'
[0.760s] Level 1:colcon.colcon_core.package_identification:_identify(src/sm130_interrogator) by extensions ['ignore', 'ignore_ament_install']
[0.760s] Level 1:colcon.colcon_core.package_identification:_identify(src/sm130_interrogator) by extension 'ignore'
[0.760s] Level 1:colcon.colcon_core.package_identification:_identify(src/sm130_interrogator) by extension 'ignore_ament_install'
[0.760s] Level 1:colcon.colcon_core.package_identification:_identify(src/sm130_interrogator) by extensions ['colcon_pkg']
[0.760s] Level 1:colcon.colcon_core.package_identification:_identify(src/sm130_interrogator) by extension 'colcon_pkg'
[0.761s] Level 1:colcon.colcon_core.package_identification:_identify(src/sm130_interrogator) by extensions ['colcon_meta']
[0.761s] Level 1:colcon.colcon_core.package_identification:_identify(src/sm130_interrogator) by extension 'colcon_meta'
[0.761s] Level 1:colcon.colcon_core.package_identification:_identify(src/sm130_interrogator) by extensions ['ros']
[0.761s] Level 1:colcon.colcon_core.package_identification:_identify(src/sm130_interrogator) by extension 'ros'
[0.761s] DEBUG:colcon.colcon_core.package_identification:Package 'src/sm130_interrogator' with type 'ros.ament_python' and name 'sm130_interrogator'
[0.761s] Level 1:colcon.colcon_core.package_discovery:discover_packages(recursive) using defaults
[0.761s] Level 1:colcon.colcon_core.package_discovery:discover_packages(ignore) discover
[0.762s] Level 1:colcon.colcon_core.package_discovery:discover_packages(ignore) using defaults
[0.762s] Level 1:colcon.colcon_core.package_discovery:discover_packages(path) discover
[0.762s] Level 1:colcon.colcon_core.package_discovery:discover_packages(path) using defaults
[0.798s] Level 1:colcon.colcon_core.package_discovery:discover_packages(prefix_path) check parameters
[0.798s] Level 1:colcon.colcon_core.package_discovery:discover_packages(prefix_path) discover
[0.804s] DEBUG:colcon.colcon_installed_package_information.package_discovery:Found 4 installed packages in /home/jkang/InSituNeedle_Manipulation_FBG_FEM_ROS2/install
[0.807s] DEBUG:colcon.colcon_installed_package_information.package_discovery:Found 273 installed packages in /opt/ros/galactic
[0.809s] Level 1:colcon.colcon_core.package_discovery:discover_packages(prefix_path) using defaults
[0.916s] Level 5:colcon.colcon_core.verb:set package 'fbg_msgs' build argument 'cmake_args' from command line to 'None'
[0.916s] Level 5:colcon.colcon_core.verb:set package 'fbg_msgs' build argument 'cmake_target' from command line to 'None'
[0.916s] Level 5:colcon.colcon_core.verb:set package 'fbg_msgs' build argument 'cmake_target_skip_unavailable' from command line to 'False'
[0.916s] Level 5:colcon.colcon_core.verb:set package 'fbg_msgs' build argument 'cmake_clean_cache' from command line to 'False'
[0.916s] Level 5:colcon.colcon_core.verb:set package 'fbg_msgs' build argument 'cmake_clean_first' from command line to 'False'
[0.916s] Level 5:colcon.colcon_core.verb:set package 'fbg_msgs' build argument 'cmake_force_configure' from command line to 'False'
[0.916s] Level 5:colcon.colcon_core.verb:set package 'fbg_msgs' build argument 'ament_cmake_args' from command line to 'None'
[0.916s] Level 5:colcon.colcon_core.verb:set package 'fbg_msgs' build argument 'catkin_cmake_args' from command line to 'None'
[0.917s] Level 5:colcon.colcon_core.verb:set package 'fbg_msgs' build argument 'catkin_skip_building_tests' from command line to 'False'
[0.917s] DEBUG:colcon.colcon_core.verb:Building package 'fbg_msgs' with the following arguments: {'ament_cmake_args': None, 'build_base': '/home/jkang/InSituNeedle_Manipulation_FBG_FEM_ROS2/build/fbg_msgs', 'catkin_cmake_args': None, 'catkin_skip_building_tests': False, 'cmake_args': None, 'cmake_clean_cache': False, 'cmake_clean_first': False, 'cmake_force_configure': False, 'cmake_target': None, 'cmake_target_skip_unavailable': False, 'install_base': '/home/jkang/InSituNeedle_Manipulation_FBG_FEM_ROS2/install/fbg_msgs', 'merge_install': False, 'path': '/home/jkang/InSituNeedle_Manipulation_FBG_FEM_ROS2/src/fbg_msgs', 'symlink_install': False, 'test_result_base': None}
[0.919s] Level 5:colcon.colcon_core.verb:set package 'needle_shape' build argument 'cmake_args' from command line to 'None'
[0.919s] Level 5:colcon.colcon_core.verb:set package 'needle_shape' build argument 'cmake_target' from command line to 'None'
[0.919s] Level 5:colcon.colcon_core.verb:set package 'needle_shape' build argument 'cmake_target_skip_unavailable' from command line to 'False'
[0.919s] Level 5:colcon.colcon_core.verb:set package 'needle_shape' build argument 'cmake_clean_cache' from command line to 'False'
[0.919s] Level 5:colcon.colcon_core.verb:set package 'needle_shape' build argument 'cmake_clean_first' from command line to 'False'
[0.919s] Level 5:colcon.colcon_core.verb:set package 'needle_shape' build argument 'cmake_force_configure' from command line to 'False'
[0.919s] Level 5:colcon.colcon_core.verb:set package 'needle_shape' build argument 'ament_cmake_args' from command line to 'None'
[0.919s] Level 5:colcon.colcon_core.verb:set package 'needle_shape' build argument 'catkin_cmake_args' from command line to 'None'
[0.919s] Level 5:colcon.colcon_core.verb:set package 'needle_shape' build argument 'catkin_skip_building_tests' from command line to 'False'
[0.919s] DEBUG:colcon.colcon_core.verb:Building package 'needle_shape' with the following arguments: {'ament_cmake_args': None, 'build_base': '/home/jkang/InSituNeedle_Manipulation_FBG_FEM_ROS2/build/needle_shape', 'catkin_cmake_args': None, 'catkin_skip_building_tests': False, 'cmake_args': None, 'cmake_clean_cache': False, 'cmake_clean_first': False, 'cmake_force_configure': False, 'cmake_target': None, 'cmake_target_skip_unavailable': False, 'install_base': '/home/jkang/InSituNeedle_Manipulation_FBG_FEM_ROS2/install/needle_shape', 'merge_install': False, 'path': '/home/jkang/InSituNeedle_Manipulation_FBG_FEM_ROS2/src/needle_shape', 'symlink_install': False, 'test_result_base': None}
[0.922s] Level 5:colcon.colcon_core.verb:set package 'sm130_interrogator' build argument 'cmake_args' from command line to 'None'
[0.922s] Level 5:colcon.colcon_core.verb:set package 'sm130_interrogator' build argument 'cmake_target' from command line to 'None'
[0.922s] Level 5:colcon.colcon_core.verb:set package 'sm130_interrogator' build argument 'cmake_target_skip_unavailable' from command line to 'False'
[0.922s] Level 5:colcon.colcon_core.verb:set package 'sm130_interrogator' build argument 'cmake_clean_cache' from command line to 'False'
[0.922s] Level 5:colcon.colcon_core.verb:set package 'sm130_interrogator' build argument 'cmake_clean_first' from command line to 'False'
[0.922s] Level 5:colcon.colcon_core.verb:set package 'sm130_interrogator' build argument 'cmake_force_configure' from command line to 'False'
[0.922s] Level 5:colcon.colcon_core.verb:set package 'sm130_interrogator' build argument 'ament_cmake_args' from command line to 'None'
[0.922s] Level 5:colcon.colcon_core.verb:set package 'sm130_interrogator' build argument 'catkin_cmake_args' from command line to 'None'
[0.922s] Level 5:colcon.colcon_core.verb:set package 'sm130_interrogator' build argument 'catkin_skip_building_tests' from command line to 'False'
[0.922s] DEBUG:colcon.colcon_core.verb:Building package 'sm130_interrogator' with the following arguments: {'ament_cmake_args': None, 'build_base': '/home/jkang/InSituNeedle_Manipulation_FBG_FEM_ROS2/build/sm130_interrogator', 'catkin_cmake_args': None, 'catkin_skip_building_tests': False, 'cmake_args': None, 'cmake_clean_cache': False, 'cmake_clean_first': False, 'cmake_force_configure': False, 'cmake_target': None, 'cmake_target_skip_unavailable': False, 'install_base': '/home/jkang/InSituNeedle_Manipulation_FBG_FEM_ROS2/install/sm130_interrogator', 'merge_install': False, 'path': '/home/jkang/InSituNeedle_Manipulation_FBG_FEM_ROS2/src/sm130_interrogator', 'symlink_install': False, 'test_result_base': None}
[0.924s] Level 5:colcon.colcon_core.verb:set package 'curvature_srvcli' build argument 'cmake_args' from command line to 'None'
[0.924s] Level 5:colcon.colcon_core.verb:set package 'curvature_srvcli' build argument 'cmake_target' from command line to 'None'
[0.925s] Level 5:colcon.colcon_core.verb:set package 'curvature_srvcli' build argument 'cmake_target_skip_unavailable' from command line to 'False'
[0.925s] Level 5:colcon.colcon_core.verb:set package 'curvature_srvcli' build argument 'cmake_clean_cache' from command line to 'False'
[0.925s] Level 5:colcon.colcon_core.verb:set package 'curvature_srvcli' build argument 'cmake_clean_first' from command line to 'False'
[0.925s] Level 5:colcon.colcon_core.verb:set package 'curvature_srvcli' build argument 'cmake_force_configure' from command line to 'False'
[0.925s] Level 5:colcon.colcon_core.verb:set package 'curvature_srvcli' build argument 'ament_cmake_args' from command line to 'None'
[0.925s] Level 5:colcon.colcon_core.verb:set package 'curvature_srvcli' build argument 'catkin_cmake_args' from command line to 'None'
[0.925s] Level 5:colcon.colcon_core.verb:set package 'curvature_srvcli' build argument 'catkin_skip_building_tests' from command line to 'False'
[0.925s] DEBUG:colcon.colcon_core.verb:Building package 'curvature_srvcli' with the following arguments: {'ament_cmake_args': None, 'build_base': '/home/jkang/InSituNeedle_Manipulation_FBG_FEM_ROS2/build/curvature_srvcli', 'catkin_cmake_args': None, 'catkin_skip_building_tests': False, 'cmake_args': None, 'cmake_clean_cache': False, 'cmake_clean_first': False, 'cmake_force_configure': False, 'cmake_target': None, 'cmake_target_skip_unavailable': False, 'install_base': '/home/jkang/InSituNeedle_Manipulation_FBG_FEM_ROS2/install/curvature_srvcli', 'merge_install': False, 'path': '/home/jkang/InSituNeedle_Manipulation_FBG_FEM_ROS2/src/curvature_srvcli', 'symlink_install': False, 'test_result_base': None}
[0.927s] INFO:colcon.colcon_core.executor:Executing jobs using 'parallel' executor
[0.937s] DEBUG:colcon.colcon_parallel_executor.executor.parallel:run_until_complete
[0.937s] INFO:colcon.colcon_ros.task.ament_cmake.build:Building ROS package in '/home/jkang/InSituNeedle_Manipulation_FBG_FEM_ROS2/src/fbg_msgs' with build type 'ament_cmake'
[0.937s] INFO:colcon.colcon_cmake.task.cmake.build:Building CMake package in '/home/jkang/InSituNeedle_Manipulation_FBG_FEM_ROS2/src/fbg_msgs'
[0.946s] INFO:colcon.colcon_core.plugin_system:Skipping extension 'colcon_core.shell.bat': Not used on non-Windows systems
[0.946s] INFO:colcon.colcon_core.shell:Skip shell extension 'powershell' for command environment: Not usable outside of PowerShell
[0.946s] DEBUG:colcon.colcon_core.shell:Skip shell extension 'dsv' for command environment
[0.957s] INFO:colcon.colcon_ros.task.ament_python.build:Building ROS package in '/home/jkang/InSituNeedle_Manipulation_FBG_FEM_ROS2/src/sm130_interrogator' with build type 'ament_python'
[0.958s] Level 1:colcon.colcon_core.shell:create_environment_hook('sm130_interrogator', 'ament_prefix_path')
[0.962s] INFO:colcon.colcon_core.shell:Creating environment hook '/home/jkang/InSituNeedle_Manipulation_FBG_FEM_ROS2/install/sm130_interrogator/share/sm130_interrogator/hook/ament_prefix_path.ps1'
[0.964s] INFO:colcon.colcon_core.shell:Creating environment descriptor '/home/jkang/InSituNeedle_Manipulation_FBG_FEM_ROS2/install/sm130_interrogator/share/sm130_interrogator/hook/ament_prefix_path.dsv'
[0.965s] INFO:colcon.colcon_core.shell:Creating environment hook '/home/jkang/InSituNeedle_Manipulation_FBG_FEM_ROS2/install/sm130_interrogator/share/sm130_interrogator/hook/ament_prefix_path.sh'
[0.974s] INFO:colcon.colcon_core.shell:Skip shell extension 'powershell' for command environment: Not usable outside of PowerShell
[0.975s] DEBUG:colcon.colcon_core.shell:Skip shell extension 'dsv' for command environment
[0.990s] INFO:colcon.colcon_ros.task.ament_python.build:Building ROS package in '/home/jkang/InSituNeedle_Manipulation_FBG_FEM_ROS2/src/needle_shape' with build type 'ament_python'
[0.991s] Level 1:colcon.colcon_core.shell:create_environment_hook('needle_shape', 'ament_prefix_path')
[0.999s] INFO:colcon.colcon_core.shell:Creating environment hook '/home/jkang/InSituNeedle_Manipulation_FBG_FEM_ROS2/install/needle_shape/share/needle_shape/hook/ament_prefix_path.ps1'
[0.999s] INFO:colcon.colcon_core.shell:Creating environment descriptor '/home/jkang/InSituNeedle_Manipulation_FBG_FEM_ROS2/install/needle_shape/share/needle_shape/hook/ament_prefix_path.dsv'
[1.000s] INFO:colcon.colcon_core.shell:Creating environment hook '/home/jkang/InSituNeedle_Manipulation_FBG_FEM_ROS2/install/needle_shape/share/needle_shape/hook/ament_prefix_path.sh'
[1.006s] INFO:colcon.colcon_core.shell:Skip shell extension 'powershell' for command environment: Not usable outside of PowerShell
[1.006s] DEBUG:colcon.colcon_core.shell:Skip shell extension 'dsv' for command environment
[1.033s] DEBUG:colcon.colcon_core.event_handler.log_command:Invoking command in '/home/jkang/InSituNeedle_Manipulation_FBG_FEM_ROS2/build/fbg_msgs': CMAKE_PREFIX_PATH=${CMAKE_PREFIX_PATH}:/home/jkang/InSituNeedle_Manipulation_FBG_FEM_ROS2/install/curvature_srvcli:/home/jkang/InSituNeedle_Manipulation_FBG_FEM_ROS2/install/sm130_interrogator:/home/jkang/InSituNeedle_Manipulation_FBG_FEM_ROS2/install/needle_shape:/opt/ros/galactic /usr/bin/cmake --build /home/jkang/InSituNeedle_Manipulation_FBG_FEM_ROS2/build/fbg_msgs -- -j12 -l12
[1.544s] INFO:colcon.colcon_core.task.python.build:Building Python package in '/home/jkang/InSituNeedle_Manipulation_FBG_FEM_ROS2/src/sm130_interrogator'
[1.549s] INFO:colcon.colcon_core.shell:Skip shell extension 'powershell' for command environment: Not usable outside of PowerShell
[1.549s] DEBUG:colcon.colcon_core.shell:Skip shell extension 'dsv' for command environment
[2.032s] INFO:colcon.colcon_core.task.python.build:Building Python package in '/home/jkang/InSituNeedle_Manipulation_FBG_FEM_ROS2/src/needle_shape'
[2.039s] INFO:colcon.colcon_core.shell:Skip shell extension 'powershell' for command environment: Not usable outside of PowerShell
[2.039s] DEBUG:colcon.colcon_core.shell:Skip shell extension 'dsv' for command environment
[2.071s] DEBUG:colcon.colcon_core.event_handler.log_command:Invoked command in '/home/jkang/InSituNeedle_Manipulation_FBG_FEM_ROS2/build/fbg_msgs' returned '0': CMAKE_PREFIX_PATH=${CMAKE_PREFIX_PATH}:/home/jkang/InSituNeedle_Manipulation_FBG_FEM_ROS2/install/curvature_srvcli:/home/jkang/InSituNeedle_Manipulation_FBG_FEM_ROS2/install/sm130_interrogator:/home/jkang/InSituNeedle_Manipulation_FBG_FEM_ROS2/install/needle_shape:/opt/ros/galactic /usr/bin/cmake --build /home/jkang/InSituNeedle_Manipulation_FBG_FEM_ROS2/build/fbg_msgs -- -j12 -l12
[2.208s] DEBUG:colcon.colcon_core.event_handler.log_command:Invoking command in '/home/jkang/InSituNeedle_Manipulation_FBG_FEM_ROS2/build/fbg_msgs': CMAKE_PREFIX_PATH=${CMAKE_PREFIX_PATH}:/home/jkang/InSituNeedle_Manipulation_FBG_FEM_ROS2/install/curvature_srvcli:/home/jkang/InSituNeedle_Manipulation_FBG_FEM_ROS2/install/sm130_interrogator:/home/jkang/InSituNeedle_Manipulation_FBG_FEM_ROS2/install/needle_shape:/opt/ros/galactic /usr/bin/cmake --install /home/jkang/InSituNeedle_Manipulation_FBG_FEM_ROS2/build/fbg_msgs
[2.296s] Level 1:colcon.colcon_core.environment:create_environment_scripts_only(fbg_msgs)
[2.301s] DEBUG:colcon.colcon_core.event_handler.log_command:Invoked command in '/home/jkang/InSituNeedle_Manipulation_FBG_FEM_ROS2/build/fbg_msgs' returned '0': CMAKE_PREFIX_PATH=${CMAKE_PREFIX_PATH}:/home/jkang/InSituNeedle_Manipulation_FBG_FEM_ROS2/install/curvature_srvcli:/home/jkang/InSituNeedle_Manipulation_FBG_FEM_ROS2/install/sm130_interrogator:/home/jkang/InSituNeedle_Manipulation_FBG_FEM_ROS2/install/needle_shape:/opt/ros/galactic /usr/bin/cmake --install /home/jkang/InSituNeedle_Manipulation_FBG_FEM_ROS2/build/fbg_msgs
[2.311s] Level 1:colcon.colcon_core.environment:checking '/home/jkang/InSituNeedle_Manipulation_FBG_FEM_ROS2/install/fbg_msgs' for CMake module files
[2.312s] Level 1:colcon.colcon_core.environment:checking '/home/jkang/InSituNeedle_Manipulation_FBG_FEM_ROS2/install/fbg_msgs' for CMake config files
[2.312s] Level 1:colcon.colcon_core.shell:create_environment_hook('fbg_msgs', 'cmake_prefix_path')
[2.317s] INFO:colcon.colcon_core.shell:Creating environment hook '/home/jkang/InSituNeedle_Manipulation_FBG_FEM_ROS2/install/fbg_msgs/share/fbg_msgs/hook/cmake_prefix_path.ps1'
[2.317s] INFO:colcon.colcon_core.shell:Creating environment descriptor '/home/jkang/InSituNeedle_Manipulation_FBG_FEM_ROS2/install/fbg_msgs/share/fbg_msgs/hook/cmake_prefix_path.dsv'
[2.318s] INFO:colcon.colcon_core.shell:Creating environment hook '/home/jkang/InSituNeedle_Manipulation_FBG_FEM_ROS2/install/fbg_msgs/share/fbg_msgs/hook/cmake_prefix_path.sh'
[2.319s] Level 1:colcon.colcon_core.environment:checking '/home/jkang/InSituNeedle_Manipulation_FBG_FEM_ROS2/install/fbg_msgs/lib'
[2.319s] Level 1:colcon.colcon_core.shell:create_environment_hook('fbg_msgs', 'ld_library_path_lib')
[2.323s] INFO:colcon.colcon_core.shell:Creating environment hook '/home/jkang/InSituNeedle_Manipulation_FBG_FEM_ROS2/install/fbg_msgs/share/fbg_msgs/hook/ld_library_path_lib.ps1'
[2.324s] INFO:colcon.colcon_core.shell:Creating environment descriptor '/home/jkang/InSituNeedle_Manipulation_FBG_FEM_ROS2/install/fbg_msgs/share/fbg_msgs/hook/ld_library_path_lib.dsv'
[2.324s] INFO:colcon.colcon_core.shell:Creating environment hook '/home/jkang/InSituNeedle_Manipulation_FBG_FEM_ROS2/install/fbg_msgs/share/fbg_msgs/hook/ld_library_path_lib.sh'
[2.325s] Level 1:colcon.colcon_core.environment:checking '/home/jkang/InSituNeedle_Manipulation_FBG_FEM_ROS2/install/fbg_msgs/bin'
[2.325s] Level 1:colcon.colcon_core.environment:checking '/home/jkang/InSituNeedle_Manipulation_FBG_FEM_ROS2/install/fbg_msgs/lib/pkgconfig/fbg_msgs.pc'
[2.325s] Level 1:colcon.colcon_core.environment:checking '/home/jkang/InSituNeedle_Manipulation_FBG_FEM_ROS2/install/fbg_msgs/lib/python3.8/site-packages'
[2.325s] Level 1:colcon.colcon_core.shell:create_environment_hook('fbg_msgs', 'pythonpath')
[2.329s] INFO:colcon.colcon_core.shell:Creating environment hook '/home/jkang/InSituNeedle_Manipulation_FBG_FEM_ROS2/install/fbg_msgs/share/fbg_msgs/hook/pythonpath.ps1'
[2.330s] INFO:colcon.colcon_core.shell:Creating environment descriptor '/home/jkang/InSituNeedle_Manipulation_FBG_FEM_ROS2/install/fbg_msgs/share/fbg_msgs/hook/pythonpath.dsv'
[2.330s] INFO:colcon.colcon_core.shell:Creating environment hook '/home/jkang/InSituNeedle_Manipulation_FBG_FEM_ROS2/install/fbg_msgs/share/fbg_msgs/hook/pythonpath.sh'
[2.331s] Level 1:colcon.colcon_core.environment:checking '/home/jkang/InSituNeedle_Manipulation_FBG_FEM_ROS2/install/fbg_msgs/bin'
[2.335s] INFO:colcon.colcon_core.shell:Creating package script '/home/jkang/InSituNeedle_Manipulation_FBG_FEM_ROS2/install/fbg_msgs/share/fbg_msgs/package.ps1'
[2.336s] INFO:colcon.colcon_core.shell:Creating package descriptor '/home/jkang/InSituNeedle_Manipulation_FBG_FEM_ROS2/install/fbg_msgs/share/fbg_msgs/package.dsv'
[2.337s] INFO:colcon.colcon_core.shell:Creating package script '/home/jkang/InSituNeedle_Manipulation_FBG_FEM_ROS2/install/fbg_msgs/share/fbg_msgs/package.sh'
[2.338s] INFO:colcon.colcon_core.shell:Creating package script '/home/jkang/InSituNeedle_Manipulation_FBG_FEM_ROS2/install/fbg_msgs/share/fbg_msgs/package.bash'
[2.339s] INFO:colcon.colcon_core.shell:Creating package script '/home/jkang/InSituNeedle_Manipulation_FBG_FEM_ROS2/install/fbg_msgs/share/fbg_msgs/package.zsh'
[2.340s] Level 1:colcon.colcon_core.environment:create_file_with_runtime_dependencies(/home/jkang/InSituNeedle_Manipulation_FBG_FEM_ROS2/install/fbg_msgs/share/colcon-core/packages/fbg_msgs)
[2.470s] Level 1:colcon.colcon_core.environment:create_environment_scripts_only(fbg_msgs)
[2.478s] Level 1:colcon.colcon_core.environment:checking '/home/jkang/InSituNeedle_Manipulation_FBG_FEM_ROS2/install/fbg_msgs' for CMake module files
[2.479s] Level 1:colcon.colcon_core.environment:checking '/home/jkang/InSituNeedle_Manipulation_FBG_FEM_ROS2/install/fbg_msgs' for CMake config files
[2.479s] Level 1:colcon.colcon_core.shell:create_environment_hook('fbg_msgs', 'cmake_prefix_path')
[2.484s] INFO:colcon.colcon_core.shell:Creating environment hook '/home/jkang/InSituNeedle_Manipulation_FBG_FEM_ROS2/install/fbg_msgs/share/fbg_msgs/hook/cmake_prefix_path.ps1'
[2.484s] INFO:colcon.colcon_core.shell:Creating environment descriptor '/home/jkang/InSituNeedle_Manipulation_FBG_FEM_ROS2/install/fbg_msgs/share/fbg_msgs/hook/cmake_prefix_path.dsv'
[2.485s] INFO:colcon.colcon_core.shell:Creating environment hook '/home/jkang/InSituNeedle_Manipulation_FBG_FEM_ROS2/install/fbg_msgs/share/fbg_msgs/hook/cmake_prefix_path.sh'
[2.486s] Level 1:colcon.colcon_core.environment:checking '/home/jkang/InSituNeedle_Manipulation_FBG_FEM_ROS2/install/fbg_msgs/lib'
[2.486s] Level 1:colcon.colcon_core.shell:create_environment_hook('fbg_msgs', 'ld_library_path_lib')
[2.490s] INFO:colcon.colcon_core.shell:Creating environment hook '/home/jkang/InSituNeedle_Manipulation_FBG_FEM_ROS2/install/fbg_msgs/share/fbg_msgs/hook/ld_library_path_lib.ps1'
[2.490s] INFO:colcon.colcon_core.shell:Creating environment descriptor '/home/jkang/InSituNeedle_Manipulation_FBG_FEM_ROS2/install/fbg_msgs/share/fbg_msgs/hook/ld_library_path_lib.dsv'
[2.491s] INFO:colcon.colcon_core.shell:Creating environment hook '/home/jkang/InSituNeedle_Manipulation_FBG_FEM_ROS2/install/fbg_msgs/share/fbg_msgs/hook/ld_library_path_lib.sh'
[2.491s] Level 1:colcon.colcon_core.environment:checking '/home/jkang/InSituNeedle_Manipulation_FBG_FEM_ROS2/install/fbg_msgs/bin'
[2.491s] Level 1:colcon.colcon_core.environment:checking '/home/jkang/InSituNeedle_Manipulation_FBG_FEM_ROS2/install/fbg_msgs/lib/pkgconfig/fbg_msgs.pc'
[2.492s] Level 1:colcon.colcon_core.environment:checking '/home/jkang/InSituNeedle_Manipulation_FBG_FEM_ROS2/install/fbg_msgs/lib/python3.8/site-packages'
[2.492s] Level 1:colcon.colcon_core.shell:create_environment_hook('fbg_msgs', 'pythonpath')
[2.496s] INFO:colcon.colcon_core.shell:Creating environment hook '/home/jkang/InSituNeedle_Manipulation_FBG_FEM_ROS2/install/fbg_msgs/share/fbg_msgs/hook/pythonpath.ps1'
[2.497s] INFO:colcon.colcon_core.shell:Creating environment descriptor '/home/jkang/InSituNeedle_Manipulation_FBG_FEM_ROS2/install/fbg_msgs/share/fbg_msgs/hook/pythonpath.dsv'
[2.497s] INFO:colcon.colcon_core.shell:Creating environment hook '/home/jkang/InSituNeedle_Manipulation_FBG_FEM_ROS2/install/fbg_msgs/share/fbg_msgs/hook/pythonpath.sh'
[2.498s] Level 1:colcon.colcon_core.environment:checking '/home/jkang/InSituNeedle_Manipulation_FBG_FEM_ROS2/install/fbg_msgs/bin'
[2.502s] INFO:colcon.colcon_core.shell:Creating package script '/home/jkang/InSituNeedle_Manipulation_FBG_FEM_ROS2/install/fbg_msgs/share/fbg_msgs/package.ps1'
[2.503s] INFO:colcon.colcon_core.shell:Creating package descriptor '/home/jkang/InSituNeedle_Manipulation_FBG_FEM_ROS2/install/fbg_msgs/share/fbg_msgs/package.dsv'
[2.504s] INFO:colcon.colcon_core.shell:Creating package script '/home/jkang/InSituNeedle_Manipulation_FBG_FEM_ROS2/install/fbg_msgs/share/fbg_msgs/package.sh'
[2.504s] INFO:colcon.colcon_core.shell:Creating package script '/home/jkang/InSituNeedle_Manipulation_FBG_FEM_ROS2/install/fbg_msgs/share/fbg_msgs/package.bash'
[2.505s] INFO:colcon.colcon_core.shell:Creating package script '/home/jkang/InSituNeedle_Manipulation_FBG_FEM_ROS2/install/fbg_msgs/share/fbg_msgs/package.zsh'
[2.505s] Level 1:colcon.colcon_core.environment:create_file_with_runtime_dependencies(/home/jkang/InSituNeedle_Manipulation_FBG_FEM_ROS2/install/fbg_msgs/share/colcon-core/packages/fbg_msgs)
[3.118s] DEBUG:colcon.colcon_core.event_handler.log_command:Invoking command in '/home/jkang/InSituNeedle_Manipulation_FBG_FEM_ROS2/src/sm130_interrogator': PYTHONPATH=/home/jkang/InSituNeedle_Manipulation_FBG_FEM_ROS2/build/sm130_interrogator/prefix_override:/home/jkang/InSituNeedle_Manipulation_FBG_FEM_ROS2/install/sm130_interrogator/lib/python3.8/site-packages:${PYTHONPATH} /usr/bin/python3 setup.py egg_info --egg-base ../../build/sm130_interrogator build --build-base /home/jkang/InSituNeedle_Manipulation_FBG_FEM_ROS2/build/sm130_interrogator/build install --record /home/jkang/InSituNeedle_Manipulation_FBG_FEM_ROS2/build/sm130_interrogator/install.log --single-version-externally-managed
[3.130s] DEBUG:colcon.colcon_core.event_handler.log_command:Invoking command in '/home/jkang/InSituNeedle_Manipulation_FBG_FEM_ROS2/src/needle_shape': PYTHONPATH=/home/jkang/InSituNeedle_Manipulation_FBG_FEM_ROS2/build/needle_shape/prefix_override:/home/jkang/InSituNeedle_Manipulation_FBG_FEM_ROS2/install/needle_shape/lib/python3.8/site-packages:${PYTHONPATH} /usr/bin/python3 setup.py egg_info --egg-base ../../build/needle_shape build --build-base /home/jkang/InSituNeedle_Manipulation_FBG_FEM_ROS2/build/needle_shape/build install --record /home/jkang/InSituNeedle_Manipulation_FBG_FEM_ROS2/build/needle_shape/install.log --single-version-externally-managed
[3.879s] Level 1:colcon.colcon_core.environment:checking '/home/jkang/InSituNeedle_Manipulation_FBG_FEM_ROS2/install/sm130_interrogator' for CMake module files
[3.880s] DEBUG:colcon.colcon_core.event_handler.log_command:Invoked command in '/home/jkang/InSituNeedle_Manipulation_FBG_FEM_ROS2/src/sm130_interrogator' returned '0': PYTHONPATH=/home/jkang/InSituNeedle_Manipulation_FBG_FEM_ROS2/build/sm130_interrogator/prefix_override:/home/jkang/InSituNeedle_Manipulation_FBG_FEM_ROS2/install/sm130_interrogator/lib/python3.8/site-packages:${PYTHONPATH} /usr/bin/python3 setup.py egg_info --egg-base ../../build/sm130_interrogator build --build-base /home/jkang/InSituNeedle_Manipulation_FBG_FEM_ROS2/build/sm130_interrogator/build install --record /home/jkang/InSituNeedle_Manipulation_FBG_FEM_ROS2/build/sm130_interrogator/install.log --single-version-externally-managed
[3.881s] Level 1:colcon.colcon_core.environment:checking '/home/jkang/InSituNeedle_Manipulation_FBG_FEM_ROS2/install/sm130_interrogator' for CMake config files
[3.882s] Level 1:colcon.colcon_core.environment:checking '/home/jkang/InSituNeedle_Manipulation_FBG_FEM_ROS2/install/sm130_interrogator/lib'
[3.882s] Level 1:colcon.colcon_core.environment:checking '/home/jkang/InSituNeedle_Manipulation_FBG_FEM_ROS2/install/sm130_interrogator/bin'
[3.882s] Level 1:colcon.colcon_core.environment:checking '/home/jkang/InSituNeedle_Manipulation_FBG_FEM_ROS2/install/sm130_interrogator/lib/pkgconfig/sm130_interrogator.pc'
[3.882s] Level 1:colcon.colcon_core.environment:checking '/home/jkang/InSituNeedle_Manipulation_FBG_FEM_ROS2/install/sm130_interrogator/lib/python3.8/site-packages'
[3.883s] Level 1:colcon.colcon_core.shell:create_environment_hook('sm130_interrogator', 'pythonpath')
[3.890s] INFO:colcon.colcon_core.shell:Creating environment hook '/home/jkang/InSituNeedle_Manipulation_FBG_FEM_ROS2/install/sm130_interrogator/share/sm130_interrogator/hook/pythonpath.ps1'
[3.891s] INFO:colcon.colcon_core.shell:Creating environment descriptor '/home/jkang/InSituNeedle_Manipulation_FBG_FEM_ROS2/install/sm130_interrogator/share/sm130_interrogator/hook/pythonpath.dsv'
[3.892s] INFO:colcon.colcon_core.shell:Creating environment hook '/home/jkang/InSituNeedle_Manipulation_FBG_FEM_ROS2/install/sm130_interrogator/share/sm130_interrogator/hook/pythonpath.sh'
[3.893s] Level 1:colcon.colcon_core.environment:checking '/home/jkang/InSituNeedle_Manipulation_FBG_FEM_ROS2/install/sm130_interrogator/bin'
[3.893s] Level 1:colcon.colcon_core.environment:create_environment_scripts_only(sm130_interrogator)
[3.901s] INFO:colcon.colcon_core.shell:Creating package script '/home/jkang/InSituNeedle_Manipulation_FBG_FEM_ROS2/install/sm130_interrogator/share/sm130_interrogator/package.ps1'
[3.902s] INFO:colcon.colcon_core.shell:Creating package descriptor '/home/jkang/InSituNeedle_Manipulation_FBG_FEM_ROS2/install/sm130_interrogator/share/sm130_interrogator/package.dsv'
[3.903s] INFO:colcon.colcon_core.shell:Creating package script '/home/jkang/InSituNeedle_Manipulation_FBG_FEM_ROS2/install/sm130_interrogator/share/sm130_interrogator/package.sh'
[3.904s] INFO:colcon.colcon_core.shell:Creating package script '/home/jkang/InSituNeedle_Manipulation_FBG_FEM_ROS2/install/sm130_interrogator/share/sm130_interrogator/package.bash'
[3.905s] INFO:colcon.colcon_core.shell:Creating package script '/home/jkang/InSituNeedle_Manipulation_FBG_FEM_ROS2/install/sm130_interrogator/share/sm130_interrogator/package.zsh'
[3.905s] Level 1:colcon.colcon_core.environment:create_file_with_runtime_dependencies(/home/jkang/InSituNeedle_Manipulation_FBG_FEM_ROS2/install/sm130_interrogator/share/colcon-core/packages/sm130_interrogator)
[3.906s] INFO:colcon.colcon_ros.task.ament_python.build:Building ROS package in '/home/jkang/InSituNeedle_Manipulation_FBG_FEM_ROS2/src/curvature_srvcli' with build type 'ament_python'
[3.906s] Level 1:colcon.colcon_core.shell:create_environment_hook('curvature_srvcli', 'ament_prefix_path')
[3.914s] INFO:colcon.colcon_core.shell:Creating environment hook '/home/jkang/InSituNeedle_Manipulation_FBG_FEM_ROS2/install/curvature_srvcli/share/curvature_srvcli/hook/ament_prefix_path.ps1'
[3.914s] INFO:colcon.colcon_core.shell:Creating environment descriptor '/home/jkang/InSituNeedle_Manipulation_FBG_FEM_ROS2/install/curvature_srvcli/share/curvature_srvcli/hook/ament_prefix_path.dsv'
[3.915s] INFO:colcon.colcon_core.shell:Creating environment hook '/home/jkang/InSituNeedle_Manipulation_FBG_FEM_ROS2/install/curvature_srvcli/share/curvature_srvcli/hook/ament_prefix_path.sh'
[3.924s] INFO:colcon.colcon_core.shell:Skip shell extension 'powershell' for command environment: Not usable outside of PowerShell
[3.924s] DEBUG:colcon.colcon_core.shell:Skip shell extension 'dsv' for command environment
[4.481s] INFO:colcon.colcon_core.task.python.build:Building Python package in '/home/jkang/InSituNeedle_Manipulation_FBG_FEM_ROS2/src/curvature_srvcli'
[4.490s] INFO:colcon.colcon_core.shell:Skip shell extension 'powershell' for command environment: Not usable outside of PowerShell
[4.491s] DEBUG:colcon.colcon_core.shell:Skip shell extension 'dsv' for command environment
[4.519s] Level 1:colcon.colcon_core.environment:checking '/home/jkang/InSituNeedle_Manipulation_FBG_FEM_ROS2/install/needle_shape' for CMake module files
[4.520s] DEBUG:colcon.colcon_core.event_handler.log_command:Invoked command in '/home/jkang/InSituNeedle_Manipulation_FBG_FEM_ROS2/src/needle_shape' returned '0': PYTHONPATH=/home/jkang/InSituNeedle_Manipulation_FBG_FEM_ROS2/build/needle_shape/prefix_override:/home/jkang/InSituNeedle_Manipulation_FBG_FEM_ROS2/install/needle_shape/lib/python3.8/site-packages:${PYTHONPATH} /usr/bin/python3 setup.py egg_info --egg-base ../../build/needle_shape build --build-base /home/jkang/InSituNeedle_Manipulation_FBG_FEM_ROS2/build/needle_shape/build install --record /home/jkang/InSituNeedle_Manipulation_FBG_FEM_ROS2/build/needle_shape/install.log --single-version-externally-managed
[4.521s] Level 1:colcon.colcon_core.environment:checking '/home/jkang/InSituNeedle_Manipulation_FBG_FEM_ROS2/install/needle_shape' for CMake config files
[4.522s] Level 1:colcon.colcon_core.environment:checking '/home/jkang/InSituNeedle_Manipulation_FBG_FEM_ROS2/install/needle_shape/lib'
[4.522s] Level 1:colcon.colcon_core.environment:checking '/home/jkang/InSituNeedle_Manipulation_FBG_FEM_ROS2/install/needle_shape/bin'
[4.522s] Level 1:colcon.colcon_core.environment:checking '/home/jkang/InSituNeedle_Manipulation_FBG_FEM_ROS2/install/needle_shape/lib/pkgconfig/needle_shape.pc'
[4.523s] Level 1:colcon.colcon_core.environment:checking '/home/jkang/InSituNeedle_Manipulation_FBG_FEM_ROS2/install/needle_shape/lib/python3.8/site-packages'
[4.523s] Level 1:colcon.colcon_core.shell:create_environment_hook('needle_shape', 'pythonpath')
[4.531s] INFO:colcon.colcon_core.shell:Creating environment hook '/home/jkang/InSituNeedle_Manipulation_FBG_FEM_ROS2/install/needle_shape/share/needle_shape/hook/pythonpath.ps1'
[4.532s] INFO:colcon.colcon_core.shell:Creating environment descriptor '/home/jkang/InSituNeedle_Manipulation_FBG_FEM_ROS2/install/needle_shape/share/needle_shape/hook/pythonpath.dsv'
[4.532s] INFO:colcon.colcon_core.shell:Creating environment hook '/home/jkang/InSituNeedle_Manipulation_FBG_FEM_ROS2/install/needle_shape/share/needle_shape/hook/pythonpath.sh'
[4.533s] Level 1:colcon.colcon_core.environment:checking '/home/jkang/InSituNeedle_Manipulation_FBG_FEM_ROS2/install/needle_shape/bin'
[4.533s] Level 1:colcon.colcon_core.environment:create_environment_scripts_only(needle_shape)
[4.542s] INFO:colcon.colcon_core.shell:Creating package script '/home/jkang/InSituNeedle_Manipulation_FBG_FEM_ROS2/install/needle_shape/share/needle_shape/package.ps1'
[4.543s] INFO:colcon.colcon_core.shell:Creating package descriptor '/home/jkang/InSituNeedle_Manipulation_FBG_FEM_ROS2/install/needle_shape/share/needle_shape/package.dsv'
[4.543s] INFO:colcon.colcon_core.shell:Creating package script '/home/jkang/InSituNeedle_Manipulation_FBG_FEM_ROS2/install/needle_shape/share/needle_shape/package.sh'
[4.544s] INFO:colcon.colcon_core.shell:Creating package script '/home/jkang/InSituNeedle_Manipulation_FBG_FEM_ROS2/install/needle_shape/share/needle_shape/package.bash'
[4.545s] INFO:colcon.colcon_core.shell:Creating package script '/home/jkang/InSituNeedle_Manipulation_FBG_FEM_ROS2/install/needle_shape/share/needle_shape/package.zsh'
[4.545s] Level 1:colcon.colcon_core.environment:create_file_with_runtime_dependencies(/home/jkang/InSituNeedle_Manipulation_FBG_FEM_ROS2/install/needle_shape/share/colcon-core/packages/needle_shape)
[5.526s] DEBUG:colcon.colcon_core.event_handler.log_command:Invoking command in '/home/jkang/InSituNeedle_Manipulation_FBG_FEM_ROS2/src/curvature_srvcli': AMENT_PREFIX_PATH=/home/jkang/InSituNeedle_Manipulation_FBG_FEM_ROS2/install/sm130_interrogator:/home/jkang/InSituNeedle_Manipulation_FBG_FEM_ROS2/install/curvature_srvcli:/home/jkang/InSituNeedle_Manipulation_FBG_FEM_ROS2/install/needle_shape:/home/jkang/InSituNeedle_Manipulation_FBG_FEM_ROS2/install/fbg_msgs:/opt/ros/galactic PYTHONPATH=/home/jkang/InSituNeedle_Manipulation_FBG_FEM_ROS2/build/curvature_srvcli/prefix_override:/home/jkang/InSituNeedle_Manipulation_FBG_FEM_ROS2/install/curvature_srvcli/lib/python3.8/site-packages:/home/jkang/InSituNeedle_Manipulation_FBG_FEM_ROS2/install/sm130_interrogator/lib/python3.8/site-packages:/home/jkang/InSituNeedle_Manipulation_FBG_FEM_ROS2/install/fbg_msgs/lib/python3.8/site-packages:/home/jkang/InSituNeedle_Manipulation_FBG_FEM_ROS2/install/curvature_srvcli/lib/python3.8/site-packages:/home/jkang/InSituNeedle_Manipulation_FBG_FEM_ROS2/install/needle_shape/lib/python3.8/site-packages:/opt/ros/galactic/lib/python3.8/site-packages /usr/bin/python3 setup.py egg_info --egg-base ../../build/curvature_srvcli build --build-base /home/jkang/InSituNeedle_Manipulation_FBG_FEM_ROS2/build/curvature_srvcli/build install --record /home/jkang/InSituNeedle_Manipulation_FBG_FEM_ROS2/build/curvature_srvcli/install.log --single-version-externally-managed
[6.287s] Level 1:colcon.colcon_core.environment:checking '/home/jkang/InSituNeedle_Manipulation_FBG_FEM_ROS2/install/curvature_srvcli' for CMake module files
[6.287s] DEBUG:colcon.colcon_core.event_handler.log_command:Invoked command in '/home/jkang/InSituNeedle_Manipulation_FBG_FEM_ROS2/src/curvature_srvcli' returned '0': AMENT_PREFIX_PATH=/home/jkang/InSituNeedle_Manipulation_FBG_FEM_ROS2/install/sm130_interrogator:/home/jkang/InSituNeedle_Manipulation_FBG_FEM_ROS2/install/curvature_srvcli:/home/jkang/InSituNeedle_Manipulation_FBG_FEM_ROS2/install/needle_shape:/home/jkang/InSituNeedle_Manipulation_FBG_FEM_ROS2/install/fbg_msgs:/opt/ros/galactic PYTHONPATH=/home/jkang/InSituNeedle_Manipulation_FBG_FEM_ROS2/build/curvature_srvcli/prefix_override:/home/jkang/InSituNeedle_Manipulation_FBG_FEM_ROS2/install/curvature_srvcli/lib/python3.8/site-packages:/home/jkang/InSituNeedle_Manipulation_FBG_FEM_ROS2/install/sm130_interrogator/lib/python3.8/site-packages:/home/jkang/InSituNeedle_Manipulation_FBG_FEM_ROS2/install/fbg_msgs/lib/python3.8/site-packages:/home/jkang/InSituNeedle_Manipulation_FBG_FEM_ROS2/install/curvature_srvcli/lib/python3.8/site-packages:/home/jkang/InSituNeedle_Manipulation_FBG_FEM_ROS2/install/needle_shape/lib/python3.8/site-packages:/opt/ros/galactic/lib/python3.8/site-packages /usr/bin/python3 setup.py egg_info --egg-base ../../build/curvature_srvcli build --build-base /home/jkang/InSituNeedle_Manipulation_FBG_FEM_ROS2/build/curvature_srvcli/build install --record /home/jkang/InSituNeedle_Manipulation_FBG_FEM_ROS2/build/curvature_srvcli/install.log --single-version-externally-managed
[6.288s] Level 1:colcon.colcon_core.environment:checking '/home/jkang/InSituNeedle_Manipulation_FBG_FEM_ROS2/install/curvature_srvcli' for CMake config files
[6.289s] Level 1:colcon.colcon_core.environment:checking '/home/jkang/InSituNeedle_Manipulation_FBG_FEM_ROS2/install/curvature_srvcli/lib'
[6.289s] Level 1:colcon.colcon_core.environment:checking '/home/jkang/InSituNeedle_Manipulation_FBG_FEM_ROS2/install/curvature_srvcli/bin'
[6.289s] Level 1:colcon.colcon_core.environment:checking '/home/jkang/InSituNeedle_Manipulation_FBG_FEM_ROS2/install/curvature_srvcli/lib/pkgconfig/curvature_srvcli.pc'
[6.289s] Level 1:colcon.colcon_core.environment:checking '/home/jkang/InSituNeedle_Manipulation_FBG_FEM_ROS2/install/curvature_srvcli/lib/python3.8/site-packages'
[6.289s] Level 1:colcon.colcon_core.shell:create_environment_hook('curvature_srvcli', 'pythonpath')
[6.294s] INFO:colcon.colcon_core.shell:Creating environment hook '/home/jkang/InSituNeedle_Manipulation_FBG_FEM_ROS2/install/curvature_srvcli/share/curvature_srvcli/hook/pythonpath.ps1'
[6.294s] INFO:colcon.colcon_core.shell:Creating environment descriptor '/home/jkang/InSituNeedle_Manipulation_FBG_FEM_ROS2/install/curvature_srvcli/share/curvature_srvcli/hook/pythonpath.dsv'
[6.295s] INFO:colcon.colcon_core.shell:Creating environment hook '/home/jkang/InSituNeedle_Manipulation_FBG_FEM_ROS2/install/curvature_srvcli/share/curvature_srvcli/hook/pythonpath.sh'
[6.295s] Level 1:colcon.colcon_core.environment:checking '/home/jkang/InSituNeedle_Manipulation_FBG_FEM_ROS2/install/curvature_srvcli/bin'
[6.295s] Level 1:colcon.colcon_core.environment:create_environment_scripts_only(curvature_srvcli)
[6.300s] INFO:colcon.colcon_core.shell:Creating package script '/home/jkang/InSituNeedle_Manipulation_FBG_FEM_ROS2/install/curvature_srvcli/share/curvature_srvcli/package.ps1'
[6.300s] INFO:colcon.colcon_core.shell:Creating package descriptor '/home/jkang/InSituNeedle_Manipulation_FBG_FEM_ROS2/install/curvature_srvcli/share/curvature_srvcli/package.dsv'
[6.301s] INFO:colcon.colcon_core.shell:Creating package script '/home/jkang/InSituNeedle_Manipulation_FBG_FEM_ROS2/install/curvature_srvcli/share/curvature_srvcli/package.sh'
[6.301s] INFO:colcon.colcon_core.shell:Creating package script '/home/jkang/InSituNeedle_Manipulation_FBG_FEM_ROS2/install/curvature_srvcli/share/curvature_srvcli/package.bash'
[6.302s] INFO:colcon.colcon_core.shell:Creating package script '/home/jkang/InSituNeedle_Manipulation_FBG_FEM_ROS2/install/curvature_srvcli/share/curvature_srvcli/package.zsh'
[6.302s] Level 1:colcon.colcon_core.environment:create_file_with_runtime_dependencies(/home/jkang/InSituNeedle_Manipulation_FBG_FEM_ROS2/install/curvature_srvcli/share/colcon-core/packages/curvature_srvcli)
[6.303s] DEBUG:colcon.colcon_parallel_executor.executor.parallel:closing loop
[6.303s] DEBUG:colcon.colcon_parallel_executor.executor.parallel:loop closed
[6.303s] DEBUG:colcon.colcon_parallel_executor.executor.parallel:run_until_complete finished with '0'
[6.303s] DEBUG:colcon.colcon_core.event_reactor:joining thread
[6.311s] INFO:colcon.colcon_core.plugin_system:Skipping extension 'colcon_notification.desktop_notification.terminal_notifier': Not used on non-Darwin systems
[6.311s] INFO:colcon.colcon_core.plugin_system:Skipping extension 'colcon_notification.desktop_notification.win32': Not used on non-Windows systems
[6.311s] INFO:colcon.colcon_notification.desktop_notification:Sending desktop notification using 'notify2'
[6.335s] DEBUG:colcon.colcon_core.event_reactor:joined thread
[6.342s] INFO:colcon.colcon_core.shell:Creating prefix script '/home/jkang/InSituNeedle_Manipulation_FBG_FEM_ROS2/install/local_setup.ps1'
[6.344s] INFO:colcon.colcon_core.shell:Creating prefix util module '/home/jkang/InSituNeedle_Manipulation_FBG_FEM_ROS2/install/_local_setup_util_ps1.py'
[6.346s] INFO:colcon.colcon_core.shell:Creating prefix chain script '/home/jkang/InSituNeedle_Manipulation_FBG_FEM_ROS2/install/setup.ps1'
[6.349s] INFO:colcon.colcon_core.shell:Creating prefix script '/home/jkang/InSituNeedle_Manipulation_FBG_FEM_ROS2/install/local_setup.sh'
[6.349s] INFO:colcon.colcon_core.shell:Creating prefix util module '/home/jkang/InSituNeedle_Manipulation_FBG_FEM_ROS2/install/_local_setup_util_sh.py'
[6.350s] INFO:colcon.colcon_core.shell:Creating prefix chain script '/home/jkang/InSituNeedle_Manipulation_FBG_FEM_ROS2/install/setup.sh'
[6.353s] INFO:colcon.colcon_core.shell:Creating prefix script '/home/jkang/InSituNeedle_Manipulation_FBG_FEM_ROS2/install/local_setup.bash'
[6.354s] INFO:colcon.colcon_core.shell:Creating prefix chain script '/home/jkang/InSituNeedle_Manipulation_FBG_FEM_ROS2/install/setup.bash'
[6.356s] INFO:colcon.colcon_core.shell:Creating prefix script '/home/jkang/InSituNeedle_Manipulation_FBG_FEM_ROS2/install/local_setup.zsh'
[6.357s] INFO:colcon.colcon_core.shell:Creating prefix chain script '/home/jkang/InSituNeedle_Manipulation_FBG_FEM_ROS2/install/setup.zsh'
