[0.030s] Invoking command in '/home/jkang/InSituNeedle_Manipulation_FBG_FEM_ROS2/src/FEM/custom/matlab_msg_gen/glnxa64/build/fbg_msgs': PS1=(venv) /home/jkang/MATLAB/R2022b/bin/glnxa64/cmake/bin/cmake --build /home/jkang/InSituNeedle_Manipulation_FBG_FEM_ROS2/src/FEM/custom/matlab_msg_gen/glnxa64/build/fbg_msgs -- -j12 -l12
[0.044s] [0/1] Re-running CMake...
[0.056s] -- Found ament_cmake: 0.9.8 (/home/jkang/MATLAB/R2022b/sys/ros2/glnxa64/ros2/share/ament_cmake/cmake)
[0.076s] -- Found PythonInterp: /home/jkang/.matlab/R2022b/ros2/glnxa64/venv/bin/python3 (found suitable version "3.9.5", minimum required is "3") 
[0.076s] -- Using PYTHON_EXECUTABLE: /home/jkang/.matlab/R2022b/ros2/glnxa64/venv/bin/python3
[0.295s] -- Found ament_cmake_ros: 0.9.2 (/home/jkang/MATLAB/R2022b/sys/ros2/glnxa64/ros2/share/ament_cmake_ros/cmake)
[0.299s] -- Found rosidl_typesupport_c: 1.0.2 (/home/jkang/MATLAB/R2022b/sys/ros2/glnxa64/ros2/share/rosidl_typesupport_c/cmake)
[0.300s] -- Using all available rosidl_typesupport_c: rosidl_typesupport_fastrtps_c;rosidl_typesupport_introspection_c
[0.305s] -- Found rosidl_adapter: 1.2.1 (/home/jkang/MATLAB/R2022b/sys/ros2/glnxa64/ros2/share/rosidl_adapter/cmake)
[0.464s] -- Found rosidl_typesupport_cpp: 1.0.2 (/home/jkang/MATLAB/R2022b/sys/ros2/glnxa64/ros2/share/rosidl_typesupport_cpp/cmake)
[0.464s] -- Using all available rosidl_typesupport_cpp: rosidl_typesupport_fastrtps_cpp;rosidl_typesupport_introspection_cpp
[0.487s] -- Found rosidl_default_generators: 1.0.1 (/home/jkang/MATLAB/R2022b/sys/ros2/glnxa64/ros2/share/rosidl_default_generators/cmake)
[0.492s] -- Found class_loader: 2.0.2 (/home/jkang/MATLAB/R2022b/sys/ros2/glnxa64/ros2/share/class_loader/cmake)
[0.497s] -- Found rclcpp: 2.3.1 (/home/jkang/MATLAB/R2022b/sys/ros2/glnxa64/ros2/share/rclcpp/cmake)
[0.552s] -- Found rmw_implementation_cmake: 1.0.3 (/home/jkang/MATLAB/R2022b/sys/ros2/glnxa64/ros2/share/rmw_implementation_cmake/cmake)
[0.554s] -- Using RMW implementation 'rmw_fastrtps_cpp' as default
[0.682s] -- Found PythonInterp: /home/jkang/.matlab/R2022b/ros2/glnxa64/venv/bin/python3 (found version "3.9.5") 
[0.949s] -- Using all available rosidl_typesupport_c: rosidl_typesupport_fastrtps_c;rosidl_typesupport_introspection_c
[0.957s] -- Using all available rosidl_typesupport_cpp: rosidl_typesupport_fastrtps_cpp;rosidl_typesupport_introspection_cpp
[0.969s] -- Configuring done
[0.997s] -- Generating done
[1.015s] -- Build files have been written to: /home/jkang/InSituNeedle_Manipulation_FBG_FEM_ROS2/src/FEM/custom/matlab_msg_gen/glnxa64/build/fbg_msgs
[1.039s] ninja: no work to do.
[1.041s] Invoked command in '/home/jkang/InSituNeedle_Manipulation_FBG_FEM_ROS2/src/FEM/custom/matlab_msg_gen/glnxa64/build/fbg_msgs' returned '0': PS1=(venv) /home/jkang/MATLAB/R2022b/bin/glnxa64/cmake/bin/cmake --build /home/jkang/InSituNeedle_Manipulation_FBG_FEM_ROS2/src/FEM/custom/matlab_msg_gen/glnxa64/build/fbg_msgs -- -j12 -l12
[1.077s] Invoking command in '/home/jkang/InSituNeedle_Manipulation_FBG_FEM_ROS2/src/FEM/custom/matlab_msg_gen/glnxa64/build/fbg_msgs': PS1=(venv) /home/jkang/MATLAB/R2022b/bin/glnxa64/cmake/bin/cmake --install /home/jkang/InSituNeedle_Manipulation_FBG_FEM_ROS2/src/FEM/custom/matlab_msg_gen/glnxa64/build/fbg_msgs
[1.080s] -- Install configuration: "Release"
[1.081s] -- Up-to-date: /home/jkang/InSituNeedle_Manipulation_FBG_FEM_ROS2/src/FEM/custom/matlab_msg_gen/glnxa64/install/share/ament_index/resource_index/rosidl_interfaces/fbg_msgs
[1.082s] -- Up-to-date: /home/jkang/InSituNeedle_Manipulation_FBG_FEM_ROS2/src/FEM/custom/matlab_msg_gen/glnxa64/install/include/fbg_msgs
[1.082s] -- Up-to-date: /home/jkang/InSituNeedle_Manipulation_FBG_FEM_ROS2/src/FEM/custom/matlab_msg_gen/glnxa64/install/include/fbg_msgs/msg
[1.083s] -- Up-to-date: /home/jkang/InSituNeedle_Manipulation_FBG_FEM_ROS2/src/FEM/custom/matlab_msg_gen/glnxa64/install/include/fbg_msgs/msg/fbg_reading.h
[1.083s] -- Up-to-date: /home/jkang/InSituNeedle_Manipulation_FBG_FEM_ROS2/src/FEM/custom/matlab_msg_gen/glnxa64/install/include/fbg_msgs/msg/curvature.h
[1.084s] -- Up-to-date: /home/jkang/InSituNeedle_Manipulation_FBG_FEM_ROS2/src/FEM/custom/matlab_msg_gen/glnxa64/install/include/fbg_msgs/msg/rosidl_generator_c__visibility_control.h
[1.084s] -- Up-to-date: /home/jkang/InSituNeedle_Manipulation_FBG_FEM_ROS2/src/FEM/custom/matlab_msg_gen/glnxa64/install/include/fbg_msgs/msg/detail
[1.084s] -- Up-to-date: /home/jkang/InSituNeedle_Manipulation_FBG_FEM_ROS2/src/FEM/custom/matlab_msg_gen/glnxa64/install/include/fbg_msgs/msg/detail/curvature__functions.c
[1.084s] -- Up-to-date: /home/jkang/InSituNeedle_Manipulation_FBG_FEM_ROS2/src/FEM/custom/matlab_msg_gen/glnxa64/install/include/fbg_msgs/msg/detail/fbg_reading__functions.h
[1.085s] -- Up-to-date: /home/jkang/InSituNeedle_Manipulation_FBG_FEM_ROS2/src/FEM/custom/matlab_msg_gen/glnxa64/install/include/fbg_msgs/msg/detail/fbg_reading__type_support.h
[1.085s] -- Up-to-date: /home/jkang/InSituNeedle_Manipulation_FBG_FEM_ROS2/src/FEM/custom/matlab_msg_gen/glnxa64/install/include/fbg_msgs/msg/detail/curvature__struct.h
[1.085s] -- Up-to-date: /home/jkang/InSituNeedle_Manipulation_FBG_FEM_ROS2/src/FEM/custom/matlab_msg_gen/glnxa64/install/include/fbg_msgs/msg/detail/fbg_reading__functions.c
[1.086s] -- Up-to-date: /home/jkang/InSituNeedle_Manipulation_FBG_FEM_ROS2/src/FEM/custom/matlab_msg_gen/glnxa64/install/include/fbg_msgs/msg/detail/fbg_reading__struct.h
[1.086s] -- Up-to-date: /home/jkang/InSituNeedle_Manipulation_FBG_FEM_ROS2/src/FEM/custom/matlab_msg_gen/glnxa64/install/include/fbg_msgs/msg/detail/curvature__functions.h
[1.086s] -- Up-to-date: /home/jkang/InSituNeedle_Manipulation_FBG_FEM_ROS2/src/FEM/custom/matlab_msg_gen/glnxa64/install/include/fbg_msgs/msg/detail/curvature__type_support.h
[1.086s] -- Up-to-date: /home/jkang/InSituNeedle_Manipulation_FBG_FEM_ROS2/src/FEM/custom/matlab_msg_gen/glnxa64/install/include/fbg_msgs/srv
[1.087s] -- Up-to-date: /home/jkang/InSituNeedle_Manipulation_FBG_FEM_ROS2/src/FEM/custom/matlab_msg_gen/glnxa64/install/include/fbg_msgs/srv/cal_curvature.h
[1.087s] -- Up-to-date: /home/jkang/InSituNeedle_Manipulation_FBG_FEM_ROS2/src/FEM/custom/matlab_msg_gen/glnxa64/install/include/fbg_msgs/srv/detail
[1.087s] -- Up-to-date: /home/jkang/InSituNeedle_Manipulation_FBG_FEM_ROS2/src/FEM/custom/matlab_msg_gen/glnxa64/install/include/fbg_msgs/srv/detail/cal_curvature__struct.h
[1.087s] -- Up-to-date: /home/jkang/InSituNeedle_Manipulation_FBG_FEM_ROS2/src/FEM/custom/matlab_msg_gen/glnxa64/install/include/fbg_msgs/srv/detail/cal_curvature__functions.c
[1.088s] -- Up-to-date: /home/jkang/InSituNeedle_Manipulation_FBG_FEM_ROS2/src/FEM/custom/matlab_msg_gen/glnxa64/install/include/fbg_msgs/srv/detail/cal_curvature__functions.h
[1.088s] -- Up-to-date: /home/jkang/InSituNeedle_Manipulation_FBG_FEM_ROS2/src/FEM/custom/matlab_msg_gen/glnxa64/install/include/fbg_msgs/srv/detail/cal_curvature__type_support.h
[1.088s] -- Up-to-date: /home/jkang/InSituNeedle_Manipulation_FBG_FEM_ROS2/src/FEM/custom/matlab_msg_gen/glnxa64/install/share/fbg_msgs/environment/library_path.sh
[1.089s] -- Installing: /home/jkang/InSituNeedle_Manipulation_FBG_FEM_ROS2/src/FEM/custom/matlab_msg_gen/glnxa64/install/share/fbg_msgs/environment/library_path.dsv
[1.089s] -- Up-to-date: /home/jkang/InSituNeedle_Manipulation_FBG_FEM_ROS2/src/FEM/custom/matlab_msg_gen/glnxa64/install/lib/libfbg_msgs__rosidl_generator_c.so
[1.089s] -- Up-to-date: /home/jkang/InSituNeedle_Manipulation_FBG_FEM_ROS2/src/FEM/custom/matlab_msg_gen/glnxa64/install/include/fbg_msgs
[1.089s] -- Up-to-date: /home/jkang/InSituNeedle_Manipulation_FBG_FEM_ROS2/src/FEM/custom/matlab_msg_gen/glnxa64/install/include/fbg_msgs/msg
[1.090s] -- Up-to-date: /home/jkang/InSituNeedle_Manipulation_FBG_FEM_ROS2/src/FEM/custom/matlab_msg_gen/glnxa64/install/include/fbg_msgs/msg/detail
[1.090s] -- Up-to-date: /home/jkang/InSituNeedle_Manipulation_FBG_FEM_ROS2/src/FEM/custom/matlab_msg_gen/glnxa64/install/include/fbg_msgs/msg/detail/fbg_reading__rosidl_typesupport_fastrtps_c.h
[1.090s] -- Up-to-date: /home/jkang/InSituNeedle_Manipulation_FBG_FEM_ROS2/src/FEM/custom/matlab_msg_gen/glnxa64/install/include/fbg_msgs/msg/detail/curvature__rosidl_typesupport_fastrtps_c.h
[1.090s] -- Up-to-date: /home/jkang/InSituNeedle_Manipulation_FBG_FEM_ROS2/src/FEM/custom/matlab_msg_gen/glnxa64/install/include/fbg_msgs/msg/rosidl_typesupport_fastrtps_c__visibility_control.h
[1.090s] -- Up-to-date: /home/jkang/InSituNeedle_Manipulation_FBG_FEM_ROS2/src/FEM/custom/matlab_msg_gen/glnxa64/install/include/fbg_msgs/srv
[1.090s] -- Up-to-date: /home/jkang/InSituNeedle_Manipulation_FBG_FEM_ROS2/src/FEM/custom/matlab_msg_gen/glnxa64/install/include/fbg_msgs/srv/detail
[1.091s] -- Up-to-date: /home/jkang/InSituNeedle_Manipulation_FBG_FEM_ROS2/src/FEM/custom/matlab_msg_gen/glnxa64/install/include/fbg_msgs/srv/detail/cal_curvature__rosidl_typesupport_fastrtps_c.h
[1.091s] -- Up-to-date: /home/jkang/InSituNeedle_Manipulation_FBG_FEM_ROS2/src/FEM/custom/matlab_msg_gen/glnxa64/install/lib/libfbg_msgs__rosidl_typesupport_fastrtps_c.so
[1.091s] -- Up-to-date: /home/jkang/InSituNeedle_Manipulation_FBG_FEM_ROS2/src/FEM/custom/matlab_msg_gen/glnxa64/install/include/fbg_msgs
[1.091s] -- Up-to-date: /home/jkang/InSituNeedle_Manipulation_FBG_FEM_ROS2/src/FEM/custom/matlab_msg_gen/glnxa64/install/include/fbg_msgs/msg
[1.091s] -- Up-to-date: /home/jkang/InSituNeedle_Manipulation_FBG_FEM_ROS2/src/FEM/custom/matlab_msg_gen/glnxa64/install/include/fbg_msgs/msg/detail
[1.092s] -- Up-to-date: /home/jkang/InSituNeedle_Manipulation_FBG_FEM_ROS2/src/FEM/custom/matlab_msg_gen/glnxa64/install/include/fbg_msgs/msg/detail/curvature__rosidl_typesupport_fastrtps_cpp.hpp
[1.092s] -- Up-to-date: /home/jkang/InSituNeedle_Manipulation_FBG_FEM_ROS2/src/FEM/custom/matlab_msg_gen/glnxa64/install/include/fbg_msgs/msg/detail/fbg_reading__rosidl_typesupport_fastrtps_cpp.hpp
[1.092s] -- Up-to-date: /home/jkang/InSituNeedle_Manipulation_FBG_FEM_ROS2/src/FEM/custom/matlab_msg_gen/glnxa64/install/include/fbg_msgs/msg/detail/dds_fastrtps
[1.092s] -- Up-to-date: /home/jkang/InSituNeedle_Manipulation_FBG_FEM_ROS2/src/FEM/custom/matlab_msg_gen/glnxa64/install/include/fbg_msgs/msg/rosidl_typesupport_fastrtps_cpp__visibility_control.h
[1.092s] -- Up-to-date: /home/jkang/InSituNeedle_Manipulation_FBG_FEM_ROS2/src/FEM/custom/matlab_msg_gen/glnxa64/install/include/fbg_msgs/srv
[1.093s] -- Up-to-date: /home/jkang/InSituNeedle_Manipulation_FBG_FEM_ROS2/src/FEM/custom/matlab_msg_gen/glnxa64/install/include/fbg_msgs/srv/detail
[1.093s] -- Up-to-date: /home/jkang/InSituNeedle_Manipulation_FBG_FEM_ROS2/src/FEM/custom/matlab_msg_gen/glnxa64/install/include/fbg_msgs/srv/detail/dds_fastrtps
[1.093s] -- Up-to-date: /home/jkang/InSituNeedle_Manipulation_FBG_FEM_ROS2/src/FEM/custom/matlab_msg_gen/glnxa64/install/include/fbg_msgs/srv/detail/cal_curvature__rosidl_typesupport_fastrtps_cpp.hpp
[1.093s] -- Up-to-date: /home/jkang/InSituNeedle_Manipulation_FBG_FEM_ROS2/src/FEM/custom/matlab_msg_gen/glnxa64/install/lib/libfbg_msgs__rosidl_typesupport_fastrtps_cpp.so
[1.094s] -- Up-to-date: /home/jkang/InSituNeedle_Manipulation_FBG_FEM_ROS2/src/FEM/custom/matlab_msg_gen/glnxa64/install/include/fbg_msgs
[1.094s] -- Up-to-date: /home/jkang/InSituNeedle_Manipulation_FBG_FEM_ROS2/src/FEM/custom/matlab_msg_gen/glnxa64/install/include/fbg_msgs/msg
[1.094s] -- Up-to-date: /home/jkang/InSituNeedle_Manipulation_FBG_FEM_ROS2/src/FEM/custom/matlab_msg_gen/glnxa64/install/include/fbg_msgs/msg/rosidl_typesupport_introspection_c__visibility_control.h
[1.095s] -- Up-to-date: /home/jkang/InSituNeedle_Manipulation_FBG_FEM_ROS2/src/FEM/custom/matlab_msg_gen/glnxa64/install/include/fbg_msgs/msg/detail
[1.095s] -- Up-to-date: /home/jkang/InSituNeedle_Manipulation_FBG_FEM_ROS2/src/FEM/custom/matlab_msg_gen/glnxa64/install/include/fbg_msgs/msg/detail/fbg_reading__type_support.c
[1.095s] -- Up-to-date: /home/jkang/InSituNeedle_Manipulation_FBG_FEM_ROS2/src/FEM/custom/matlab_msg_gen/glnxa64/install/include/fbg_msgs/msg/detail/fbg_reading__rosidl_typesupport_introspection_c.h
[1.095s] -- Up-to-date: /home/jkang/InSituNeedle_Manipulation_FBG_FEM_ROS2/src/FEM/custom/matlab_msg_gen/glnxa64/install/include/fbg_msgs/msg/detail/curvature__type_support.c
[1.096s] -- Up-to-date: /home/jkang/InSituNeedle_Manipulation_FBG_FEM_ROS2/src/FEM/custom/matlab_msg_gen/glnxa64/install/include/fbg_msgs/msg/detail/curvature__rosidl_typesupport_introspection_c.h
[1.097s] -- Up-to-date: /home/jkang/InSituNeedle_Manipulation_FBG_FEM_ROS2/src/FEM/custom/matlab_msg_gen/glnxa64/install/include/fbg_msgs/srv
[1.101s] -- Up-to-date: /home/jkang/InSituNeedle_Manipulation_FBG_FEM_ROS2/src/FEM/custom/matlab_msg_gen/glnxa64/install/include/fbg_msgs/srv/detail
[1.102s] -- Up-to-date: /home/jkang/InSituNeedle_Manipulation_FBG_FEM_ROS2/src/FEM/custom/matlab_msg_gen/glnxa64/install/include/fbg_msgs/srv/detail/cal_curvature__rosidl_typesupport_introspection_c.h
[1.102s] -- Up-to-date: /home/jkang/InSituNeedle_Manipulation_FBG_FEM_ROS2/src/FEM/custom/matlab_msg_gen/glnxa64/install/include/fbg_msgs/srv/detail/cal_curvature__type_support.c
[1.102s] -- Up-to-date: /home/jkang/InSituNeedle_Manipulation_FBG_FEM_ROS2/src/FEM/custom/matlab_msg_gen/glnxa64/install/lib/libfbg_msgs__rosidl_typesupport_introspection_c.so
[1.103s] -- Up-to-date: /home/jkang/InSituNeedle_Manipulation_FBG_FEM_ROS2/src/FEM/custom/matlab_msg_gen/glnxa64/install/lib/libfbg_msgs__rosidl_typesupport_c.so
[1.103s] -- Up-to-date: /home/jkang/InSituNeedle_Manipulation_FBG_FEM_ROS2/src/FEM/custom/matlab_msg_gen/glnxa64/install/include/fbg_msgs
[1.103s] -- Up-to-date: /home/jkang/InSituNeedle_Manipulation_FBG_FEM_ROS2/src/FEM/custom/matlab_msg_gen/glnxa64/install/include/fbg_msgs/msg
[1.103s] -- Up-to-date: /home/jkang/InSituNeedle_Manipulation_FBG_FEM_ROS2/src/FEM/custom/matlab_msg_gen/glnxa64/install/include/fbg_msgs/msg/curvature.hpp
[1.106s] -- Up-to-date: /home/jkang/InSituNeedle_Manipulation_FBG_FEM_ROS2/src/FEM/custom/matlab_msg_gen/glnxa64/install/include/fbg_msgs/msg/fbg_reading.hpp
[1.106s] -- Up-to-date: /home/jkang/InSituNeedle_Manipulation_FBG_FEM_ROS2/src/FEM/custom/matlab_msg_gen/glnxa64/install/include/fbg_msgs/msg/detail
[1.107s] -- Up-to-date: /home/jkang/InSituNeedle_Manipulation_FBG_FEM_ROS2/src/FEM/custom/matlab_msg_gen/glnxa64/install/include/fbg_msgs/msg/detail/curvature__builder.hpp
[1.107s] -- Up-to-date: /home/jkang/InSituNeedle_Manipulation_FBG_FEM_ROS2/src/FEM/custom/matlab_msg_gen/glnxa64/install/include/fbg_msgs/msg/detail/curvature__traits.hpp
[1.107s] -- Up-to-date: /home/jkang/InSituNeedle_Manipulation_FBG_FEM_ROS2/src/FEM/custom/matlab_msg_gen/glnxa64/install/include/fbg_msgs/msg/detail/fbg_reading__struct.hpp
[1.107s] -- Up-to-date: /home/jkang/InSituNeedle_Manipulation_FBG_FEM_ROS2/src/FEM/custom/matlab_msg_gen/glnxa64/install/include/fbg_msgs/msg/detail/fbg_reading__traits.hpp
[1.107s] -- Up-to-date: /home/jkang/InSituNeedle_Manipulation_FBG_FEM_ROS2/src/FEM/custom/matlab_msg_gen/glnxa64/install/include/fbg_msgs/msg/detail/curvature__struct.hpp
[1.108s] -- Up-to-date: /home/jkang/InSituNeedle_Manipulation_FBG_FEM_ROS2/src/FEM/custom/matlab_msg_gen/glnxa64/install/include/fbg_msgs/msg/detail/fbg_reading__builder.hpp
[1.108s] -- Up-to-date: /home/jkang/InSituNeedle_Manipulation_FBG_FEM_ROS2/src/FEM/custom/matlab_msg_gen/glnxa64/install/include/fbg_msgs/srv
[1.108s] -- Up-to-date: /home/jkang/InSituNeedle_Manipulation_FBG_FEM_ROS2/src/FEM/custom/matlab_msg_gen/glnxa64/install/include/fbg_msgs/srv/detail
[1.108s] -- Up-to-date: /home/jkang/InSituNeedle_Manipulation_FBG_FEM_ROS2/src/FEM/custom/matlab_msg_gen/glnxa64/install/include/fbg_msgs/srv/detail/cal_curvature__builder.hpp
[1.111s] -- Up-to-date: /home/jkang/InSituNeedle_Manipulation_FBG_FEM_ROS2/src/FEM/custom/matlab_msg_gen/glnxa64/install/include/fbg_msgs/srv/detail/cal_curvature__traits.hpp
[1.111s] -- Up-to-date: /home/jkang/InSituNeedle_Manipulation_FBG_FEM_ROS2/src/FEM/custom/matlab_msg_gen/glnxa64/install/include/fbg_msgs/srv/detail/cal_curvature__struct.hpp
[1.113s] -- Up-to-date: /home/jkang/InSituNeedle_Manipulation_FBG_FEM_ROS2/src/FEM/custom/matlab_msg_gen/glnxa64/install/include/fbg_msgs/srv/cal_curvature.hpp
[1.117s] -- Up-to-date: /home/jkang/InSituNeedle_Manipulation_FBG_FEM_ROS2/src/FEM/custom/matlab_msg_gen/glnxa64/install/include/fbg_msgs
[1.118s] -- Up-to-date: /home/jkang/InSituNeedle_Manipulation_FBG_FEM_ROS2/src/FEM/custom/matlab_msg_gen/glnxa64/install/include/fbg_msgs/msg
[1.118s] -- Up-to-date: /home/jkang/InSituNeedle_Manipulation_FBG_FEM_ROS2/src/FEM/custom/matlab_msg_gen/glnxa64/install/include/fbg_msgs/msg/detail
[1.118s] -- Up-to-date: /home/jkang/InSituNeedle_Manipulation_FBG_FEM_ROS2/src/FEM/custom/matlab_msg_gen/glnxa64/install/include/fbg_msgs/msg/detail/fbg_reading__type_support.cpp
[1.122s] -- Up-to-date: /home/jkang/InSituNeedle_Manipulation_FBG_FEM_ROS2/src/FEM/custom/matlab_msg_gen/glnxa64/install/include/fbg_msgs/msg/detail/fbg_reading__rosidl_typesupport_introspection_cpp.hpp
[1.123s] -- Up-to-date: /home/jkang/InSituNeedle_Manipulation_FBG_FEM_ROS2/src/FEM/custom/matlab_msg_gen/glnxa64/install/include/fbg_msgs/msg/detail/curvature__type_support.cpp
[1.123s] -- Up-to-date: /home/jkang/InSituNeedle_Manipulation_FBG_FEM_ROS2/src/FEM/custom/matlab_msg_gen/glnxa64/install/include/fbg_msgs/msg/detail/curvature__rosidl_typesupport_introspection_cpp.hpp
[1.123s] -- Up-to-date: /home/jkang/InSituNeedle_Manipulation_FBG_FEM_ROS2/src/FEM/custom/matlab_msg_gen/glnxa64/install/include/fbg_msgs/srv
[1.124s] -- Up-to-date: /home/jkang/InSituNeedle_Manipulation_FBG_FEM_ROS2/src/FEM/custom/matlab_msg_gen/glnxa64/install/include/fbg_msgs/srv/detail
[1.124s] -- Up-to-date: /home/jkang/InSituNeedle_Manipulation_FBG_FEM_ROS2/src/FEM/custom/matlab_msg_gen/glnxa64/install/include/fbg_msgs/srv/detail/cal_curvature__type_support.cpp
[1.124s] -- Up-to-date: /home/jkang/InSituNeedle_Manipulation_FBG_FEM_ROS2/src/FEM/custom/matlab_msg_gen/glnxa64/install/include/fbg_msgs/srv/detail/cal_curvature__rosidl_typesupport_introspection_cpp.hpp
[1.125s] -- Up-to-date: /home/jkang/InSituNeedle_Manipulation_FBG_FEM_ROS2/src/FEM/custom/matlab_msg_gen/glnxa64/install/lib/libfbg_msgs__rosidl_typesupport_introspection_cpp.so
[1.125s] -- Up-to-date: /home/jkang/InSituNeedle_Manipulation_FBG_FEM_ROS2/src/FEM/custom/matlab_msg_gen/glnxa64/install/lib/libfbg_msgs__rosidl_typesupport_cpp.so
[1.125s] -- Up-to-date: /home/jkang/InSituNeedle_Manipulation_FBG_FEM_ROS2/src/FEM/custom/matlab_msg_gen/glnxa64/install/share/fbg_msgs/msg/Curvature.idl
[1.126s] -- Up-to-date: /home/jkang/InSituNeedle_Manipulation_FBG_FEM_ROS2/src/FEM/custom/matlab_msg_gen/glnxa64/install/share/fbg_msgs/msg/FbgReading.idl
[1.126s] -- Up-to-date: /home/jkang/InSituNeedle_Manipulation_FBG_FEM_ROS2/src/FEM/custom/matlab_msg_gen/glnxa64/install/share/fbg_msgs/srv/CalCurvature.idl
[1.126s] -- Up-to-date: /home/jkang/InSituNeedle_Manipulation_FBG_FEM_ROS2/src/FEM/custom/matlab_msg_gen/glnxa64/install/share/fbg_msgs/msg/Curvature.msg
[1.126s] -- Up-to-date: /home/jkang/InSituNeedle_Manipulation_FBG_FEM_ROS2/src/FEM/custom/matlab_msg_gen/glnxa64/install/share/fbg_msgs/msg/FbgReading.msg
[1.126s] -- Up-to-date: /home/jkang/InSituNeedle_Manipulation_FBG_FEM_ROS2/src/FEM/custom/matlab_msg_gen/glnxa64/install/share/fbg_msgs/srv/CalCurvature.srv
[1.127s] -- Up-to-date: /home/jkang/InSituNeedle_Manipulation_FBG_FEM_ROS2/src/FEM/custom/matlab_msg_gen/glnxa64/install/share/fbg_msgs/srv/CalCurvature_Request.msg
[1.127s] -- Up-to-date: /home/jkang/InSituNeedle_Manipulation_FBG_FEM_ROS2/src/FEM/custom/matlab_msg_gen/glnxa64/install/share/fbg_msgs/srv/CalCurvature_Response.msg
[1.127s] -- Up-to-date: /home/jkang/InSituNeedle_Manipulation_FBG_FEM_ROS2/src/FEM/custom/matlab_msg_gen/glnxa64/install/include
[1.127s] -- Up-to-date: /home/jkang/InSituNeedle_Manipulation_FBG_FEM_ROS2/src/FEM/custom/matlab_msg_gen/glnxa64/install/include/fbg_msgs
[1.128s] -- Up-to-date: /home/jkang/InSituNeedle_Manipulation_FBG_FEM_ROS2/src/FEM/custom/matlab_msg_gen/glnxa64/install/include/fbg_msgs/visibility_control.h
[1.128s] -- Up-to-date: /home/jkang/InSituNeedle_Manipulation_FBG_FEM_ROS2/src/FEM/custom/matlab_msg_gen/glnxa64/install/lib/libfbg_msgs_matlab.so
[1.128s] -- Up-to-date: /home/jkang/InSituNeedle_Manipulation_FBG_FEM_ROS2/src/FEM/custom/matlab_msg_gen/glnxa64/install/m/
[1.133s] -- Up-to-date: /home/jkang/InSituNeedle_Manipulation_FBG_FEM_ROS2/src/FEM/custom/matlab_msg_gen/glnxa64/install/m//+ros
[1.140s] -- Up-to-date: /home/jkang/InSituNeedle_Manipulation_FBG_FEM_ROS2/src/FEM/custom/matlab_msg_gen/glnxa64/install/m//+ros/+internal
[1.141s] -- Up-to-date: /home/jkang/InSituNeedle_Manipulation_FBG_FEM_ROS2/src/FEM/custom/matlab_msg_gen/glnxa64/install/m//+ros/+internal/+ros2
[1.142s] -- Up-to-date: /home/jkang/InSituNeedle_Manipulation_FBG_FEM_ROS2/src/FEM/custom/matlab_msg_gen/glnxa64/install/m//+ros/+internal/+ros2/+custommessages
[1.142s] -- Up-to-date: /home/jkang/InSituNeedle_Manipulation_FBG_FEM_ROS2/src/FEM/custom/matlab_msg_gen/glnxa64/install/m//+ros/+internal/+ros2/+custommessages/+fbg_msgs
[1.143s] -- Up-to-date: /home/jkang/InSituNeedle_Manipulation_FBG_FEM_ROS2/src/FEM/custom/matlab_msg_gen/glnxa64/install/m//+ros/+internal/+ros2/+custommessages/+fbg_msgs/fbg_msgs_msg_FbgReading_2To1_Converter.m
[1.143s] -- Up-to-date: /home/jkang/InSituNeedle_Manipulation_FBG_FEM_ROS2/src/FEM/custom/matlab_msg_gen/glnxa64/install/m//+ros/+internal/+ros2/+custommessages/+fbg_msgs/calCurvatureResponse.m
[1.143s] -- Up-to-date: /home/jkang/InSituNeedle_Manipulation_FBG_FEM_ROS2/src/FEM/custom/matlab_msg_gen/glnxa64/install/m//+ros/+internal/+ros2/+custommessages/+fbg_msgs/calCurvatureRequest.m
[1.143s] -- Up-to-date: /home/jkang/InSituNeedle_Manipulation_FBG_FEM_ROS2/src/FEM/custom/matlab_msg_gen/glnxa64/install/m//+ros/+internal/+ros2/+custommessages/+fbg_msgs/fbg_msgs_msg_FbgReading_1To2_Converter.m
[1.152s] -- Up-to-date: /home/jkang/InSituNeedle_Manipulation_FBG_FEM_ROS2/src/FEM/custom/matlab_msg_gen/glnxa64/install/m//+ros/+internal/+ros2/+custommessages/+fbg_msgs/curvature.m
[1.152s] -- Up-to-date: /home/jkang/InSituNeedle_Manipulation_FBG_FEM_ROS2/src/FEM/custom/matlab_msg_gen/glnxa64/install/m//+ros/+internal/+ros2/+custommessages/+fbg_msgs/fbg_msgs_msg_Curvature_1To2_Converter.m
[1.153s] -- Up-to-date: /home/jkang/InSituNeedle_Manipulation_FBG_FEM_ROS2/src/FEM/custom/matlab_msg_gen/glnxa64/install/m//+ros/+internal/+ros2/+custommessages/+fbg_msgs/fbg_msgs_msg_Curvature_2To1_Converter.m
[1.153s] -- Up-to-date: /home/jkang/InSituNeedle_Manipulation_FBG_FEM_ROS2/src/FEM/custom/matlab_msg_gen/glnxa64/install/m//+ros/+internal/+ros2/+custommessages/+fbg_msgs/fbgReading.m
[1.153s] -- Up-to-date: /home/jkang/InSituNeedle_Manipulation_FBG_FEM_ROS2/src/FEM/custom/matlab_msg_gen/glnxa64/install/share/ament_index/resource_index/package_run_dependencies/fbg_msgs
[1.162s] -- Up-to-date: /home/jkang/InSituNeedle_Manipulation_FBG_FEM_ROS2/src/FEM/custom/matlab_msg_gen/glnxa64/install/share/ament_index/resource_index/parent_prefix_path/fbg_msgs
[1.163s] -- Up-to-date: /home/jkang/InSituNeedle_Manipulation_FBG_FEM_ROS2/src/FEM/custom/matlab_msg_gen/glnxa64/install/share/fbg_msgs/environment/ament_prefix_path.sh
[1.164s] -- Installing: /home/jkang/InSituNeedle_Manipulation_FBG_FEM_ROS2/src/FEM/custom/matlab_msg_gen/glnxa64/install/share/fbg_msgs/environment/ament_prefix_path.dsv
[1.164s] -- Up-to-date: /home/jkang/InSituNeedle_Manipulation_FBG_FEM_ROS2/src/FEM/custom/matlab_msg_gen/glnxa64/install/share/fbg_msgs/environment/path.sh
[1.165s] -- Installing: /home/jkang/InSituNeedle_Manipulation_FBG_FEM_ROS2/src/FEM/custom/matlab_msg_gen/glnxa64/install/share/fbg_msgs/environment/path.dsv
[1.165s] -- Up-to-date: /home/jkang/InSituNeedle_Manipulation_FBG_FEM_ROS2/src/FEM/custom/matlab_msg_gen/glnxa64/install/share/fbg_msgs/local_setup.bash
[1.165s] -- Up-to-date: /home/jkang/InSituNeedle_Manipulation_FBG_FEM_ROS2/src/FEM/custom/matlab_msg_gen/glnxa64/install/share/fbg_msgs/local_setup.sh
[1.165s] -- Up-to-date: /home/jkang/InSituNeedle_Manipulation_FBG_FEM_ROS2/src/FEM/custom/matlab_msg_gen/glnxa64/install/share/fbg_msgs/local_setup.zsh
[1.166s] -- Installing: /home/jkang/InSituNeedle_Manipulation_FBG_FEM_ROS2/src/FEM/custom/matlab_msg_gen/glnxa64/install/share/fbg_msgs/local_setup.dsv
[1.167s] -- Installing: /home/jkang/InSituNeedle_Manipulation_FBG_FEM_ROS2/src/FEM/custom/matlab_msg_gen/glnxa64/install/share/fbg_msgs/package.dsv
[1.168s] -- Up-to-date: /home/jkang/InSituNeedle_Manipulation_FBG_FEM_ROS2/src/FEM/custom/matlab_msg_gen/glnxa64/install/share/ament_index/resource_index/packages/fbg_msgs
[1.168s] -- Up-to-date: /home/jkang/InSituNeedle_Manipulation_FBG_FEM_ROS2/src/FEM/custom/matlab_msg_gen/glnxa64/install/share/fbg_msgs/cmake/fbg_msgs__rosidl_generator_cExport.cmake
[1.168s] -- Installing: /home/jkang/InSituNeedle_Manipulation_FBG_FEM_ROS2/src/FEM/custom/matlab_msg_gen/glnxa64/install/share/fbg_msgs/cmake/fbg_msgs__rosidl_generator_cExport-release.cmake
[1.168s] -- Up-to-date: /home/jkang/InSituNeedle_Manipulation_FBG_FEM_ROS2/src/FEM/custom/matlab_msg_gen/glnxa64/install/share/fbg_msgs/cmake/fbg_msgs__rosidl_typesupport_introspection_cExport.cmake
[1.170s] -- Installing: /home/jkang/InSituNeedle_Manipulation_FBG_FEM_ROS2/src/FEM/custom/matlab_msg_gen/glnxa64/install/share/fbg_msgs/cmake/fbg_msgs__rosidl_typesupport_introspection_cExport-release.cmake
[1.170s] -- Up-to-date: /home/jkang/InSituNeedle_Manipulation_FBG_FEM_ROS2/src/FEM/custom/matlab_msg_gen/glnxa64/install/share/fbg_msgs/cmake/fbg_msgs__rosidl_typesupport_cExport.cmake
[1.171s] -- Installing: /home/jkang/InSituNeedle_Manipulation_FBG_FEM_ROS2/src/FEM/custom/matlab_msg_gen/glnxa64/install/share/fbg_msgs/cmake/fbg_msgs__rosidl_typesupport_cExport-release.cmake
[1.171s] -- Up-to-date: /home/jkang/InSituNeedle_Manipulation_FBG_FEM_ROS2/src/FEM/custom/matlab_msg_gen/glnxa64/install/share/fbg_msgs/cmake/fbg_msgs__rosidl_generator_cppExport.cmake
[1.171s] -- Up-to-date: /home/jkang/InSituNeedle_Manipulation_FBG_FEM_ROS2/src/FEM/custom/matlab_msg_gen/glnxa64/install/share/fbg_msgs/cmake/fbg_msgs__rosidl_typesupport_introspection_cppExport.cmake
[1.171s] -- Installing: /home/jkang/InSituNeedle_Manipulation_FBG_FEM_ROS2/src/FEM/custom/matlab_msg_gen/glnxa64/install/share/fbg_msgs/cmake/fbg_msgs__rosidl_typesupport_introspection_cppExport-release.cmake
[1.171s] -- Up-to-date: /home/jkang/InSituNeedle_Manipulation_FBG_FEM_ROS2/src/FEM/custom/matlab_msg_gen/glnxa64/install/share/fbg_msgs/cmake/fbg_msgs__rosidl_typesupport_cppExport.cmake
[1.171s] -- Installing: /home/jkang/InSituNeedle_Manipulation_FBG_FEM_ROS2/src/FEM/custom/matlab_msg_gen/glnxa64/install/share/fbg_msgs/cmake/fbg_msgs__rosidl_typesupport_cppExport-release.cmake
[1.171s] -- Up-to-date: /home/jkang/InSituNeedle_Manipulation_FBG_FEM_ROS2/src/FEM/custom/matlab_msg_gen/glnxa64/install/share/fbg_msgs/cmake/rosidl_cmake-extras.cmake
[1.171s] -- Up-to-date: /home/jkang/InSituNeedle_Manipulation_FBG_FEM_ROS2/src/FEM/custom/matlab_msg_gen/glnxa64/install/share/fbg_msgs/cmake/ament_cmake_export_dependencies-extras.cmake
[1.171s] -- Up-to-date: /home/jkang/InSituNeedle_Manipulation_FBG_FEM_ROS2/src/FEM/custom/matlab_msg_gen/glnxa64/install/share/fbg_msgs/cmake/ament_cmake_export_libraries-extras.cmake
[1.171s] -- Up-to-date: /home/jkang/InSituNeedle_Manipulation_FBG_FEM_ROS2/src/FEM/custom/matlab_msg_gen/glnxa64/install/share/fbg_msgs/cmake/ament_cmake_export_targets-extras.cmake
[1.171s] -- Up-to-date: /home/jkang/InSituNeedle_Manipulation_FBG_FEM_ROS2/src/FEM/custom/matlab_msg_gen/glnxa64/install/share/fbg_msgs/cmake/ament_cmake_export_include_directories-extras.cmake
[1.172s] -- Up-to-date: /home/jkang/InSituNeedle_Manipulation_FBG_FEM_ROS2/src/FEM/custom/matlab_msg_gen/glnxa64/install/share/fbg_msgs/cmake/rosidl_cmake_export_typesupport_libraries-extras.cmake
[1.172s] -- Up-to-date: /home/jkang/InSituNeedle_Manipulation_FBG_FEM_ROS2/src/FEM/custom/matlab_msg_gen/glnxa64/install/share/fbg_msgs/cmake/rosidl_cmake_export_typesupport_targets-extras.cmake
[1.172s] -- Up-to-date: /home/jkang/InSituNeedle_Manipulation_FBG_FEM_ROS2/src/FEM/custom/matlab_msg_gen/glnxa64/install/share/fbg_msgs/cmake/fbg_msgsConfig.cmake
[1.172s] -- Up-to-date: /home/jkang/InSituNeedle_Manipulation_FBG_FEM_ROS2/src/FEM/custom/matlab_msg_gen/glnxa64/install/share/fbg_msgs/cmake/fbg_msgsConfig-version.cmake
[1.172s] -- Installing: /home/jkang/InSituNeedle_Manipulation_FBG_FEM_ROS2/src/FEM/custom/matlab_msg_gen/glnxa64/install/share/fbg_msgs/package.xml
[1.172s] Invoked command in '/home/jkang/InSituNeedle_Manipulation_FBG_FEM_ROS2/src/FEM/custom/matlab_msg_gen/glnxa64/build/fbg_msgs' returned '0': PS1=(venv) /home/jkang/MATLAB/R2022b/bin/glnxa64/cmake/bin/cmake --install /home/jkang/InSituNeedle_Manipulation_FBG_FEM_ROS2/src/FEM/custom/matlab_msg_gen/glnxa64/build/fbg_msgs
