[1.293s] Invoking command in '/home/jkang/InSituNeedle_Manipulation_FBG_FEM_ROS2/src/sm130_interrogator': PYTHONPATH=/home/jkang/InSituNeedle_Manipulation_FBG_FEM_ROS2/build/sm130_interrogator/prefix_override:/home/jkang/InSituNeedle_Manipulation_FBG_FEM_ROS2/install/sm130_interrogator/lib/python3.8/site-packages:${PYTHONPATH} /usr/bin/python3 setup.py egg_info --egg-base ../../build/sm130_interrogator build --build-base /home/jkang/InSituNeedle_Manipulation_FBG_FEM_ROS2/build/sm130_interrogator/build install --record /home/jkang/InSituNeedle_Manipulation_FBG_FEM_ROS2/build/sm130_interrogator/install.log --single-version-externally-managed
[1.750s] running egg_info
[1.750s] creating ../../build/sm130_interrogator/sm130_interrogator.egg-info
[1.769s] writing ../../build/sm130_interrogator/sm130_interrogator.egg-info/PKG-INFO
[1.769s] writing dependency_links to ../../build/sm130_interrogator/sm130_interrogator.egg-info/dependency_links.txt
[1.769s] writing entry points to ../../build/sm130_interrogator/sm130_interrogator.egg-info/entry_points.txt
[1.769s] writing requirements to ../../build/sm130_interrogator/sm130_interrogator.egg-info/requires.txt
[1.770s] writing top-level names to ../../build/sm130_interrogator/sm130_interrogator.egg-info/top_level.txt
[1.771s] writing manifest file '../../build/sm130_interrogator/sm130_interrogator.egg-info/SOURCES.txt'
[1.808s] reading manifest file '../../build/sm130_interrogator/sm130_interrogator.egg-info/SOURCES.txt'
[1.809s] writing manifest file '../../build/sm130_interrogator/sm130_interrogator.egg-info/SOURCES.txt'
[1.809s] running build
[1.809s] running build_py
[1.809s] creating /home/jkang/InSituNeedle_Manipulation_FBG_FEM_ROS2/build/sm130_interrogator/build
[1.810s] creating /home/jkang/InSituNeedle_Manipulation_FBG_FEM_ROS2/build/sm130_interrogator/build/lib
[1.810s] creating /home/jkang/InSituNeedle_Manipulation_FBG_FEM_ROS2/build/sm130_interrogator/build/lib/sm130_interrogator
[1.810s] copying sm130_interrogator/talker.py -> /home/jkang/InSituNeedle_Manipulation_FBG_FEM_ROS2/build/sm130_interrogator/build/lib/sm130_interrogator
[1.810s] copying sm130_interrogator/sm130_read.py -> /home/jkang/InSituNeedle_Manipulation_FBG_FEM_ROS2/build/sm130_interrogator/build/lib/sm130_interrogator
[1.810s] copying sm130_interrogator/listener.py -> /home/jkang/InSituNeedle_Manipulation_FBG_FEM_ROS2/build/sm130_interrogator/build/lib/sm130_interrogator
[1.810s] copying sm130_interrogator/__init__.py -> /home/jkang/InSituNeedle_Manipulation_FBG_FEM_ROS2/build/sm130_interrogator/build/lib/sm130_interrogator
[1.811s] copying sm130_interrogator/sm130_member_function.py -> /home/jkang/InSituNeedle_Manipulation_FBG_FEM_ROS2/build/sm130_interrogator/build/lib/sm130_interrogator
[1.811s] running install
[1.811s] /home/jkang/.local/lib/python3.8/site-packages/setuptools/command/install.py:34: SetuptoolsDeprecationWarning: setup.py install is deprecated. Use build and pip and other standards-based tools.
[1.811s]   warnings.warn(
[1.818s] running install_lib
[1.837s] creating /home/jkang/InSituNeedle_Manipulation_FBG_FEM_ROS2/install/sm130_interrogator/lib/python3.8/site-packages/sm130_interrogator
[1.837s] copying /home/jkang/InSituNeedle_Manipulation_FBG_FEM_ROS2/build/sm130_interrogator/build/lib/sm130_interrogator/talker.py -> /home/jkang/InSituNeedle_Manipulation_FBG_FEM_ROS2/install/sm130_interrogator/lib/python3.8/site-packages/sm130_interrogator
[1.837s] copying /home/jkang/InSituNeedle_Manipulation_FBG_FEM_ROS2/build/sm130_interrogator/build/lib/sm130_interrogator/sm130_read.py -> /home/jkang/InSituNeedle_Manipulation_FBG_FEM_ROS2/install/sm130_interrogator/lib/python3.8/site-packages/sm130_interrogator
[1.837s] copying /home/jkang/InSituNeedle_Manipulation_FBG_FEM_ROS2/build/sm130_interrogator/build/lib/sm130_interrogator/listener.py -> /home/jkang/InSituNeedle_Manipulation_FBG_FEM_ROS2/install/sm130_interrogator/lib/python3.8/site-packages/sm130_interrogator
[1.837s] copying /home/jkang/InSituNeedle_Manipulation_FBG_FEM_ROS2/build/sm130_interrogator/build/lib/sm130_interrogator/__init__.py -> /home/jkang/InSituNeedle_Manipulation_FBG_FEM_ROS2/install/sm130_interrogator/lib/python3.8/site-packages/sm130_interrogator
[1.838s] copying /home/jkang/InSituNeedle_Manipulation_FBG_FEM_ROS2/build/sm130_interrogator/build/lib/sm130_interrogator/sm130_member_function.py -> /home/jkang/InSituNeedle_Manipulation_FBG_FEM_ROS2/install/sm130_interrogator/lib/python3.8/site-packages/sm130_interrogator
[1.838s] byte-compiling /home/jkang/InSituNeedle_Manipulation_FBG_FEM_ROS2/install/sm130_interrogator/lib/python3.8/site-packages/sm130_interrogator/talker.py to talker.cpython-38.pyc
[1.838s] byte-compiling /home/jkang/InSituNeedle_Manipulation_FBG_FEM_ROS2/install/sm130_interrogator/lib/python3.8/site-packages/sm130_interrogator/sm130_read.py to sm130_read.cpython-38.pyc
[1.840s] byte-compiling /home/jkang/InSituNeedle_Manipulation_FBG_FEM_ROS2/install/sm130_interrogator/lib/python3.8/site-packages/sm130_interrogator/listener.py to listener.cpython-38.pyc
[1.841s] byte-compiling /home/jkang/InSituNeedle_Manipulation_FBG_FEM_ROS2/install/sm130_interrogator/lib/python3.8/site-packages/sm130_interrogator/__init__.py to __init__.cpython-38.pyc
[1.841s] byte-compiling /home/jkang/InSituNeedle_Manipulation_FBG_FEM_ROS2/install/sm130_interrogator/lib/python3.8/site-packages/sm130_interrogator/sm130_member_function.py to sm130_member_function.cpython-38.pyc
[1.841s]   File "/home/jkang/InSituNeedle_Manipulation_FBG_FEM_ROS2/install/sm130_interrogator/lib/python3.8/site-packages/sm130_interrogator/sm130_member_function.py", line 56
[1.841s]     def callback(self)
[1.841s]                      ^
[1.842s] SyntaxError: invalid syntax
[1.842s] 
[1.842s] running install_data
[1.859s] creating /home/jkang/InSituNeedle_Manipulation_FBG_FEM_ROS2/install/sm130_interrogator/share/ament_index
[1.859s] creating /home/jkang/InSituNeedle_Manipulation_FBG_FEM_ROS2/install/sm130_interrogator/share/ament_index/resource_index
[1.860s] creating /home/jkang/InSituNeedle_Manipulation_FBG_FEM_ROS2/install/sm130_interrogator/share/ament_index/resource_index/packages
[1.860s] copying resource/sm130_interrogator -> /home/jkang/InSituNeedle_Manipulation_FBG_FEM_ROS2/install/sm130_interrogator/share/ament_index/resource_index/packages
[1.860s] copying package.xml -> /home/jkang/InSituNeedle_Manipulation_FBG_FEM_ROS2/install/sm130_interrogator/share/sm130_interrogator
[1.860s] running install_egg_info
[1.879s] Copying ../../build/sm130_interrogator/sm130_interrogator.egg-info to /home/jkang/InSituNeedle_Manipulation_FBG_FEM_ROS2/install/sm130_interrogator/lib/python3.8/site-packages/sm130_interrogator-0.0.0-py3.8.egg-info
[1.880s] running install_scripts
[1.963s] Installing listener script to /home/jkang/InSituNeedle_Manipulation_FBG_FEM_ROS2/install/sm130_interrogator/lib/sm130_interrogator
[1.963s] Installing talker script to /home/jkang/InSituNeedle_Manipulation_FBG_FEM_ROS2/install/sm130_interrogator/lib/sm130_interrogator
[1.964s] writing list of installed files to '/home/jkang/InSituNeedle_Manipulation_FBG_FEM_ROS2/build/sm130_interrogator/install.log'
[2.005s] Invoked command in '/home/jkang/InSituNeedle_Manipulation_FBG_FEM_ROS2/src/sm130_interrogator' returned '0': PYTHONPATH=/home/jkang/InSituNeedle_Manipulation_FBG_FEM_ROS2/build/sm130_interrogator/prefix_override:/home/jkang/InSituNeedle_Manipulation_FBG_FEM_ROS2/install/sm130_interrogator/lib/python3.8/site-packages:${PYTHONPATH} /usr/bin/python3 setup.py egg_info --egg-base ../../build/sm130_interrogator build --build-base /home/jkang/InSituNeedle_Manipulation_FBG_FEM_ROS2/build/sm130_interrogator/build install --record /home/jkang/InSituNeedle_Manipulation_FBG_FEM_ROS2/build/sm130_interrogator/install.log --single-version-externally-managed
