[0.155s] Invoking command in '/home/yangshengxu/Desktop/InSituNeedle_Manipulation_FBG_FEM_ROS2/build/fbg_msgs': CMAKE_PREFIX_PATH=/opt/ros/galactic /usr/bin/cmake --build /home/yangshengxu/Desktop/InSituNeedle_Manipulation_FBG_FEM_ROS2/build/fbg_msgs -- -j8 -l8
[0.173s] -- Found ament_cmake: 1.1.6 (/opt/ros/galactic/share/ament_cmake/cmake)
[0.188s] -- Found PythonInterp: /usr/bin/python3 (found suitable version "3.8.10", minimum required is "3") 
[0.188s] -- Using PYTHON_EXECUTABLE: /usr/bin/python3
[0.230s] -- Found rclcpp: 9.2.2 (/opt/ros/galactic/share/rclcpp/cmake)
[0.255s] -- Using all available rosidl_typesupport_c: rosidl_typesupport_fastrtps_c;rosidl_typesupport_introspection_c
[0.257s] -- Found rosidl_adapter: 2.2.3 (/opt/ros/galactic/share/rosidl_adapter/cmake)
[0.340s] -- Using all available rosidl_typesupport_cpp: rosidl_typesupport_fastrtps_cpp;rosidl_typesupport_introspection_cpp
[0.377s] -- Found rmw_implementation_cmake: 3.3.1 (/opt/ros/galactic/share/rmw_implementation_cmake/cmake)
[0.378s] -- Found rmw_cyclonedds_cpp: 0.22.6 (/opt/ros/galactic/share/rmw_cyclonedds_cpp/cmake)
[0.391s] -- Using RMW implementation 'rmw_cyclonedds_cpp' as default
[0.493s] -- Found rosidl_default_generators: 1.1.1 (/opt/ros/galactic/share/rosidl_default_generators/cmake)
[0.515s] -- Found PythonInterp: /usr/bin/python3 (found version "3.8.10") 
[0.599s] -- Found ament_cmake_ros: 0.9.2 (/opt/ros/galactic/share/ament_cmake_ros/cmake)
[0.664s] -- Using all available rosidl_typesupport_c: rosidl_typesupport_fastrtps_c;rosidl_typesupport_introspection_c
[0.668s] -- Using all available rosidl_typesupport_cpp: rosidl_typesupport_fastrtps_cpp;rosidl_typesupport_introspection_cpp
[0.684s] -- Found PythonInterp: /usr/bin/python3 (found suitable version "3.8.10", minimum required is "3.5") 
[0.684s] -- Found python_cmake_module: 0.8.1 (/opt/ros/galactic/share/python_cmake_module/cmake)
[0.703s] -- Using PYTHON_EXECUTABLE: /usr/bin/python3
[0.703s] -- Using PYTHON_INCLUDE_DIRS: /usr/include/python3.8
[0.703s] -- Using PYTHON_LIBRARIES: /usr/lib/x86_64-linux-gnu/libpython3.8.so
[0.713s] -- Found ament_lint_auto: 0.10.7 (/opt/ros/galactic/share/ament_lint_auto/cmake)
[0.720s] -- Added test 'copyright' to check source files copyright and LICENSE
[0.721s] -- Added test 'lint_cmake' to check CMake code style
[0.721s] -- Added test 'xmllint' to check XML markup files
[0.724s] -- Configuring done
[0.744s] -- Generating done
[0.746s] -- Build files have been written to: /home/yangshengxu/Desktop/InSituNeedle_Manipulation_FBG_FEM_ROS2/build/fbg_msgs
[0.764s] [  2%] [34m[1mGenerating C code for ROS interfaces[0m
[0.764s] [35m[1mScanning dependencies of target fbg_msgs__cpp[0m
[0.771s] [  5%] [34m[1mGenerating C++ code for ROS interfaces[0m
[0.952s] [  5%] Built target fbg_msgs__cpp
[0.958s] [  7%] [34m[1mGenerating C++ type support for eProsima Fast-RTPS[0m
[0.958s] [ 10%] [34m[1mGenerating C++ introspection for ROS interfaces[0m
[0.959s] [ 12%] [34m[1mGenerating C++ type support dispatch for ROS interfaces[0m
[0.963s] [35m[1mScanning dependencies of target fbg_msgs__rosidl_generator_c[0m
[0.971s] [ 15%] [32mBuilding C object CMakeFiles/fbg_msgs__rosidl_generator_c.dir/rosidl_generator_c/fbg_msgs/msg/detail/curvature__functions.c.o[0m
[0.972s] [ 17%] [32mBuilding C object CMakeFiles/fbg_msgs__rosidl_generator_c.dir/rosidl_generator_c/fbg_msgs/msg/detail/fbg_reading__functions.c.o[0m
[1.014s] [ 20%] [32m[1mLinking C shared library libfbg_msgs__rosidl_generator_c.so[0m
[1.037s] [ 20%] Built target fbg_msgs__rosidl_generator_c
[1.044s] [ 23%] [34m[1mGenerating C introspection for ROS interfaces[0m
[1.046s] [ 25%] [34m[1mGenerating C type support dispatch for ROS interfaces[0m
[1.111s] [35m[1mScanning dependencies of target fbg_msgs__rosidl_typesupport_cpp[0m
[1.120s] [ 28%] [32mBuilding CXX object CMakeFiles/fbg_msgs__rosidl_typesupport_cpp.dir/rosidl_typesupport_cpp/fbg_msgs/msg/curvature__type_support.cpp.o[0m
[1.122s] [ 30%] [32mBuilding CXX object CMakeFiles/fbg_msgs__rosidl_typesupport_cpp.dir/rosidl_typesupport_cpp/fbg_msgs/msg/fbg_reading__type_support.cpp.o[0m
[1.140s] [35m[1mScanning dependencies of target fbg_msgs__rosidl_typesupport_fastrtps_cpp[0m
[1.147s] [35m[1mScanning dependencies of target fbg_msgs__rosidl_typesupport_introspection_cpp[0m
[1.149s] [ 33%] [32mBuilding CXX object CMakeFiles/fbg_msgs__rosidl_typesupport_fastrtps_cpp.dir/rosidl_typesupport_fastrtps_cpp/fbg_msgs/msg/detail/dds_fastrtps/fbg_reading__type_support.cpp.o[0m
[1.150s] [ 35%] [32mBuilding CXX object CMakeFiles/fbg_msgs__rosidl_typesupport_fastrtps_cpp.dir/rosidl_typesupport_fastrtps_cpp/fbg_msgs/msg/detail/dds_fastrtps/curvature__type_support.cpp.o[0m
[1.158s] [ 38%] [32mBuilding CXX object CMakeFiles/fbg_msgs__rosidl_typesupport_introspection_cpp.dir/rosidl_typesupport_introspection_cpp/fbg_msgs/msg/detail/fbg_reading__type_support.cpp.o[0m
[1.158s] [ 41%] [32mBuilding CXX object CMakeFiles/fbg_msgs__rosidl_typesupport_introspection_cpp.dir/rosidl_typesupport_introspection_cpp/fbg_msgs/msg/detail/curvature__type_support.cpp.o[0m
[1.314s] [35m[1mScanning dependencies of target fbg_msgs__rosidl_typesupport_c[0m
[1.326s] [ 43%] [32mBuilding CXX object CMakeFiles/fbg_msgs__rosidl_typesupport_c.dir/rosidl_typesupport_c/fbg_msgs/msg/fbg_reading__type_support.cpp.o[0m
[1.354s] [35m[1mScanning dependencies of target fbg_msgs__rosidl_typesupport_introspection_c[0m
[1.356s] [ 46%] [32mBuilding CXX object CMakeFiles/fbg_msgs__rosidl_typesupport_c.dir/rosidl_typesupport_c/fbg_msgs/msg/curvature__type_support.cpp.o[0m
[1.365s] [ 48%] [32mBuilding C object CMakeFiles/fbg_msgs__rosidl_typesupport_introspection_c.dir/rosidl_typesupport_introspection_c/fbg_msgs/msg/detail/fbg_reading__type_support.c.o[0m
[1.386s] [ 51%] [32m[1mLinking CXX shared library libfbg_msgs__rosidl_typesupport_c.so[0m
[1.399s] [ 53%] [32mBuilding C object CMakeFiles/fbg_msgs__rosidl_typesupport_introspection_c.dir/rosidl_typesupport_introspection_c/fbg_msgs/msg/detail/curvature__type_support.c.o[0m
[1.418s] [ 56%] [32m[1mLinking CXX shared library libfbg_msgs__rosidl_typesupport_cpp.so[0m
[1.426s] [ 56%] Built target fbg_msgs__rosidl_typesupport_c
[1.430s] [ 58%] [32m[1mLinking C shared library libfbg_msgs__rosidl_typesupport_introspection_c.so[0m
[1.450s] [ 58%] Built target fbg_msgs__rosidl_typesupport_introspection_c
[1.455s] [ 58%] Built target fbg_msgs__rosidl_typesupport_cpp
[1.503s] [ 61%] [32m[1mLinking CXX shared library libfbg_msgs__rosidl_typesupport_introspection_cpp.so[0m
[1.551s] [ 61%] Built target fbg_msgs__rosidl_typesupport_introspection_cpp
[1.587s] [ 64%] [32m[1mLinking CXX shared library libfbg_msgs__rosidl_typesupport_fastrtps_cpp.so[0m
[1.650s] [ 64%] Built target fbg_msgs__rosidl_typesupport_fastrtps_cpp
[1.657s] [ 66%] [34m[1mGenerating C type support for eProsima Fast-RTPS[0m
[1.827s] [35m[1mScanning dependencies of target fbg_msgs__rosidl_typesupport_fastrtps_c[0m
[1.835s] [ 71%] [32mBuilding CXX object CMakeFiles/fbg_msgs__rosidl_typesupport_fastrtps_c.dir/rosidl_typesupport_fastrtps_c/fbg_msgs/msg/detail/curvature__type_support_c.cpp.o[0m
[1.835s] [ 71%] [32mBuilding CXX object CMakeFiles/fbg_msgs__rosidl_typesupport_fastrtps_c.dir/rosidl_typesupport_fastrtps_c/fbg_msgs/msg/detail/fbg_reading__type_support_c.cpp.o[0m
[2.064s] [ 74%] [32m[1mLinking CXX shared library libfbg_msgs__rosidl_typesupport_fastrtps_c.so[0m
[2.121s] [ 74%] Built target fbg_msgs__rosidl_typesupport_fastrtps_c
[2.136s] [ 74%] Built target fbg_msgs
[2.146s] [35m[1mScanning dependencies of target fbg_msgs__py[0m
[2.155s] [ 76%] [34m[1mGenerating Python code for ROS interfaces[0m
[2.489s] [ 76%] Built target fbg_msgs__py
[2.496s] [35m[1mScanning dependencies of target fbg_msgs__python[0m
[2.507s] [ 82%] [32mBuilding C object CMakeFiles/fbg_msgs__python.dir/rosidl_generator_py/fbg_msgs/msg/_fbg_reading_s.c.o[0m
[2.507s] [ 82%] [32mBuilding C object CMakeFiles/fbg_msgs__python.dir/rosidl_generator_py/fbg_msgs/msg/_curvature_s.c.o[0m
[2.574s] [ 84%] [32m[1mLinking C shared library rosidl_generator_py/fbg_msgs/libfbg_msgs__python.so[0m
[2.600s] [ 84%] Built target fbg_msgs__python
[2.608s] [35m[1mScanning dependencies of target fbg_msgs__rosidl_typesupport_fastrtps_c__pyext[0m
[2.608s] [35m[1mScanning dependencies of target fbg_msgs__rosidl_typesupport_introspection_c__pyext[0m
[2.608s] [35m[1mScanning dependencies of target fbg_msgs__rosidl_typesupport_c__pyext[0m
[2.618s] [ 87%] [32mBuilding C object CMakeFiles/fbg_msgs__rosidl_typesupport_introspection_c__pyext.dir/rosidl_generator_py/fbg_msgs/_fbg_msgs_s.ep.rosidl_typesupport_introspection_c.c.o[0m
[2.619s] [ 92%] [32mBuilding C object CMakeFiles/fbg_msgs__rosidl_typesupport_fastrtps_c__pyext.dir/rosidl_generator_py/fbg_msgs/_fbg_msgs_s.ep.rosidl_typesupport_fastrtps_c.c.o[0m
[2.619s] [ 92%] [32mBuilding C object CMakeFiles/fbg_msgs__rosidl_typesupport_c__pyext.dir/rosidl_generator_py/fbg_msgs/_fbg_msgs_s.ep.rosidl_typesupport_c.c.o[0m
[2.674s] [100%] [32m[1mLinking C shared library rosidl_generator_py/fbg_msgs/fbg_msgs_s__rosidl_typesupport_introspection_c.cpython-38-x86_64-linux-gnu.so[0m
[2.674s] [100%] [32m[1mLinking C shared library rosidl_generator_py/fbg_msgs/fbg_msgs_s__rosidl_typesupport_c.cpython-38-x86_64-linux-gnu.so[0m
[2.674s] [100%] [32m[1mLinking CXX shared library rosidl_generator_py/fbg_msgs/fbg_msgs_s__rosidl_typesupport_fastrtps_c.cpython-38-x86_64-linux-gnu.so[0m
[2.696s] [100%] Built target fbg_msgs__rosidl_typesupport_introspection_c__pyext
[2.696s] [100%] Built target fbg_msgs__rosidl_typesupport_c__pyext
[2.717s] [100%] Built target fbg_msgs__rosidl_typesupport_fastrtps_c__pyext
[2.724s] Invoked command in '/home/yangshengxu/Desktop/InSituNeedle_Manipulation_FBG_FEM_ROS2/build/fbg_msgs' returned '0': CMAKE_PREFIX_PATH=/opt/ros/galactic /usr/bin/cmake --build /home/yangshengxu/Desktop/InSituNeedle_Manipulation_FBG_FEM_ROS2/build/fbg_msgs -- -j8 -l8
[2.770s] Invoking command in '/home/yangshengxu/Desktop/InSituNeedle_Manipulation_FBG_FEM_ROS2/build/fbg_msgs': CMAKE_PREFIX_PATH=/opt/ros/galactic /usr/bin/cmake --install /home/yangshengxu/Desktop/InSituNeedle_Manipulation_FBG_FEM_ROS2/build/fbg_msgs
[2.776s] -- Install configuration: ""
[2.776s] -- Installing: /home/yangshengxu/Desktop/InSituNeedle_Manipulation_FBG_FEM_ROS2/install/fbg_msgs/share/ament_index/resource_index/rosidl_interfaces/fbg_msgs
[2.776s] -- Up-to-date: /home/yangshengxu/Desktop/InSituNeedle_Manipulation_FBG_FEM_ROS2/install/fbg_msgs/include/fbg_msgs
[2.776s] -- Up-to-date: /home/yangshengxu/Desktop/InSituNeedle_Manipulation_FBG_FEM_ROS2/install/fbg_msgs/include/fbg_msgs/msg
[2.776s] -- Installing: /home/yangshengxu/Desktop/InSituNeedle_Manipulation_FBG_FEM_ROS2/install/fbg_msgs/include/fbg_msgs/msg/curvature.h
[2.776s] -- Up-to-date: /home/yangshengxu/Desktop/InSituNeedle_Manipulation_FBG_FEM_ROS2/install/fbg_msgs/include/fbg_msgs/msg/rosidl_generator_c__visibility_control.h
[2.776s] -- Installing: /home/yangshengxu/Desktop/InSituNeedle_Manipulation_FBG_FEM_ROS2/install/fbg_msgs/include/fbg_msgs/msg/fbg_reading.h
[2.776s] -- Up-to-date: /home/yangshengxu/Desktop/InSituNeedle_Manipulation_FBG_FEM_ROS2/install/fbg_msgs/include/fbg_msgs/msg/detail
[2.776s] -- Installing: /home/yangshengxu/Desktop/InSituNeedle_Manipulation_FBG_FEM_ROS2/install/fbg_msgs/include/fbg_msgs/msg/detail/fbg_reading__functions.c
[2.776s] -- Installing: /home/yangshengxu/Desktop/InSituNeedle_Manipulation_FBG_FEM_ROS2/install/fbg_msgs/include/fbg_msgs/msg/detail/fbg_reading__struct.h
[2.776s] -- Installing: /home/yangshengxu/Desktop/InSituNeedle_Manipulation_FBG_FEM_ROS2/install/fbg_msgs/include/fbg_msgs/msg/detail/curvature__functions.h
[2.776s] -- Installing: /home/yangshengxu/Desktop/InSituNeedle_Manipulation_FBG_FEM_ROS2/install/fbg_msgs/include/fbg_msgs/msg/detail/fbg_reading__type_support.h
[2.776s] -- Installing: /home/yangshengxu/Desktop/InSituNeedle_Manipulation_FBG_FEM_ROS2/install/fbg_msgs/include/fbg_msgs/msg/detail/fbg_reading__functions.h
[2.777s] -- Installing: /home/yangshengxu/Desktop/InSituNeedle_Manipulation_FBG_FEM_ROS2/install/fbg_msgs/include/fbg_msgs/msg/detail/curvature__type_support.h
[2.777s] -- Installing: /home/yangshengxu/Desktop/InSituNeedle_Manipulation_FBG_FEM_ROS2/install/fbg_msgs/include/fbg_msgs/msg/detail/curvature__struct.h
[2.777s] -- Installing: /home/yangshengxu/Desktop/InSituNeedle_Manipulation_FBG_FEM_ROS2/install/fbg_msgs/include/fbg_msgs/msg/detail/curvature__functions.c
[2.777s] -- Up-to-date: /home/yangshengxu/Desktop/InSituNeedle_Manipulation_FBG_FEM_ROS2/install/fbg_msgs/share/fbg_msgs/environment/library_path.sh
[2.777s] -- Installing: /home/yangshengxu/Desktop/InSituNeedle_Manipulation_FBG_FEM_ROS2/install/fbg_msgs/share/fbg_msgs/environment/library_path.dsv
[2.777s] -- Installing: /home/yangshengxu/Desktop/InSituNeedle_Manipulation_FBG_FEM_ROS2/install/fbg_msgs/lib/libfbg_msgs__rosidl_generator_c.so
[2.777s] -- Set runtime path of "/home/yangshengxu/Desktop/InSituNeedle_Manipulation_FBG_FEM_ROS2/install/fbg_msgs/lib/libfbg_msgs__rosidl_generator_c.so" to ""
[2.777s] -- Up-to-date: /home/yangshengxu/Desktop/InSituNeedle_Manipulation_FBG_FEM_ROS2/install/fbg_msgs/include/fbg_msgs
[2.777s] -- Up-to-date: /home/yangshengxu/Desktop/InSituNeedle_Manipulation_FBG_FEM_ROS2/install/fbg_msgs/include/fbg_msgs/msg
[2.777s] -- Up-to-date: /home/yangshengxu/Desktop/InSituNeedle_Manipulation_FBG_FEM_ROS2/install/fbg_msgs/include/fbg_msgs/msg/detail
[2.777s] -- Installing: /home/yangshengxu/Desktop/InSituNeedle_Manipulation_FBG_FEM_ROS2/install/fbg_msgs/include/fbg_msgs/msg/detail/fbg_reading__rosidl_typesupport_fastrtps_c.h
[2.777s] -- Installing: /home/yangshengxu/Desktop/InSituNeedle_Manipulation_FBG_FEM_ROS2/install/fbg_msgs/include/fbg_msgs/msg/detail/curvature__rosidl_typesupport_fastrtps_c.h
[2.777s] -- Up-to-date: /home/yangshengxu/Desktop/InSituNeedle_Manipulation_FBG_FEM_ROS2/install/fbg_msgs/include/fbg_msgs/msg/rosidl_typesupport_fastrtps_c__visibility_control.h
[2.777s] -- Installing: /home/yangshengxu/Desktop/InSituNeedle_Manipulation_FBG_FEM_ROS2/install/fbg_msgs/lib/libfbg_msgs__rosidl_typesupport_fastrtps_c.so
[2.777s] -- Set runtime path of "/home/yangshengxu/Desktop/InSituNeedle_Manipulation_FBG_FEM_ROS2/install/fbg_msgs/lib/libfbg_msgs__rosidl_typesupport_fastrtps_c.so" to ""
[2.778s] -- Up-to-date: /home/yangshengxu/Desktop/InSituNeedle_Manipulation_FBG_FEM_ROS2/install/fbg_msgs/include/fbg_msgs
[2.778s] -- Up-to-date: /home/yangshengxu/Desktop/InSituNeedle_Manipulation_FBG_FEM_ROS2/install/fbg_msgs/include/fbg_msgs/msg
[2.778s] -- Up-to-date: /home/yangshengxu/Desktop/InSituNeedle_Manipulation_FBG_FEM_ROS2/install/fbg_msgs/include/fbg_msgs/msg/rosidl_typesupport_fastrtps_cpp__visibility_control.h
[2.778s] -- Up-to-date: /home/yangshengxu/Desktop/InSituNeedle_Manipulation_FBG_FEM_ROS2/install/fbg_msgs/include/fbg_msgs/msg/detail
[2.778s] -- Installing: /home/yangshengxu/Desktop/InSituNeedle_Manipulation_FBG_FEM_ROS2/install/fbg_msgs/include/fbg_msgs/msg/detail/fbg_reading__rosidl_typesupport_fastrtps_cpp.hpp
[2.778s] -- Installing: /home/yangshengxu/Desktop/InSituNeedle_Manipulation_FBG_FEM_ROS2/install/fbg_msgs/include/fbg_msgs/msg/detail/curvature__rosidl_typesupport_fastrtps_cpp.hpp
[2.778s] -- Up-to-date: /home/yangshengxu/Desktop/InSituNeedle_Manipulation_FBG_FEM_ROS2/install/fbg_msgs/include/fbg_msgs/msg/detail/dds_fastrtps
[2.778s] -- Installing: /home/yangshengxu/Desktop/InSituNeedle_Manipulation_FBG_FEM_ROS2/install/fbg_msgs/lib/libfbg_msgs__rosidl_typesupport_fastrtps_cpp.so
[2.778s] -- Set runtime path of "/home/yangshengxu/Desktop/InSituNeedle_Manipulation_FBG_FEM_ROS2/install/fbg_msgs/lib/libfbg_msgs__rosidl_typesupport_fastrtps_cpp.so" to ""
[2.778s] -- Up-to-date: /home/yangshengxu/Desktop/InSituNeedle_Manipulation_FBG_FEM_ROS2/install/fbg_msgs/include/fbg_msgs
[2.778s] -- Up-to-date: /home/yangshengxu/Desktop/InSituNeedle_Manipulation_FBG_FEM_ROS2/install/fbg_msgs/include/fbg_msgs/msg
[2.778s] -- Up-to-date: /home/yangshengxu/Desktop/InSituNeedle_Manipulation_FBG_FEM_ROS2/install/fbg_msgs/include/fbg_msgs/msg/rosidl_typesupport_introspection_c__visibility_control.h
[2.778s] -- Up-to-date: /home/yangshengxu/Desktop/InSituNeedle_Manipulation_FBG_FEM_ROS2/install/fbg_msgs/include/fbg_msgs/msg/detail
[2.778s] -- Installing: /home/yangshengxu/Desktop/InSituNeedle_Manipulation_FBG_FEM_ROS2/install/fbg_msgs/include/fbg_msgs/msg/detail/curvature__type_support.c
[2.778s] -- Installing: /home/yangshengxu/Desktop/InSituNeedle_Manipulation_FBG_FEM_ROS2/install/fbg_msgs/include/fbg_msgs/msg/detail/fbg_reading__rosidl_typesupport_introspection_c.h
[2.778s] -- Installing: /home/yangshengxu/Desktop/InSituNeedle_Manipulation_FBG_FEM_ROS2/install/fbg_msgs/include/fbg_msgs/msg/detail/fbg_reading__type_support.c
[2.778s] -- Installing: /home/yangshengxu/Desktop/InSituNeedle_Manipulation_FBG_FEM_ROS2/install/fbg_msgs/include/fbg_msgs/msg/detail/curvature__rosidl_typesupport_introspection_c.h
[2.778s] -- Installing: /home/yangshengxu/Desktop/InSituNeedle_Manipulation_FBG_FEM_ROS2/install/fbg_msgs/lib/libfbg_msgs__rosidl_typesupport_introspection_c.so
[2.779s] -- Set runtime path of "/home/yangshengxu/Desktop/InSituNeedle_Manipulation_FBG_FEM_ROS2/install/fbg_msgs/lib/libfbg_msgs__rosidl_typesupport_introspection_c.so" to ""
[2.779s] -- Installing: /home/yangshengxu/Desktop/InSituNeedle_Manipulation_FBG_FEM_ROS2/install/fbg_msgs/lib/libfbg_msgs__rosidl_typesupport_c.so
[2.779s] -- Set runtime path of "/home/yangshengxu/Desktop/InSituNeedle_Manipulation_FBG_FEM_ROS2/install/fbg_msgs/lib/libfbg_msgs__rosidl_typesupport_c.so" to ""
[2.779s] -- Up-to-date: /home/yangshengxu/Desktop/InSituNeedle_Manipulation_FBG_FEM_ROS2/install/fbg_msgs/include/fbg_msgs
[2.779s] -- Up-to-date: /home/yangshengxu/Desktop/InSituNeedle_Manipulation_FBG_FEM_ROS2/install/fbg_msgs/include/fbg_msgs/msg
[2.779s] -- Installing: /home/yangshengxu/Desktop/InSituNeedle_Manipulation_FBG_FEM_ROS2/install/fbg_msgs/include/fbg_msgs/msg/curvature.hpp
[2.779s] -- Up-to-date: /home/yangshengxu/Desktop/InSituNeedle_Manipulation_FBG_FEM_ROS2/install/fbg_msgs/include/fbg_msgs/msg/detail
[2.779s] -- Installing: /home/yangshengxu/Desktop/InSituNeedle_Manipulation_FBG_FEM_ROS2/install/fbg_msgs/include/fbg_msgs/msg/detail/curvature__traits.hpp
[2.779s] -- Installing: /home/yangshengxu/Desktop/InSituNeedle_Manipulation_FBG_FEM_ROS2/install/fbg_msgs/include/fbg_msgs/msg/detail/curvature__builder.hpp
[2.779s] -- Installing: /home/yangshengxu/Desktop/InSituNeedle_Manipulation_FBG_FEM_ROS2/install/fbg_msgs/include/fbg_msgs/msg/detail/curvature__struct.hpp
[2.779s] -- Installing: /home/yangshengxu/Desktop/InSituNeedle_Manipulation_FBG_FEM_ROS2/install/fbg_msgs/include/fbg_msgs/msg/detail/fbg_reading__struct.hpp
[2.779s] -- Installing: /home/yangshengxu/Desktop/InSituNeedle_Manipulation_FBG_FEM_ROS2/install/fbg_msgs/include/fbg_msgs/msg/detail/fbg_reading__builder.hpp
[2.779s] -- Installing: /home/yangshengxu/Desktop/InSituNeedle_Manipulation_FBG_FEM_ROS2/install/fbg_msgs/include/fbg_msgs/msg/detail/fbg_reading__traits.hpp
[2.779s] -- Installing: /home/yangshengxu/Desktop/InSituNeedle_Manipulation_FBG_FEM_ROS2/install/fbg_msgs/include/fbg_msgs/msg/fbg_reading.hpp
[2.779s] -- Up-to-date: /home/yangshengxu/Desktop/InSituNeedle_Manipulation_FBG_FEM_ROS2/install/fbg_msgs/include/fbg_msgs
[2.780s] -- Up-to-date: /home/yangshengxu/Desktop/InSituNeedle_Manipulation_FBG_FEM_ROS2/install/fbg_msgs/include/fbg_msgs/msg
[2.780s] -- Up-to-date: /home/yangshengxu/Desktop/InSituNeedle_Manipulation_FBG_FEM_ROS2/install/fbg_msgs/include/fbg_msgs/msg/detail
[2.780s] -- Installing: /home/yangshengxu/Desktop/InSituNeedle_Manipulation_FBG_FEM_ROS2/install/fbg_msgs/include/fbg_msgs/msg/detail/fbg_reading__type_support.cpp
[2.780s] -- Installing: /home/yangshengxu/Desktop/InSituNeedle_Manipulation_FBG_FEM_ROS2/install/fbg_msgs/include/fbg_msgs/msg/detail/fbg_reading__rosidl_typesupport_introspection_cpp.hpp
[2.780s] -- Installing: /home/yangshengxu/Desktop/InSituNeedle_Manipulation_FBG_FEM_ROS2/install/fbg_msgs/include/fbg_msgs/msg/detail/curvature__rosidl_typesupport_introspection_cpp.hpp
[2.780s] -- Installing: /home/yangshengxu/Desktop/InSituNeedle_Manipulation_FBG_FEM_ROS2/install/fbg_msgs/include/fbg_msgs/msg/detail/curvature__type_support.cpp
[2.780s] -- Installing: /home/yangshengxu/Desktop/InSituNeedle_Manipulation_FBG_FEM_ROS2/install/fbg_msgs/lib/libfbg_msgs__rosidl_typesupport_introspection_cpp.so
[2.780s] -- Set runtime path of "/home/yangshengxu/Desktop/InSituNeedle_Manipulation_FBG_FEM_ROS2/install/fbg_msgs/lib/libfbg_msgs__rosidl_typesupport_introspection_cpp.so" to ""
[2.780s] -- Installing: /home/yangshengxu/Desktop/InSituNeedle_Manipulation_FBG_FEM_ROS2/install/fbg_msgs/lib/libfbg_msgs__rosidl_typesupport_cpp.so
[2.780s] -- Set runtime path of "/home/yangshengxu/Desktop/InSituNeedle_Manipulation_FBG_FEM_ROS2/install/fbg_msgs/lib/libfbg_msgs__rosidl_typesupport_cpp.so" to ""
[2.780s] -- Up-to-date: /home/yangshengxu/Desktop/InSituNeedle_Manipulation_FBG_FEM_ROS2/install/fbg_msgs/share/fbg_msgs/environment/pythonpath.sh
[2.780s] -- Installing: /home/yangshengxu/Desktop/InSituNeedle_Manipulation_FBG_FEM_ROS2/install/fbg_msgs/share/fbg_msgs/environment/pythonpath.dsv
[2.780s] -- Installing: /home/yangshengxu/Desktop/InSituNeedle_Manipulation_FBG_FEM_ROS2/install/fbg_msgs/lib/python3.8/site-packages/fbg_msgs/__init__.py
[2.801s] Compiling '/home/yangshengxu/Desktop/InSituNeedle_Manipulation_FBG_FEM_ROS2/install/fbg_msgs/lib/python3.8/site-packages/fbg_msgs/__init__.py'...
[2.803s] -- Up-to-date: /home/yangshengxu/Desktop/InSituNeedle_Manipulation_FBG_FEM_ROS2/install/fbg_msgs/lib/python3.8/site-packages/fbg_msgs/msg
[2.803s] -- Installing: /home/yangshengxu/Desktop/InSituNeedle_Manipulation_FBG_FEM_ROS2/install/fbg_msgs/lib/python3.8/site-packages/fbg_msgs/msg/_fbg_reading.py
[2.803s] -- Installing: /home/yangshengxu/Desktop/InSituNeedle_Manipulation_FBG_FEM_ROS2/install/fbg_msgs/lib/python3.8/site-packages/fbg_msgs/msg/__init__.py
[2.804s] -- Installing: /home/yangshengxu/Desktop/InSituNeedle_Manipulation_FBG_FEM_ROS2/install/fbg_msgs/lib/python3.8/site-packages/fbg_msgs/msg/_curvature.py
[2.804s] -- Installing: /home/yangshengxu/Desktop/InSituNeedle_Manipulation_FBG_FEM_ROS2/install/fbg_msgs/lib/python3.8/site-packages/fbg_msgs/msg/_curvature_s.c
[2.804s] -- Installing: /home/yangshengxu/Desktop/InSituNeedle_Manipulation_FBG_FEM_ROS2/install/fbg_msgs/lib/python3.8/site-packages/fbg_msgs/msg/_fbg_reading_s.c
[2.804s] -- Installing: /home/yangshengxu/Desktop/InSituNeedle_Manipulation_FBG_FEM_ROS2/install/fbg_msgs/lib/python3.8/site-packages/fbg_msgs/fbg_msgs_s__rosidl_typesupport_fastrtps_c.cpython-38-x86_64-linux-gnu.so
[2.804s] -- Set runtime path of "/home/yangshengxu/Desktop/InSituNeedle_Manipulation_FBG_FEM_ROS2/install/fbg_msgs/lib/python3.8/site-packages/fbg_msgs/fbg_msgs_s__rosidl_typesupport_fastrtps_c.cpython-38-x86_64-linux-gnu.so" to ""
[2.804s] -- Installing: /home/yangshengxu/Desktop/InSituNeedle_Manipulation_FBG_FEM_ROS2/install/fbg_msgs/lib/python3.8/site-packages/fbg_msgs/fbg_msgs_s__rosidl_typesupport_introspection_c.cpython-38-x86_64-linux-gnu.so
[2.805s] -- Set runtime path of "/home/yangshengxu/Desktop/InSituNeedle_Manipulation_FBG_FEM_ROS2/install/fbg_msgs/lib/python3.8/site-packages/fbg_msgs/fbg_msgs_s__rosidl_typesupport_introspection_c.cpython-38-x86_64-linux-gnu.so" to ""
[2.805s] -- Installing: /home/yangshengxu/Desktop/InSituNeedle_Manipulation_FBG_FEM_ROS2/install/fbg_msgs/lib/python3.8/site-packages/fbg_msgs/fbg_msgs_s__rosidl_typesupport_c.cpython-38-x86_64-linux-gnu.so
[2.805s] -- Set runtime path of "/home/yangshengxu/Desktop/InSituNeedle_Manipulation_FBG_FEM_ROS2/install/fbg_msgs/lib/python3.8/site-packages/fbg_msgs/fbg_msgs_s__rosidl_typesupport_c.cpython-38-x86_64-linux-gnu.so" to ""
[2.805s] -- Installing: /home/yangshengxu/Desktop/InSituNeedle_Manipulation_FBG_FEM_ROS2/install/fbg_msgs/lib/libfbg_msgs__python.so
[2.805s] -- Set runtime path of "/home/yangshengxu/Desktop/InSituNeedle_Manipulation_FBG_FEM_ROS2/install/fbg_msgs/lib/libfbg_msgs__python.so" to ""
[2.806s] -- Up-to-date: /home/yangshengxu/Desktop/InSituNeedle_Manipulation_FBG_FEM_ROS2/install/fbg_msgs/share/fbg_msgs/msg/FbgReading.idl
[2.806s] -- Installing: /home/yangshengxu/Desktop/InSituNeedle_Manipulation_FBG_FEM_ROS2/install/fbg_msgs/share/fbg_msgs/msg/Curvature.idl
[2.806s] -- Up-to-date: /home/yangshengxu/Desktop/InSituNeedle_Manipulation_FBG_FEM_ROS2/install/fbg_msgs/share/fbg_msgs/msg/FbgReading.msg
[2.806s] -- Installing: /home/yangshengxu/Desktop/InSituNeedle_Manipulation_FBG_FEM_ROS2/install/fbg_msgs/share/fbg_msgs/msg/Curvature.msg
[2.806s] -- Up-to-date: /home/yangshengxu/Desktop/InSituNeedle_Manipulation_FBG_FEM_ROS2/install/fbg_msgs/share/ament_index/resource_index/package_run_dependencies/fbg_msgs
[2.806s] -- Up-to-date: /home/yangshengxu/Desktop/InSituNeedle_Manipulation_FBG_FEM_ROS2/install/fbg_msgs/share/ament_index/resource_index/parent_prefix_path/fbg_msgs
[2.806s] -- Up-to-date: /home/yangshengxu/Desktop/InSituNeedle_Manipulation_FBG_FEM_ROS2/install/fbg_msgs/share/fbg_msgs/environment/ament_prefix_path.sh
[2.806s] -- Installing: /home/yangshengxu/Desktop/InSituNeedle_Manipulation_FBG_FEM_ROS2/install/fbg_msgs/share/fbg_msgs/environment/ament_prefix_path.dsv
[2.806s] -- Up-to-date: /home/yangshengxu/Desktop/InSituNeedle_Manipulation_FBG_FEM_ROS2/install/fbg_msgs/share/fbg_msgs/environment/path.sh
[2.806s] -- Installing: /home/yangshengxu/Desktop/InSituNeedle_Manipulation_FBG_FEM_ROS2/install/fbg_msgs/share/fbg_msgs/environment/path.dsv
[2.806s] -- Up-to-date: /home/yangshengxu/Desktop/InSituNeedle_Manipulation_FBG_FEM_ROS2/install/fbg_msgs/share/fbg_msgs/local_setup.bash
[2.806s] -- Up-to-date: /home/yangshengxu/Desktop/InSituNeedle_Manipulation_FBG_FEM_ROS2/install/fbg_msgs/share/fbg_msgs/local_setup.sh
[2.806s] -- Up-to-date: /home/yangshengxu/Desktop/InSituNeedle_Manipulation_FBG_FEM_ROS2/install/fbg_msgs/share/fbg_msgs/local_setup.zsh
[2.806s] -- Installing: /home/yangshengxu/Desktop/InSituNeedle_Manipulation_FBG_FEM_ROS2/install/fbg_msgs/share/fbg_msgs/local_setup.dsv
[2.806s] -- Installing: /home/yangshengxu/Desktop/InSituNeedle_Manipulation_FBG_FEM_ROS2/install/fbg_msgs/share/fbg_msgs/package.dsv
[2.806s] -- Up-to-date: /home/yangshengxu/Desktop/InSituNeedle_Manipulation_FBG_FEM_ROS2/install/fbg_msgs/share/ament_index/resource_index/packages/fbg_msgs
[2.807s] -- Up-to-date: /home/yangshengxu/Desktop/InSituNeedle_Manipulation_FBG_FEM_ROS2/install/fbg_msgs/share/fbg_msgs/cmake/fbg_msgs__rosidl_generator_cExport.cmake
[2.807s] -- Installing: /home/yangshengxu/Desktop/InSituNeedle_Manipulation_FBG_FEM_ROS2/install/fbg_msgs/share/fbg_msgs/cmake/fbg_msgs__rosidl_generator_cExport-noconfig.cmake
[2.807s] -- Up-to-date: /home/yangshengxu/Desktop/InSituNeedle_Manipulation_FBG_FEM_ROS2/install/fbg_msgs/share/fbg_msgs/cmake/fbg_msgs__rosidl_typesupport_introspection_cExport.cmake
[2.807s] -- Installing: /home/yangshengxu/Desktop/InSituNeedle_Manipulation_FBG_FEM_ROS2/install/fbg_msgs/share/fbg_msgs/cmake/fbg_msgs__rosidl_typesupport_introspection_cExport-noconfig.cmake
[2.807s] -- Up-to-date: /home/yangshengxu/Desktop/InSituNeedle_Manipulation_FBG_FEM_ROS2/install/fbg_msgs/share/fbg_msgs/cmake/fbg_msgs__rosidl_typesupport_cExport.cmake
[2.807s] -- Installing: /home/yangshengxu/Desktop/InSituNeedle_Manipulation_FBG_FEM_ROS2/install/fbg_msgs/share/fbg_msgs/cmake/fbg_msgs__rosidl_typesupport_cExport-noconfig.cmake
[2.807s] -- Up-to-date: /home/yangshengxu/Desktop/InSituNeedle_Manipulation_FBG_FEM_ROS2/install/fbg_msgs/share/fbg_msgs/cmake/fbg_msgs__rosidl_generator_cppExport.cmake
[2.807s] -- Up-to-date: /home/yangshengxu/Desktop/InSituNeedle_Manipulation_FBG_FEM_ROS2/install/fbg_msgs/share/fbg_msgs/cmake/fbg_msgs__rosidl_typesupport_introspection_cppExport.cmake
[2.807s] -- Installing: /home/yangshengxu/Desktop/InSituNeedle_Manipulation_FBG_FEM_ROS2/install/fbg_msgs/share/fbg_msgs/cmake/fbg_msgs__rosidl_typesupport_introspection_cppExport-noconfig.cmake
[2.807s] -- Up-to-date: /home/yangshengxu/Desktop/InSituNeedle_Manipulation_FBG_FEM_ROS2/install/fbg_msgs/share/fbg_msgs/cmake/fbg_msgs__rosidl_typesupport_cppExport.cmake
[2.807s] -- Installing: /home/yangshengxu/Desktop/InSituNeedle_Manipulation_FBG_FEM_ROS2/install/fbg_msgs/share/fbg_msgs/cmake/fbg_msgs__rosidl_typesupport_cppExport-noconfig.cmake
[2.807s] -- Installing: /home/yangshengxu/Desktop/InSituNeedle_Manipulation_FBG_FEM_ROS2/install/fbg_msgs/share/fbg_msgs/cmake/rosidl_cmake-extras.cmake
[2.807s] -- Up-to-date: /home/yangshengxu/Desktop/InSituNeedle_Manipulation_FBG_FEM_ROS2/install/fbg_msgs/share/fbg_msgs/cmake/ament_cmake_export_dependencies-extras.cmake
[2.807s] -- Up-to-date: /home/yangshengxu/Desktop/InSituNeedle_Manipulation_FBG_FEM_ROS2/install/fbg_msgs/share/fbg_msgs/cmake/ament_cmake_export_libraries-extras.cmake
[2.808s] -- Up-to-date: /home/yangshengxu/Desktop/InSituNeedle_Manipulation_FBG_FEM_ROS2/install/fbg_msgs/share/fbg_msgs/cmake/ament_cmake_export_targets-extras.cmake
[2.808s] -- Up-to-date: /home/yangshengxu/Desktop/InSituNeedle_Manipulation_FBG_FEM_ROS2/install/fbg_msgs/share/fbg_msgs/cmake/ament_cmake_export_include_directories-extras.cmake
[2.808s] -- Up-to-date: /home/yangshengxu/Desktop/InSituNeedle_Manipulation_FBG_FEM_ROS2/install/fbg_msgs/share/fbg_msgs/cmake/rosidl_cmake_export_typesupport_libraries-extras.cmake
[2.808s] -- Up-to-date: /home/yangshengxu/Desktop/InSituNeedle_Manipulation_FBG_FEM_ROS2/install/fbg_msgs/share/fbg_msgs/cmake/rosidl_cmake_export_typesupport_targets-extras.cmake
[2.808s] -- Up-to-date: /home/yangshengxu/Desktop/InSituNeedle_Manipulation_FBG_FEM_ROS2/install/fbg_msgs/share/fbg_msgs/cmake/fbg_msgsConfig.cmake
[2.808s] -- Up-to-date: /home/yangshengxu/Desktop/InSituNeedle_Manipulation_FBG_FEM_ROS2/install/fbg_msgs/share/fbg_msgs/cmake/fbg_msgsConfig-version.cmake
[2.808s] -- Up-to-date: /home/yangshengxu/Desktop/InSituNeedle_Manipulation_FBG_FEM_ROS2/install/fbg_msgs/share/fbg_msgs/package.xml
[2.811s] Invoked command in '/home/yangshengxu/Desktop/InSituNeedle_Manipulation_FBG_FEM_ROS2/build/fbg_msgs' returned '0': CMAKE_PREFIX_PATH=/opt/ros/galactic /usr/bin/cmake --install /home/yangshengxu/Desktop/InSituNeedle_Manipulation_FBG_FEM_ROS2/build/fbg_msgs
