[0.029s] Invoking command in '/home/jkang/InSituNeedle_Manipulation_FBG_FEM_ROS2/src/FEM/custom/matlab_msg_gen/glnxa64/build/fbg_msgs': PS1=(venv) /home/jkang/MATLAB/R2022b/bin/glnxa64/cmake/bin/cmake /home/jkang/InSituNeedle_Manipulation_FBG_FEM_ROS2/src/FEM/custom/matlab_msg_gen/glnxa64/src/fbg_msgs -DCMAKE_BUILD_TYPE=Release -DCMAKE_SHARED_LINKER_FLAGS=-Wl,-no-as-needed -DBUILD_TESTING=OFF -DCMAKE_CXX_FLAGS_RELEASE=-O0 -G Ninja -DCMAKE_INSTALL_PREFIX=/home/jkang/InSituNeedle_Manipulation_FBG_FEM_ROS2/src/FEM/custom/matlab_msg_gen/glnxa64/install
[0.092s] -- The C compiler identification is GNU 9.4.0
[0.165s] -- The CXX compiler identification is GNU 9.4.0
[0.174s] -- Detecting C compiler ABI info
[0.241s] -- Detecting C compiler ABI info - done
[0.252s] -- Check for working C compiler: /usr/bin/cc - skipped
[0.252s] -- Detecting C compile features
[0.253s] -- Detecting C compile features - done
[0.257s] -- Detecting CXX compiler ABI info
[0.334s] -- Detecting CXX compiler ABI info - done
[0.345s] -- Check for working CXX compiler: /usr/bin/c++ - skipped
[0.346s] -- Detecting CXX compile features
[0.346s] -- Detecting CXX compile features - done
[0.349s] -- Found ament_cmake: 0.9.8 (/home/jkang/MATLAB/R2022b/sys/ros2/glnxa64/ros2/share/ament_cmake/cmake)
[0.373s] -- Found PythonInterp: /home/jkang/.matlab/R2022b/ros2/glnxa64/venv/bin/python3 (found suitable version "3.9.5", minimum required is "3") 
[0.374s] -- Using PYTHON_EXECUTABLE: /home/jkang/.matlab/R2022b/ros2/glnxa64/venv/bin/python3
[0.609s] -- Found ament_cmake_ros: 0.9.2 (/home/jkang/MATLAB/R2022b/sys/ros2/glnxa64/ros2/share/ament_cmake_ros/cmake)
[0.617s] -- Found rosidl_typesupport_c: 1.0.2 (/home/jkang/MATLAB/R2022b/sys/ros2/glnxa64/ros2/share/rosidl_typesupport_c/cmake)
[0.618s] -- Using all available rosidl_typesupport_c: rosidl_typesupport_fastrtps_c;rosidl_typesupport_introspection_c
[0.627s] -- Found rosidl_adapter: 1.2.1 (/home/jkang/MATLAB/R2022b/sys/ros2/glnxa64/ros2/share/rosidl_adapter/cmake)
[0.698s] -- Found FastRTPS: /home/jkang/MATLAB/R2022b/sys/ros2/glnxa64/ros2/include  
[0.804s] -- Found rosidl_typesupport_cpp: 1.0.2 (/home/jkang/MATLAB/R2022b/sys/ros2/glnxa64/ros2/share/rosidl_typesupport_cpp/cmake)
[0.805s] -- Using all available rosidl_typesupport_cpp: rosidl_typesupport_fastrtps_cpp;rosidl_typesupport_introspection_cpp
[0.831s] -- Found rosidl_default_generators: 1.0.1 (/home/jkang/MATLAB/R2022b/sys/ros2/glnxa64/ros2/share/rosidl_default_generators/cmake)
[0.837s] -- Found class_loader: 2.0.2 (/home/jkang/MATLAB/R2022b/sys/ros2/glnxa64/ros2/share/class_loader/cmake)
[0.844s] -- Found rclcpp: 2.3.1 (/home/jkang/MATLAB/R2022b/sys/ros2/glnxa64/ros2/share/rclcpp/cmake)
[0.910s] -- Found rmw_implementation_cmake: 1.0.3 (/home/jkang/MATLAB/R2022b/sys/ros2/glnxa64/ros2/share/rmw_implementation_cmake/cmake)
[0.911s] -- Using RMW implementation 'rmw_fastrtps_cpp' as default
[0.912s] -- Looking for pthread.h
[0.980s] -- Looking for pthread.h - found
[0.980s] -- Performing Test CMAKE_HAVE_LIBC_PTHREAD
[1.050s] -- Performing Test CMAKE_HAVE_LIBC_PTHREAD - Failed
[1.050s] -- Looking for pthread_create in pthreads
[1.104s] -- Looking for pthread_create in pthreads - not found
[1.104s] -- Looking for pthread_create in pthread
[1.172s] -- Looking for pthread_create in pthread - found
[1.174s] -- Found Threads: TRUE  
[1.308s] -- Found PythonInterp: /home/jkang/.matlab/R2022b/ros2/glnxa64/venv/bin/python3 (found version "3.9.5") 
[1.595s] -- Using all available rosidl_typesupport_c: rosidl_typesupport_fastrtps_c;rosidl_typesupport_introspection_c
[1.604s] -- Using all available rosidl_typesupport_cpp: rosidl_typesupport_fastrtps_cpp;rosidl_typesupport_introspection_cpp
[1.616s] -- Configuring done
[1.647s] -- Generating done
[1.662s] -- Build files have been written to: /home/jkang/InSituNeedle_Manipulation_FBG_FEM_ROS2/src/FEM/custom/matlab_msg_gen/glnxa64/build/fbg_msgs
[1.671s] Invoked command in '/home/jkang/InSituNeedle_Manipulation_FBG_FEM_ROS2/src/FEM/custom/matlab_msg_gen/glnxa64/build/fbg_msgs' returned '0': PS1=(venv) /home/jkang/MATLAB/R2022b/bin/glnxa64/cmake/bin/cmake /home/jkang/InSituNeedle_Manipulation_FBG_FEM_ROS2/src/FEM/custom/matlab_msg_gen/glnxa64/src/fbg_msgs -DCMAKE_BUILD_TYPE=Release -DCMAKE_SHARED_LINKER_FLAGS=-Wl,-no-as-needed -DBUILD_TESTING=OFF -DCMAKE_CXX_FLAGS_RELEASE=-O0 -G Ninja -DCMAKE_INSTALL_PREFIX=/home/jkang/InSituNeedle_Manipulation_FBG_FEM_ROS2/src/FEM/custom/matlab_msg_gen/glnxa64/install
[1.675s] Invoking command in '/home/jkang/InSituNeedle_Manipulation_FBG_FEM_ROS2/src/FEM/custom/matlab_msg_gen/glnxa64/build/fbg_msgs': PS1=(venv) /home/jkang/MATLAB/R2022b/bin/glnxa64/cmake/bin/cmake --build /home/jkang/InSituNeedle_Manipulation_FBG_FEM_ROS2/src/FEM/custom/matlab_msg_gen/glnxa64/build/fbg_msgs -- -j12 -l12
[2.198s] [1/48] Generating C++ code for ROS interfaces
[2.209s] [2/48] Generating C code for ROS interfaces
[2.316s] [3/48] Building C object CMakeFiles/fbg_msgs__rosidl_generator_c.dir/rosidl_generator_c/fbg_msgs/msg/detail/fbg_reading__functions.c.o
[2.319s] [4/48] Building C object CMakeFiles/fbg_msgs__rosidl_generator_c.dir/rosidl_generator_c/fbg_msgs/msg/detail/curvature__functions.c.o
[2.352s] [5/48] Building C object CMakeFiles/fbg_msgs__rosidl_generator_c.dir/rosidl_generator_c/fbg_msgs/srv/detail/find_norm__functions.c.o
[2.369s] [6/48] Building C object CMakeFiles/fbg_msgs__rosidl_generator_c.dir/rosidl_generator_c/fbg_msgs/srv/detail/cal_curvature__functions.c.o
[2.404s] [7/48] Linking C shared library libfbg_msgs__rosidl_generator_c.so
[2.903s] [8/48] Generating C++ type support dispatch for ROS interfaces
[2.933s] [9/48] Generating C++ introspection for ROS interfaces
[2.949s] [10/48] Generating C++ type support for eProsima Fast-RTPS
[3.311s] [11/48] Generating C introspection for ROS interfaces
[3.367s] [12/48] Generating C type support dispatch for ROS interfaces
[3.652s] [13/48] Building CXX object CMakeFiles/fbg_msgs__rosidl_typesupport_cpp.dir/rosidl_typesupport_cpp/fbg_msgs/srv/find_norm__type_support.cpp.o
[3.676s] [14/48] Building CXX object CMakeFiles/fbg_msgs__rosidl_typesupport_cpp.dir/rosidl_typesupport_cpp/fbg_msgs/srv/cal_curvature__type_support.cpp.o
[3.738s] [15/48] Building C object CMakeFiles/fbg_msgs__rosidl_typesupport_introspection_c.dir/rosidl_typesupport_introspection_c/fbg_msgs/msg/detail/curvature__type_support.c.o
[3.766s] [16/48] Building CXX object CMakeFiles/fbg_msgs__rosidl_typesupport_introspection_cpp.dir/rosidl_typesupport_introspection_cpp/fbg_msgs/srv/detail/find_norm__type_support.cpp.o
[3.780s] [17/48] Building CXX object CMakeFiles/fbg_msgs__rosidl_typesupport_cpp.dir/rosidl_typesupport_cpp/fbg_msgs/msg/fbg_reading__type_support.cpp.o
[3.798s] [18/48] Building C object CMakeFiles/fbg_msgs__rosidl_typesupport_introspection_c.dir/rosidl_typesupport_introspection_c/fbg_msgs/msg/detail/fbg_reading__type_support.c.o
[3.818s] [19/48] Building CXX object CMakeFiles/fbg_msgs__rosidl_typesupport_introspection_cpp.dir/rosidl_typesupport_introspection_cpp/fbg_msgs/msg/detail/fbg_reading__type_support.cpp.o
[3.831s] [20/48] Building CXX object CMakeFiles/fbg_msgs__rosidl_typesupport_cpp.dir/rosidl_typesupport_cpp/fbg_msgs/msg/curvature__type_support.cpp.o
[3.834s] [21/48] Building CXX object CMakeFiles/fbg_msgs__rosidl_typesupport_introspection_cpp.dir/rosidl_typesupport_introspection_cpp/fbg_msgs/srv/detail/cal_curvature__type_support.cpp.o
[3.844s] [22/48] Building CXX object CMakeFiles/fbg_msgs__rosidl_typesupport_c.dir/rosidl_typesupport_c/fbg_msgs/msg/curvature__type_support.cpp.o
[3.854s] [23/48] Building C object CMakeFiles/fbg_msgs__rosidl_typesupport_introspection_c.dir/rosidl_typesupport_introspection_c/fbg_msgs/srv/detail/cal_curvature__type_support.c.o
[3.854s] [24/48] Building C object CMakeFiles/fbg_msgs__rosidl_typesupport_introspection_c.dir/rosidl_typesupport_introspection_c/fbg_msgs/srv/detail/find_norm__type_support.c.o
[3.875s] [25/48] Building CXX object CMakeFiles/fbg_msgs__rosidl_typesupport_c.dir/rosidl_typesupport_c/fbg_msgs/msg/fbg_reading__type_support.cpp.o
[3.876s] [26/48] Building CXX object CMakeFiles/fbg_msgs__rosidl_typesupport_introspection_cpp.dir/rosidl_typesupport_introspection_cpp/fbg_msgs/msg/detail/curvature__type_support.cpp.o
[3.891s] [27/48] Linking C shared library libfbg_msgs__rosidl_typesupport_introspection_c.so
[3.895s] [28/48] Building CXX object CMakeFiles/fbg_msgs__rosidl_typesupport_c.dir/rosidl_typesupport_c/fbg_msgs/srv/cal_curvature__type_support.cpp.o
[3.896s] [29/48] Building CXX object CMakeFiles/fbg_msgs__rosidl_typesupport_c.dir/rosidl_typesupport_c/fbg_msgs/srv/find_norm__type_support.cpp.o
[3.954s] [30/48] Linking CXX shared library libfbg_msgs__rosidl_typesupport_cpp.so
[3.968s] [31/48] Linking CXX shared library libfbg_msgs__rosidl_typesupport_introspection_cpp.so
[3.990s] [32/48] Linking CXX shared library libfbg_msgs__rosidl_typesupport_c.so
[4.057s] [33/48] Building CXX object CMakeFiles/fbg_msgs__rosidl_typesupport_fastrtps_cpp.dir/rosidl_typesupport_fastrtps_cpp/fbg_msgs/msg/detail/dds_fastrtps/fbg_reading__type_support.cpp.o
[4.210s] [34/48] Building CXX object CMakeFiles/fbg_msgs__rosidl_typesupport_fastrtps_cpp.dir/rosidl_typesupport_fastrtps_cpp/fbg_msgs/srv/detail/dds_fastrtps/cal_curvature__type_support.cpp.o
[4.229s] [35/48] Building CXX object CMakeFiles/fbg_msgs__rosidl_typesupport_fastrtps_cpp.dir/rosidl_typesupport_fastrtps_cpp/fbg_msgs/srv/detail/dds_fastrtps/find_norm__type_support.cpp.o
[4.253s] [36/48] Building CXX object CMakeFiles/fbg_msgs__rosidl_typesupport_fastrtps_cpp.dir/rosidl_typesupport_fastrtps_cpp/fbg_msgs/msg/detail/dds_fastrtps/curvature__type_support.cpp.o
[4.409s] [37/48] Linking CXX shared library libfbg_msgs__rosidl_typesupport_fastrtps_cpp.so
[4.836s] [38/48] Generating C type support for eProsima Fast-RTPS
[5.319s] [39/48] Building CXX object CMakeFiles/fbg_msgs__rosidl_typesupport_fastrtps_c.dir/rosidl_typesupport_fastrtps_c/fbg_msgs/srv/detail/find_norm__type_support_c.cpp.o
[5.330s] [40/48] Building CXX object CMakeFiles/fbg_msgs__rosidl_typesupport_fastrtps_c.dir/rosidl_typesupport_fastrtps_c/fbg_msgs/msg/detail/curvature__type_support_c.cpp.o
[5.331s] [41/48] Building CXX object CMakeFiles/fbg_msgs__rosidl_typesupport_fastrtps_c.dir/rosidl_typesupport_fastrtps_c/fbg_msgs/srv/detail/cal_curvature__type_support_c.cpp.o
[5.355s] [42/48] Building CXX object CMakeFiles/fbg_msgs__rosidl_typesupport_fastrtps_c.dir/rosidl_typesupport_fastrtps_c/fbg_msgs/msg/detail/fbg_reading__type_support_c.cpp.o
[5.513s] [43/48] Linking CXX shared library libfbg_msgs__rosidl_typesupport_fastrtps_c.so
[15.267s] [44/48] Building CXX object CMakeFiles/fbg_msgs_matlab.dir/src/fbg_msgs_FbgReading_message.cpp.o
[15.428s] [45/48] Building CXX object CMakeFiles/fbg_msgs_matlab.dir/src/fbg_msgs_Curvature_message.cpp.o
[19.420s] [46/48] Building CXX object CMakeFiles/fbg_msgs_matlab.dir/src/fbg_msgs_FindNorm_service.cpp.o
[19.920s] [47/48] Building CXX object CMakeFiles/fbg_msgs_matlab.dir/src/fbg_msgs_CalCurvature_service.cpp.o
[21.170s] [48/48] Linking CXX shared library libfbg_msgs_matlab.so
[21.172s] Invoked command in '/home/jkang/InSituNeedle_Manipulation_FBG_FEM_ROS2/src/FEM/custom/matlab_msg_gen/glnxa64/build/fbg_msgs' returned '0': PS1=(venv) /home/jkang/MATLAB/R2022b/bin/glnxa64/cmake/bin/cmake --build /home/jkang/InSituNeedle_Manipulation_FBG_FEM_ROS2/src/FEM/custom/matlab_msg_gen/glnxa64/build/fbg_msgs -- -j12 -l12
[21.203s] Invoking command in '/home/jkang/InSituNeedle_Manipulation_FBG_FEM_ROS2/src/FEM/custom/matlab_msg_gen/glnxa64/build/fbg_msgs': PS1=(venv) /home/jkang/MATLAB/R2022b/bin/glnxa64/cmake/bin/cmake --install /home/jkang/InSituNeedle_Manipulation_FBG_FEM_ROS2/src/FEM/custom/matlab_msg_gen/glnxa64/build/fbg_msgs
[21.206s] -- Install configuration: "Release"
[21.206s] -- Installing: /home/jkang/InSituNeedle_Manipulation_FBG_FEM_ROS2/src/FEM/custom/matlab_msg_gen/glnxa64/install/share/ament_index/resource_index/rosidl_interfaces/fbg_msgs
[21.206s] -- Installing: /home/jkang/InSituNeedle_Manipulation_FBG_FEM_ROS2/src/FEM/custom/matlab_msg_gen/glnxa64/install/include/fbg_msgs
[21.207s] -- Installing: /home/jkang/InSituNeedle_Manipulation_FBG_FEM_ROS2/src/FEM/custom/matlab_msg_gen/glnxa64/install/include/fbg_msgs/msg
[21.207s] -- Installing: /home/jkang/InSituNeedle_Manipulation_FBG_FEM_ROS2/src/FEM/custom/matlab_msg_gen/glnxa64/install/include/fbg_msgs/msg/fbg_reading.h
[21.207s] -- Installing: /home/jkang/InSituNeedle_Manipulation_FBG_FEM_ROS2/src/FEM/custom/matlab_msg_gen/glnxa64/install/include/fbg_msgs/msg/curvature.h
[21.207s] -- Installing: /home/jkang/InSituNeedle_Manipulation_FBG_FEM_ROS2/src/FEM/custom/matlab_msg_gen/glnxa64/install/include/fbg_msgs/msg/rosidl_generator_c__visibility_control.h
[21.207s] -- Installing: /home/jkang/InSituNeedle_Manipulation_FBG_FEM_ROS2/src/FEM/custom/matlab_msg_gen/glnxa64/install/include/fbg_msgs/msg/detail
[21.207s] -- Installing: /home/jkang/InSituNeedle_Manipulation_FBG_FEM_ROS2/src/FEM/custom/matlab_msg_gen/glnxa64/install/include/fbg_msgs/msg/detail/curvature__functions.c
[21.207s] -- Installing: /home/jkang/InSituNeedle_Manipulation_FBG_FEM_ROS2/src/FEM/custom/matlab_msg_gen/glnxa64/install/include/fbg_msgs/msg/detail/fbg_reading__functions.h
[21.207s] -- Installing: /home/jkang/InSituNeedle_Manipulation_FBG_FEM_ROS2/src/FEM/custom/matlab_msg_gen/glnxa64/install/include/fbg_msgs/msg/detail/fbg_reading__type_support.h
[21.207s] -- Installing: /home/jkang/InSituNeedle_Manipulation_FBG_FEM_ROS2/src/FEM/custom/matlab_msg_gen/glnxa64/install/include/fbg_msgs/msg/detail/curvature__struct.h
[21.208s] -- Installing: /home/jkang/InSituNeedle_Manipulation_FBG_FEM_ROS2/src/FEM/custom/matlab_msg_gen/glnxa64/install/include/fbg_msgs/msg/detail/fbg_reading__functions.c
[21.208s] -- Installing: /home/jkang/InSituNeedle_Manipulation_FBG_FEM_ROS2/src/FEM/custom/matlab_msg_gen/glnxa64/install/include/fbg_msgs/msg/detail/fbg_reading__struct.h
[21.208s] -- Installing: /home/jkang/InSituNeedle_Manipulation_FBG_FEM_ROS2/src/FEM/custom/matlab_msg_gen/glnxa64/install/include/fbg_msgs/msg/detail/curvature__functions.h
[21.208s] -- Installing: /home/jkang/InSituNeedle_Manipulation_FBG_FEM_ROS2/src/FEM/custom/matlab_msg_gen/glnxa64/install/include/fbg_msgs/msg/detail/curvature__type_support.h
[21.208s] -- Installing: /home/jkang/InSituNeedle_Manipulation_FBG_FEM_ROS2/src/FEM/custom/matlab_msg_gen/glnxa64/install/include/fbg_msgs/srv
[21.208s] -- Installing: /home/jkang/InSituNeedle_Manipulation_FBG_FEM_ROS2/src/FEM/custom/matlab_msg_gen/glnxa64/install/include/fbg_msgs/srv/cal_curvature.h
[21.208s] -- Installing: /home/jkang/InSituNeedle_Manipulation_FBG_FEM_ROS2/src/FEM/custom/matlab_msg_gen/glnxa64/install/include/fbg_msgs/srv/detail
[21.208s] -- Installing: /home/jkang/InSituNeedle_Manipulation_FBG_FEM_ROS2/src/FEM/custom/matlab_msg_gen/glnxa64/install/include/fbg_msgs/srv/detail/cal_curvature__struct.h
[21.208s] -- Installing: /home/jkang/InSituNeedle_Manipulation_FBG_FEM_ROS2/src/FEM/custom/matlab_msg_gen/glnxa64/install/include/fbg_msgs/srv/detail/find_norm__type_support.h
[21.208s] -- Installing: /home/jkang/InSituNeedle_Manipulation_FBG_FEM_ROS2/src/FEM/custom/matlab_msg_gen/glnxa64/install/include/fbg_msgs/srv/detail/cal_curvature__functions.c
[21.209s] -- Installing: /home/jkang/InSituNeedle_Manipulation_FBG_FEM_ROS2/src/FEM/custom/matlab_msg_gen/glnxa64/install/include/fbg_msgs/srv/detail/find_norm__struct.h
[21.209s] -- Installing: /home/jkang/InSituNeedle_Manipulation_FBG_FEM_ROS2/src/FEM/custom/matlab_msg_gen/glnxa64/install/include/fbg_msgs/srv/detail/find_norm__functions.c
[21.209s] -- Installing: /home/jkang/InSituNeedle_Manipulation_FBG_FEM_ROS2/src/FEM/custom/matlab_msg_gen/glnxa64/install/include/fbg_msgs/srv/detail/find_norm__functions.h
[21.209s] -- Installing: /home/jkang/InSituNeedle_Manipulation_FBG_FEM_ROS2/src/FEM/custom/matlab_msg_gen/glnxa64/install/include/fbg_msgs/srv/detail/cal_curvature__functions.h
[21.209s] -- Installing: /home/jkang/InSituNeedle_Manipulation_FBG_FEM_ROS2/src/FEM/custom/matlab_msg_gen/glnxa64/install/include/fbg_msgs/srv/detail/cal_curvature__type_support.h
[21.209s] -- Installing: /home/jkang/InSituNeedle_Manipulation_FBG_FEM_ROS2/src/FEM/custom/matlab_msg_gen/glnxa64/install/include/fbg_msgs/srv/find_norm.h
[21.209s] -- Installing: /home/jkang/InSituNeedle_Manipulation_FBG_FEM_ROS2/src/FEM/custom/matlab_msg_gen/glnxa64/install/share/fbg_msgs/environment/library_path.sh
[21.209s] -- Installing: /home/jkang/InSituNeedle_Manipulation_FBG_FEM_ROS2/src/FEM/custom/matlab_msg_gen/glnxa64/install/share/fbg_msgs/environment/library_path.dsv
[21.209s] -- Installing: /home/jkang/InSituNeedle_Manipulation_FBG_FEM_ROS2/src/FEM/custom/matlab_msg_gen/glnxa64/install/lib/libfbg_msgs__rosidl_generator_c.so
[21.210s] -- Up-to-date: /home/jkang/InSituNeedle_Manipulation_FBG_FEM_ROS2/src/FEM/custom/matlab_msg_gen/glnxa64/install/include/fbg_msgs
[21.210s] -- Up-to-date: /home/jkang/InSituNeedle_Manipulation_FBG_FEM_ROS2/src/FEM/custom/matlab_msg_gen/glnxa64/install/include/fbg_msgs/msg
[21.210s] -- Up-to-date: /home/jkang/InSituNeedle_Manipulation_FBG_FEM_ROS2/src/FEM/custom/matlab_msg_gen/glnxa64/install/include/fbg_msgs/msg/detail
[21.210s] -- Installing: /home/jkang/InSituNeedle_Manipulation_FBG_FEM_ROS2/src/FEM/custom/matlab_msg_gen/glnxa64/install/include/fbg_msgs/msg/detail/fbg_reading__rosidl_typesupport_fastrtps_c.h
[21.210s] -- Installing: /home/jkang/InSituNeedle_Manipulation_FBG_FEM_ROS2/src/FEM/custom/matlab_msg_gen/glnxa64/install/include/fbg_msgs/msg/detail/curvature__rosidl_typesupport_fastrtps_c.h
[21.210s] -- Installing: /home/jkang/InSituNeedle_Manipulation_FBG_FEM_ROS2/src/FEM/custom/matlab_msg_gen/glnxa64/install/include/fbg_msgs/msg/rosidl_typesupport_fastrtps_c__visibility_control.h
[21.210s] -- Up-to-date: /home/jkang/InSituNeedle_Manipulation_FBG_FEM_ROS2/src/FEM/custom/matlab_msg_gen/glnxa64/install/include/fbg_msgs/srv
[21.210s] -- Up-to-date: /home/jkang/InSituNeedle_Manipulation_FBG_FEM_ROS2/src/FEM/custom/matlab_msg_gen/glnxa64/install/include/fbg_msgs/srv/detail
[21.210s] -- Installing: /home/jkang/InSituNeedle_Manipulation_FBG_FEM_ROS2/src/FEM/custom/matlab_msg_gen/glnxa64/install/include/fbg_msgs/srv/detail/cal_curvature__rosidl_typesupport_fastrtps_c.h
[21.210s] -- Installing: /home/jkang/InSituNeedle_Manipulation_FBG_FEM_ROS2/src/FEM/custom/matlab_msg_gen/glnxa64/install/include/fbg_msgs/srv/detail/find_norm__rosidl_typesupport_fastrtps_c.h
[21.211s] -- Installing: /home/jkang/InSituNeedle_Manipulation_FBG_FEM_ROS2/src/FEM/custom/matlab_msg_gen/glnxa64/install/lib/libfbg_msgs__rosidl_typesupport_fastrtps_c.so
[21.211s] -- Up-to-date: /home/jkang/InSituNeedle_Manipulation_FBG_FEM_ROS2/src/FEM/custom/matlab_msg_gen/glnxa64/install/include/fbg_msgs
[21.211s] -- Up-to-date: /home/jkang/InSituNeedle_Manipulation_FBG_FEM_ROS2/src/FEM/custom/matlab_msg_gen/glnxa64/install/include/fbg_msgs/msg
[21.211s] -- Up-to-date: /home/jkang/InSituNeedle_Manipulation_FBG_FEM_ROS2/src/FEM/custom/matlab_msg_gen/glnxa64/install/include/fbg_msgs/msg/detail
[21.211s] -- Installing: /home/jkang/InSituNeedle_Manipulation_FBG_FEM_ROS2/src/FEM/custom/matlab_msg_gen/glnxa64/install/include/fbg_msgs/msg/detail/curvature__rosidl_typesupport_fastrtps_cpp.hpp
[21.211s] -- Installing: /home/jkang/InSituNeedle_Manipulation_FBG_FEM_ROS2/src/FEM/custom/matlab_msg_gen/glnxa64/install/include/fbg_msgs/msg/detail/fbg_reading__rosidl_typesupport_fastrtps_cpp.hpp
[21.211s] -- Installing: /home/jkang/InSituNeedle_Manipulation_FBG_FEM_ROS2/src/FEM/custom/matlab_msg_gen/glnxa64/install/include/fbg_msgs/msg/detail/dds_fastrtps
[21.211s] -- Installing: /home/jkang/InSituNeedle_Manipulation_FBG_FEM_ROS2/src/FEM/custom/matlab_msg_gen/glnxa64/install/include/fbg_msgs/msg/rosidl_typesupport_fastrtps_cpp__visibility_control.h
[21.212s] -- Up-to-date: /home/jkang/InSituNeedle_Manipulation_FBG_FEM_ROS2/src/FEM/custom/matlab_msg_gen/glnxa64/install/include/fbg_msgs/srv
[21.212s] -- Up-to-date: /home/jkang/InSituNeedle_Manipulation_FBG_FEM_ROS2/src/FEM/custom/matlab_msg_gen/glnxa64/install/include/fbg_msgs/srv/detail
[21.212s] -- Installing: /home/jkang/InSituNeedle_Manipulation_FBG_FEM_ROS2/src/FEM/custom/matlab_msg_gen/glnxa64/install/include/fbg_msgs/srv/detail/find_norm__rosidl_typesupport_fastrtps_cpp.hpp
[21.212s] -- Installing: /home/jkang/InSituNeedle_Manipulation_FBG_FEM_ROS2/src/FEM/custom/matlab_msg_gen/glnxa64/install/include/fbg_msgs/srv/detail/dds_fastrtps
[21.212s] -- Installing: /home/jkang/InSituNeedle_Manipulation_FBG_FEM_ROS2/src/FEM/custom/matlab_msg_gen/glnxa64/install/include/fbg_msgs/srv/detail/cal_curvature__rosidl_typesupport_fastrtps_cpp.hpp
[21.212s] -- Installing: /home/jkang/InSituNeedle_Manipulation_FBG_FEM_ROS2/src/FEM/custom/matlab_msg_gen/glnxa64/install/lib/libfbg_msgs__rosidl_typesupport_fastrtps_cpp.so
[21.212s] -- Up-to-date: /home/jkang/InSituNeedle_Manipulation_FBG_FEM_ROS2/src/FEM/custom/matlab_msg_gen/glnxa64/install/include/fbg_msgs
[21.212s] -- Up-to-date: /home/jkang/InSituNeedle_Manipulation_FBG_FEM_ROS2/src/FEM/custom/matlab_msg_gen/glnxa64/install/include/fbg_msgs/msg
[21.212s] -- Installing: /home/jkang/InSituNeedle_Manipulation_FBG_FEM_ROS2/src/FEM/custom/matlab_msg_gen/glnxa64/install/include/fbg_msgs/msg/rosidl_typesupport_introspection_c__visibility_control.h
[21.212s] -- Up-to-date: /home/jkang/InSituNeedle_Manipulation_FBG_FEM_ROS2/src/FEM/custom/matlab_msg_gen/glnxa64/install/include/fbg_msgs/msg/detail
[21.213s] -- Installing: /home/jkang/InSituNeedle_Manipulation_FBG_FEM_ROS2/src/FEM/custom/matlab_msg_gen/glnxa64/install/include/fbg_msgs/msg/detail/fbg_reading__type_support.c
[21.213s] -- Installing: /home/jkang/InSituNeedle_Manipulation_FBG_FEM_ROS2/src/FEM/custom/matlab_msg_gen/glnxa64/install/include/fbg_msgs/msg/detail/fbg_reading__rosidl_typesupport_introspection_c.h
[21.213s] -- Installing: /home/jkang/InSituNeedle_Manipulation_FBG_FEM_ROS2/src/FEM/custom/matlab_msg_gen/glnxa64/install/include/fbg_msgs/msg/detail/curvature__type_support.c
[21.213s] -- Installing: /home/jkang/InSituNeedle_Manipulation_FBG_FEM_ROS2/src/FEM/custom/matlab_msg_gen/glnxa64/install/include/fbg_msgs/msg/detail/curvature__rosidl_typesupport_introspection_c.h
[21.213s] -- Up-to-date: /home/jkang/InSituNeedle_Manipulation_FBG_FEM_ROS2/src/FEM/custom/matlab_msg_gen/glnxa64/install/include/fbg_msgs/srv
[21.213s] -- Up-to-date: /home/jkang/InSituNeedle_Manipulation_FBG_FEM_ROS2/src/FEM/custom/matlab_msg_gen/glnxa64/install/include/fbg_msgs/srv/detail
[21.213s] -- Installing: /home/jkang/InSituNeedle_Manipulation_FBG_FEM_ROS2/src/FEM/custom/matlab_msg_gen/glnxa64/install/include/fbg_msgs/srv/detail/find_norm__rosidl_typesupport_introspection_c.h
[21.213s] -- Installing: /home/jkang/InSituNeedle_Manipulation_FBG_FEM_ROS2/src/FEM/custom/matlab_msg_gen/glnxa64/install/include/fbg_msgs/srv/detail/cal_curvature__rosidl_typesupport_introspection_c.h
[21.213s] -- Installing: /home/jkang/InSituNeedle_Manipulation_FBG_FEM_ROS2/src/FEM/custom/matlab_msg_gen/glnxa64/install/include/fbg_msgs/srv/detail/find_norm__type_support.c
[21.214s] -- Installing: /home/jkang/InSituNeedle_Manipulation_FBG_FEM_ROS2/src/FEM/custom/matlab_msg_gen/glnxa64/install/include/fbg_msgs/srv/detail/cal_curvature__type_support.c
[21.214s] -- Installing: /home/jkang/InSituNeedle_Manipulation_FBG_FEM_ROS2/src/FEM/custom/matlab_msg_gen/glnxa64/install/lib/libfbg_msgs__rosidl_typesupport_introspection_c.so
[21.214s] -- Installing: /home/jkang/InSituNeedle_Manipulation_FBG_FEM_ROS2/src/FEM/custom/matlab_msg_gen/glnxa64/install/lib/libfbg_msgs__rosidl_typesupport_c.so
[21.214s] -- Up-to-date: /home/jkang/InSituNeedle_Manipulation_FBG_FEM_ROS2/src/FEM/custom/matlab_msg_gen/glnxa64/install/include/fbg_msgs
[21.214s] -- Up-to-date: /home/jkang/InSituNeedle_Manipulation_FBG_FEM_ROS2/src/FEM/custom/matlab_msg_gen/glnxa64/install/include/fbg_msgs/msg
[21.214s] -- Installing: /home/jkang/InSituNeedle_Manipulation_FBG_FEM_ROS2/src/FEM/custom/matlab_msg_gen/glnxa64/install/include/fbg_msgs/msg/curvature.hpp
[21.214s] -- Installing: /home/jkang/InSituNeedle_Manipulation_FBG_FEM_ROS2/src/FEM/custom/matlab_msg_gen/glnxa64/install/include/fbg_msgs/msg/fbg_reading.hpp
[21.214s] -- Up-to-date: /home/jkang/InSituNeedle_Manipulation_FBG_FEM_ROS2/src/FEM/custom/matlab_msg_gen/glnxa64/install/include/fbg_msgs/msg/detail
[21.214s] -- Installing: /home/jkang/InSituNeedle_Manipulation_FBG_FEM_ROS2/src/FEM/custom/matlab_msg_gen/glnxa64/install/include/fbg_msgs/msg/detail/curvature__builder.hpp
[21.214s] -- Installing: /home/jkang/InSituNeedle_Manipulation_FBG_FEM_ROS2/src/FEM/custom/matlab_msg_gen/glnxa64/install/include/fbg_msgs/msg/detail/curvature__traits.hpp
[21.215s] -- Installing: /home/jkang/InSituNeedle_Manipulation_FBG_FEM_ROS2/src/FEM/custom/matlab_msg_gen/glnxa64/install/include/fbg_msgs/msg/detail/fbg_reading__struct.hpp
[21.215s] -- Installing: /home/jkang/InSituNeedle_Manipulation_FBG_FEM_ROS2/src/FEM/custom/matlab_msg_gen/glnxa64/install/include/fbg_msgs/msg/detail/fbg_reading__traits.hpp
[21.215s] -- Installing: /home/jkang/InSituNeedle_Manipulation_FBG_FEM_ROS2/src/FEM/custom/matlab_msg_gen/glnxa64/install/include/fbg_msgs/msg/detail/curvature__struct.hpp
[21.215s] -- Installing: /home/jkang/InSituNeedle_Manipulation_FBG_FEM_ROS2/src/FEM/custom/matlab_msg_gen/glnxa64/install/include/fbg_msgs/msg/detail/fbg_reading__builder.hpp
[21.215s] -- Up-to-date: /home/jkang/InSituNeedle_Manipulation_FBG_FEM_ROS2/src/FEM/custom/matlab_msg_gen/glnxa64/install/include/fbg_msgs/srv
[21.215s] -- Up-to-date: /home/jkang/InSituNeedle_Manipulation_FBG_FEM_ROS2/src/FEM/custom/matlab_msg_gen/glnxa64/install/include/fbg_msgs/srv/detail
[21.215s] -- Installing: /home/jkang/InSituNeedle_Manipulation_FBG_FEM_ROS2/src/FEM/custom/matlab_msg_gen/glnxa64/install/include/fbg_msgs/srv/detail/cal_curvature__builder.hpp
[21.215s] -- Installing: /home/jkang/InSituNeedle_Manipulation_FBG_FEM_ROS2/src/FEM/custom/matlab_msg_gen/glnxa64/install/include/fbg_msgs/srv/detail/find_norm__struct.hpp
[21.215s] -- Installing: /home/jkang/InSituNeedle_Manipulation_FBG_FEM_ROS2/src/FEM/custom/matlab_msg_gen/glnxa64/install/include/fbg_msgs/srv/detail/cal_curvature__traits.hpp
[21.216s] -- Installing: /home/jkang/InSituNeedle_Manipulation_FBG_FEM_ROS2/src/FEM/custom/matlab_msg_gen/glnxa64/install/include/fbg_msgs/srv/detail/find_norm__traits.hpp
[21.216s] -- Installing: /home/jkang/InSituNeedle_Manipulation_FBG_FEM_ROS2/src/FEM/custom/matlab_msg_gen/glnxa64/install/include/fbg_msgs/srv/detail/find_norm__builder.hpp
[21.216s] -- Installing: /home/jkang/InSituNeedle_Manipulation_FBG_FEM_ROS2/src/FEM/custom/matlab_msg_gen/glnxa64/install/include/fbg_msgs/srv/detail/cal_curvature__struct.hpp
[21.216s] -- Installing: /home/jkang/InSituNeedle_Manipulation_FBG_FEM_ROS2/src/FEM/custom/matlab_msg_gen/glnxa64/install/include/fbg_msgs/srv/find_norm.hpp
[21.216s] -- Installing: /home/jkang/InSituNeedle_Manipulation_FBG_FEM_ROS2/src/FEM/custom/matlab_msg_gen/glnxa64/install/include/fbg_msgs/srv/cal_curvature.hpp
[21.216s] -- Up-to-date: /home/jkang/InSituNeedle_Manipulation_FBG_FEM_ROS2/src/FEM/custom/matlab_msg_gen/glnxa64/install/include/fbg_msgs
[21.216s] -- Up-to-date: /home/jkang/InSituNeedle_Manipulation_FBG_FEM_ROS2/src/FEM/custom/matlab_msg_gen/glnxa64/install/include/fbg_msgs/msg
[21.216s] -- Up-to-date: /home/jkang/InSituNeedle_Manipulation_FBG_FEM_ROS2/src/FEM/custom/matlab_msg_gen/glnxa64/install/include/fbg_msgs/msg/detail
[21.216s] -- Installing: /home/jkang/InSituNeedle_Manipulation_FBG_FEM_ROS2/src/FEM/custom/matlab_msg_gen/glnxa64/install/include/fbg_msgs/msg/detail/fbg_reading__type_support.cpp
[21.216s] -- Installing: /home/jkang/InSituNeedle_Manipulation_FBG_FEM_ROS2/src/FEM/custom/matlab_msg_gen/glnxa64/install/include/fbg_msgs/msg/detail/fbg_reading__rosidl_typesupport_introspection_cpp.hpp
[21.217s] -- Installing: /home/jkang/InSituNeedle_Manipulation_FBG_FEM_ROS2/src/FEM/custom/matlab_msg_gen/glnxa64/install/include/fbg_msgs/msg/detail/curvature__type_support.cpp
[21.217s] -- Installing: /home/jkang/InSituNeedle_Manipulation_FBG_FEM_ROS2/src/FEM/custom/matlab_msg_gen/glnxa64/install/include/fbg_msgs/msg/detail/curvature__rosidl_typesupport_introspection_cpp.hpp
[21.217s] -- Up-to-date: /home/jkang/InSituNeedle_Manipulation_FBG_FEM_ROS2/src/FEM/custom/matlab_msg_gen/glnxa64/install/include/fbg_msgs/srv
[21.217s] -- Up-to-date: /home/jkang/InSituNeedle_Manipulation_FBG_FEM_ROS2/src/FEM/custom/matlab_msg_gen/glnxa64/install/include/fbg_msgs/srv/detail
[21.217s] -- Installing: /home/jkang/InSituNeedle_Manipulation_FBG_FEM_ROS2/src/FEM/custom/matlab_msg_gen/glnxa64/install/include/fbg_msgs/srv/detail/find_norm__type_support.cpp
[21.217s] -- Installing: /home/jkang/InSituNeedle_Manipulation_FBG_FEM_ROS2/src/FEM/custom/matlab_msg_gen/glnxa64/install/include/fbg_msgs/srv/detail/cal_curvature__type_support.cpp
[21.217s] -- Installing: /home/jkang/InSituNeedle_Manipulation_FBG_FEM_ROS2/src/FEM/custom/matlab_msg_gen/glnxa64/install/include/fbg_msgs/srv/detail/cal_curvature__rosidl_typesupport_introspection_cpp.hpp
[21.217s] -- Installing: /home/jkang/InSituNeedle_Manipulation_FBG_FEM_ROS2/src/FEM/custom/matlab_msg_gen/glnxa64/install/include/fbg_msgs/srv/detail/find_norm__rosidl_typesupport_introspection_cpp.hpp
[21.217s] -- Installing: /home/jkang/InSituNeedle_Manipulation_FBG_FEM_ROS2/src/FEM/custom/matlab_msg_gen/glnxa64/install/lib/libfbg_msgs__rosidl_typesupport_introspection_cpp.so
[21.217s] -- Installing: /home/jkang/InSituNeedle_Manipulation_FBG_FEM_ROS2/src/FEM/custom/matlab_msg_gen/glnxa64/install/lib/libfbg_msgs__rosidl_typesupport_cpp.so
[21.218s] -- Installing: /home/jkang/InSituNeedle_Manipulation_FBG_FEM_ROS2/src/FEM/custom/matlab_msg_gen/glnxa64/install/share/fbg_msgs/msg/Curvature.idl
[21.218s] -- Installing: /home/jkang/InSituNeedle_Manipulation_FBG_FEM_ROS2/src/FEM/custom/matlab_msg_gen/glnxa64/install/share/fbg_msgs/msg/FbgReading.idl
[21.218s] -- Installing: /home/jkang/InSituNeedle_Manipulation_FBG_FEM_ROS2/src/FEM/custom/matlab_msg_gen/glnxa64/install/share/fbg_msgs/srv/CalCurvature.idl
[21.218s] -- Installing: /home/jkang/InSituNeedle_Manipulation_FBG_FEM_ROS2/src/FEM/custom/matlab_msg_gen/glnxa64/install/share/fbg_msgs/srv/FindNorm.idl
[21.218s] -- Installing: /home/jkang/InSituNeedle_Manipulation_FBG_FEM_ROS2/src/FEM/custom/matlab_msg_gen/glnxa64/install/share/fbg_msgs/msg/Curvature.msg
[21.218s] -- Installing: /home/jkang/InSituNeedle_Manipulation_FBG_FEM_ROS2/src/FEM/custom/matlab_msg_gen/glnxa64/install/share/fbg_msgs/msg/FbgReading.msg
[21.218s] -- Installing: /home/jkang/InSituNeedle_Manipulation_FBG_FEM_ROS2/src/FEM/custom/matlab_msg_gen/glnxa64/install/share/fbg_msgs/srv/CalCurvature.srv
[21.219s] -- Installing: /home/jkang/InSituNeedle_Manipulation_FBG_FEM_ROS2/src/FEM/custom/matlab_msg_gen/glnxa64/install/share/fbg_msgs/srv/CalCurvature_Request.msg
[21.219s] -- Installing: /home/jkang/InSituNeedle_Manipulation_FBG_FEM_ROS2/src/FEM/custom/matlab_msg_gen/glnxa64/install/share/fbg_msgs/srv/CalCurvature_Response.msg
[21.219s] -- Installing: /home/jkang/InSituNeedle_Manipulation_FBG_FEM_ROS2/src/FEM/custom/matlab_msg_gen/glnxa64/install/share/fbg_msgs/srv/FindNorm.srv
[21.219s] -- Installing: /home/jkang/InSituNeedle_Manipulation_FBG_FEM_ROS2/src/FEM/custom/matlab_msg_gen/glnxa64/install/share/fbg_msgs/srv/FindNorm_Request.msg
[21.219s] -- Installing: /home/jkang/InSituNeedle_Manipulation_FBG_FEM_ROS2/src/FEM/custom/matlab_msg_gen/glnxa64/install/share/fbg_msgs/srv/FindNorm_Response.msg
[21.219s] -- Up-to-date: /home/jkang/InSituNeedle_Manipulation_FBG_FEM_ROS2/src/FEM/custom/matlab_msg_gen/glnxa64/install/include
[21.219s] -- Up-to-date: /home/jkang/InSituNeedle_Manipulation_FBG_FEM_ROS2/src/FEM/custom/matlab_msg_gen/glnxa64/install/include/fbg_msgs
[21.219s] -- Installing: /home/jkang/InSituNeedle_Manipulation_FBG_FEM_ROS2/src/FEM/custom/matlab_msg_gen/glnxa64/install/include/fbg_msgs/visibility_control.h
[21.220s] -- Installing: /home/jkang/InSituNeedle_Manipulation_FBG_FEM_ROS2/src/FEM/custom/matlab_msg_gen/glnxa64/install/lib/libfbg_msgs_matlab.so
[21.239s] -- Up-to-date: /home/jkang/InSituNeedle_Manipulation_FBG_FEM_ROS2/src/FEM/custom/matlab_msg_gen/glnxa64/install/m/
[21.239s] -- Up-to-date: /home/jkang/InSituNeedle_Manipulation_FBG_FEM_ROS2/src/FEM/custom/matlab_msg_gen/glnxa64/install/m//+ros
[21.239s] -- Up-to-date: /home/jkang/InSituNeedle_Manipulation_FBG_FEM_ROS2/src/FEM/custom/matlab_msg_gen/glnxa64/install/m//+ros/+internal
[21.239s] -- Up-to-date: /home/jkang/InSituNeedle_Manipulation_FBG_FEM_ROS2/src/FEM/custom/matlab_msg_gen/glnxa64/install/m//+ros/+internal/+ros2
[21.239s] -- Up-to-date: /home/jkang/InSituNeedle_Manipulation_FBG_FEM_ROS2/src/FEM/custom/matlab_msg_gen/glnxa64/install/m//+ros/+internal/+ros2/+custommessages
[21.239s] -- Installing: /home/jkang/InSituNeedle_Manipulation_FBG_FEM_ROS2/src/FEM/custom/matlab_msg_gen/glnxa64/install/m//+ros/+internal/+ros2/+custommessages/+fbg_msgs
[21.240s] -- Installing: /home/jkang/InSituNeedle_Manipulation_FBG_FEM_ROS2/src/FEM/custom/matlab_msg_gen/glnxa64/install/m//+ros/+internal/+ros2/+custommessages/+fbg_msgs/fbg_msgs_msg_FbgReading_2To1_Converter.m
[21.240s] -- Installing: /home/jkang/InSituNeedle_Manipulation_FBG_FEM_ROS2/src/FEM/custom/matlab_msg_gen/glnxa64/install/m//+ros/+internal/+ros2/+custommessages/+fbg_msgs/calCurvatureResponse.m
[21.240s] -- Installing: /home/jkang/InSituNeedle_Manipulation_FBG_FEM_ROS2/src/FEM/custom/matlab_msg_gen/glnxa64/install/m//+ros/+internal/+ros2/+custommessages/+fbg_msgs/calCurvatureRequest.m
[21.240s] -- Installing: /home/jkang/InSituNeedle_Manipulation_FBG_FEM_ROS2/src/FEM/custom/matlab_msg_gen/glnxa64/install/m//+ros/+internal/+ros2/+custommessages/+fbg_msgs/fbg_msgs_msg_FbgReading_1To2_Converter.m
[21.240s] -- Installing: /home/jkang/InSituNeedle_Manipulation_FBG_FEM_ROS2/src/FEM/custom/matlab_msg_gen/glnxa64/install/m//+ros/+internal/+ros2/+custommessages/+fbg_msgs/curvature.m
[21.240s] -- Installing: /home/jkang/InSituNeedle_Manipulation_FBG_FEM_ROS2/src/FEM/custom/matlab_msg_gen/glnxa64/install/m//+ros/+internal/+ros2/+custommessages/+fbg_msgs/findNormRequest.m
[21.240s] -- Installing: /home/jkang/InSituNeedle_Manipulation_FBG_FEM_ROS2/src/FEM/custom/matlab_msg_gen/glnxa64/install/m//+ros/+internal/+ros2/+custommessages/+fbg_msgs/fbg_msgs_msg_Curvature_1To2_Converter.m
[21.240s] -- Installing: /home/jkang/InSituNeedle_Manipulation_FBG_FEM_ROS2/src/FEM/custom/matlab_msg_gen/glnxa64/install/m//+ros/+internal/+ros2/+custommessages/+fbg_msgs/fbg_msgs_msg_Curvature_2To1_Converter.m
[21.241s] -- Installing: /home/jkang/InSituNeedle_Manipulation_FBG_FEM_ROS2/src/FEM/custom/matlab_msg_gen/glnxa64/install/m//+ros/+internal/+ros2/+custommessages/+fbg_msgs/fbgReading.m
[21.241s] -- Installing: /home/jkang/InSituNeedle_Manipulation_FBG_FEM_ROS2/src/FEM/custom/matlab_msg_gen/glnxa64/install/m//+ros/+internal/+ros2/+custommessages/+fbg_msgs/findNormResponse.m
[21.241s] -- Installing: /home/jkang/InSituNeedle_Manipulation_FBG_FEM_ROS2/src/FEM/custom/matlab_msg_gen/glnxa64/install/share/ament_index/resource_index/package_run_dependencies/fbg_msgs
[21.241s] -- Installing: /home/jkang/InSituNeedle_Manipulation_FBG_FEM_ROS2/src/FEM/custom/matlab_msg_gen/glnxa64/install/share/ament_index/resource_index/parent_prefix_path/fbg_msgs
[21.241s] -- Installing: /home/jkang/InSituNeedle_Manipulation_FBG_FEM_ROS2/src/FEM/custom/matlab_msg_gen/glnxa64/install/share/fbg_msgs/environment/ament_prefix_path.sh
[21.241s] -- Installing: /home/jkang/InSituNeedle_Manipulation_FBG_FEM_ROS2/src/FEM/custom/matlab_msg_gen/glnxa64/install/share/fbg_msgs/environment/ament_prefix_path.dsv
[21.241s] -- Installing: /home/jkang/InSituNeedle_Manipulation_FBG_FEM_ROS2/src/FEM/custom/matlab_msg_gen/glnxa64/install/share/fbg_msgs/environment/path.sh
[21.241s] -- Installing: /home/jkang/InSituNeedle_Manipulation_FBG_FEM_ROS2/src/FEM/custom/matlab_msg_gen/glnxa64/install/share/fbg_msgs/environment/path.dsv
[21.241s] -- Installing: /home/jkang/InSituNeedle_Manipulation_FBG_FEM_ROS2/src/FEM/custom/matlab_msg_gen/glnxa64/install/share/fbg_msgs/local_setup.bash
[21.241s] -- Installing: /home/jkang/InSituNeedle_Manipulation_FBG_FEM_ROS2/src/FEM/custom/matlab_msg_gen/glnxa64/install/share/fbg_msgs/local_setup.sh
[21.242s] -- Installing: /home/jkang/InSituNeedle_Manipulation_FBG_FEM_ROS2/src/FEM/custom/matlab_msg_gen/glnxa64/install/share/fbg_msgs/local_setup.zsh
[21.242s] -- Installing: /home/jkang/InSituNeedle_Manipulation_FBG_FEM_ROS2/src/FEM/custom/matlab_msg_gen/glnxa64/install/share/fbg_msgs/local_setup.dsv
[21.242s] -- Installing: /home/jkang/InSituNeedle_Manipulation_FBG_FEM_ROS2/src/FEM/custom/matlab_msg_gen/glnxa64/install/share/fbg_msgs/package.dsv
[21.242s] -- Installing: /home/jkang/InSituNeedle_Manipulation_FBG_FEM_ROS2/src/FEM/custom/matlab_msg_gen/glnxa64/install/share/ament_index/resource_index/packages/fbg_msgs
[21.242s] -- Installing: /home/jkang/InSituNeedle_Manipulation_FBG_FEM_ROS2/src/FEM/custom/matlab_msg_gen/glnxa64/install/share/fbg_msgs/cmake/fbg_msgs__rosidl_generator_cExport.cmake
[21.242s] -- Installing: /home/jkang/InSituNeedle_Manipulation_FBG_FEM_ROS2/src/FEM/custom/matlab_msg_gen/glnxa64/install/share/fbg_msgs/cmake/fbg_msgs__rosidl_generator_cExport-release.cmake
[21.242s] -- Installing: /home/jkang/InSituNeedle_Manipulation_FBG_FEM_ROS2/src/FEM/custom/matlab_msg_gen/glnxa64/install/share/fbg_msgs/cmake/fbg_msgs__rosidl_typesupport_introspection_cExport.cmake
[21.242s] -- Installing: /home/jkang/InSituNeedle_Manipulation_FBG_FEM_ROS2/src/FEM/custom/matlab_msg_gen/glnxa64/install/share/fbg_msgs/cmake/fbg_msgs__rosidl_typesupport_introspection_cExport-release.cmake
[21.242s] -- Installing: /home/jkang/InSituNeedle_Manipulation_FBG_FEM_ROS2/src/FEM/custom/matlab_msg_gen/glnxa64/install/share/fbg_msgs/cmake/fbg_msgs__rosidl_typesupport_cExport.cmake
[21.243s] -- Installing: /home/jkang/InSituNeedle_Manipulation_FBG_FEM_ROS2/src/FEM/custom/matlab_msg_gen/glnxa64/install/share/fbg_msgs/cmake/fbg_msgs__rosidl_typesupport_cExport-release.cmake
[21.243s] -- Installing: /home/jkang/InSituNeedle_Manipulation_FBG_FEM_ROS2/src/FEM/custom/matlab_msg_gen/glnxa64/install/share/fbg_msgs/cmake/fbg_msgs__rosidl_generator_cppExport.cmake
[21.243s] -- Installing: /home/jkang/InSituNeedle_Manipulation_FBG_FEM_ROS2/src/FEM/custom/matlab_msg_gen/glnxa64/install/share/fbg_msgs/cmake/fbg_msgs__rosidl_typesupport_introspection_cppExport.cmake
[21.243s] -- Installing: /home/jkang/InSituNeedle_Manipulation_FBG_FEM_ROS2/src/FEM/custom/matlab_msg_gen/glnxa64/install/share/fbg_msgs/cmake/fbg_msgs__rosidl_typesupport_introspection_cppExport-release.cmake
[21.243s] -- Installing: /home/jkang/InSituNeedle_Manipulation_FBG_FEM_ROS2/src/FEM/custom/matlab_msg_gen/glnxa64/install/share/fbg_msgs/cmake/fbg_msgs__rosidl_typesupport_cppExport.cmake
[21.243s] -- Installing: /home/jkang/InSituNeedle_Manipulation_FBG_FEM_ROS2/src/FEM/custom/matlab_msg_gen/glnxa64/install/share/fbg_msgs/cmake/fbg_msgs__rosidl_typesupport_cppExport-release.cmake
[21.244s] -- Installing: /home/jkang/InSituNeedle_Manipulation_FBG_FEM_ROS2/src/FEM/custom/matlab_msg_gen/glnxa64/install/share/fbg_msgs/cmake/rosidl_cmake-extras.cmake
[21.244s] -- Installing: /home/jkang/InSituNeedle_Manipulation_FBG_FEM_ROS2/src/FEM/custom/matlab_msg_gen/glnxa64/install/share/fbg_msgs/cmake/ament_cmake_export_dependencies-extras.cmake
[21.244s] -- Installing: /home/jkang/InSituNeedle_Manipulation_FBG_FEM_ROS2/src/FEM/custom/matlab_msg_gen/glnxa64/install/share/fbg_msgs/cmake/ament_cmake_export_libraries-extras.cmake
[21.244s] -- Installing: /home/jkang/InSituNeedle_Manipulation_FBG_FEM_ROS2/src/FEM/custom/matlab_msg_gen/glnxa64/install/share/fbg_msgs/cmake/ament_cmake_export_targets-extras.cmake
[21.244s] -- Installing: /home/jkang/InSituNeedle_Manipulation_FBG_FEM_ROS2/src/FEM/custom/matlab_msg_gen/glnxa64/install/share/fbg_msgs/cmake/ament_cmake_export_include_directories-extras.cmake
[21.244s] -- Installing: /home/jkang/InSituNeedle_Manipulation_FBG_FEM_ROS2/src/FEM/custom/matlab_msg_gen/glnxa64/install/share/fbg_msgs/cmake/rosidl_cmake_export_typesupport_libraries-extras.cmake
[21.245s] -- Installing: /home/jkang/InSituNeedle_Manipulation_FBG_FEM_ROS2/src/FEM/custom/matlab_msg_gen/glnxa64/install/share/fbg_msgs/cmake/rosidl_cmake_export_typesupport_targets-extras.cmake
[21.245s] -- Installing: /home/jkang/InSituNeedle_Manipulation_FBG_FEM_ROS2/src/FEM/custom/matlab_msg_gen/glnxa64/install/share/fbg_msgs/cmake/fbg_msgsConfig.cmake
[21.245s] -- Installing: /home/jkang/InSituNeedle_Manipulation_FBG_FEM_ROS2/src/FEM/custom/matlab_msg_gen/glnxa64/install/share/fbg_msgs/cmake/fbg_msgsConfig-version.cmake
[21.245s] -- Installing: /home/jkang/InSituNeedle_Manipulation_FBG_FEM_ROS2/src/FEM/custom/matlab_msg_gen/glnxa64/install/share/fbg_msgs/package.xml
[21.247s] Invoked command in '/home/jkang/InSituNeedle_Manipulation_FBG_FEM_ROS2/src/FEM/custom/matlab_msg_gen/glnxa64/build/fbg_msgs' returned '0': PS1=(venv) /home/jkang/MATLAB/R2022b/bin/glnxa64/cmake/bin/cmake --install /home/jkang/InSituNeedle_Manipulation_FBG_FEM_ROS2/src/FEM/custom/matlab_msg_gen/glnxa64/build/fbg_msgs
