[1.612s] Invoking command in '/home/jkang/InSituNeedle_Manipulation_FBG_FEM_ROS2/src/curvature_srvcli': AMENT_PREFIX_PATH=/home/jkang/InSituNeedle_Manipulation_FBG_FEM_ROS2/install/sm130_interrogator:/home/jkang/InSituNeedle_Manipulation_FBG_FEM_ROS2/install/curvature_srvcli:/home/jkang/InSituNeedle_Manipulation_FBG_FEM_ROS2/install/needle_shape:/home/jkang/InSituNeedle_Manipulation_FBG_FEM_ROS2/install/fbg_msgs:/opt/ros/galactic PYTHONPATH=/home/jkang/InSituNeedle_Manipulation_FBG_FEM_ROS2/build/curvature_srvcli/prefix_override:/home/jkang/InSituNeedle_Manipulation_FBG_FEM_ROS2/install/curvature_srvcli/lib/python3.8/site-packages:/home/jkang/InSituNeedle_Manipulation_FBG_FEM_ROS2/install/sm130_interrogator/lib/python3.8/site-packages:/home/jkang/InSituNeedle_Manipulation_FBG_FEM_ROS2/install/fbg_msgs/lib/python3.8/site-packages:/home/jkang/InSituNeedle_Manipulation_FBG_FEM_ROS2/install/curvature_srvcli/lib/python3.8/site-packages:/home/jkang/InSituNeedle_Manipulation_FBG_FEM_ROS2/install/needle_shape/lib/python3.8/site-packages:/opt/ros/galactic/lib/python3.8/site-packages /usr/bin/python3 setup.py egg_info --egg-base ../../build/curvature_srvcli build --build-base /home/jkang/InSituNeedle_Manipulation_FBG_FEM_ROS2/build/curvature_srvcli/build install --record /home/jkang/InSituNeedle_Manipulation_FBG_FEM_ROS2/build/curvature_srvcli/install.log --single-version-externally-managed
[2.084s] running egg_info
[2.103s] writing ../../build/curvature_srvcli/curvature_srvcli.egg-info/PKG-INFO
[2.103s] writing dependency_links to ../../build/curvature_srvcli/curvature_srvcli.egg-info/dependency_links.txt
[2.103s] writing entry points to ../../build/curvature_srvcli/curvature_srvcli.egg-info/entry_points.txt
[2.104s] writing requirements to ../../build/curvature_srvcli/curvature_srvcli.egg-info/requires.txt
[2.104s] writing top-level names to ../../build/curvature_srvcli/curvature_srvcli.egg-info/top_level.txt
[2.145s] reading manifest file '../../build/curvature_srvcli/curvature_srvcli.egg-info/SOURCES.txt'
[2.146s] writing manifest file '../../build/curvature_srvcli/curvature_srvcli.egg-info/SOURCES.txt'
[2.146s] running build
[2.146s] running build_py
[2.147s] running install
[2.147s] /home/jkang/.local/lib/python3.8/site-packages/setuptools/command/install.py:34: SetuptoolsDeprecationWarning: setup.py install is deprecated. Use build and pip and other standards-based tools.
[2.148s]   warnings.warn(
[2.156s] running install_lib
[2.179s] running install_data
[2.204s] running install_egg_info
[2.227s] removing '/home/jkang/InSituNeedle_Manipulation_FBG_FEM_ROS2/install/curvature_srvcli/lib/python3.8/site-packages/curvature_srvcli-0.0.0-py3.8.egg-info' (and everything under it)
[2.228s] Copying ../../build/curvature_srvcli/curvature_srvcli.egg-info to /home/jkang/InSituNeedle_Manipulation_FBG_FEM_ROS2/install/curvature_srvcli/lib/python3.8/site-packages/curvature_srvcli-0.0.0-py3.8.egg-info
[2.229s] running install_scripts
[2.327s] Installing client script to /home/jkang/InSituNeedle_Manipulation_FBG_FEM_ROS2/install/curvature_srvcli/lib/curvature_srvcli
[2.327s] Installing publisher script to /home/jkang/InSituNeedle_Manipulation_FBG_FEM_ROS2/install/curvature_srvcli/lib/curvature_srvcli
[2.327s] Installing server script to /home/jkang/InSituNeedle_Manipulation_FBG_FEM_ROS2/install/curvature_srvcli/lib/curvature_srvcli
[2.327s] writing list of installed files to '/home/jkang/InSituNeedle_Manipulation_FBG_FEM_ROS2/build/curvature_srvcli/install.log'
[2.370s] Invoked command in '/home/jkang/InSituNeedle_Manipulation_FBG_FEM_ROS2/src/curvature_srvcli' returned '0': AMENT_PREFIX_PATH=/home/jkang/InSituNeedle_Manipulation_FBG_FEM_ROS2/install/sm130_interrogator:/home/jkang/InSituNeedle_Manipulation_FBG_FEM_ROS2/install/curvature_srvcli:/home/jkang/InSituNeedle_Manipulation_FBG_FEM_ROS2/install/needle_shape:/home/jkang/InSituNeedle_Manipulation_FBG_FEM_ROS2/install/fbg_msgs:/opt/ros/galactic PYTHONPATH=/home/jkang/InSituNeedle_Manipulation_FBG_FEM_ROS2/build/curvature_srvcli/prefix_override:/home/jkang/InSituNeedle_Manipulation_FBG_FEM_ROS2/install/curvature_srvcli/lib/python3.8/site-packages:/home/jkang/InSituNeedle_Manipulation_FBG_FEM_ROS2/install/sm130_interrogator/lib/python3.8/site-packages:/home/jkang/InSituNeedle_Manipulation_FBG_FEM_ROS2/install/fbg_msgs/lib/python3.8/site-packages:/home/jkang/InSituNeedle_Manipulation_FBG_FEM_ROS2/install/curvature_srvcli/lib/python3.8/site-packages:/home/jkang/InSituNeedle_Manipulation_FBG_FEM_ROS2/install/needle_shape/lib/python3.8/site-packages:/opt/ros/galactic/lib/python3.8/site-packages /usr/bin/python3 setup.py egg_info --egg-base ../../build/curvature_srvcli build --build-base /home/jkang/InSituNeedle_Manipulation_FBG_FEM_ROS2/build/curvature_srvcli/build install --record /home/jkang/InSituNeedle_Manipulation_FBG_FEM_ROS2/build/curvature_srvcli/install.log --single-version-externally-managed
