[0.155s] Invoking command in '/home/yangshengxu/Desktop/InSituNeedle_Manipulation_FBG_FEM_ROS2/build/fbg_msgs': CMAKE_PREFIX_PATH=/opt/ros/galactic /usr/bin/cmake /home/yangshengxu/Desktop/InSituNeedle_Manipulation_FBG_FEM_ROS2/src/fbg_msgs -DCMAKE_INSTALL_PREFIX=/home/yangshengxu/Desktop/InSituNeedle_Manipulation_FBG_FEM_ROS2/install/fbg_msgs
[0.165s] -- Found ament_cmake: 1.1.6 (/opt/ros/galactic/share/ament_cmake/cmake)
[0.179s] -- Found PythonInterp: /usr/bin/python3 (found suitable version "3.8.10", minimum required is "3") 
[0.180s] -- Using PYTHON_EXECUTABLE: /usr/bin/python3
[0.222s] -- Found rclcpp: 9.2.2 (/opt/ros/galactic/share/rclcpp/cmake)
[0.246s] -- Using all available rosidl_typesupport_c: rosidl_typesupport_fastrtps_c;rosidl_typesupport_introspection_c
[0.249s] -- Found rosidl_adapter: 2.2.3 (/opt/ros/galactic/share/rosidl_adapter/cmake)
[0.331s] -- Using all available rosidl_typesupport_cpp: rosidl_typesupport_fastrtps_cpp;rosidl_typesupport_introspection_cpp
[0.368s] -- Found rmw_implementation_cmake: 3.3.1 (/opt/ros/galactic/share/rmw_implementation_cmake/cmake)
[0.369s] -- Found rmw_cyclonedds_cpp: 0.22.6 (/opt/ros/galactic/share/rmw_cyclonedds_cpp/cmake)
[0.383s] -- Using RMW implementation 'rmw_cyclonedds_cpp' as default
[0.485s] -- Found rosidl_default_generators: 1.1.1 (/opt/ros/galactic/share/rosidl_default_generators/cmake)
[0.507s] -- Found PythonInterp: /usr/bin/python3 (found version "3.8.10") 
[0.637s] CMake Error at /opt/ros/galactic/share/rosidl_adapter/cmake/rosidl_adapt_interfaces.cmake:60 (message):
[0.637s]   execute_process(/usr/bin/python3 -m rosidl_adapter --package-name fbg_msgs
[0.637s]   --arguments-file
[0.637s]   /home/yangshengxu/Desktop/InSituNeedle_Manipulation_FBG_FEM_ROS2/build/fbg_msgs/rosidl_adapter__arguments__fbg_msgs.json
[0.637s]   --output-dir
[0.637s]   /home/yangshengxu/Desktop/InSituNeedle_Manipulation_FBG_FEM_ROS2/build/fbg_msgs/rosidl_adapter/fbg_msgs
[0.637s]   --output-file
[0.638s]   /home/yangshengxu/Desktop/InSituNeedle_Manipulation_FBG_FEM_ROS2/build/fbg_msgs/rosidl_adapter/fbg_msgs.idls)
[0.638s]   returned error code 1:
[0.638s] 
[0.638s]   Error processing 'uint16 num_AA' of 'fbg_msgs/FbgReading': ''num_AA' is an
[0.638s]   invalid field name.  It should have the pattern
[0.638s]   '^(?!.*__)(?!.*_$)[a-z][a-z0-9_]*$''
[0.638s] 
[0.638s]   Traceback (most recent call last):
[0.638s] 
[0.638s]     File "/usr/lib/python3.8/runpy.py", line 194, in _run_module_as_main
[0.638s]       return _run_code(code, main_globals, None,
[0.638s]     File "/usr/lib/python3.8/runpy.py", line 87, in _run_code
[0.638s]       exec(code, run_globals)
[0.638s]     File "/opt/ros/galactic/lib/python3.8/site-packages/rosidl_adapter/__main__.py", line 19, in <module>
[0.638s]       sys.exit(main())
[0.638s]     File "/opt/ros/galactic/lib/python3.8/site-packages/rosidl_adapter/main.py", line 53, in main
[0.638s]       abs_idl_file = convert_to_idl(
[0.639s]     File "/opt/ros/galactic/lib/python3.8/site-packages/rosidl_adapter/__init__.py", line 19, in convert_to_idl
[0.639s]       return convert_msg_to_idl(
[0.639s]     File "/opt/ros/galactic/lib/python3.8/site-packages/rosidl_adapter/msg/__init__.py", line 28, in convert_msg_to_idl
[0.639s]       msg = parse_message_string(package_name, input_file.stem, content)
[0.639s]     File "/opt/ros/galactic/lib/python3.8/site-packages/rosidl_adapter/parser.py", line 515, in parse_message_string
[0.639s]       fields.append(Field(
[0.639s]     File "/opt/ros/galactic/lib/python3.8/site-packages/rosidl_adapter/parser.py", line 353, in __init__
[0.639s]       raise NameError(
[0.639s] 
[0.639s]   NameError: 'num_AA' is an invalid field name.  It should have the pattern
[0.639s]   '^(?!.*__)(?!.*_$)[a-z][a-z0-9_]*$'
[0.639s] 
[0.639s] Call Stack (most recent call first):
[0.639s]   /opt/ros/galactic/share/rosidl_cmake/cmake/rosidl_generate_interfaces.cmake:130 (rosidl_adapt_interfaces)
[0.639s]   CMakeLists.txt:13 (rosidl_generate_interfaces)
[0.639s] 
[0.640s] 
[0.640s] -- Configuring incomplete, errors occurred!
[0.640s] See also "/home/yangshengxu/Desktop/InSituNeedle_Manipulation_FBG_FEM_ROS2/build/fbg_msgs/CMakeFiles/CMakeOutput.log".
[0.640s] See also "/home/yangshengxu/Desktop/InSituNeedle_Manipulation_FBG_FEM_ROS2/build/fbg_msgs/CMakeFiles/CMakeError.log".
[0.644s] Invoked command in '/home/yangshengxu/Desktop/InSituNeedle_Manipulation_FBG_FEM_ROS2/build/fbg_msgs' returned '1': CMAKE_PREFIX_PATH=/opt/ros/galactic /usr/bin/cmake /home/yangshengxu/Desktop/InSituNeedle_Manipulation_FBG_FEM_ROS2/src/fbg_msgs -DCMAKE_INSTALL_PREFIX=/home/yangshengxu/Desktop/InSituNeedle_Manipulation_FBG_FEM_ROS2/install/fbg_msgs
