-- The C compiler identification is GNU 9.4.0
-- The CXX compiler identification is GNU 9.4.0
-- Check for working C compiler: /usr/bin/cc
-- Check for working C compiler: /usr/bin/cc -- works
-- Detecting C compiler ABI info
-- Detecting C compiler ABI info - done
-- Detecting C compile features
-- Detecting C compile features - done
-- Check for working CXX compiler: /usr/bin/c++
-- Check for working CXX compiler: /usr/bin/c++ -- works
-- Detecting CXX compiler ABI info
-- Detecting CXX compiler ABI info - done
-- Detecting CXX compile features
-- Detecting CXX compile features - done
-- Found ament_cmake: 0.9.8 (/usr/local/MATLAB/R2022b/sys/ros2/glnxa64/ros2/share/ament_cmake/cmake)
-- Found PythonInterp: /home/yangshengxu/.matlab/R2022b/ros2/glnxa64/venv/bin/python3 (found suitable version "3.9.5", minimum required is "3") 
-- Using PYTHON_EXECUTABLE: /home/yangshengxu/.matlab/R2022b/ros2/glnxa64/venv/bin/python3
-- Found ament_cmake_ros: 0.9.2 (/usr/local/MATLAB/R2022b/sys/ros2/glnxa64/ros2/share/ament_cmake_ros/cmake)
-- Found rosidl_typesupport_c: 1.0.2 (/usr/local/MATLAB/R2022b/sys/ros2/glnxa64/ros2/share/rosidl_typesupport_c/cmake)
-- Using all available rosidl_typesupport_c: rosidl_typesupport_fastrtps_c;rosidl_typesupport_introspection_c
-- Found rosidl_adapter: 1.2.1 (/usr/local/MATLAB/R2022b/sys/ros2/glnxa64/ros2/share/rosidl_adapter/cmake)
-- Found FastRTPS: /usr/local/MATLAB/R2022b/sys/ros2/glnxa64/ros2/include  
-- Found rosidl_typesupport_cpp: 1.0.2 (/usr/local/MATLAB/R2022b/sys/ros2/glnxa64/ros2/share/rosidl_typesupport_cpp/cmake)
-- Using all available rosidl_typesupport_cpp: rosidl_typesupport_fastrtps_cpp;rosidl_typesupport_introspection_cpp
-- Found rosidl_default_generators: 1.0.1 (/usr/local/MATLAB/R2022b/sys/ros2/glnxa64/ros2/share/rosidl_default_generators/cmake)
-- Found class_loader: 2.0.2 (/usr/local/MATLAB/R2022b/sys/ros2/glnxa64/ros2/share/class_loader/cmake)
-- Found rclcpp: 2.3.1 (/usr/local/MATLAB/R2022b/sys/ros2/glnxa64/ros2/share/rclcpp/cmake)
-- Found rmw_implementation_cmake: 1.0.3 (/usr/local/MATLAB/R2022b/sys/ros2/glnxa64/ros2/share/rmw_implementation_cmake/cmake)
-- Using RMW implementation 'rmw_fastrtps_cpp' as default
-- Looking for pthread.h
-- Looking for pthread.h - found
-- Performing Test CMAKE_HAVE_LIBC_PTHREAD
-- Performing Test CMAKE_HAVE_LIBC_PTHREAD - Failed
-- Looking for pthread_create in pthreads
-- Looking for pthread_create in pthreads - not found
-- Looking for pthread_create in pthread
-- Looking for pthread_create in pthread - found
-- Found Threads: TRUE  
-- Found PythonInterp: /home/yangshengxu/.matlab/R2022b/ros2/glnxa64/venv/bin/python3 (found version "3.9.5") 
-- Using all available rosidl_typesupport_c: rosidl_typesupport_fastrtps_c;rosidl_typesupport_introspection_c
-- Using all available rosidl_typesupport_cpp: rosidl_typesupport_fastrtps_cpp;rosidl_typesupport_introspection_cpp
-- Configuring done
-- Generating done
-- Build files have been written to: /home/yangshengxu/Desktop/InSituNeedle_Manipulation_FBG_FEM_ROS2/needle_simulation_control/custom/matlab_msg_gen/glnxa64/build/fbg_msgs
[1/48] Generating C++ code for ROS interfaces
[2/48] Generating C code for ROS interfaces
[3/48] Building C object CMakeFiles/fbg_msgs__rosidl_generator_c.dir/rosidl_generator_c/fbg_msgs/msg/detail/curvature__functions.c.o
[4/48] Building C object CMakeFiles/fbg_msgs__rosidl_generator_c.dir/rosidl_generator_c/fbg_msgs/msg/detail/fbg_reading__functions.c.o
[5/48] Building C object CMakeFiles/fbg_msgs__rosidl_generator_c.dir/rosidl_generator_c/fbg_msgs/srv/detail/find_norm__functions.c.o
[6/48] Building C object CMakeFiles/fbg_msgs__rosidl_generator_c.dir/rosidl_generator_c/fbg_msgs/srv/detail/cal_curvature__functions.c.o
[7/48] Generating C++ type support dispatch for ROS interfaces
[8/48] Linking C shared library libfbg_msgs__rosidl_generator_c.so
[9/48] Generating C++ introspection for ROS interfaces
[10/48] Generating C++ type support for eProsima Fast-RTPS
[11/48] Building CXX object CMakeFiles/fbg_msgs__rosidl_typesupport_cpp.dir/rosidl_typesupport_cpp/fbg_msgs/srv/cal_curvature__type_support.cpp.o
[12/48] Building CXX object CMakeFiles/fbg_msgs__rosidl_typesupport_cpp.dir/rosidl_typesupport_cpp/fbg_msgs/msg/fbg_reading__type_support.cpp.o
[13/48] Building CXX object CMakeFiles/fbg_msgs__rosidl_typesupport_cpp.dir/rosidl_typesupport_cpp/fbg_msgs/msg/curvature__type_support.cpp.o
[14/48] Building CXX object CMakeFiles/fbg_msgs__rosidl_typesupport_cpp.dir/rosidl_typesupport_cpp/fbg_msgs/srv/find_norm__type_support.cpp.o
[15/48] Generating C type support dispatch for ROS interfaces
[16/48] Building CXX object CMakeFiles/fbg_msgs__rosidl_typesupport_c.dir/rosidl_typesupport_c/fbg_msgs/msg/curvature__type_support.cpp.o
[17/48] Linking CXX shared library libfbg_msgs__rosidl_typesupport_cpp.so
[18/48] Building CXX object CMakeFiles/fbg_msgs__rosidl_typesupport_introspection_cpp.dir/rosidl_typesupport_introspection_cpp/fbg_msgs/msg/detail/fbg_reading__type_support.cpp.o
[19/48] Building CXX object CMakeFiles/fbg_msgs__rosidl_typesupport_c.dir/rosidl_typesupport_c/fbg_msgs/srv/cal_curvature__type_support.cpp.o
[20/48] Building CXX object CMakeFiles/fbg_msgs__rosidl_typesupport_c.dir/rosidl_typesupport_c/fbg_msgs/msg/fbg_reading__type_support.cpp.o
[21/48] Building CXX object CMakeFiles/fbg_msgs__rosidl_typesupport_c.dir/rosidl_typesupport_c/fbg_msgs/srv/find_norm__type_support.cpp.o
[22/48] Building CXX object CMakeFiles/fbg_msgs__rosidl_typesupport_introspection_cpp.dir/rosidl_typesupport_introspection_cpp/fbg_msgs/srv/detail/cal_curvature__type_support.cpp.o
[23/48] Generating C introspection for ROS interfaces
[24/48] Building CXX object CMakeFiles/fbg_msgs__rosidl_typesupport_introspection_cpp.dir/rosidl_typesupport_introspection_cpp/fbg_msgs/srv/detail/find_norm__type_support.cpp.o
[25/48] Building CXX object CMakeFiles/fbg_msgs__rosidl_typesupport_introspection_cpp.dir/rosidl_typesupport_introspection_cpp/fbg_msgs/msg/detail/curvature__type_support.cpp.o
[26/48] Linking CXX shared library libfbg_msgs__rosidl_typesupport_c.so
[27/48] Building C object CMakeFiles/fbg_msgs__rosidl_typesupport_introspection_c.dir/rosidl_typesupport_introspection_c/fbg_msgs/msg/detail/curvature__type_support.c.o
[28/48] Building C object CMakeFiles/fbg_msgs__rosidl_typesupport_introspection_c.dir/rosidl_typesupport_introspection_c/fbg_msgs/srv/detail/cal_curvature__type_support.c.o
[29/48] Building C object CMakeFiles/fbg_msgs__rosidl_typesupport_introspection_c.dir/rosidl_typesupport_introspection_c/fbg_msgs/msg/detail/fbg_reading__type_support.c.o
[30/48] Building C object CMakeFiles/fbg_msgs__rosidl_typesupport_introspection_c.dir/rosidl_typesupport_introspection_c/fbg_msgs/srv/detail/find_norm__type_support.c.o
[31/48] Linking CXX shared library libfbg_msgs__rosidl_typesupport_introspection_cpp.so
[32/48] Linking C shared library libfbg_msgs__rosidl_typesupport_introspection_c.so
[33/48] Building CXX object CMakeFiles/fbg_msgs__rosidl_typesupport_fastrtps_cpp.dir/rosidl_typesupport_fastrtps_cpp/fbg_msgs/srv/detail/dds_fastrtps/find_norm__type_support.cpp.o
[34/48] Building CXX object CMakeFiles/fbg_msgs__rosidl_typesupport_fastrtps_cpp.dir/rosidl_typesupport_fastrtps_cpp/fbg_msgs/srv/detail/dds_fastrtps/cal_curvature__type_support.cpp.o
[35/48] Building CXX object CMakeFiles/fbg_msgs__rosidl_typesupport_fastrtps_cpp.dir/rosidl_typesupport_fastrtps_cpp/fbg_msgs/msg/detail/dds_fastrtps/curvature__type_support.cpp.o
[36/48] Building CXX object CMakeFiles/fbg_msgs__rosidl_typesupport_fastrtps_cpp.dir/rosidl_typesupport_fastrtps_cpp/fbg_msgs/msg/detail/dds_fastrtps/fbg_reading__type_support.cpp.o
[37/48] Linking CXX shared library libfbg_msgs__rosidl_typesupport_fastrtps_cpp.so
[38/48] Generating C type support for eProsima Fast-RTPS
[39/48] Building CXX object CMakeFiles/fbg_msgs__rosidl_typesupport_fastrtps_c.dir/rosidl_typesupport_fastrtps_c/fbg_msgs/msg/detail/curvature__type_support_c.cpp.o
[40/48] Building CXX object CMakeFiles/fbg_msgs__rosidl_typesupport_fastrtps_c.dir/rosidl_typesupport_fastrtps_c/fbg_msgs/srv/detail/cal_curvature__type_support_c.cpp.o
[41/48] Building CXX object CMakeFiles/fbg_msgs__rosidl_typesupport_fastrtps_c.dir/rosidl_typesupport_fastrtps_c/fbg_msgs/msg/detail/fbg_reading__type_support_c.cpp.o
[42/48] Building CXX object CMakeFiles/fbg_msgs__rosidl_typesupport_fastrtps_c.dir/rosidl_typesupport_fastrtps_c/fbg_msgs/srv/detail/find_norm__type_support_c.cpp.o
[43/48] Linking CXX shared library libfbg_msgs__rosidl_typesupport_fastrtps_c.so
[44/48] Building CXX object CMakeFiles/fbg_msgs_matlab.dir/src/fbg_msgs_FbgReading_message.cpp.o
[45/48] Building CXX object CMakeFiles/fbg_msgs_matlab.dir/src/fbg_msgs_Curvature_message.cpp.o
[46/48] Building CXX object CMakeFiles/fbg_msgs_matlab.dir/src/fbg_msgs_FindNorm_service.cpp.o
[47/48] Building CXX object CMakeFiles/fbg_msgs_matlab.dir/src/fbg_msgs_CalCurvature_service.cpp.o
[48/48] Linking CXX shared library libfbg_msgs_matlab.so
[0/1] Install the project...
-- Install configuration: "Release"
-- Installing: /home/yangshengxu/Desktop/InSituNeedle_Manipulation_FBG_FEM_ROS2/needle_simulation_control/custom/matlab_msg_gen/glnxa64/install/share/ament_index/resource_index/rosidl_interfaces/fbg_msgs
-- Installing: /home/yangshengxu/Desktop/InSituNeedle_Manipulation_FBG_FEM_ROS2/needle_simulation_control/custom/matlab_msg_gen/glnxa64/install/include/fbg_msgs
-- Installing: /home/yangshengxu/Desktop/InSituNeedle_Manipulation_FBG_FEM_ROS2/needle_simulation_control/custom/matlab_msg_gen/glnxa64/install/include/fbg_msgs/msg
-- Installing: /home/yangshengxu/Desktop/InSituNeedle_Manipulation_FBG_FEM_ROS2/needle_simulation_control/custom/matlab_msg_gen/glnxa64/install/include/fbg_msgs/msg/curvature.h
-- Installing: /home/yangshengxu/Desktop/InSituNeedle_Manipulation_FBG_FEM_ROS2/needle_simulation_control/custom/matlab_msg_gen/glnxa64/install/include/fbg_msgs/msg/rosidl_generator_c__visibility_control.h
-- Installing: /home/yangshengxu/Desktop/InSituNeedle_Manipulation_FBG_FEM_ROS2/needle_simulation_control/custom/matlab_msg_gen/glnxa64/install/include/fbg_msgs/msg/fbg_reading.h
-- Installing: /home/yangshengxu/Desktop/InSituNeedle_Manipulation_FBG_FEM_ROS2/needle_simulation_control/custom/matlab_msg_gen/glnxa64/install/include/fbg_msgs/msg/detail
-- Installing: /home/yangshengxu/Desktop/InSituNeedle_Manipulation_FBG_FEM_ROS2/needle_simulation_control/custom/matlab_msg_gen/glnxa64/install/include/fbg_msgs/msg/detail/fbg_reading__functions.c
-- Installing: /home/yangshengxu/Desktop/InSituNeedle_Manipulation_FBG_FEM_ROS2/needle_simulation_control/custom/matlab_msg_gen/glnxa64/install/include/fbg_msgs/msg/detail/fbg_reading__struct.h
-- Installing: /home/yangshengxu/Desktop/InSituNeedle_Manipulation_FBG_FEM_ROS2/needle_simulation_control/custom/matlab_msg_gen/glnxa64/install/include/fbg_msgs/msg/detail/curvature__functions.h
-- Installing: /home/yangshengxu/Desktop/InSituNeedle_Manipulation_FBG_FEM_ROS2/needle_simulation_control/custom/matlab_msg_gen/glnxa64/install/include/fbg_msgs/msg/detail/fbg_reading__type_support.h
-- Installing: /home/yangshengxu/Desktop/InSituNeedle_Manipulation_FBG_FEM_ROS2/needle_simulation_control/custom/matlab_msg_gen/glnxa64/install/include/fbg_msgs/msg/detail/fbg_reading__functions.h
-- Installing: /home/yangshengxu/Desktop/InSituNeedle_Manipulation_FBG_FEM_ROS2/needle_simulation_control/custom/matlab_msg_gen/glnxa64/install/include/fbg_msgs/msg/detail/curvature__type_support.h
-- Installing: /home/yangshengxu/Desktop/InSituNeedle_Manipulation_FBG_FEM_ROS2/needle_simulation_control/custom/matlab_msg_gen/glnxa64/install/include/fbg_msgs/msg/detail/curvature__struct.h
-- Installing: /home/yangshengxu/Desktop/InSituNeedle_Manipulation_FBG_FEM_ROS2/needle_simulation_control/custom/matlab_msg_gen/glnxa64/install/include/fbg_msgs/msg/detail/curvature__functions.c
-- Installing: /home/yangshengxu/Desktop/InSituNeedle_Manipulation_FBG_FEM_ROS2/needle_simulation_control/custom/matlab_msg_gen/glnxa64/install/include/fbg_msgs/srv
-- Installing: /home/yangshengxu/Desktop/InSituNeedle_Manipulation_FBG_FEM_ROS2/needle_simulation_control/custom/matlab_msg_gen/glnxa64/install/include/fbg_msgs/srv/cal_curvature.h
-- Installing: /home/yangshengxu/Desktop/InSituNeedle_Manipulation_FBG_FEM_ROS2/needle_simulation_control/custom/matlab_msg_gen/glnxa64/install/include/fbg_msgs/srv/find_norm.h
-- Installing: /home/yangshengxu/Desktop/InSituNeedle_Manipulation_FBG_FEM_ROS2/needle_simulation_control/custom/matlab_msg_gen/glnxa64/install/include/fbg_msgs/srv/detail
-- Installing: /home/yangshengxu/Desktop/InSituNeedle_Manipulation_FBG_FEM_ROS2/needle_simulation_control/custom/matlab_msg_gen/glnxa64/install/include/fbg_msgs/srv/detail/find_norm__struct.h
-- Installing: /home/yangshengxu/Desktop/InSituNeedle_Manipulation_FBG_FEM_ROS2/needle_simulation_control/custom/matlab_msg_gen/glnxa64/install/include/fbg_msgs/srv/detail/cal_curvature__functions.c
-- Installing: /home/yangshengxu/Desktop/InSituNeedle_Manipulation_FBG_FEM_ROS2/needle_simulation_control/custom/matlab_msg_gen/glnxa64/install/include/fbg_msgs/srv/detail/find_norm__functions.h
-- Installing: /home/yangshengxu/Desktop/InSituNeedle_Manipulation_FBG_FEM_ROS2/needle_simulation_control/custom/matlab_msg_gen/glnxa64/install/include/fbg_msgs/srv/detail/cal_curvature__type_support.h
-- Installing: /home/yangshengxu/Desktop/InSituNeedle_Manipulation_FBG_FEM_ROS2/needle_simulation_control/custom/matlab_msg_gen/glnxa64/install/include/fbg_msgs/srv/detail/find_norm__functions.c
-- Installing: /home/yangshengxu/Desktop/InSituNeedle_Manipulation_FBG_FEM_ROS2/needle_simulation_control/custom/matlab_msg_gen/glnxa64/install/include/fbg_msgs/srv/detail/cal_curvature__functions.h
-- Installing: /home/yangshengxu/Desktop/InSituNeedle_Manipulation_FBG_FEM_ROS2/needle_simulation_control/custom/matlab_msg_gen/glnxa64/install/include/fbg_msgs/srv/detail/find_norm__type_support.h
-- Installing: /home/yangshengxu/Desktop/InSituNeedle_Manipulation_FBG_FEM_ROS2/needle_simulation_control/custom/matlab_msg_gen/glnxa64/install/include/fbg_msgs/srv/detail/cal_curvature__struct.h
-- Installing: /home/yangshengxu/Desktop/InSituNeedle_Manipulation_FBG_FEM_ROS2/needle_simulation_control/custom/matlab_msg_gen/glnxa64/install/share/fbg_msgs/environment/library_path.sh
-- Installing: /home/yangshengxu/Desktop/InSituNeedle_Manipulation_FBG_FEM_ROS2/needle_simulation_control/custom/matlab_msg_gen/glnxa64/install/share/fbg_msgs/environment/library_path.dsv
-- Installing: /home/yangshengxu/Desktop/InSituNeedle_Manipulation_FBG_FEM_ROS2/needle_simulation_control/custom/matlab_msg_gen/glnxa64/install/lib/libfbg_msgs__rosidl_generator_c.so
-- Up-to-date: /home/yangshengxu/Desktop/InSituNeedle_Manipulation_FBG_FEM_ROS2/needle_simulation_control/custom/matlab_msg_gen/glnxa64/install/include/fbg_msgs
-- Up-to-date: /home/yangshengxu/Desktop/InSituNeedle_Manipulation_FBG_FEM_ROS2/needle_simulation_control/custom/matlab_msg_gen/glnxa64/install/include/fbg_msgs/msg
-- Up-to-date: /home/yangshengxu/Desktop/InSituNeedle_Manipulation_FBG_FEM_ROS2/needle_simulation_control/custom/matlab_msg_gen/glnxa64/install/include/fbg_msgs/msg/detail
-- Installing: /home/yangshengxu/Desktop/InSituNeedle_Manipulation_FBG_FEM_ROS2/needle_simulation_control/custom/matlab_msg_gen/glnxa64/install/include/fbg_msgs/msg/detail/fbg_reading__rosidl_typesupport_fastrtps_c.h
-- Installing: /home/yangshengxu/Desktop/InSituNeedle_Manipulation_FBG_FEM_ROS2/needle_simulation_control/custom/matlab_msg_gen/glnxa64/install/include/fbg_msgs/msg/detail/curvature__rosidl_typesupport_fastrtps_c.h
-- Installing: /home/yangshengxu/Desktop/InSituNeedle_Manipulation_FBG_FEM_ROS2/needle_simulation_control/custom/matlab_msg_gen/glnxa64/install/include/fbg_msgs/msg/rosidl_typesupport_fastrtps_c__visibility_control.h
-- Up-to-date: /home/yangshengxu/Desktop/InSituNeedle_Manipulation_FBG_FEM_ROS2/needle_simulation_control/custom/matlab_msg_gen/glnxa64/install/include/fbg_msgs/srv
-- Up-to-date: /home/yangshengxu/Desktop/InSituNeedle_Manipulation_FBG_FEM_ROS2/needle_simulation_control/custom/matlab_msg_gen/glnxa64/install/include/fbg_msgs/srv/detail
-- Installing: /home/yangshengxu/Desktop/InSituNeedle_Manipulation_FBG_FEM_ROS2/needle_simulation_control/custom/matlab_msg_gen/glnxa64/install/include/fbg_msgs/srv/detail/cal_curvature__rosidl_typesupport_fastrtps_c.h
-- Installing: /home/yangshengxu/Desktop/InSituNeedle_Manipulation_FBG_FEM_ROS2/needle_simulation_control/custom/matlab_msg_gen/glnxa64/install/include/fbg_msgs/srv/detail/find_norm__rosidl_typesupport_fastrtps_c.h
-- Installing: /home/yangshengxu/Desktop/InSituNeedle_Manipulation_FBG_FEM_ROS2/needle_simulation_control/custom/matlab_msg_gen/glnxa64/install/lib/libfbg_msgs__rosidl_typesupport_fastrtps_c.so
-- Up-to-date: /home/yangshengxu/Desktop/InSituNeedle_Manipulation_FBG_FEM_ROS2/needle_simulation_control/custom/matlab_msg_gen/glnxa64/install/include/fbg_msgs
-- Up-to-date: /home/yangshengxu/Desktop/InSituNeedle_Manipulation_FBG_FEM_ROS2/needle_simulation_control/custom/matlab_msg_gen/glnxa64/install/include/fbg_msgs/msg
-- Installing: /home/yangshengxu/Desktop/InSituNeedle_Manipulation_FBG_FEM_ROS2/needle_simulation_control/custom/matlab_msg_gen/glnxa64/install/include/fbg_msgs/msg/rosidl_typesupport_fastrtps_cpp__visibility_control.h
-- Up-to-date: /home/yangshengxu/Desktop/InSituNeedle_Manipulation_FBG_FEM_ROS2/needle_simulation_control/custom/matlab_msg_gen/glnxa64/install/include/fbg_msgs/msg/detail
-- Installing: /home/yangshengxu/Desktop/InSituNeedle_Manipulation_FBG_FEM_ROS2/needle_simulation_control/custom/matlab_msg_gen/glnxa64/install/include/fbg_msgs/msg/detail/fbg_reading__rosidl_typesupport_fastrtps_cpp.hpp
-- Installing: /home/yangshengxu/Desktop/InSituNeedle_Manipulation_FBG_FEM_ROS2/needle_simulation_control/custom/matlab_msg_gen/glnxa64/install/include/fbg_msgs/msg/detail/curvature__rosidl_typesupport_fastrtps_cpp.hpp
-- Installing: /home/yangshengxu/Desktop/InSituNeedle_Manipulation_FBG_FEM_ROS2/needle_simulation_control/custom/matlab_msg_gen/glnxa64/install/include/fbg_msgs/msg/detail/dds_fastrtps
-- Up-to-date: /home/yangshengxu/Desktop/InSituNeedle_Manipulation_FBG_FEM_ROS2/needle_simulation_control/custom/matlab_msg_gen/glnxa64/install/include/fbg_msgs/srv
-- Up-to-date: /home/yangshengxu/Desktop/InSituNeedle_Manipulation_FBG_FEM_ROS2/needle_simulation_control/custom/matlab_msg_gen/glnxa64/install/include/fbg_msgs/srv/detail
-- Installing: /home/yangshengxu/Desktop/InSituNeedle_Manipulation_FBG_FEM_ROS2/needle_simulation_control/custom/matlab_msg_gen/glnxa64/install/include/fbg_msgs/srv/detail/cal_curvature__rosidl_typesupport_fastrtps_cpp.hpp
-- Installing: /home/yangshengxu/Desktop/InSituNeedle_Manipulation_FBG_FEM_ROS2/needle_simulation_control/custom/matlab_msg_gen/glnxa64/install/include/fbg_msgs/srv/detail/find_norm__rosidl_typesupport_fastrtps_cpp.hpp
-- Installing: /home/yangshengxu/Desktop/InSituNeedle_Manipulation_FBG_FEM_ROS2/needle_simulation_control/custom/matlab_msg_gen/glnxa64/install/include/fbg_msgs/srv/detail/dds_fastrtps
-- Installing: /home/yangshengxu/Desktop/InSituNeedle_Manipulation_FBG_FEM_ROS2/needle_simulation_control/custom/matlab_msg_gen/glnxa64/install/lib/libfbg_msgs__rosidl_typesupport_fastrtps_cpp.so
-- Up-to-date: /home/yangshengxu/Desktop/InSituNeedle_Manipulation_FBG_FEM_ROS2/needle_simulation_control/custom/matlab_msg_gen/glnxa64/install/include/fbg_msgs
-- Up-to-date: /home/yangshengxu/Desktop/InSituNeedle_Manipulation_FBG_FEM_ROS2/needle_simulation_control/custom/matlab_msg_gen/glnxa64/install/include/fbg_msgs/msg
-- Installing: /home/yangshengxu/Desktop/InSituNeedle_Manipulation_FBG_FEM_ROS2/needle_simulation_control/custom/matlab_msg_gen/glnxa64/install/include/fbg_msgs/msg/rosidl_typesupport_introspection_c__visibility_control.h
-- Up-to-date: /home/yangshengxu/Desktop/InSituNeedle_Manipulation_FBG_FEM_ROS2/needle_simulation_control/custom/matlab_msg_gen/glnxa64/install/include/fbg_msgs/msg/detail
-- Installing: /home/yangshengxu/Desktop/InSituNeedle_Manipulation_FBG_FEM_ROS2/needle_simulation_control/custom/matlab_msg_gen/glnxa64/install/include/fbg_msgs/msg/detail/curvature__type_support.c
-- Installing: /home/yangshengxu/Desktop/InSituNeedle_Manipulation_FBG_FEM_ROS2/needle_simulation_control/custom/matlab_msg_gen/glnxa64/install/include/fbg_msgs/msg/detail/fbg_reading__rosidl_typesupport_introspection_c.h
-- Installing: /home/yangshengxu/Desktop/InSituNeedle_Manipulation_FBG_FEM_ROS2/needle_simulation_control/custom/matlab_msg_gen/glnxa64/install/include/fbg_msgs/msg/detail/fbg_reading__type_support.c
-- Installing: /home/yangshengxu/Desktop/InSituNeedle_Manipulation_FBG_FEM_ROS2/needle_simulation_control/custom/matlab_msg_gen/glnxa64/install/include/fbg_msgs/msg/detail/curvature__rosidl_typesupport_introspection_c.h
-- Up-to-date: /home/yangshengxu/Desktop/InSituNeedle_Manipulation_FBG_FEM_ROS2/needle_simulation_control/custom/matlab_msg_gen/glnxa64/install/include/fbg_msgs/srv
-- Up-to-date: /home/yangshengxu/Desktop/InSituNeedle_Manipulation_FBG_FEM_ROS2/needle_simulation_control/custom/matlab_msg_gen/glnxa64/install/include/fbg_msgs/srv/detail
-- Installing: /home/yangshengxu/Desktop/InSituNeedle_Manipulation_FBG_FEM_ROS2/needle_simulation_control/custom/matlab_msg_gen/glnxa64/install/include/fbg_msgs/srv/detail/cal_curvature__type_support.c
-- Installing: /home/yangshengxu/Desktop/InSituNeedle_Manipulation_FBG_FEM_ROS2/needle_simulation_control/custom/matlab_msg_gen/glnxa64/install/include/fbg_msgs/srv/detail/find_norm__type_support.c
-- Installing: /home/yangshengxu/Desktop/InSituNeedle_Manipulation_FBG_FEM_ROS2/needle_simulation_control/custom/matlab_msg_gen/glnxa64/install/include/fbg_msgs/srv/detail/cal_curvature__rosidl_typesupport_introspection_c.h
-- Installing: /home/yangshengxu/Desktop/InSituNeedle_Manipulation_FBG_FEM_ROS2/needle_simulation_control/custom/matlab_msg_gen/glnxa64/install/include/fbg_msgs/srv/detail/find_norm__rosidl_typesupport_introspection_c.h
-- Installing: /home/yangshengxu/Desktop/InSituNeedle_Manipulation_FBG_FEM_ROS2/needle_simulation_control/custom/matlab_msg_gen/glnxa64/install/lib/libfbg_msgs__rosidl_typesupport_introspection_c.so
-- Installing: /home/yangshengxu/Desktop/InSituNeedle_Manipulation_FBG_FEM_ROS2/needle_simulation_control/custom/matlab_msg_gen/glnxa64/install/lib/libfbg_msgs__rosidl_typesupport_c.so
-- Up-to-date: /home/yangshengxu/Desktop/InSituNeedle_Manipulation_FBG_FEM_ROS2/needle_simulation_control/custom/matlab_msg_gen/glnxa64/install/include/fbg_msgs
-- Up-to-date: /home/yangshengxu/Desktop/InSituNeedle_Manipulation_FBG_FEM_ROS2/needle_simulation_control/custom/matlab_msg_gen/glnxa64/install/include/fbg_msgs/msg
-- Installing: /home/yangshengxu/Desktop/InSituNeedle_Manipulation_FBG_FEM_ROS2/needle_simulation_control/custom/matlab_msg_gen/glnxa64/install/include/fbg_msgs/msg/curvature.hpp
-- Up-to-date: /home/yangshengxu/Desktop/InSituNeedle_Manipulation_FBG_FEM_ROS2/needle_simulation_control/custom/matlab_msg_gen/glnxa64/install/include/fbg_msgs/msg/detail
-- Installing: /home/yangshengxu/Desktop/InSituNeedle_Manipulation_FBG_FEM_ROS2/needle_simulation_control/custom/matlab_msg_gen/glnxa64/install/include/fbg_msgs/msg/detail/curvature__traits.hpp
-- Installing: /home/yangshengxu/Desktop/InSituNeedle_Manipulation_FBG_FEM_ROS2/needle_simulation_control/custom/matlab_msg_gen/glnxa64/install/include/fbg_msgs/msg/detail/curvature__builder.hpp
-- Installing: /home/yangshengxu/Desktop/InSituNeedle_Manipulation_FBG_FEM_ROS2/needle_simulation_control/custom/matlab_msg_gen/glnxa64/install/include/fbg_msgs/msg/detail/curvature__struct.hpp
-- Installing: /home/yangshengxu/Desktop/InSituNeedle_Manipulation_FBG_FEM_ROS2/needle_simulation_control/custom/matlab_msg_gen/glnxa64/install/include/fbg_msgs/msg/detail/fbg_reading__struct.hpp
-- Installing: /home/yangshengxu/Desktop/InSituNeedle_Manipulation_FBG_FEM_ROS2/needle_simulation_control/custom/matlab_msg_gen/glnxa64/install/include/fbg_msgs/msg/detail/fbg_reading__builder.hpp
-- Installing: /home/yangshengxu/Desktop/InSituNeedle_Manipulation_FBG_FEM_ROS2/needle_simulation_control/custom/matlab_msg_gen/glnxa64/install/include/fbg_msgs/msg/detail/fbg_reading__traits.hpp
-- Installing: /home/yangshengxu/Desktop/InSituNeedle_Manipulation_FBG_FEM_ROS2/needle_simulation_control/custom/matlab_msg_gen/glnxa64/install/include/fbg_msgs/msg/fbg_reading.hpp
-- Up-to-date: /home/yangshengxu/Desktop/InSituNeedle_Manipulation_FBG_FEM_ROS2/needle_simulation_control/custom/matlab_msg_gen/glnxa64/install/include/fbg_msgs/srv
-- Installing: /home/yangshengxu/Desktop/InSituNeedle_Manipulation_FBG_FEM_ROS2/needle_simulation_control/custom/matlab_msg_gen/glnxa64/install/include/fbg_msgs/srv/find_norm.hpp
-- Installing: /home/yangshengxu/Desktop/InSituNeedle_Manipulation_FBG_FEM_ROS2/needle_simulation_control/custom/matlab_msg_gen/glnxa64/install/include/fbg_msgs/srv/cal_curvature.hpp
-- Up-to-date: /home/yangshengxu/Desktop/InSituNeedle_Manipulation_FBG_FEM_ROS2/needle_simulation_control/custom/matlab_msg_gen/glnxa64/install/include/fbg_msgs/srv/detail
-- Installing: /home/yangshengxu/Desktop/InSituNeedle_Manipulation_FBG_FEM_ROS2/needle_simulation_control/custom/matlab_msg_gen/glnxa64/install/include/fbg_msgs/srv/detail/find_norm__builder.hpp
-- Installing: /home/yangshengxu/Desktop/InSituNeedle_Manipulation_FBG_FEM_ROS2/needle_simulation_control/custom/matlab_msg_gen/glnxa64/install/include/fbg_msgs/srv/detail/cal_curvature__struct.hpp
-- Installing: /home/yangshengxu/Desktop/InSituNeedle_Manipulation_FBG_FEM_ROS2/needle_simulation_control/custom/matlab_msg_gen/glnxa64/install/include/fbg_msgs/srv/detail/cal_curvature__builder.hpp
-- Installing: /home/yangshengxu/Desktop/InSituNeedle_Manipulation_FBG_FEM_ROS2/needle_simulation_control/custom/matlab_msg_gen/glnxa64/install/include/fbg_msgs/srv/detail/find_norm__traits.hpp
-- Installing: /home/yangshengxu/Desktop/InSituNeedle_Manipulation_FBG_FEM_ROS2/needle_simulation_control/custom/matlab_msg_gen/glnxa64/install/include/fbg_msgs/srv/detail/find_norm__struct.hpp
-- Installing: /home/yangshengxu/Desktop/InSituNeedle_Manipulation_FBG_FEM_ROS2/needle_simulation_control/custom/matlab_msg_gen/glnxa64/install/include/fbg_msgs/srv/detail/cal_curvature__traits.hpp
-- Up-to-date: /home/yangshengxu/Desktop/InSituNeedle_Manipulation_FBG_FEM_ROS2/needle_simulation_control/custom/matlab_msg_gen/glnxa64/install/include/fbg_msgs
-- Up-to-date: /home/yangshengxu/Desktop/InSituNeedle_Manipulation_FBG_FEM_ROS2/needle_simulation_control/custom/matlab_msg_gen/glnxa64/install/include/fbg_msgs/msg
-- Up-to-date: /home/yangshengxu/Desktop/InSituNeedle_Manipulation_FBG_FEM_ROS2/needle_simulation_control/custom/matlab_msg_gen/glnxa64/install/include/fbg_msgs/msg/detail
-- Installing: /home/yangshengxu/Desktop/InSituNeedle_Manipulation_FBG_FEM_ROS2/needle_simulation_control/custom/matlab_msg_gen/glnxa64/install/include/fbg_msgs/msg/detail/fbg_reading__type_support.cpp
-- Installing: /home/yangshengxu/Desktop/InSituNeedle_Manipulation_FBG_FEM_ROS2/needle_simulation_control/custom/matlab_msg_gen/glnxa64/install/include/fbg_msgs/msg/detail/fbg_reading__rosidl_typesupport_introspection_cpp.hpp
-- Installing: /home/yangshengxu/Desktop/InSituNeedle_Manipulation_FBG_FEM_ROS2/needle_simulation_control/custom/matlab_msg_gen/glnxa64/install/include/fbg_msgs/msg/detail/curvature__rosidl_typesupport_introspection_cpp.hpp
-- Installing: /home/yangshengxu/Desktop/InSituNeedle_Manipulation_FBG_FEM_ROS2/needle_simulation_control/custom/matlab_msg_gen/glnxa64/install/include/fbg_msgs/msg/detail/curvature__type_support.cpp
-- Up-to-date: /home/yangshengxu/Desktop/InSituNeedle_Manipulation_FBG_FEM_ROS2/needle_simulation_control/custom/matlab_msg_gen/glnxa64/install/include/fbg_msgs/srv
-- Up-to-date: /home/yangshengxu/Desktop/InSituNeedle_Manipulation_FBG_FEM_ROS2/needle_simulation_control/custom/matlab_msg_gen/glnxa64/install/include/fbg_msgs/srv/detail
-- Installing: /home/yangshengxu/Desktop/InSituNeedle_Manipulation_FBG_FEM_ROS2/needle_simulation_control/custom/matlab_msg_gen/glnxa64/install/include/fbg_msgs/srv/detail/cal_curvature__type_support.cpp
-- Installing: /home/yangshengxu/Desktop/InSituNeedle_Manipulation_FBG_FEM_ROS2/needle_simulation_control/custom/matlab_msg_gen/glnxa64/install/include/fbg_msgs/srv/detail/find_norm__rosidl_typesupport_introspection_cpp.hpp
-- Installing: /home/yangshengxu/Desktop/InSituNeedle_Manipulation_FBG_FEM_ROS2/needle_simulation_control/custom/matlab_msg_gen/glnxa64/install/include/fbg_msgs/srv/detail/find_norm__type_support.cpp
-- Installing: /home/yangshengxu/Desktop/InSituNeedle_Manipulation_FBG_FEM_ROS2/needle_simulation_control/custom/matlab_msg_gen/glnxa64/install/include/fbg_msgs/srv/detail/cal_curvature__rosidl_typesupport_introspection_cpp.hpp
-- Installing: /home/yangshengxu/Desktop/InSituNeedle_Manipulation_FBG_FEM_ROS2/needle_simulation_control/custom/matlab_msg_gen/glnxa64/install/lib/libfbg_msgs__rosidl_typesupport_introspection_cpp.so
-- Installing: /home/yangshengxu/Desktop/InSituNeedle_Manipulation_FBG_FEM_ROS2/needle_simulation_control/custom/matlab_msg_gen/glnxa64/install/lib/libfbg_msgs__rosidl_typesupport_cpp.so
-- Installing: /home/yangshengxu/Desktop/InSituNeedle_Manipulation_FBG_FEM_ROS2/needle_simulation_control/custom/matlab_msg_gen/glnxa64/install/share/fbg_msgs/msg/Curvature.idl
-- Installing: /home/yangshengxu/Desktop/InSituNeedle_Manipulation_FBG_FEM_ROS2/needle_simulation_control/custom/matlab_msg_gen/glnxa64/install/share/fbg_msgs/msg/FbgReading.idl
-- Installing: /home/yangshengxu/Desktop/InSituNeedle_Manipulation_FBG_FEM_ROS2/needle_simulation_control/custom/matlab_msg_gen/glnxa64/install/share/fbg_msgs/srv/CalCurvature.idl
-- Installing: /home/yangshengxu/Desktop/InSituNeedle_Manipulation_FBG_FEM_ROS2/needle_simulation_control/custom/matlab_msg_gen/glnxa64/install/share/fbg_msgs/srv/FindNorm.idl
-- Installing: /home/yangshengxu/Desktop/InSituNeedle_Manipulation_FBG_FEM_ROS2/needle_simulation_control/custom/matlab_msg_gen/glnxa64/install/share/fbg_msgs/msg/Curvature.msg
-- Installing: /home/yangshengxu/Desktop/InSituNeedle_Manipulation_FBG_FEM_ROS2/needle_simulation_control/custom/matlab_msg_gen/glnxa64/install/share/fbg_msgs/msg/FbgReading.msg
-- Installing: /home/yangshengxu/Desktop/InSituNeedle_Manipulation_FBG_FEM_ROS2/needle_simulation_control/custom/matlab_msg_gen/glnxa64/install/share/fbg_msgs/srv/CalCurvature.srv
-- Installing: /home/yangshengxu/Desktop/InSituNeedle_Manipulation_FBG_FEM_ROS2/needle_simulation_control/custom/matlab_msg_gen/glnxa64/install/share/fbg_msgs/srv/CalCurvature_Request.msg
-- Installing: /home/yangshengxu/Desktop/InSituNeedle_Manipulation_FBG_FEM_ROS2/needle_simulation_control/custom/matlab_msg_gen/glnxa64/install/share/fbg_msgs/srv/CalCurvature_Response.msg
-- Installing: /home/yangshengxu/Desktop/InSituNeedle_Manipulation_FBG_FEM_ROS2/needle_simulation_control/custom/matlab_msg_gen/glnxa64/install/share/fbg_msgs/srv/FindNorm.srv
-- Installing: /home/yangshengxu/Desktop/InSituNeedle_Manipulation_FBG_FEM_ROS2/needle_simulation_control/custom/matlab_msg_gen/glnxa64/install/share/fbg_msgs/srv/FindNorm_Request.msg
-- Installing: /home/yangshengxu/Desktop/InSituNeedle_Manipulation_FBG_FEM_ROS2/needle_simulation_control/custom/matlab_msg_gen/glnxa64/install/share/fbg_msgs/srv/FindNorm_Response.msg
-- Up-to-date: /home/yangshengxu/Desktop/InSituNeedle_Manipulation_FBG_FEM_ROS2/needle_simulation_control/custom/matlab_msg_gen/glnxa64/install/include
-- Up-to-date: /home/yangshengxu/Desktop/InSituNeedle_Manipulation_FBG_FEM_ROS2/needle_simulation_control/custom/matlab_msg_gen/glnxa64/install/include/fbg_msgs
-- Installing: /home/yangshengxu/Desktop/InSituNeedle_Manipulation_FBG_FEM_ROS2/needle_simulation_control/custom/matlab_msg_gen/glnxa64/install/include/fbg_msgs/visibility_control.h
-- Installing: /home/yangshengxu/Desktop/InSituNeedle_Manipulation_FBG_FEM_ROS2/needle_simulation_control/custom/matlab_msg_gen/glnxa64/install/lib/libfbg_msgs_matlab.so
-- Up-to-date: /home/yangshengxu/Desktop/InSituNeedle_Manipulation_FBG_FEM_ROS2/needle_simulation_control/custom/matlab_msg_gen/glnxa64/install/m/
-- Up-to-date: /home/yangshengxu/Desktop/InSituNeedle_Manipulation_FBG_FEM_ROS2/needle_simulation_control/custom/matlab_msg_gen/glnxa64/install/m//+ros
-- Up-to-date: /home/yangshengxu/Desktop/InSituNeedle_Manipulation_FBG_FEM_ROS2/needle_simulation_control/custom/matlab_msg_gen/glnxa64/install/m//+ros/+internal
-- Up-to-date: /home/yangshengxu/Desktop/InSituNeedle_Manipulation_FBG_FEM_ROS2/needle_simulation_control/custom/matlab_msg_gen/glnxa64/install/m//+ros/+internal/+ros2
-- Up-to-date: /home/yangshengxu/Desktop/InSituNeedle_Manipulation_FBG_FEM_ROS2/needle_simulation_control/custom/matlab_msg_gen/glnxa64/install/m//+ros/+internal/+ros2/+custommessages
-- Installing: /home/yangshengxu/Desktop/InSituNeedle_Manipulation_FBG_FEM_ROS2/needle_simulation_control/custom/matlab_msg_gen/glnxa64/install/m//+ros/+internal/+ros2/+custommessages/+fbg_msgs
-- Installing: /home/yangshengxu/Desktop/InSituNeedle_Manipulation_FBG_FEM_ROS2/needle_simulation_control/custom/matlab_msg_gen/glnxa64/install/m//+ros/+internal/+ros2/+custommessages/+fbg_msgs/curvature.m
-- Installing: /home/yangshengxu/Desktop/InSituNeedle_Manipulation_FBG_FEM_ROS2/needle_simulation_control/custom/matlab_msg_gen/glnxa64/install/m//+ros/+internal/+ros2/+custommessages/+fbg_msgs/fbg_msgs_msg_FbgReading_1To2_Converter.m
-- Installing: /home/yangshengxu/Desktop/InSituNeedle_Manipulation_FBG_FEM_ROS2/needle_simulation_control/custom/matlab_msg_gen/glnxa64/install/m//+ros/+internal/+ros2/+custommessages/+fbg_msgs/fbg_msgs_msg_Curvature_1To2_Converter.m
-- Installing: /home/yangshengxu/Desktop/InSituNeedle_Manipulation_FBG_FEM_ROS2/needle_simulation_control/custom/matlab_msg_gen/glnxa64/install/m//+ros/+internal/+ros2/+custommessages/+fbg_msgs/fbg_msgs_msg_FbgReading_2To1_Converter.m
-- Installing: /home/yangshengxu/Desktop/InSituNeedle_Manipulation_FBG_FEM_ROS2/needle_simulation_control/custom/matlab_msg_gen/glnxa64/install/m//+ros/+internal/+ros2/+custommessages/+fbg_msgs/fbg_msgs_msg_Curvature_2To1_Converter.m
-- Installing: /home/yangshengxu/Desktop/InSituNeedle_Manipulation_FBG_FEM_ROS2/needle_simulation_control/custom/matlab_msg_gen/glnxa64/install/m//+ros/+internal/+ros2/+custommessages/+fbg_msgs/calCurvatureRequest.m
-- Installing: /home/yangshengxu/Desktop/InSituNeedle_Manipulation_FBG_FEM_ROS2/needle_simulation_control/custom/matlab_msg_gen/glnxa64/install/m//+ros/+internal/+ros2/+custommessages/+fbg_msgs/fbgReading.m
-- Installing: /home/yangshengxu/Desktop/InSituNeedle_Manipulation_FBG_FEM_ROS2/needle_simulation_control/custom/matlab_msg_gen/glnxa64/install/m//+ros/+internal/+ros2/+custommessages/+fbg_msgs/findNormResponse.m
-- Installing: /home/yangshengxu/Desktop/InSituNeedle_Manipulation_FBG_FEM_ROS2/needle_simulation_control/custom/matlab_msg_gen/glnxa64/install/m//+ros/+internal/+ros2/+custommessages/+fbg_msgs/calCurvatureResponse.m
-- Installing: /home/yangshengxu/Desktop/InSituNeedle_Manipulation_FBG_FEM_ROS2/needle_simulation_control/custom/matlab_msg_gen/glnxa64/install/m//+ros/+internal/+ros2/+custommessages/+fbg_msgs/findNormRequest.m
-- Installing: /home/yangshengxu/Desktop/InSituNeedle_Manipulation_FBG_FEM_ROS2/needle_simulation_control/custom/matlab_msg_gen/glnxa64/install/share/ament_index/resource_index/package_run_dependencies/fbg_msgs
-- Installing: /home/yangshengxu/Desktop/InSituNeedle_Manipulation_FBG_FEM_ROS2/needle_simulation_control/custom/matlab_msg_gen/glnxa64/install/share/ament_index/resource_index/parent_prefix_path/fbg_msgs
-- Installing: /home/yangshengxu/Desktop/InSituNeedle_Manipulation_FBG_FEM_ROS2/needle_simulation_control/custom/matlab_msg_gen/glnxa64/install/share/fbg_msgs/environment/ament_prefix_path.sh
-- Installing: /home/yangshengxu/Desktop/InSituNeedle_Manipulation_FBG_FEM_ROS2/needle_simulation_control/custom/matlab_msg_gen/glnxa64/install/share/fbg_msgs/environment/ament_prefix_path.dsv
-- Installing: /home/yangshengxu/Desktop/InSituNeedle_Manipulation_FBG_FEM_ROS2/needle_simulation_control/custom/matlab_msg_gen/glnxa64/install/share/fbg_msgs/environment/path.sh
-- Installing: /home/yangshengxu/Desktop/InSituNeedle_Manipulation_FBG_FEM_ROS2/needle_simulation_control/custom/matlab_msg_gen/glnxa64/install/share/fbg_msgs/environment/path.dsv
-- Installing: /home/yangshengxu/Desktop/InSituNeedle_Manipulation_FBG_FEM_ROS2/needle_simulation_control/custom/matlab_msg_gen/glnxa64/install/share/fbg_msgs/local_setup.bash
-- Installing: /home/yangshengxu/Desktop/InSituNeedle_Manipulation_FBG_FEM_ROS2/needle_simulation_control/custom/matlab_msg_gen/glnxa64/install/share/fbg_msgs/local_setup.sh
-- Installing: /home/yangshengxu/Desktop/InSituNeedle_Manipulation_FBG_FEM_ROS2/needle_simulation_control/custom/matlab_msg_gen/glnxa64/install/share/fbg_msgs/local_setup.zsh
-- Installing: /home/yangshengxu/Desktop/InSituNeedle_Manipulation_FBG_FEM_ROS2/needle_simulation_control/custom/matlab_msg_gen/glnxa64/install/share/fbg_msgs/local_setup.dsv
-- Installing: /home/yangshengxu/Desktop/InSituNeedle_Manipulation_FBG_FEM_ROS2/needle_simulation_control/custom/matlab_msg_gen/glnxa64/install/share/fbg_msgs/package.dsv
-- Installing: /home/yangshengxu/Desktop/InSituNeedle_Manipulation_FBG_FEM_ROS2/needle_simulation_control/custom/matlab_msg_gen/glnxa64/install/share/ament_index/resource_index/packages/fbg_msgs
-- Installing: /home/yangshengxu/Desktop/InSituNeedle_Manipulation_FBG_FEM_ROS2/needle_simulation_control/custom/matlab_msg_gen/glnxa64/install/share/fbg_msgs/cmake/fbg_msgs__rosidl_generator_cExport.cmake
-- Installing: /home/yangshengxu/Desktop/InSituNeedle_Manipulation_FBG_FEM_ROS2/needle_simulation_control/custom/matlab_msg_gen/glnxa64/install/share/fbg_msgs/cmake/fbg_msgs__rosidl_generator_cExport-release.cmake
-- Installing: /home/yangshengxu/Desktop/InSituNeedle_Manipulation_FBG_FEM_ROS2/needle_simulation_control/custom/matlab_msg_gen/glnxa64/install/share/fbg_msgs/cmake/fbg_msgs__rosidl_typesupport_introspection_cExport.cmake
-- Installing: /home/yangshengxu/Desktop/InSituNeedle_Manipulation_FBG_FEM_ROS2/needle_simulation_control/custom/matlab_msg_gen/glnxa64/install/share/fbg_msgs/cmake/fbg_msgs__rosidl_typesupport_introspection_cExport-release.cmake
-- Installing: /home/yangshengxu/Desktop/InSituNeedle_Manipulation_FBG_FEM_ROS2/needle_simulation_control/custom/matlab_msg_gen/glnxa64/install/share/fbg_msgs/cmake/fbg_msgs__rosidl_typesupport_cExport.cmake
-- Installing: /home/yangshengxu/Desktop/InSituNeedle_Manipulation_FBG_FEM_ROS2/needle_simulation_control/custom/matlab_msg_gen/glnxa64/install/share/fbg_msgs/cmake/fbg_msgs__rosidl_typesupport_cExport-release.cmake
-- Installing: /home/yangshengxu/Desktop/InSituNeedle_Manipulation_FBG_FEM_ROS2/needle_simulation_control/custom/matlab_msg_gen/glnxa64/install/share/fbg_msgs/cmake/fbg_msgs__rosidl_generator_cppExport.cmake
-- Installing: /home/yangshengxu/Desktop/InSituNeedle_Manipulation_FBG_FEM_ROS2/needle_simulation_control/custom/matlab_msg_gen/glnxa64/install/share/fbg_msgs/cmake/fbg_msgs__rosidl_typesupport_introspection_cppExport.cmake
-- Installing: /home/yangshengxu/Desktop/InSituNeedle_Manipulation_FBG_FEM_ROS2/needle_simulation_control/custom/matlab_msg_gen/glnxa64/install/share/fbg_msgs/cmake/fbg_msgs__rosidl_typesupport_introspection_cppExport-release.cmake
-- Installing: /home/yangshengxu/Desktop/InSituNeedle_Manipulation_FBG_FEM_ROS2/needle_simulation_control/custom/matlab_msg_gen/glnxa64/install/share/fbg_msgs/cmake/fbg_msgs__rosidl_typesupport_cppExport.cmake
-- Installing: /home/yangshengxu/Desktop/InSituNeedle_Manipulation_FBG_FEM_ROS2/needle_simulation_control/custom/matlab_msg_gen/glnxa64/install/share/fbg_msgs/cmake/fbg_msgs__rosidl_typesupport_cppExport-release.cmake
-- Installing: /home/yangshengxu/Desktop/InSituNeedle_Manipulation_FBG_FEM_ROS2/needle_simulation_control/custom/matlab_msg_gen/glnxa64/install/share/fbg_msgs/cmake/rosidl_cmake-extras.cmake
-- Installing: /home/yangshengxu/Desktop/InSituNeedle_Manipulation_FBG_FEM_ROS2/needle_simulation_control/custom/matlab_msg_gen/glnxa64/install/share/fbg_msgs/cmake/ament_cmake_export_dependencies-extras.cmake
-- Installing: /home/yangshengxu/Desktop/InSituNeedle_Manipulation_FBG_FEM_ROS2/needle_simulation_control/custom/matlab_msg_gen/glnxa64/install/share/fbg_msgs/cmake/ament_cmake_export_libraries-extras.cmake
-- Installing: /home/yangshengxu/Desktop/InSituNeedle_Manipulation_FBG_FEM_ROS2/needle_simulation_control/custom/matlab_msg_gen/glnxa64/install/share/fbg_msgs/cmake/ament_cmake_export_targets-extras.cmake
-- Installing: /home/yangshengxu/Desktop/InSituNeedle_Manipulation_FBG_FEM_ROS2/needle_simulation_control/custom/matlab_msg_gen/glnxa64/install/share/fbg_msgs/cmake/ament_cmake_export_include_directories-extras.cmake
-- Installing: /home/yangshengxu/Desktop/InSituNeedle_Manipulation_FBG_FEM_ROS2/needle_simulation_control/custom/matlab_msg_gen/glnxa64/install/share/fbg_msgs/cmake/rosidl_cmake_export_typesupport_libraries-extras.cmake
-- Installing: /home/yangshengxu/Desktop/InSituNeedle_Manipulation_FBG_FEM_ROS2/needle_simulation_control/custom/matlab_msg_gen/glnxa64/install/share/fbg_msgs/cmake/rosidl_cmake_export_typesupport_targets-extras.cmake
-- Installing: /home/yangshengxu/Desktop/InSituNeedle_Manipulation_FBG_FEM_ROS2/needle_simulation_control/custom/matlab_msg_gen/glnxa64/install/share/fbg_msgs/cmake/fbg_msgsConfig.cmake
-- Installing: /home/yangshengxu/Desktop/InSituNeedle_Manipulation_FBG_FEM_ROS2/needle_simulation_control/custom/matlab_msg_gen/glnxa64/install/share/fbg_msgs/cmake/fbg_msgsConfig-version.cmake
-- Installing: /home/yangshengxu/Desktop/InSituNeedle_Manipulation_FBG_FEM_ROS2/needle_simulation_control/custom/matlab_msg_gen/glnxa64/install/share/fbg_msgs/package.xml
