[0.497s] DEBUG:colcon:Command line arguments: ['/usr/bin/colcon', 'build']
[0.497s] DEBUG:colcon:Parsed command line arguments: Namespace(allow_overriding=[], ament_cmake_args=None, base_paths=['.'], build_base='build', catkin_cmake_args=None, catkin_skip_building_tests=False, cmake_args=None, cmake_clean_cache=False, cmake_clean_first=False, cmake_force_configure=False, cmake_target=None, cmake_target_skip_unavailable=False, continue_on_error=False, event_handlers=None, executor='parallel', ignore_user_meta=False, install_base='install', log_base=None, log_level=None, main=<bound method BuildVerb.main of <colcon_core.verb.build.BuildVerb object at 0x7f9b888b26d0>>, merge_install=False, metas=['./colcon.meta'], packages_above=None, packages_above_and_dependencies=None, packages_above_depth=None, packages_end=None, packages_ignore=None, packages_ignore_regex=None, packages_select=None, packages_select_build_failed=False, packages_select_by_dep=None, packages_select_regex=None, packages_select_test_failures=False, packages_skip=None, packages_skip_build_finished=False, packages_skip_by_dep=None, packages_skip_regex=None, packages_skip_test_passed=False, packages_skip_up_to=None, packages_start=None, packages_up_to=None, packages_up_to_regex=None, parallel_workers=12, paths=None, symlink_install=False, test_result_base=None, verb_extension=<colcon_core.verb.build.BuildVerb object at 0x7f9b888b26d0>, verb_name='build', verb_parser=<colcon_defaults.argument_parser.defaults.DefaultArgumentsDecorator object at 0x7f9b887b53d0>)
[0.577s] Level 1:colcon.colcon_core.package_discovery:discover_packages(colcon_meta) check parameters
[0.577s] Level 1:colcon.colcon_core.package_discovery:discover_packages(recursive) check parameters
[0.577s] Level 1:colcon.colcon_core.package_discovery:discover_packages(ignore) check parameters
[0.577s] Level 1:colcon.colcon_core.package_discovery:discover_packages(path) check parameters
[0.577s] Level 1:colcon.colcon_core.package_discovery:discover_packages(colcon_meta) discover
[0.577s] Level 1:colcon.colcon_core.package_discovery:discover_packages(recursive) discover
[0.577s] INFO:colcon.colcon_core.package_discovery:Crawling recursively for packages in '/home/jkang/InSituNeedle_Manipulation_FBG_FEM_ROS2'
[0.578s] Level 1:colcon.colcon_core.package_identification:_identify(.) by extensions ['ignore', 'ignore_ament_install']
[0.578s] Level 1:colcon.colcon_core.package_identification:_identify(.) by extension 'ignore'
[0.578s] Level 1:colcon.colcon_core.package_identification:_identify(.) by extension 'ignore_ament_install'
[0.578s] Level 1:colcon.colcon_core.package_identification:_identify(.) by extensions ['colcon_pkg']
[0.578s] Level 1:colcon.colcon_core.package_identification:_identify(.) by extension 'colcon_pkg'
[0.578s] Level 1:colcon.colcon_core.package_identification:_identify(.) by extensions ['colcon_meta']
[0.578s] Level 1:colcon.colcon_core.package_identification:_identify(.) by extension 'colcon_meta'
[0.578s] Level 1:colcon.colcon_core.package_identification:_identify(.) by extensions ['ros']
[0.578s] Level 1:colcon.colcon_core.package_identification:_identify(.) by extension 'ros'
[0.596s] Level 1:colcon.colcon_core.package_identification:_identify(.) by extensions ['cmake', 'python']
[0.596s] Level 1:colcon.colcon_core.package_identification:_identify(.) by extension 'cmake'
[0.596s] Level 1:colcon.colcon_core.package_identification:_identify(.) by extension 'python'
[0.596s] Level 1:colcon.colcon_core.package_identification:_identify(.) by extensions ['python_setup_py']
[0.596s] Level 1:colcon.colcon_core.package_identification:_identify(.) by extension 'python_setup_py'
[0.596s] Level 1:colcon.colcon_core.package_identification:_identify(build) by extensions ['ignore', 'ignore_ament_install']
[0.596s] Level 1:colcon.colcon_core.package_identification:_identify(build) by extension 'ignore'
[0.596s] Level 1:colcon.colcon_core.package_identification:_identify(build) ignored
[0.596s] Level 1:colcon.colcon_core.package_identification:_identify(install) by extensions ['ignore', 'ignore_ament_install']
[0.596s] Level 1:colcon.colcon_core.package_identification:_identify(install) by extension 'ignore'
[0.597s] Level 1:colcon.colcon_core.package_identification:_identify(install) ignored
[0.597s] Level 1:colcon.colcon_core.package_identification:_identify(log) by extensions ['ignore', 'ignore_ament_install']
[0.597s] Level 1:colcon.colcon_core.package_identification:_identify(log) by extension 'ignore'
[0.597s] Level 1:colcon.colcon_core.package_identification:_identify(log) ignored
[0.597s] Level 1:colcon.colcon_core.package_identification:_identify(src) by extensions ['ignore', 'ignore_ament_install']
[0.597s] Level 1:colcon.colcon_core.package_identification:_identify(src) by extension 'ignore'
[0.597s] Level 1:colcon.colcon_core.package_identification:_identify(src) by extension 'ignore_ament_install'
[0.597s] Level 1:colcon.colcon_core.package_identification:_identify(src) by extensions ['colcon_pkg']
[0.597s] Level 1:colcon.colcon_core.package_identification:_identify(src) by extension 'colcon_pkg'
[0.597s] Level 1:colcon.colcon_core.package_identification:_identify(src) by extensions ['colcon_meta']
[0.597s] Level 1:colcon.colcon_core.package_identification:_identify(src) by extension 'colcon_meta'
[0.597s] Level 1:colcon.colcon_core.package_identification:_identify(src) by extensions ['ros']
[0.597s] Level 1:colcon.colcon_core.package_identification:_identify(src) by extension 'ros'
[0.598s] Level 1:colcon.colcon_core.package_identification:_identify(src) by extensions ['cmake', 'python']
[0.598s] Level 1:colcon.colcon_core.package_identification:_identify(src) by extension 'cmake'
[0.598s] Level 1:colcon.colcon_core.package_identification:_identify(src) by extension 'python'
[0.598s] Level 1:colcon.colcon_core.package_identification:_identify(src) by extensions ['python_setup_py']
[0.598s] Level 1:colcon.colcon_core.package_identification:_identify(src) by extension 'python_setup_py'
[0.598s] Level 1:colcon.colcon_core.package_identification:_identify(src/curvature_srvcli) by extensions ['ignore', 'ignore_ament_install']
[0.598s] Level 1:colcon.colcon_core.package_identification:_identify(src/curvature_srvcli) by extension 'ignore'
[0.598s] Level 1:colcon.colcon_core.package_identification:_identify(src/curvature_srvcli) by extension 'ignore_ament_install'
[0.598s] Level 1:colcon.colcon_core.package_identification:_identify(src/curvature_srvcli) by extensions ['colcon_pkg']
[0.598s] Level 1:colcon.colcon_core.package_identification:_identify(src/curvature_srvcli) by extension 'colcon_pkg'
[0.598s] Level 1:colcon.colcon_core.package_identification:_identify(src/curvature_srvcli) by extensions ['colcon_meta']
[0.598s] Level 1:colcon.colcon_core.package_identification:_identify(src/curvature_srvcli) by extension 'colcon_meta'
[0.598s] Level 1:colcon.colcon_core.package_identification:_identify(src/curvature_srvcli) by extensions ['ros']
[0.598s] Level 1:colcon.colcon_core.package_identification:_identify(src/curvature_srvcli) by extension 'ros'
[0.602s] DEBUG:colcon.colcon_core.package_identification:Package 'src/curvature_srvcli' with type 'ros.ament_python' and name 'curvature_srvcli'
[0.602s] Level 1:colcon.colcon_core.package_identification:_identify(src/fbg_msgs) by extensions ['ignore', 'ignore_ament_install']
[0.602s] Level 1:colcon.colcon_core.package_identification:_identify(src/fbg_msgs) by extension 'ignore'
[0.602s] Level 1:colcon.colcon_core.package_identification:_identify(src/fbg_msgs) by extension 'ignore_ament_install'
[0.602s] Level 1:colcon.colcon_core.package_identification:_identify(src/fbg_msgs) by extensions ['colcon_pkg']
[0.602s] Level 1:colcon.colcon_core.package_identification:_identify(src/fbg_msgs) by extension 'colcon_pkg'
[0.602s] Level 1:colcon.colcon_core.package_identification:_identify(src/fbg_msgs) by extensions ['colcon_meta']
[0.602s] Level 1:colcon.colcon_core.package_identification:_identify(src/fbg_msgs) by extension 'colcon_meta'
[0.602s] Level 1:colcon.colcon_core.package_identification:_identify(src/fbg_msgs) by extensions ['ros']
[0.602s] Level 1:colcon.colcon_core.package_identification:_identify(src/fbg_msgs) by extension 'ros'
[0.603s] DEBUG:colcon.colcon_core.package_identification:Package 'src/fbg_msgs' with type 'ros.ament_cmake' and name 'fbg_msgs'
[0.603s] Level 1:colcon.colcon_core.package_identification:_identify(src/sm130_interrogator) by extensions ['ignore', 'ignore_ament_install']
[0.603s] Level 1:colcon.colcon_core.package_identification:_identify(src/sm130_interrogator) by extension 'ignore'
[0.603s] Level 1:colcon.colcon_core.package_identification:_identify(src/sm130_interrogator) by extension 'ignore_ament_install'
[0.604s] Level 1:colcon.colcon_core.package_identification:_identify(src/sm130_interrogator) by extensions ['colcon_pkg']
[0.604s] Level 1:colcon.colcon_core.package_identification:_identify(src/sm130_interrogator) by extension 'colcon_pkg'
[0.604s] Level 1:colcon.colcon_core.package_identification:_identify(src/sm130_interrogator) by extensions ['colcon_meta']
[0.604s] Level 1:colcon.colcon_core.package_identification:_identify(src/sm130_interrogator) by extension 'colcon_meta'
[0.604s] Level 1:colcon.colcon_core.package_identification:_identify(src/sm130_interrogator) by extensions ['ros']
[0.604s] Level 1:colcon.colcon_core.package_identification:_identify(src/sm130_interrogator) by extension 'ros'
[0.604s] DEBUG:colcon.colcon_core.package_identification:Package 'src/sm130_interrogator' with type 'ros.ament_python' and name 'sm130_interrogator'
[0.605s] Level 1:colcon.colcon_core.package_discovery:discover_packages(recursive) using defaults
[0.605s] Level 1:colcon.colcon_core.package_discovery:discover_packages(ignore) discover
[0.605s] Level 1:colcon.colcon_core.package_discovery:discover_packages(ignore) using defaults
[0.605s] Level 1:colcon.colcon_core.package_discovery:discover_packages(path) discover
[0.605s] Level 1:colcon.colcon_core.package_discovery:discover_packages(path) using defaults
[0.639s] Level 1:colcon.colcon_core.package_discovery:discover_packages(prefix_path) check parameters
[0.639s] Level 1:colcon.colcon_core.package_discovery:discover_packages(prefix_path) discover
[0.645s] DEBUG:colcon.colcon_installed_package_information.package_discovery:Found 270 installed packages in /opt/ros/galactic
[0.647s] Level 1:colcon.colcon_core.package_discovery:discover_packages(prefix_path) using defaults
[0.751s] Level 5:colcon.colcon_core.verb:set package 'fbg_msgs' build argument 'cmake_args' from command line to 'None'
[0.751s] Level 5:colcon.colcon_core.verb:set package 'fbg_msgs' build argument 'cmake_target' from command line to 'None'
[0.751s] Level 5:colcon.colcon_core.verb:set package 'fbg_msgs' build argument 'cmake_target_skip_unavailable' from command line to 'False'
[0.751s] Level 5:colcon.colcon_core.verb:set package 'fbg_msgs' build argument 'cmake_clean_cache' from command line to 'False'
[0.751s] Level 5:colcon.colcon_core.verb:set package 'fbg_msgs' build argument 'cmake_clean_first' from command line to 'False'
[0.751s] Level 5:colcon.colcon_core.verb:set package 'fbg_msgs' build argument 'cmake_force_configure' from command line to 'False'
[0.751s] Level 5:colcon.colcon_core.verb:set package 'fbg_msgs' build argument 'ament_cmake_args' from command line to 'None'
[0.751s] Level 5:colcon.colcon_core.verb:set package 'fbg_msgs' build argument 'catkin_cmake_args' from command line to 'None'
[0.751s] Level 5:colcon.colcon_core.verb:set package 'fbg_msgs' build argument 'catkin_skip_building_tests' from command line to 'False'
[0.751s] DEBUG:colcon.colcon_core.verb:Building package 'fbg_msgs' with the following arguments: {'ament_cmake_args': None, 'build_base': '/home/jkang/InSituNeedle_Manipulation_FBG_FEM_ROS2/build/fbg_msgs', 'catkin_cmake_args': None, 'catkin_skip_building_tests': False, 'cmake_args': None, 'cmake_clean_cache': False, 'cmake_clean_first': False, 'cmake_force_configure': False, 'cmake_target': None, 'cmake_target_skip_unavailable': False, 'install_base': '/home/jkang/InSituNeedle_Manipulation_FBG_FEM_ROS2/install/fbg_msgs', 'merge_install': False, 'path': '/home/jkang/InSituNeedle_Manipulation_FBG_FEM_ROS2/src/fbg_msgs', 'symlink_install': False, 'test_result_base': None}
[0.754s] Level 5:colcon.colcon_core.verb:set package 'sm130_interrogator' build argument 'cmake_args' from command line to 'None'
[0.754s] Level 5:colcon.colcon_core.verb:set package 'sm130_interrogator' build argument 'cmake_target' from command line to 'None'
[0.754s] Level 5:colcon.colcon_core.verb:set package 'sm130_interrogator' build argument 'cmake_target_skip_unavailable' from command line to 'False'
[0.754s] Level 5:colcon.colcon_core.verb:set package 'sm130_interrogator' build argument 'cmake_clean_cache' from command line to 'False'
[0.754s] Level 5:colcon.colcon_core.verb:set package 'sm130_interrogator' build argument 'cmake_clean_first' from command line to 'False'
[0.754s] Level 5:colcon.colcon_core.verb:set package 'sm130_interrogator' build argument 'cmake_force_configure' from command line to 'False'
[0.754s] Level 5:colcon.colcon_core.verb:set package 'sm130_interrogator' build argument 'ament_cmake_args' from command line to 'None'
[0.754s] Level 5:colcon.colcon_core.verb:set package 'sm130_interrogator' build argument 'catkin_cmake_args' from command line to 'None'
[0.754s] Level 5:colcon.colcon_core.verb:set package 'sm130_interrogator' build argument 'catkin_skip_building_tests' from command line to 'False'
[0.754s] DEBUG:colcon.colcon_core.verb:Building package 'sm130_interrogator' with the following arguments: {'ament_cmake_args': None, 'build_base': '/home/jkang/InSituNeedle_Manipulation_FBG_FEM_ROS2/build/sm130_interrogator', 'catkin_cmake_args': None, 'catkin_skip_building_tests': False, 'cmake_args': None, 'cmake_clean_cache': False, 'cmake_clean_first': False, 'cmake_force_configure': False, 'cmake_target': None, 'cmake_target_skip_unavailable': False, 'install_base': '/home/jkang/InSituNeedle_Manipulation_FBG_FEM_ROS2/install/sm130_interrogator', 'merge_install': False, 'path': '/home/jkang/InSituNeedle_Manipulation_FBG_FEM_ROS2/src/sm130_interrogator', 'symlink_install': False, 'test_result_base': None}
[0.756s] Level 5:colcon.colcon_core.verb:set package 'curvature_srvcli' build argument 'cmake_args' from command line to 'None'
[0.756s] Level 5:colcon.colcon_core.verb:set package 'curvature_srvcli' build argument 'cmake_target' from command line to 'None'
[0.756s] Level 5:colcon.colcon_core.verb:set package 'curvature_srvcli' build argument 'cmake_target_skip_unavailable' from command line to 'False'
[0.756s] Level 5:colcon.colcon_core.verb:set package 'curvature_srvcli' build argument 'cmake_clean_cache' from command line to 'False'
[0.756s] Level 5:colcon.colcon_core.verb:set package 'curvature_srvcli' build argument 'cmake_clean_first' from command line to 'False'
[0.756s] Level 5:colcon.colcon_core.verb:set package 'curvature_srvcli' build argument 'cmake_force_configure' from command line to 'False'
[0.756s] Level 5:colcon.colcon_core.verb:set package 'curvature_srvcli' build argument 'ament_cmake_args' from command line to 'None'
[0.756s] Level 5:colcon.colcon_core.verb:set package 'curvature_srvcli' build argument 'catkin_cmake_args' from command line to 'None'
[0.756s] Level 5:colcon.colcon_core.verb:set package 'curvature_srvcli' build argument 'catkin_skip_building_tests' from command line to 'False'
[0.756s] DEBUG:colcon.colcon_core.verb:Building package 'curvature_srvcli' with the following arguments: {'ament_cmake_args': None, 'build_base': '/home/jkang/InSituNeedle_Manipulation_FBG_FEM_ROS2/build/curvature_srvcli', 'catkin_cmake_args': None, 'catkin_skip_building_tests': False, 'cmake_args': None, 'cmake_clean_cache': False, 'cmake_clean_first': False, 'cmake_force_configure': False, 'cmake_target': None, 'cmake_target_skip_unavailable': False, 'install_base': '/home/jkang/InSituNeedle_Manipulation_FBG_FEM_ROS2/install/curvature_srvcli', 'merge_install': False, 'path': '/home/jkang/InSituNeedle_Manipulation_FBG_FEM_ROS2/src/curvature_srvcli', 'symlink_install': False, 'test_result_base': None}
[0.758s] INFO:colcon.colcon_core.executor:Executing jobs using 'parallel' executor
[0.768s] DEBUG:colcon.colcon_parallel_executor.executor.parallel:run_until_complete
[0.768s] INFO:colcon.colcon_ros.task.ament_cmake.build:Building ROS package in '/home/jkang/InSituNeedle_Manipulation_FBG_FEM_ROS2/src/fbg_msgs' with build type 'ament_cmake'
[0.768s] INFO:colcon.colcon_cmake.task.cmake.build:Building CMake package in '/home/jkang/InSituNeedle_Manipulation_FBG_FEM_ROS2/src/fbg_msgs'
[0.776s] INFO:colcon.colcon_core.plugin_system:Skipping extension 'colcon_core.shell.bat': Not used on non-Windows systems
[0.776s] INFO:colcon.colcon_core.shell:Skip shell extension 'powershell' for command environment: Not usable outside of PowerShell
[0.776s] DEBUG:colcon.colcon_core.shell:Skip shell extension 'dsv' for command environment
[0.784s] INFO:colcon.colcon_ros.task.ament_python.build:Building ROS package in '/home/jkang/InSituNeedle_Manipulation_FBG_FEM_ROS2/src/sm130_interrogator' with build type 'ament_python'
[0.785s] Level 1:colcon.colcon_core.shell:create_environment_hook('sm130_interrogator', 'ament_prefix_path')
[0.790s] INFO:colcon.colcon_core.shell:Creating environment hook '/home/jkang/InSituNeedle_Manipulation_FBG_FEM_ROS2/install/sm130_interrogator/share/sm130_interrogator/hook/ament_prefix_path.ps1'
[0.791s] INFO:colcon.colcon_core.shell:Creating environment descriptor '/home/jkang/InSituNeedle_Manipulation_FBG_FEM_ROS2/install/sm130_interrogator/share/sm130_interrogator/hook/ament_prefix_path.dsv'
[0.792s] INFO:colcon.colcon_core.shell:Creating environment hook '/home/jkang/InSituNeedle_Manipulation_FBG_FEM_ROS2/install/sm130_interrogator/share/sm130_interrogator/hook/ament_prefix_path.sh'
[0.796s] INFO:colcon.colcon_core.shell:Skip shell extension 'powershell' for command environment: Not usable outside of PowerShell
[0.796s] DEBUG:colcon.colcon_core.shell:Skip shell extension 'dsv' for command environment
[0.811s] DEBUG:colcon.colcon_core.event_handler.log_command:Invoking command in '/home/jkang/InSituNeedle_Manipulation_FBG_FEM_ROS2/build/fbg_msgs': CMAKE_PREFIX_PATH=/opt/ros/galactic /usr/bin/cmake /home/jkang/InSituNeedle_Manipulation_FBG_FEM_ROS2/src/fbg_msgs -DCMAKE_INSTALL_PREFIX=/home/jkang/InSituNeedle_Manipulation_FBG_FEM_ROS2/install/fbg_msgs
[1.247s] INFO:colcon.colcon_core.task.python.build:Building Python package in '/home/jkang/InSituNeedle_Manipulation_FBG_FEM_ROS2/src/sm130_interrogator'
[1.252s] INFO:colcon.colcon_core.shell:Skip shell extension 'powershell' for command environment: Not usable outside of PowerShell
[1.252s] DEBUG:colcon.colcon_core.shell:Skip shell extension 'dsv' for command environment
[2.073s] DEBUG:colcon.colcon_core.event_handler.log_command:Invoking command in '/home/jkang/InSituNeedle_Manipulation_FBG_FEM_ROS2/src/sm130_interrogator': PYTHONPATH=/home/jkang/InSituNeedle_Manipulation_FBG_FEM_ROS2/build/sm130_interrogator/prefix_override:/home/jkang/InSituNeedle_Manipulation_FBG_FEM_ROS2/install/sm130_interrogator/lib/python3.8/site-packages:${PYTHONPATH} /usr/bin/python3 setup.py egg_info --egg-base ../../build/sm130_interrogator build --build-base /home/jkang/InSituNeedle_Manipulation_FBG_FEM_ROS2/build/sm130_interrogator/build install --record /home/jkang/InSituNeedle_Manipulation_FBG_FEM_ROS2/build/sm130_interrogator/install.log --single-version-externally-managed
[2.767s] DEBUG:colcon.colcon_core.event_handler.log_command:Invoked command in '/home/jkang/InSituNeedle_Manipulation_FBG_FEM_ROS2/src/sm130_interrogator' returned '0': PYTHONPATH=/home/jkang/InSituNeedle_Manipulation_FBG_FEM_ROS2/build/sm130_interrogator/prefix_override:/home/jkang/InSituNeedle_Manipulation_FBG_FEM_ROS2/install/sm130_interrogator/lib/python3.8/site-packages:${PYTHONPATH} /usr/bin/python3 setup.py egg_info --egg-base ../../build/sm130_interrogator build --build-base /home/jkang/InSituNeedle_Manipulation_FBG_FEM_ROS2/build/sm130_interrogator/build install --record /home/jkang/InSituNeedle_Manipulation_FBG_FEM_ROS2/build/sm130_interrogator/install.log --single-version-externally-managed
[2.782s] Level 1:colcon.colcon_core.environment:checking '/home/jkang/InSituNeedle_Manipulation_FBG_FEM_ROS2/install/sm130_interrogator' for CMake module files
[2.783s] Level 1:colcon.colcon_core.environment:checking '/home/jkang/InSituNeedle_Manipulation_FBG_FEM_ROS2/install/sm130_interrogator' for CMake config files
[2.784s] Level 1:colcon.colcon_core.environment:checking '/home/jkang/InSituNeedle_Manipulation_FBG_FEM_ROS2/install/sm130_interrogator/lib'
[2.785s] Level 1:colcon.colcon_core.environment:checking '/home/jkang/InSituNeedle_Manipulation_FBG_FEM_ROS2/install/sm130_interrogator/bin'
[2.785s] Level 1:colcon.colcon_core.environment:checking '/home/jkang/InSituNeedle_Manipulation_FBG_FEM_ROS2/install/sm130_interrogator/lib/pkgconfig/sm130_interrogator.pc'
[2.785s] Level 1:colcon.colcon_core.environment:checking '/home/jkang/InSituNeedle_Manipulation_FBG_FEM_ROS2/install/sm130_interrogator/lib/python3.8/site-packages'
[2.785s] Level 1:colcon.colcon_core.shell:create_environment_hook('sm130_interrogator', 'pythonpath')
[2.793s] INFO:colcon.colcon_core.shell:Creating environment hook '/home/jkang/InSituNeedle_Manipulation_FBG_FEM_ROS2/install/sm130_interrogator/share/sm130_interrogator/hook/pythonpath.ps1'
[2.794s] INFO:colcon.colcon_core.shell:Creating environment descriptor '/home/jkang/InSituNeedle_Manipulation_FBG_FEM_ROS2/install/sm130_interrogator/share/sm130_interrogator/hook/pythonpath.dsv'
[2.795s] INFO:colcon.colcon_core.shell:Creating environment hook '/home/jkang/InSituNeedle_Manipulation_FBG_FEM_ROS2/install/sm130_interrogator/share/sm130_interrogator/hook/pythonpath.sh'
[2.796s] Level 1:colcon.colcon_core.environment:checking '/home/jkang/InSituNeedle_Manipulation_FBG_FEM_ROS2/install/sm130_interrogator/bin'
[2.796s] Level 1:colcon.colcon_core.environment:create_environment_scripts_only(sm130_interrogator)
[2.804s] INFO:colcon.colcon_core.shell:Creating package script '/home/jkang/InSituNeedle_Manipulation_FBG_FEM_ROS2/install/sm130_interrogator/share/sm130_interrogator/package.ps1'
[2.806s] INFO:colcon.colcon_core.shell:Creating package descriptor '/home/jkang/InSituNeedle_Manipulation_FBG_FEM_ROS2/install/sm130_interrogator/share/sm130_interrogator/package.dsv'
[2.807s] INFO:colcon.colcon_core.shell:Creating package script '/home/jkang/InSituNeedle_Manipulation_FBG_FEM_ROS2/install/sm130_interrogator/share/sm130_interrogator/package.sh'
[2.808s] INFO:colcon.colcon_core.shell:Creating package script '/home/jkang/InSituNeedle_Manipulation_FBG_FEM_ROS2/install/sm130_interrogator/share/sm130_interrogator/package.bash'
[2.809s] INFO:colcon.colcon_core.shell:Creating package script '/home/jkang/InSituNeedle_Manipulation_FBG_FEM_ROS2/install/sm130_interrogator/share/sm130_interrogator/package.zsh'
[2.811s] Level 1:colcon.colcon_core.environment:create_file_with_runtime_dependencies(/home/jkang/InSituNeedle_Manipulation_FBG_FEM_ROS2/install/sm130_interrogator/share/colcon-core/packages/sm130_interrogator)
[3.633s] DEBUG:colcon.colcon_core.event_handler.log_command:Invoked command in '/home/jkang/InSituNeedle_Manipulation_FBG_FEM_ROS2/build/fbg_msgs' returned '0': CMAKE_PREFIX_PATH=/opt/ros/galactic /usr/bin/cmake /home/jkang/InSituNeedle_Manipulation_FBG_FEM_ROS2/src/fbg_msgs -DCMAKE_INSTALL_PREFIX=/home/jkang/InSituNeedle_Manipulation_FBG_FEM_ROS2/install/fbg_msgs
[3.637s] DEBUG:colcon.colcon_core.event_handler.log_command:Invoking command in '/home/jkang/InSituNeedle_Manipulation_FBG_FEM_ROS2/build/fbg_msgs': CMAKE_PREFIX_PATH=/opt/ros/galactic /usr/bin/cmake --build /home/jkang/InSituNeedle_Manipulation_FBG_FEM_ROS2/build/fbg_msgs -- -j12 -l12
[7.697s] DEBUG:colcon.colcon_core.event_handler.log_command:Invoked command in '/home/jkang/InSituNeedle_Manipulation_FBG_FEM_ROS2/build/fbg_msgs' returned '0': CMAKE_PREFIX_PATH=/opt/ros/galactic /usr/bin/cmake --build /home/jkang/InSituNeedle_Manipulation_FBG_FEM_ROS2/build/fbg_msgs -- -j12 -l12
[7.806s] DEBUG:colcon.colcon_core.event_handler.log_command:Invoking command in '/home/jkang/InSituNeedle_Manipulation_FBG_FEM_ROS2/build/fbg_msgs': CMAKE_PREFIX_PATH=/opt/ros/galactic /usr/bin/cmake --install /home/jkang/InSituNeedle_Manipulation_FBG_FEM_ROS2/build/fbg_msgs
[7.918s] Level 1:colcon.colcon_core.environment:create_environment_scripts_only(fbg_msgs)
[7.925s] Level 1:colcon.colcon_core.environment:checking '/home/jkang/InSituNeedle_Manipulation_FBG_FEM_ROS2/install/fbg_msgs' for CMake module files
[7.925s] DEBUG:colcon.colcon_core.event_handler.log_command:Invoked command in '/home/jkang/InSituNeedle_Manipulation_FBG_FEM_ROS2/build/fbg_msgs' returned '0': CMAKE_PREFIX_PATH=/opt/ros/galactic /usr/bin/cmake --install /home/jkang/InSituNeedle_Manipulation_FBG_FEM_ROS2/build/fbg_msgs
[7.926s] Level 1:colcon.colcon_core.environment:checking '/home/jkang/InSituNeedle_Manipulation_FBG_FEM_ROS2/install/fbg_msgs' for CMake config files
[7.926s] Level 1:colcon.colcon_core.shell:create_environment_hook('fbg_msgs', 'cmake_prefix_path')
[7.930s] INFO:colcon.colcon_core.shell:Creating environment hook '/home/jkang/InSituNeedle_Manipulation_FBG_FEM_ROS2/install/fbg_msgs/share/fbg_msgs/hook/cmake_prefix_path.ps1'
[7.931s] INFO:colcon.colcon_core.shell:Creating environment descriptor '/home/jkang/InSituNeedle_Manipulation_FBG_FEM_ROS2/install/fbg_msgs/share/fbg_msgs/hook/cmake_prefix_path.dsv'
[7.931s] INFO:colcon.colcon_core.shell:Creating environment hook '/home/jkang/InSituNeedle_Manipulation_FBG_FEM_ROS2/install/fbg_msgs/share/fbg_msgs/hook/cmake_prefix_path.sh'
[7.932s] Level 1:colcon.colcon_core.environment:checking '/home/jkang/InSituNeedle_Manipulation_FBG_FEM_ROS2/install/fbg_msgs/lib'
[7.932s] Level 1:colcon.colcon_core.shell:create_environment_hook('fbg_msgs', 'ld_library_path_lib')
[7.936s] INFO:colcon.colcon_core.shell:Creating environment hook '/home/jkang/InSituNeedle_Manipulation_FBG_FEM_ROS2/install/fbg_msgs/share/fbg_msgs/hook/ld_library_path_lib.ps1'
[7.937s] INFO:colcon.colcon_core.shell:Creating environment descriptor '/home/jkang/InSituNeedle_Manipulation_FBG_FEM_ROS2/install/fbg_msgs/share/fbg_msgs/hook/ld_library_path_lib.dsv'
[7.937s] INFO:colcon.colcon_core.shell:Creating environment hook '/home/jkang/InSituNeedle_Manipulation_FBG_FEM_ROS2/install/fbg_msgs/share/fbg_msgs/hook/ld_library_path_lib.sh'
[7.938s] Level 1:colcon.colcon_core.environment:checking '/home/jkang/InSituNeedle_Manipulation_FBG_FEM_ROS2/install/fbg_msgs/bin'
[7.938s] Level 1:colcon.colcon_core.environment:checking '/home/jkang/InSituNeedle_Manipulation_FBG_FEM_ROS2/install/fbg_msgs/lib/pkgconfig/fbg_msgs.pc'
[7.938s] Level 1:colcon.colcon_core.environment:checking '/home/jkang/InSituNeedle_Manipulation_FBG_FEM_ROS2/install/fbg_msgs/lib/python3.8/site-packages'
[7.938s] Level 1:colcon.colcon_core.shell:create_environment_hook('fbg_msgs', 'pythonpath')
[7.942s] INFO:colcon.colcon_core.shell:Creating environment hook '/home/jkang/InSituNeedle_Manipulation_FBG_FEM_ROS2/install/fbg_msgs/share/fbg_msgs/hook/pythonpath.ps1'
[7.943s] INFO:colcon.colcon_core.shell:Creating environment descriptor '/home/jkang/InSituNeedle_Manipulation_FBG_FEM_ROS2/install/fbg_msgs/share/fbg_msgs/hook/pythonpath.dsv'
[7.943s] INFO:colcon.colcon_core.shell:Creating environment hook '/home/jkang/InSituNeedle_Manipulation_FBG_FEM_ROS2/install/fbg_msgs/share/fbg_msgs/hook/pythonpath.sh'
[7.944s] Level 1:colcon.colcon_core.environment:checking '/home/jkang/InSituNeedle_Manipulation_FBG_FEM_ROS2/install/fbg_msgs/bin'
[7.948s] INFO:colcon.colcon_core.shell:Creating package script '/home/jkang/InSituNeedle_Manipulation_FBG_FEM_ROS2/install/fbg_msgs/share/fbg_msgs/package.ps1'
[7.948s] INFO:colcon.colcon_core.shell:Creating package descriptor '/home/jkang/InSituNeedle_Manipulation_FBG_FEM_ROS2/install/fbg_msgs/share/fbg_msgs/package.dsv'
[7.949s] INFO:colcon.colcon_core.shell:Creating package script '/home/jkang/InSituNeedle_Manipulation_FBG_FEM_ROS2/install/fbg_msgs/share/fbg_msgs/package.sh'
[7.950s] INFO:colcon.colcon_core.shell:Creating package script '/home/jkang/InSituNeedle_Manipulation_FBG_FEM_ROS2/install/fbg_msgs/share/fbg_msgs/package.bash'
[7.950s] INFO:colcon.colcon_core.shell:Creating package script '/home/jkang/InSituNeedle_Manipulation_FBG_FEM_ROS2/install/fbg_msgs/share/fbg_msgs/package.zsh'
[7.950s] Level 1:colcon.colcon_core.environment:create_file_with_runtime_dependencies(/home/jkang/InSituNeedle_Manipulation_FBG_FEM_ROS2/install/fbg_msgs/share/colcon-core/packages/fbg_msgs)
[8.049s] Level 1:colcon.colcon_core.environment:create_environment_scripts_only(fbg_msgs)
[8.055s] Level 1:colcon.colcon_core.environment:checking '/home/jkang/InSituNeedle_Manipulation_FBG_FEM_ROS2/install/fbg_msgs' for CMake module files
[8.055s] Level 1:colcon.colcon_core.environment:checking '/home/jkang/InSituNeedle_Manipulation_FBG_FEM_ROS2/install/fbg_msgs' for CMake config files
[8.056s] Level 1:colcon.colcon_core.shell:create_environment_hook('fbg_msgs', 'cmake_prefix_path')
[8.060s] INFO:colcon.colcon_core.shell:Creating environment hook '/home/jkang/InSituNeedle_Manipulation_FBG_FEM_ROS2/install/fbg_msgs/share/fbg_msgs/hook/cmake_prefix_path.ps1'
[8.061s] INFO:colcon.colcon_core.shell:Creating environment descriptor '/home/jkang/InSituNeedle_Manipulation_FBG_FEM_ROS2/install/fbg_msgs/share/fbg_msgs/hook/cmake_prefix_path.dsv'
[8.061s] INFO:colcon.colcon_core.shell:Creating environment hook '/home/jkang/InSituNeedle_Manipulation_FBG_FEM_ROS2/install/fbg_msgs/share/fbg_msgs/hook/cmake_prefix_path.sh'
[8.062s] Level 1:colcon.colcon_core.environment:checking '/home/jkang/InSituNeedle_Manipulation_FBG_FEM_ROS2/install/fbg_msgs/lib'
[8.062s] Level 1:colcon.colcon_core.shell:create_environment_hook('fbg_msgs', 'ld_library_path_lib')
[8.066s] INFO:colcon.colcon_core.shell:Creating environment hook '/home/jkang/InSituNeedle_Manipulation_FBG_FEM_ROS2/install/fbg_msgs/share/fbg_msgs/hook/ld_library_path_lib.ps1'
[8.066s] INFO:colcon.colcon_core.shell:Creating environment descriptor '/home/jkang/InSituNeedle_Manipulation_FBG_FEM_ROS2/install/fbg_msgs/share/fbg_msgs/hook/ld_library_path_lib.dsv'
[8.067s] INFO:colcon.colcon_core.shell:Creating environment hook '/home/jkang/InSituNeedle_Manipulation_FBG_FEM_ROS2/install/fbg_msgs/share/fbg_msgs/hook/ld_library_path_lib.sh'
[8.067s] Level 1:colcon.colcon_core.environment:checking '/home/jkang/InSituNeedle_Manipulation_FBG_FEM_ROS2/install/fbg_msgs/bin'
[8.067s] Level 1:colcon.colcon_core.environment:checking '/home/jkang/InSituNeedle_Manipulation_FBG_FEM_ROS2/install/fbg_msgs/lib/pkgconfig/fbg_msgs.pc'
[8.067s] Level 1:colcon.colcon_core.environment:checking '/home/jkang/InSituNeedle_Manipulation_FBG_FEM_ROS2/install/fbg_msgs/lib/python3.8/site-packages'
[8.067s] Level 1:colcon.colcon_core.shell:create_environment_hook('fbg_msgs', 'pythonpath')
[8.072s] INFO:colcon.colcon_core.shell:Creating environment hook '/home/jkang/InSituNeedle_Manipulation_FBG_FEM_ROS2/install/fbg_msgs/share/fbg_msgs/hook/pythonpath.ps1'
[8.072s] INFO:colcon.colcon_core.shell:Creating environment descriptor '/home/jkang/InSituNeedle_Manipulation_FBG_FEM_ROS2/install/fbg_msgs/share/fbg_msgs/hook/pythonpath.dsv'
[8.072s] INFO:colcon.colcon_core.shell:Creating environment hook '/home/jkang/InSituNeedle_Manipulation_FBG_FEM_ROS2/install/fbg_msgs/share/fbg_msgs/hook/pythonpath.sh'
[8.073s] Level 1:colcon.colcon_core.environment:checking '/home/jkang/InSituNeedle_Manipulation_FBG_FEM_ROS2/install/fbg_msgs/bin'
[8.077s] INFO:colcon.colcon_core.shell:Creating package script '/home/jkang/InSituNeedle_Manipulation_FBG_FEM_ROS2/install/fbg_msgs/share/fbg_msgs/package.ps1'
[8.078s] INFO:colcon.colcon_core.shell:Creating package descriptor '/home/jkang/InSituNeedle_Manipulation_FBG_FEM_ROS2/install/fbg_msgs/share/fbg_msgs/package.dsv'
[8.079s] INFO:colcon.colcon_core.shell:Creating package script '/home/jkang/InSituNeedle_Manipulation_FBG_FEM_ROS2/install/fbg_msgs/share/fbg_msgs/package.sh'
[8.079s] INFO:colcon.colcon_core.shell:Creating package script '/home/jkang/InSituNeedle_Manipulation_FBG_FEM_ROS2/install/fbg_msgs/share/fbg_msgs/package.bash'
[8.080s] INFO:colcon.colcon_core.shell:Creating package script '/home/jkang/InSituNeedle_Manipulation_FBG_FEM_ROS2/install/fbg_msgs/share/fbg_msgs/package.zsh'
[8.080s] Level 1:colcon.colcon_core.environment:create_file_with_runtime_dependencies(/home/jkang/InSituNeedle_Manipulation_FBG_FEM_ROS2/install/fbg_msgs/share/colcon-core/packages/fbg_msgs)
[8.081s] INFO:colcon.colcon_ros.task.ament_python.build:Building ROS package in '/home/jkang/InSituNeedle_Manipulation_FBG_FEM_ROS2/src/curvature_srvcli' with build type 'ament_python'
[8.081s] Level 1:colcon.colcon_core.shell:create_environment_hook('curvature_srvcli', 'ament_prefix_path')
[8.085s] INFO:colcon.colcon_core.shell:Creating environment hook '/home/jkang/InSituNeedle_Manipulation_FBG_FEM_ROS2/install/curvature_srvcli/share/curvature_srvcli/hook/ament_prefix_path.ps1'
[8.086s] INFO:colcon.colcon_core.shell:Creating environment descriptor '/home/jkang/InSituNeedle_Manipulation_FBG_FEM_ROS2/install/curvature_srvcli/share/curvature_srvcli/hook/ament_prefix_path.dsv'
[8.087s] INFO:colcon.colcon_core.shell:Creating environment hook '/home/jkang/InSituNeedle_Manipulation_FBG_FEM_ROS2/install/curvature_srvcli/share/curvature_srvcli/hook/ament_prefix_path.sh'
[8.091s] INFO:colcon.colcon_core.shell:Skip shell extension 'powershell' for command environment: Not usable outside of PowerShell
[8.091s] DEBUG:colcon.colcon_core.shell:Skip shell extension 'dsv' for command environment
[8.526s] INFO:colcon.colcon_core.task.python.build:Building Python package in '/home/jkang/InSituNeedle_Manipulation_FBG_FEM_ROS2/src/curvature_srvcli'
[8.531s] INFO:colcon.colcon_core.shell:Skip shell extension 'powershell' for command environment: Not usable outside of PowerShell
[8.531s] DEBUG:colcon.colcon_core.shell:Skip shell extension 'dsv' for command environment
[9.337s] DEBUG:colcon.colcon_core.event_handler.log_command:Invoking command in '/home/jkang/InSituNeedle_Manipulation_FBG_FEM_ROS2/src/curvature_srvcli': AMENT_PREFIX_PATH=/home/jkang/InSituNeedle_Manipulation_FBG_FEM_ROS2/install/sm130_interrogator:/home/jkang/InSituNeedle_Manipulation_FBG_FEM_ROS2/install/fbg_msgs:${AMENT_PREFIX_PATH} CMAKE_PREFIX_PATH=/home/jkang/InSituNeedle_Manipulation_FBG_FEM_ROS2/install/fbg_msgs LD_LIBRARY_PATH=/home/jkang/InSituNeedle_Manipulation_FBG_FEM_ROS2/install/fbg_msgs/lib:${LD_LIBRARY_PATH} PYTHONPATH=/home/jkang/InSituNeedle_Manipulation_FBG_FEM_ROS2/build/curvature_srvcli/prefix_override:/home/jkang/InSituNeedle_Manipulation_FBG_FEM_ROS2/install/curvature_srvcli/lib/python3.8/site-packages:/home/jkang/InSituNeedle_Manipulation_FBG_FEM_ROS2/install/sm130_interrogator/lib/python3.8/site-packages:/home/jkang/InSituNeedle_Manipulation_FBG_FEM_ROS2/install/fbg_msgs/lib/python3.8/site-packages:${PYTHONPATH} /usr/bin/python3 setup.py egg_info --egg-base ../../build/curvature_srvcli build --build-base /home/jkang/InSituNeedle_Manipulation_FBG_FEM_ROS2/build/curvature_srvcli/build install --record /home/jkang/InSituNeedle_Manipulation_FBG_FEM_ROS2/build/curvature_srvcli/install.log --single-version-externally-managed
[10.040s] Level 1:colcon.colcon_core.environment:checking '/home/jkang/InSituNeedle_Manipulation_FBG_FEM_ROS2/install/curvature_srvcli' for CMake module files
[10.041s] DEBUG:colcon.colcon_core.event_handler.log_command:Invoked command in '/home/jkang/InSituNeedle_Manipulation_FBG_FEM_ROS2/src/curvature_srvcli' returned '0': AMENT_PREFIX_PATH=/home/jkang/InSituNeedle_Manipulation_FBG_FEM_ROS2/install/sm130_interrogator:/home/jkang/InSituNeedle_Manipulation_FBG_FEM_ROS2/install/fbg_msgs:${AMENT_PREFIX_PATH} CMAKE_PREFIX_PATH=/home/jkang/InSituNeedle_Manipulation_FBG_FEM_ROS2/install/fbg_msgs LD_LIBRARY_PATH=/home/jkang/InSituNeedle_Manipulation_FBG_FEM_ROS2/install/fbg_msgs/lib:${LD_LIBRARY_PATH} PYTHONPATH=/home/jkang/InSituNeedle_Manipulation_FBG_FEM_ROS2/build/curvature_srvcli/prefix_override:/home/jkang/InSituNeedle_Manipulation_FBG_FEM_ROS2/install/curvature_srvcli/lib/python3.8/site-packages:/home/jkang/InSituNeedle_Manipulation_FBG_FEM_ROS2/install/sm130_interrogator/lib/python3.8/site-packages:/home/jkang/InSituNeedle_Manipulation_FBG_FEM_ROS2/install/fbg_msgs/lib/python3.8/site-packages:${PYTHONPATH} /usr/bin/python3 setup.py egg_info --egg-base ../../build/curvature_srvcli build --build-base /home/jkang/InSituNeedle_Manipulation_FBG_FEM_ROS2/build/curvature_srvcli/build install --record /home/jkang/InSituNeedle_Manipulation_FBG_FEM_ROS2/build/curvature_srvcli/install.log --single-version-externally-managed
[10.041s] Level 1:colcon.colcon_core.environment:checking '/home/jkang/InSituNeedle_Manipulation_FBG_FEM_ROS2/install/curvature_srvcli' for CMake config files
[10.042s] Level 1:colcon.colcon_core.environment:checking '/home/jkang/InSituNeedle_Manipulation_FBG_FEM_ROS2/install/curvature_srvcli/lib'
[10.042s] Level 1:colcon.colcon_core.environment:checking '/home/jkang/InSituNeedle_Manipulation_FBG_FEM_ROS2/install/curvature_srvcli/bin'
[10.042s] Level 1:colcon.colcon_core.environment:checking '/home/jkang/InSituNeedle_Manipulation_FBG_FEM_ROS2/install/curvature_srvcli/lib/pkgconfig/curvature_srvcli.pc'
[10.043s] Level 1:colcon.colcon_core.environment:checking '/home/jkang/InSituNeedle_Manipulation_FBG_FEM_ROS2/install/curvature_srvcli/lib/python3.8/site-packages'
[10.043s] Level 1:colcon.colcon_core.shell:create_environment_hook('curvature_srvcli', 'pythonpath')
[10.047s] INFO:colcon.colcon_core.shell:Creating environment hook '/home/jkang/InSituNeedle_Manipulation_FBG_FEM_ROS2/install/curvature_srvcli/share/curvature_srvcli/hook/pythonpath.ps1'
[10.047s] INFO:colcon.colcon_core.shell:Creating environment descriptor '/home/jkang/InSituNeedle_Manipulation_FBG_FEM_ROS2/install/curvature_srvcli/share/curvature_srvcli/hook/pythonpath.dsv'
[10.048s] INFO:colcon.colcon_core.shell:Creating environment hook '/home/jkang/InSituNeedle_Manipulation_FBG_FEM_ROS2/install/curvature_srvcli/share/curvature_srvcli/hook/pythonpath.sh'
[10.048s] Level 1:colcon.colcon_core.environment:checking '/home/jkang/InSituNeedle_Manipulation_FBG_FEM_ROS2/install/curvature_srvcli/bin'
[10.048s] Level 1:colcon.colcon_core.environment:create_environment_scripts_only(curvature_srvcli)
[10.053s] INFO:colcon.colcon_core.shell:Creating package script '/home/jkang/InSituNeedle_Manipulation_FBG_FEM_ROS2/install/curvature_srvcli/share/curvature_srvcli/package.ps1'
[10.053s] INFO:colcon.colcon_core.shell:Creating package descriptor '/home/jkang/InSituNeedle_Manipulation_FBG_FEM_ROS2/install/curvature_srvcli/share/curvature_srvcli/package.dsv'
[10.054s] INFO:colcon.colcon_core.shell:Creating package script '/home/jkang/InSituNeedle_Manipulation_FBG_FEM_ROS2/install/curvature_srvcli/share/curvature_srvcli/package.sh'
[10.054s] INFO:colcon.colcon_core.shell:Creating package script '/home/jkang/InSituNeedle_Manipulation_FBG_FEM_ROS2/install/curvature_srvcli/share/curvature_srvcli/package.bash'
[10.055s] INFO:colcon.colcon_core.shell:Creating package script '/home/jkang/InSituNeedle_Manipulation_FBG_FEM_ROS2/install/curvature_srvcli/share/curvature_srvcli/package.zsh'
[10.055s] Level 1:colcon.colcon_core.environment:create_file_with_runtime_dependencies(/home/jkang/InSituNeedle_Manipulation_FBG_FEM_ROS2/install/curvature_srvcli/share/colcon-core/packages/curvature_srvcli)
[10.056s] DEBUG:colcon.colcon_parallel_executor.executor.parallel:closing loop
[10.056s] DEBUG:colcon.colcon_parallel_executor.executor.parallel:loop closed
[10.056s] DEBUG:colcon.colcon_parallel_executor.executor.parallel:run_until_complete finished with '0'
[10.056s] DEBUG:colcon.colcon_core.event_reactor:joining thread
[10.063s] INFO:colcon.colcon_core.plugin_system:Skipping extension 'colcon_notification.desktop_notification.terminal_notifier': Not used on non-Darwin systems
[10.063s] INFO:colcon.colcon_core.plugin_system:Skipping extension 'colcon_notification.desktop_notification.win32': Not used on non-Windows systems
[10.063s] INFO:colcon.colcon_notification.desktop_notification:Sending desktop notification using 'notify2'
[10.084s] DEBUG:colcon.colcon_core.event_reactor:joined thread
[10.089s] INFO:colcon.colcon_core.shell:Creating prefix script '/home/jkang/InSituNeedle_Manipulation_FBG_FEM_ROS2/install/local_setup.ps1'
[10.090s] INFO:colcon.colcon_core.shell:Creating prefix util module '/home/jkang/InSituNeedle_Manipulation_FBG_FEM_ROS2/install/_local_setup_util_ps1.py'
[10.092s] INFO:colcon.colcon_core.shell:Creating prefix chain script '/home/jkang/InSituNeedle_Manipulation_FBG_FEM_ROS2/install/setup.ps1'
[10.094s] INFO:colcon.colcon_core.shell:Creating prefix script '/home/jkang/InSituNeedle_Manipulation_FBG_FEM_ROS2/install/local_setup.sh'
[10.094s] INFO:colcon.colcon_core.shell:Creating prefix util module '/home/jkang/InSituNeedle_Manipulation_FBG_FEM_ROS2/install/_local_setup_util_sh.py'
[10.095s] INFO:colcon.colcon_core.shell:Creating prefix chain script '/home/jkang/InSituNeedle_Manipulation_FBG_FEM_ROS2/install/setup.sh'
[10.097s] INFO:colcon.colcon_core.shell:Creating prefix script '/home/jkang/InSituNeedle_Manipulation_FBG_FEM_ROS2/install/local_setup.bash'
[10.097s] INFO:colcon.colcon_core.shell:Creating prefix chain script '/home/jkang/InSituNeedle_Manipulation_FBG_FEM_ROS2/install/setup.bash'
[10.099s] INFO:colcon.colcon_core.shell:Creating prefix script '/home/jkang/InSituNeedle_Manipulation_FBG_FEM_ROS2/install/local_setup.zsh'
[10.100s] INFO:colcon.colcon_core.shell:Creating prefix chain script '/home/jkang/InSituNeedle_Manipulation_FBG_FEM_ROS2/install/setup.zsh'
