[0.241s] DEBUG:colcon:Command line arguments: ['/usr/bin/colcon', 'build']
[0.241s] DEBUG:colcon:Parsed command line arguments: Namespace(allow_overriding=[], ament_cmake_args=None, base_paths=['.'], build_base='build', catkin_cmake_args=None, catkin_skip_building_tests=False, cmake_args=None, cmake_clean_cache=False, cmake_clean_first=False, cmake_force_configure=False, cmake_target=None, cmake_target_skip_unavailable=False, continue_on_error=False, event_handlers=None, executor='parallel', ignore_user_meta=False, install_base='install', log_base=None, log_level=None, main=<bound method BuildVerb.main of <colcon_core.verb.build.BuildVerb object at 0x7f08458c9df0>>, merge_install=False, metas=['./colcon.meta'], packages_above=None, packages_above_and_dependencies=None, packages_above_depth=None, packages_end=None, packages_ignore=None, packages_ignore_regex=None, packages_select=None, packages_select_build_failed=False, packages_select_by_dep=None, packages_select_regex=None, packages_select_test_failures=False, packages_skip=None, packages_skip_build_finished=False, packages_skip_by_dep=None, packages_skip_regex=None, packages_skip_test_passed=False, packages_skip_up_to=None, packages_start=None, packages_up_to=None, packages_up_to_regex=None, parallel_workers=8, paths=None, symlink_install=False, test_result_base=None, verb_extension=<colcon_core.verb.build.BuildVerb object at 0x7f08458c9df0>, verb_name='build', verb_parser=<colcon_defaults.argument_parser.defaults.DefaultArgumentsDecorator object at 0x7f08458533a0>)
[0.262s] Level 1:colcon.colcon_core.package_discovery:discover_packages(colcon_meta) check parameters
[0.262s] Level 1:colcon.colcon_core.package_discovery:discover_packages(recursive) check parameters
[0.262s] Level 1:colcon.colcon_core.package_discovery:discover_packages(ignore) check parameters
[0.262s] Level 1:colcon.colcon_core.package_discovery:discover_packages(path) check parameters
[0.262s] Level 1:colcon.colcon_core.package_discovery:discover_packages(colcon_meta) discover
[0.262s] Level 1:colcon.colcon_core.package_discovery:discover_packages(recursive) discover
[0.262s] INFO:colcon.colcon_core.package_discovery:Crawling recursively for packages in '/home/yangshengxu/Desktop/InSituNeedle_Manipulation_FBG_FEM_ROS2'
[0.262s] Level 1:colcon.colcon_core.package_identification:_identify(.) by extensions ['ignore', 'ignore_ament_install']
[0.262s] Level 1:colcon.colcon_core.package_identification:_identify(.) by extension 'ignore'
[0.262s] Level 1:colcon.colcon_core.package_identification:_identify(.) by extension 'ignore_ament_install'
[0.263s] Level 1:colcon.colcon_core.package_identification:_identify(.) by extensions ['colcon_pkg']
[0.263s] Level 1:colcon.colcon_core.package_identification:_identify(.) by extension 'colcon_pkg'
[0.263s] Level 1:colcon.colcon_core.package_identification:_identify(.) by extensions ['colcon_meta']
[0.263s] Level 1:colcon.colcon_core.package_identification:_identify(.) by extension 'colcon_meta'
[0.263s] Level 1:colcon.colcon_core.package_identification:_identify(.) by extensions ['ros']
[0.263s] Level 1:colcon.colcon_core.package_identification:_identify(.) by extension 'ros'
[0.278s] Level 1:colcon.colcon_core.package_identification:_identify(.) by extensions ['cmake', 'python']
[0.278s] Level 1:colcon.colcon_core.package_identification:_identify(.) by extension 'cmake'
[0.278s] Level 1:colcon.colcon_core.package_identification:_identify(.) by extension 'python'
[0.278s] Level 1:colcon.colcon_core.package_identification:_identify(.) by extensions ['python_setup_py']
[0.278s] Level 1:colcon.colcon_core.package_identification:_identify(.) by extension 'python_setup_py'
[0.278s] Level 1:colcon.colcon_core.package_identification:_identify(build) by extensions ['ignore', 'ignore_ament_install']
[0.278s] Level 1:colcon.colcon_core.package_identification:_identify(build) by extension 'ignore'
[0.279s] Level 1:colcon.colcon_core.package_identification:_identify(build) ignored
[0.279s] Level 1:colcon.colcon_core.package_identification:_identify(install) by extensions ['ignore', 'ignore_ament_install']
[0.279s] Level 1:colcon.colcon_core.package_identification:_identify(install) by extension 'ignore'
[0.279s] Level 1:colcon.colcon_core.package_identification:_identify(install) ignored
[0.279s] Level 1:colcon.colcon_core.package_identification:_identify(log) by extensions ['ignore', 'ignore_ament_install']
[0.279s] Level 1:colcon.colcon_core.package_identification:_identify(log) by extension 'ignore'
[0.279s] Level 1:colcon.colcon_core.package_identification:_identify(log) ignored
[0.279s] Level 1:colcon.colcon_core.package_identification:_identify(needle_simulation_control) by extensions ['ignore', 'ignore_ament_install']
[0.279s] Level 1:colcon.colcon_core.package_identification:_identify(needle_simulation_control) by extension 'ignore'
[0.279s] Level 1:colcon.colcon_core.package_identification:_identify(needle_simulation_control) by extension 'ignore_ament_install'
[0.279s] Level 1:colcon.colcon_core.package_identification:_identify(needle_simulation_control) by extensions ['colcon_pkg']
[0.279s] Level 1:colcon.colcon_core.package_identification:_identify(needle_simulation_control) by extension 'colcon_pkg'
[0.279s] Level 1:colcon.colcon_core.package_identification:_identify(needle_simulation_control) by extensions ['colcon_meta']
[0.279s] Level 1:colcon.colcon_core.package_identification:_identify(needle_simulation_control) by extension 'colcon_meta'
[0.279s] Level 1:colcon.colcon_core.package_identification:_identify(needle_simulation_control) by extensions ['ros']
[0.279s] Level 1:colcon.colcon_core.package_identification:_identify(needle_simulation_control) by extension 'ros'
[0.279s] Level 1:colcon.colcon_core.package_identification:_identify(needle_simulation_control) by extensions ['cmake', 'python']
[0.279s] Level 1:colcon.colcon_core.package_identification:_identify(needle_simulation_control) by extension 'cmake'
[0.279s] Level 1:colcon.colcon_core.package_identification:_identify(needle_simulation_control) by extension 'python'
[0.279s] Level 1:colcon.colcon_core.package_identification:_identify(needle_simulation_control) by extensions ['python_setup_py']
[0.279s] Level 1:colcon.colcon_core.package_identification:_identify(needle_simulation_control) by extension 'python_setup_py'
[0.279s] Level 1:colcon.colcon_core.package_identification:_identify(needle_simulation_control/Control) by extensions ['ignore', 'ignore_ament_install']
[0.280s] Level 1:colcon.colcon_core.package_identification:_identify(needle_simulation_control/Control) by extension 'ignore'
[0.280s] Level 1:colcon.colcon_core.package_identification:_identify(needle_simulation_control/Control) by extension 'ignore_ament_install'
[0.280s] Level 1:colcon.colcon_core.package_identification:_identify(needle_simulation_control/Control) by extensions ['colcon_pkg']
[0.280s] Level 1:colcon.colcon_core.package_identification:_identify(needle_simulation_control/Control) by extension 'colcon_pkg'
[0.280s] Level 1:colcon.colcon_core.package_identification:_identify(needle_simulation_control/Control) by extensions ['colcon_meta']
[0.280s] Level 1:colcon.colcon_core.package_identification:_identify(needle_simulation_control/Control) by extension 'colcon_meta'
[0.280s] Level 1:colcon.colcon_core.package_identification:_identify(needle_simulation_control/Control) by extensions ['ros']
[0.280s] Level 1:colcon.colcon_core.package_identification:_identify(needle_simulation_control/Control) by extension 'ros'
[0.280s] Level 1:colcon.colcon_core.package_identification:_identify(needle_simulation_control/Control) by extensions ['cmake', 'python']
[0.280s] Level 1:colcon.colcon_core.package_identification:_identify(needle_simulation_control/Control) by extension 'cmake'
[0.280s] Level 1:colcon.colcon_core.package_identification:_identify(needle_simulation_control/Control) by extension 'python'
[0.280s] Level 1:colcon.colcon_core.package_identification:_identify(needle_simulation_control/Control) by extensions ['python_setup_py']
[0.280s] Level 1:colcon.colcon_core.package_identification:_identify(needle_simulation_control/Control) by extension 'python_setup_py'
[0.280s] Level 1:colcon.colcon_core.package_identification:_identify(needle_simulation_control/Control/Galil_MATLAB_API) by extensions ['ignore', 'ignore_ament_install']
[0.280s] Level 1:colcon.colcon_core.package_identification:_identify(needle_simulation_control/Control/Galil_MATLAB_API) by extension 'ignore'
[0.280s] Level 1:colcon.colcon_core.package_identification:_identify(needle_simulation_control/Control/Galil_MATLAB_API) by extension 'ignore_ament_install'
[0.280s] Level 1:colcon.colcon_core.package_identification:_identify(needle_simulation_control/Control/Galil_MATLAB_API) by extensions ['colcon_pkg']
[0.280s] Level 1:colcon.colcon_core.package_identification:_identify(needle_simulation_control/Control/Galil_MATLAB_API) by extension 'colcon_pkg'
[0.280s] Level 1:colcon.colcon_core.package_identification:_identify(needle_simulation_control/Control/Galil_MATLAB_API) by extensions ['colcon_meta']
[0.280s] Level 1:colcon.colcon_core.package_identification:_identify(needle_simulation_control/Control/Galil_MATLAB_API) by extension 'colcon_meta'
[0.280s] Level 1:colcon.colcon_core.package_identification:_identify(needle_simulation_control/Control/Galil_MATLAB_API) by extensions ['ros']
[0.280s] Level 1:colcon.colcon_core.package_identification:_identify(needle_simulation_control/Control/Galil_MATLAB_API) by extension 'ros'
[0.280s] Level 1:colcon.colcon_core.package_identification:_identify(needle_simulation_control/Control/Galil_MATLAB_API) by extensions ['cmake', 'python']
[0.280s] Level 1:colcon.colcon_core.package_identification:_identify(needle_simulation_control/Control/Galil_MATLAB_API) by extension 'cmake'
[0.280s] Level 1:colcon.colcon_core.package_identification:_identify(needle_simulation_control/Control/Galil_MATLAB_API) by extension 'python'
[0.280s] Level 1:colcon.colcon_core.package_identification:_identify(needle_simulation_control/Control/Galil_MATLAB_API) by extensions ['python_setup_py']
[0.280s] Level 1:colcon.colcon_core.package_identification:_identify(needle_simulation_control/Control/Galil_MATLAB_API) by extension 'python_setup_py'
[0.280s] Level 1:colcon.colcon_core.package_identification:_identify(needle_simulation_control/FEM) by extensions ['ignore', 'ignore_ament_install']
[0.280s] Level 1:colcon.colcon_core.package_identification:_identify(needle_simulation_control/FEM) by extension 'ignore'
[0.281s] Level 1:colcon.colcon_core.package_identification:_identify(needle_simulation_control/FEM) by extension 'ignore_ament_install'
[0.281s] Level 1:colcon.colcon_core.package_identification:_identify(needle_simulation_control/FEM) by extensions ['colcon_pkg']
[0.281s] Level 1:colcon.colcon_core.package_identification:_identify(needle_simulation_control/FEM) by extension 'colcon_pkg'
[0.281s] Level 1:colcon.colcon_core.package_identification:_identify(needle_simulation_control/FEM) by extensions ['colcon_meta']
[0.281s] Level 1:colcon.colcon_core.package_identification:_identify(needle_simulation_control/FEM) by extension 'colcon_meta'
[0.281s] Level 1:colcon.colcon_core.package_identification:_identify(needle_simulation_control/FEM) by extensions ['ros']
[0.281s] Level 1:colcon.colcon_core.package_identification:_identify(needle_simulation_control/FEM) by extension 'ros'
[0.281s] Level 1:colcon.colcon_core.package_identification:_identify(needle_simulation_control/FEM) by extensions ['cmake', 'python']
[0.281s] Level 1:colcon.colcon_core.package_identification:_identify(needle_simulation_control/FEM) by extension 'cmake'
[0.281s] Level 1:colcon.colcon_core.package_identification:_identify(needle_simulation_control/FEM) by extension 'python'
[0.281s] Level 1:colcon.colcon_core.package_identification:_identify(needle_simulation_control/FEM) by extensions ['python_setup_py']
[0.281s] Level 1:colcon.colcon_core.package_identification:_identify(needle_simulation_control/FEM) by extension 'python_setup_py'
[0.281s] Level 1:colcon.colcon_core.package_identification:_identify(needle_simulation_control/FEM/helper_funcs) by extensions ['ignore', 'ignore_ament_install']
[0.281s] Level 1:colcon.colcon_core.package_identification:_identify(needle_simulation_control/FEM/helper_funcs) by extension 'ignore'
[0.281s] Level 1:colcon.colcon_core.package_identification:_identify(needle_simulation_control/FEM/helper_funcs) by extension 'ignore_ament_install'
[0.281s] Level 1:colcon.colcon_core.package_identification:_identify(needle_simulation_control/FEM/helper_funcs) by extensions ['colcon_pkg']
[0.281s] Level 1:colcon.colcon_core.package_identification:_identify(needle_simulation_control/FEM/helper_funcs) by extension 'colcon_pkg'
[0.281s] Level 1:colcon.colcon_core.package_identification:_identify(needle_simulation_control/FEM/helper_funcs) by extensions ['colcon_meta']
[0.281s] Level 1:colcon.colcon_core.package_identification:_identify(needle_simulation_control/FEM/helper_funcs) by extension 'colcon_meta'
[0.281s] Level 1:colcon.colcon_core.package_identification:_identify(needle_simulation_control/FEM/helper_funcs) by extensions ['ros']
[0.281s] Level 1:colcon.colcon_core.package_identification:_identify(needle_simulation_control/FEM/helper_funcs) by extension 'ros'
[0.281s] Level 1:colcon.colcon_core.package_identification:_identify(needle_simulation_control/FEM/helper_funcs) by extensions ['cmake', 'python']
[0.281s] Level 1:colcon.colcon_core.package_identification:_identify(needle_simulation_control/FEM/helper_funcs) by extension 'cmake'
[0.281s] Level 1:colcon.colcon_core.package_identification:_identify(needle_simulation_control/FEM/helper_funcs) by extension 'python'
[0.281s] Level 1:colcon.colcon_core.package_identification:_identify(needle_simulation_control/FEM/helper_funcs) by extensions ['python_setup_py']
[0.281s] Level 1:colcon.colcon_core.package_identification:_identify(needle_simulation_control/FEM/helper_funcs) by extension 'python_setup_py'
[0.281s] Level 1:colcon.colcon_core.package_identification:_identify(needle_simulation_control/FEM/helper_funcs/invChol) by extensions ['ignore', 'ignore_ament_install']
[0.281s] Level 1:colcon.colcon_core.package_identification:_identify(needle_simulation_control/FEM/helper_funcs/invChol) by extension 'ignore'
[0.281s] Level 1:colcon.colcon_core.package_identification:_identify(needle_simulation_control/FEM/helper_funcs/invChol) by extension 'ignore_ament_install'
[0.282s] Level 1:colcon.colcon_core.package_identification:_identify(needle_simulation_control/FEM/helper_funcs/invChol) by extensions ['colcon_pkg']
[0.282s] Level 1:colcon.colcon_core.package_identification:_identify(needle_simulation_control/FEM/helper_funcs/invChol) by extension 'colcon_pkg'
[0.282s] Level 1:colcon.colcon_core.package_identification:_identify(needle_simulation_control/FEM/helper_funcs/invChol) by extensions ['colcon_meta']
[0.282s] Level 1:colcon.colcon_core.package_identification:_identify(needle_simulation_control/FEM/helper_funcs/invChol) by extension 'colcon_meta'
[0.282s] Level 1:colcon.colcon_core.package_identification:_identify(needle_simulation_control/FEM/helper_funcs/invChol) by extensions ['ros']
[0.282s] Level 1:colcon.colcon_core.package_identification:_identify(needle_simulation_control/FEM/helper_funcs/invChol) by extension 'ros'
[0.282s] Level 1:colcon.colcon_core.package_identification:_identify(needle_simulation_control/FEM/helper_funcs/invChol) by extensions ['cmake', 'python']
[0.282s] Level 1:colcon.colcon_core.package_identification:_identify(needle_simulation_control/FEM/helper_funcs/invChol) by extension 'cmake'
[0.282s] Level 1:colcon.colcon_core.package_identification:_identify(needle_simulation_control/FEM/helper_funcs/invChol) by extension 'python'
[0.282s] Level 1:colcon.colcon_core.package_identification:_identify(needle_simulation_control/FEM/helper_funcs/invChol) by extensions ['python_setup_py']
[0.282s] Level 1:colcon.colcon_core.package_identification:_identify(needle_simulation_control/FEM/helper_funcs/invChol) by extension 'python_setup_py'
[0.282s] Level 1:colcon.colcon_core.package_identification:_identify(needle_simulation_control/custom) by extensions ['ignore', 'ignore_ament_install']
[0.282s] Level 1:colcon.colcon_core.package_identification:_identify(needle_simulation_control/custom) by extension 'ignore'
[0.282s] Level 1:colcon.colcon_core.package_identification:_identify(needle_simulation_control/custom) by extension 'ignore_ament_install'
[0.282s] Level 1:colcon.colcon_core.package_identification:_identify(needle_simulation_control/custom) by extensions ['colcon_pkg']
[0.282s] Level 1:colcon.colcon_core.package_identification:_identify(needle_simulation_control/custom) by extension 'colcon_pkg'
[0.282s] Level 1:colcon.colcon_core.package_identification:_identify(needle_simulation_control/custom) by extensions ['colcon_meta']
[0.282s] Level 1:colcon.colcon_core.package_identification:_identify(needle_simulation_control/custom) by extension 'colcon_meta'
[0.282s] Level 1:colcon.colcon_core.package_identification:_identify(needle_simulation_control/custom) by extensions ['ros']
[0.282s] Level 1:colcon.colcon_core.package_identification:_identify(needle_simulation_control/custom) by extension 'ros'
[0.282s] Level 1:colcon.colcon_core.package_identification:_identify(needle_simulation_control/custom) by extensions ['cmake', 'python']
[0.282s] Level 1:colcon.colcon_core.package_identification:_identify(needle_simulation_control/custom) by extension 'cmake'
[0.282s] Level 1:colcon.colcon_core.package_identification:_identify(needle_simulation_control/custom) by extension 'python'
[0.282s] Level 1:colcon.colcon_core.package_identification:_identify(needle_simulation_control/custom) by extensions ['python_setup_py']
[0.282s] Level 1:colcon.colcon_core.package_identification:_identify(needle_simulation_control/custom) by extension 'python_setup_py'
[0.282s] Level 1:colcon.colcon_core.package_identification:_identify(needle_simulation_control/custom/fbg_msgs) by extensions ['ignore', 'ignore_ament_install']
[0.282s] Level 1:colcon.colcon_core.package_identification:_identify(needle_simulation_control/custom/fbg_msgs) by extension 'ignore'
[0.282s] Level 1:colcon.colcon_core.package_identification:_identify(needle_simulation_control/custom/fbg_msgs) by extension 'ignore_ament_install'
[0.282s] Level 1:colcon.colcon_core.package_identification:_identify(needle_simulation_control/custom/fbg_msgs) by extensions ['colcon_pkg']
[0.283s] Level 1:colcon.colcon_core.package_identification:_identify(needle_simulation_control/custom/fbg_msgs) by extension 'colcon_pkg'
[0.283s] Level 1:colcon.colcon_core.package_identification:_identify(needle_simulation_control/custom/fbg_msgs) by extensions ['colcon_meta']
[0.283s] Level 1:colcon.colcon_core.package_identification:_identify(needle_simulation_control/custom/fbg_msgs) by extension 'colcon_meta'
[0.283s] Level 1:colcon.colcon_core.package_identification:_identify(needle_simulation_control/custom/fbg_msgs) by extensions ['ros']
[0.283s] Level 1:colcon.colcon_core.package_identification:_identify(needle_simulation_control/custom/fbg_msgs) by extension 'ros'
[0.283s] Level 1:colcon.colcon_core.package_identification:_identify(needle_simulation_control/custom/fbg_msgs) by extensions ['cmake', 'python']
[0.283s] Level 1:colcon.colcon_core.package_identification:_identify(needle_simulation_control/custom/fbg_msgs) by extension 'cmake'
[0.283s] Level 1:colcon.colcon_core.package_identification:_identify(needle_simulation_control/custom/fbg_msgs) by extension 'python'
[0.283s] Level 1:colcon.colcon_core.package_identification:_identify(needle_simulation_control/custom/fbg_msgs) by extensions ['python_setup_py']
[0.283s] Level 1:colcon.colcon_core.package_identification:_identify(needle_simulation_control/custom/fbg_msgs) by extension 'python_setup_py'
[0.283s] Level 1:colcon.colcon_core.package_identification:_identify(needle_simulation_control/custom/fbg_msgs/msg) by extensions ['ignore', 'ignore_ament_install']
[0.283s] Level 1:colcon.colcon_core.package_identification:_identify(needle_simulation_control/custom/fbg_msgs/msg) by extension 'ignore'
[0.283s] Level 1:colcon.colcon_core.package_identification:_identify(needle_simulation_control/custom/fbg_msgs/msg) by extension 'ignore_ament_install'
[0.283s] Level 1:colcon.colcon_core.package_identification:_identify(needle_simulation_control/custom/fbg_msgs/msg) by extensions ['colcon_pkg']
[0.283s] Level 1:colcon.colcon_core.package_identification:_identify(needle_simulation_control/custom/fbg_msgs/msg) by extension 'colcon_pkg'
[0.283s] Level 1:colcon.colcon_core.package_identification:_identify(needle_simulation_control/custom/fbg_msgs/msg) by extensions ['colcon_meta']
[0.283s] Level 1:colcon.colcon_core.package_identification:_identify(needle_simulation_control/custom/fbg_msgs/msg) by extension 'colcon_meta'
[0.283s] Level 1:colcon.colcon_core.package_identification:_identify(needle_simulation_control/custom/fbg_msgs/msg) by extensions ['ros']
[0.283s] Level 1:colcon.colcon_core.package_identification:_identify(needle_simulation_control/custom/fbg_msgs/msg) by extension 'ros'
[0.283s] Level 1:colcon.colcon_core.package_identification:_identify(needle_simulation_control/custom/fbg_msgs/msg) by extensions ['cmake', 'python']
[0.283s] Level 1:colcon.colcon_core.package_identification:_identify(needle_simulation_control/custom/fbg_msgs/msg) by extension 'cmake'
[0.283s] Level 1:colcon.colcon_core.package_identification:_identify(needle_simulation_control/custom/fbg_msgs/msg) by extension 'python'
[0.283s] Level 1:colcon.colcon_core.package_identification:_identify(needle_simulation_control/custom/fbg_msgs/msg) by extensions ['python_setup_py']
[0.283s] Level 1:colcon.colcon_core.package_identification:_identify(needle_simulation_control/custom/fbg_msgs/msg) by extension 'python_setup_py'
[0.283s] Level 1:colcon.colcon_core.package_identification:_identify(needle_simulation_control/custom/fbg_msgs/srv) by extensions ['ignore', 'ignore_ament_install']
[0.283s] Level 1:colcon.colcon_core.package_identification:_identify(needle_simulation_control/custom/fbg_msgs/srv) by extension 'ignore'
[0.283s] Level 1:colcon.colcon_core.package_identification:_identify(needle_simulation_control/custom/fbg_msgs/srv) by extension 'ignore_ament_install'
[0.283s] Level 1:colcon.colcon_core.package_identification:_identify(needle_simulation_control/custom/fbg_msgs/srv) by extensions ['colcon_pkg']
[0.283s] Level 1:colcon.colcon_core.package_identification:_identify(needle_simulation_control/custom/fbg_msgs/srv) by extension 'colcon_pkg'
[0.283s] Level 1:colcon.colcon_core.package_identification:_identify(needle_simulation_control/custom/fbg_msgs/srv) by extensions ['colcon_meta']
[0.284s] Level 1:colcon.colcon_core.package_identification:_identify(needle_simulation_control/custom/fbg_msgs/srv) by extension 'colcon_meta'
[0.284s] Level 1:colcon.colcon_core.package_identification:_identify(needle_simulation_control/custom/fbg_msgs/srv) by extensions ['ros']
[0.284s] Level 1:colcon.colcon_core.package_identification:_identify(needle_simulation_control/custom/fbg_msgs/srv) by extension 'ros'
[0.284s] Level 1:colcon.colcon_core.package_identification:_identify(needle_simulation_control/custom/fbg_msgs/srv) by extensions ['cmake', 'python']
[0.284s] Level 1:colcon.colcon_core.package_identification:_identify(needle_simulation_control/custom/fbg_msgs/srv) by extension 'cmake'
[0.284s] Level 1:colcon.colcon_core.package_identification:_identify(needle_simulation_control/custom/fbg_msgs/srv) by extension 'python'
[0.284s] Level 1:colcon.colcon_core.package_identification:_identify(needle_simulation_control/custom/fbg_msgs/srv) by extensions ['python_setup_py']
[0.284s] Level 1:colcon.colcon_core.package_identification:_identify(needle_simulation_control/custom/fbg_msgs/srv) by extension 'python_setup_py'
[0.284s] Level 1:colcon.colcon_core.package_identification:_identify(needle_simulation_control/custom/matlab_msg_gen) by extensions ['ignore', 'ignore_ament_install']
[0.284s] Level 1:colcon.colcon_core.package_identification:_identify(needle_simulation_control/custom/matlab_msg_gen) by extension 'ignore'
[0.284s] Level 1:colcon.colcon_core.package_identification:_identify(needle_simulation_control/custom/matlab_msg_gen) ignored
[0.284s] Level 1:colcon.colcon_core.package_identification:_identify(src) by extensions ['ignore', 'ignore_ament_install']
[0.284s] Level 1:colcon.colcon_core.package_identification:_identify(src) by extension 'ignore'
[0.284s] Level 1:colcon.colcon_core.package_identification:_identify(src) by extension 'ignore_ament_install'
[0.284s] Level 1:colcon.colcon_core.package_identification:_identify(src) by extensions ['colcon_pkg']
[0.284s] Level 1:colcon.colcon_core.package_identification:_identify(src) by extension 'colcon_pkg'
[0.284s] Level 1:colcon.colcon_core.package_identification:_identify(src) by extensions ['colcon_meta']
[0.284s] Level 1:colcon.colcon_core.package_identification:_identify(src) by extension 'colcon_meta'
[0.284s] Level 1:colcon.colcon_core.package_identification:_identify(src) by extensions ['ros']
[0.284s] Level 1:colcon.colcon_core.package_identification:_identify(src) by extension 'ros'
[0.284s] Level 1:colcon.colcon_core.package_identification:_identify(src) by extensions ['cmake', 'python']
[0.284s] Level 1:colcon.colcon_core.package_identification:_identify(src) by extension 'cmake'
[0.284s] Level 1:colcon.colcon_core.package_identification:_identify(src) by extension 'python'
[0.284s] Level 1:colcon.colcon_core.package_identification:_identify(src) by extensions ['python_setup_py']
[0.284s] Level 1:colcon.colcon_core.package_identification:_identify(src) by extension 'python_setup_py'
[0.284s] Level 1:colcon.colcon_core.package_identification:_identify(src/curvature_srvcli) by extensions ['ignore', 'ignore_ament_install']
[0.284s] Level 1:colcon.colcon_core.package_identification:_identify(src/curvature_srvcli) by extension 'ignore'
[0.284s] Level 1:colcon.colcon_core.package_identification:_identify(src/curvature_srvcli) by extension 'ignore_ament_install'
[0.285s] Level 1:colcon.colcon_core.package_identification:_identify(src/curvature_srvcli) by extensions ['colcon_pkg']
[0.285s] Level 1:colcon.colcon_core.package_identification:_identify(src/curvature_srvcli) by extension 'colcon_pkg'
[0.285s] Level 1:colcon.colcon_core.package_identification:_identify(src/curvature_srvcli) by extensions ['colcon_meta']
[0.285s] Level 1:colcon.colcon_core.package_identification:_identify(src/curvature_srvcli) by extension 'colcon_meta'
[0.285s] Level 1:colcon.colcon_core.package_identification:_identify(src/curvature_srvcli) by extensions ['ros']
[0.285s] Level 1:colcon.colcon_core.package_identification:_identify(src/curvature_srvcli) by extension 'ros'
[0.287s] DEBUG:colcon.colcon_core.package_identification:Package 'src/curvature_srvcli' with type 'ros.ament_python' and name 'curvature_srvcli'
[0.287s] Level 1:colcon.colcon_core.package_identification:_identify(src/fbg_msgs) by extensions ['ignore', 'ignore_ament_install']
[0.287s] Level 1:colcon.colcon_core.package_identification:_identify(src/fbg_msgs) by extension 'ignore'
[0.287s] Level 1:colcon.colcon_core.package_identification:_identify(src/fbg_msgs) by extension 'ignore_ament_install'
[0.287s] Level 1:colcon.colcon_core.package_identification:_identify(src/fbg_msgs) by extensions ['colcon_pkg']
[0.287s] Level 1:colcon.colcon_core.package_identification:_identify(src/fbg_msgs) by extension 'colcon_pkg'
[0.287s] Level 1:colcon.colcon_core.package_identification:_identify(src/fbg_msgs) by extensions ['colcon_meta']
[0.287s] Level 1:colcon.colcon_core.package_identification:_identify(src/fbg_msgs) by extension 'colcon_meta'
[0.287s] Level 1:colcon.colcon_core.package_identification:_identify(src/fbg_msgs) by extensions ['ros']
[0.287s] Level 1:colcon.colcon_core.package_identification:_identify(src/fbg_msgs) by extension 'ros'
[0.288s] DEBUG:colcon.colcon_core.package_identification:Package 'src/fbg_msgs' with type 'ros.ament_cmake' and name 'fbg_msgs'
[0.288s] Level 1:colcon.colcon_core.package_identification:_identify(src/needle_shape) by extensions ['ignore', 'ignore_ament_install']
[0.288s] Level 1:colcon.colcon_core.package_identification:_identify(src/needle_shape) by extension 'ignore'
[0.288s] Level 1:colcon.colcon_core.package_identification:_identify(src/needle_shape) by extension 'ignore_ament_install'
[0.288s] Level 1:colcon.colcon_core.package_identification:_identify(src/needle_shape) by extensions ['colcon_pkg']
[0.288s] Level 1:colcon.colcon_core.package_identification:_identify(src/needle_shape) by extension 'colcon_pkg'
[0.288s] Level 1:colcon.colcon_core.package_identification:_identify(src/needle_shape) by extensions ['colcon_meta']
[0.288s] Level 1:colcon.colcon_core.package_identification:_identify(src/needle_shape) by extension 'colcon_meta'
[0.288s] Level 1:colcon.colcon_core.package_identification:_identify(src/needle_shape) by extensions ['ros']
[0.288s] Level 1:colcon.colcon_core.package_identification:_identify(src/needle_shape) by extension 'ros'
[0.288s] DEBUG:colcon.colcon_core.package_identification:Package 'src/needle_shape' with type 'ros.ament_python' and name 'needle_shape'
[0.289s] Level 1:colcon.colcon_core.package_identification:_identify(src/sm130_interrogator) by extensions ['ignore', 'ignore_ament_install']
[0.289s] Level 1:colcon.colcon_core.package_identification:_identify(src/sm130_interrogator) by extension 'ignore'
[0.289s] Level 1:colcon.colcon_core.package_identification:_identify(src/sm130_interrogator) by extension 'ignore_ament_install'
[0.289s] Level 1:colcon.colcon_core.package_identification:_identify(src/sm130_interrogator) by extensions ['colcon_pkg']
[0.289s] Level 1:colcon.colcon_core.package_identification:_identify(src/sm130_interrogator) by extension 'colcon_pkg'
[0.289s] Level 1:colcon.colcon_core.package_identification:_identify(src/sm130_interrogator) by extensions ['colcon_meta']
[0.289s] Level 1:colcon.colcon_core.package_identification:_identify(src/sm130_interrogator) by extension 'colcon_meta'
[0.289s] Level 1:colcon.colcon_core.package_identification:_identify(src/sm130_interrogator) by extensions ['ros']
[0.289s] Level 1:colcon.colcon_core.package_identification:_identify(src/sm130_interrogator) by extension 'ros'
[0.289s] DEBUG:colcon.colcon_core.package_identification:Package 'src/sm130_interrogator' with type 'ros.ament_python' and name 'sm130_interrogator'
[0.289s] Level 1:colcon.colcon_core.package_discovery:discover_packages(recursive) using defaults
[0.289s] Level 1:colcon.colcon_core.package_discovery:discover_packages(ignore) discover
[0.289s] Level 1:colcon.colcon_core.package_discovery:discover_packages(ignore) using defaults
[0.289s] Level 1:colcon.colcon_core.package_discovery:discover_packages(path) discover
[0.289s] Level 1:colcon.colcon_core.package_discovery:discover_packages(path) using defaults
[0.306s] Level 1:colcon.colcon_core.package_discovery:discover_packages(prefix_path) check parameters
[0.306s] Level 1:colcon.colcon_core.package_discovery:discover_packages(prefix_path) discover
[0.308s] DEBUG:colcon.colcon_installed_package_information.package_discovery:Found 4 installed packages in /home/yangshengxu/Desktop/InSituNeedle_Manipulation_FBG_FEM_ROS2/install
[0.309s] DEBUG:colcon.colcon_installed_package_information.package_discovery:Found 281 installed packages in /opt/ros/galactic
[0.310s] Level 1:colcon.colcon_core.package_discovery:discover_packages(prefix_path) using defaults
[0.367s] Level 5:colcon.colcon_core.verb:set package 'fbg_msgs' build argument 'cmake_args' from command line to 'None'
[0.367s] Level 5:colcon.colcon_core.verb:set package 'fbg_msgs' build argument 'cmake_target' from command line to 'None'
[0.367s] Level 5:colcon.colcon_core.verb:set package 'fbg_msgs' build argument 'cmake_target_skip_unavailable' from command line to 'False'
[0.367s] Level 5:colcon.colcon_core.verb:set package 'fbg_msgs' build argument 'cmake_clean_cache' from command line to 'False'
[0.367s] Level 5:colcon.colcon_core.verb:set package 'fbg_msgs' build argument 'cmake_clean_first' from command line to 'False'
[0.367s] Level 5:colcon.colcon_core.verb:set package 'fbg_msgs' build argument 'cmake_force_configure' from command line to 'False'
[0.367s] Level 5:colcon.colcon_core.verb:set package 'fbg_msgs' build argument 'ament_cmake_args' from command line to 'None'
[0.367s] Level 5:colcon.colcon_core.verb:set package 'fbg_msgs' build argument 'catkin_cmake_args' from command line to 'None'
[0.367s] Level 5:colcon.colcon_core.verb:set package 'fbg_msgs' build argument 'catkin_skip_building_tests' from command line to 'False'
[0.367s] DEBUG:colcon.colcon_core.verb:Building package 'fbg_msgs' with the following arguments: {'ament_cmake_args': None, 'build_base': '/home/yangshengxu/Desktop/InSituNeedle_Manipulation_FBG_FEM_ROS2/build/fbg_msgs', 'catkin_cmake_args': None, 'catkin_skip_building_tests': False, 'cmake_args': None, 'cmake_clean_cache': False, 'cmake_clean_first': False, 'cmake_force_configure': False, 'cmake_target': None, 'cmake_target_skip_unavailable': False, 'install_base': '/home/yangshengxu/Desktop/InSituNeedle_Manipulation_FBG_FEM_ROS2/install/fbg_msgs', 'merge_install': False, 'path': '/home/yangshengxu/Desktop/InSituNeedle_Manipulation_FBG_FEM_ROS2/src/fbg_msgs', 'symlink_install': False, 'test_result_base': None}
[0.368s] Level 5:colcon.colcon_core.verb:set package 'needle_shape' build argument 'cmake_args' from command line to 'None'
[0.368s] Level 5:colcon.colcon_core.verb:set package 'needle_shape' build argument 'cmake_target' from command line to 'None'
[0.368s] Level 5:colcon.colcon_core.verb:set package 'needle_shape' build argument 'cmake_target_skip_unavailable' from command line to 'False'
[0.368s] Level 5:colcon.colcon_core.verb:set package 'needle_shape' build argument 'cmake_clean_cache' from command line to 'False'
[0.368s] Level 5:colcon.colcon_core.verb:set package 'needle_shape' build argument 'cmake_clean_first' from command line to 'False'
[0.368s] Level 5:colcon.colcon_core.verb:set package 'needle_shape' build argument 'cmake_force_configure' from command line to 'False'
[0.368s] Level 5:colcon.colcon_core.verb:set package 'needle_shape' build argument 'ament_cmake_args' from command line to 'None'
[0.368s] Level 5:colcon.colcon_core.verb:set package 'needle_shape' build argument 'catkin_cmake_args' from command line to 'None'
[0.368s] Level 5:colcon.colcon_core.verb:set package 'needle_shape' build argument 'catkin_skip_building_tests' from command line to 'False'
[0.368s] DEBUG:colcon.colcon_core.verb:Building package 'needle_shape' with the following arguments: {'ament_cmake_args': None, 'build_base': '/home/yangshengxu/Desktop/InSituNeedle_Manipulation_FBG_FEM_ROS2/build/needle_shape', 'catkin_cmake_args': None, 'catkin_skip_building_tests': False, 'cmake_args': None, 'cmake_clean_cache': False, 'cmake_clean_first': False, 'cmake_force_configure': False, 'cmake_target': None, 'cmake_target_skip_unavailable': False, 'install_base': '/home/yangshengxu/Desktop/InSituNeedle_Manipulation_FBG_FEM_ROS2/install/needle_shape', 'merge_install': False, 'path': '/home/yangshengxu/Desktop/InSituNeedle_Manipulation_FBG_FEM_ROS2/src/needle_shape', 'symlink_install': False, 'test_result_base': None}
[0.369s] Level 5:colcon.colcon_core.verb:set package 'sm130_interrogator' build argument 'cmake_args' from command line to 'None'
[0.369s] Level 5:colcon.colcon_core.verb:set package 'sm130_interrogator' build argument 'cmake_target' from command line to 'None'
[0.369s] Level 5:colcon.colcon_core.verb:set package 'sm130_interrogator' build argument 'cmake_target_skip_unavailable' from command line to 'False'
[0.369s] Level 5:colcon.colcon_core.verb:set package 'sm130_interrogator' build argument 'cmake_clean_cache' from command line to 'False'
[0.369s] Level 5:colcon.colcon_core.verb:set package 'sm130_interrogator' build argument 'cmake_clean_first' from command line to 'False'
[0.369s] Level 5:colcon.colcon_core.verb:set package 'sm130_interrogator' build argument 'cmake_force_configure' from command line to 'False'
[0.369s] Level 5:colcon.colcon_core.verb:set package 'sm130_interrogator' build argument 'ament_cmake_args' from command line to 'None'
[0.369s] Level 5:colcon.colcon_core.verb:set package 'sm130_interrogator' build argument 'catkin_cmake_args' from command line to 'None'
[0.369s] Level 5:colcon.colcon_core.verb:set package 'sm130_interrogator' build argument 'catkin_skip_building_tests' from command line to 'False'
[0.369s] DEBUG:colcon.colcon_core.verb:Building package 'sm130_interrogator' with the following arguments: {'ament_cmake_args': None, 'build_base': '/home/yangshengxu/Desktop/InSituNeedle_Manipulation_FBG_FEM_ROS2/build/sm130_interrogator', 'catkin_cmake_args': None, 'catkin_skip_building_tests': False, 'cmake_args': None, 'cmake_clean_cache': False, 'cmake_clean_first': False, 'cmake_force_configure': False, 'cmake_target': None, 'cmake_target_skip_unavailable': False, 'install_base': '/home/yangshengxu/Desktop/InSituNeedle_Manipulation_FBG_FEM_ROS2/install/sm130_interrogator', 'merge_install': False, 'path': '/home/yangshengxu/Desktop/InSituNeedle_Manipulation_FBG_FEM_ROS2/src/sm130_interrogator', 'symlink_install': False, 'test_result_base': None}
[0.370s] Level 5:colcon.colcon_core.verb:set package 'curvature_srvcli' build argument 'cmake_args' from command line to 'None'
[0.370s] Level 5:colcon.colcon_core.verb:set package 'curvature_srvcli' build argument 'cmake_target' from command line to 'None'
[0.370s] Level 5:colcon.colcon_core.verb:set package 'curvature_srvcli' build argument 'cmake_target_skip_unavailable' from command line to 'False'
[0.370s] Level 5:colcon.colcon_core.verb:set package 'curvature_srvcli' build argument 'cmake_clean_cache' from command line to 'False'
[0.370s] Level 5:colcon.colcon_core.verb:set package 'curvature_srvcli' build argument 'cmake_clean_first' from command line to 'False'
[0.370s] Level 5:colcon.colcon_core.verb:set package 'curvature_srvcli' build argument 'cmake_force_configure' from command line to 'False'
[0.370s] Level 5:colcon.colcon_core.verb:set package 'curvature_srvcli' build argument 'ament_cmake_args' from command line to 'None'
[0.370s] Level 5:colcon.colcon_core.verb:set package 'curvature_srvcli' build argument 'catkin_cmake_args' from command line to 'None'
[0.370s] Level 5:colcon.colcon_core.verb:set package 'curvature_srvcli' build argument 'catkin_skip_building_tests' from command line to 'False'
[0.370s] DEBUG:colcon.colcon_core.verb:Building package 'curvature_srvcli' with the following arguments: {'ament_cmake_args': None, 'build_base': '/home/yangshengxu/Desktop/InSituNeedle_Manipulation_FBG_FEM_ROS2/build/curvature_srvcli', 'catkin_cmake_args': None, 'catkin_skip_building_tests': False, 'cmake_args': None, 'cmake_clean_cache': False, 'cmake_clean_first': False, 'cmake_force_configure': False, 'cmake_target': None, 'cmake_target_skip_unavailable': False, 'install_base': '/home/yangshengxu/Desktop/InSituNeedle_Manipulation_FBG_FEM_ROS2/install/curvature_srvcli', 'merge_install': False, 'path': '/home/yangshengxu/Desktop/InSituNeedle_Manipulation_FBG_FEM_ROS2/src/curvature_srvcli', 'symlink_install': False, 'test_result_base': None}
[0.371s] INFO:colcon.colcon_core.executor:Executing jobs using 'parallel' executor
[0.373s] DEBUG:colcon.colcon_parallel_executor.executor.parallel:run_until_complete
[0.374s] INFO:colcon.colcon_ros.task.ament_cmake.build:Building ROS package in '/home/yangshengxu/Desktop/InSituNeedle_Manipulation_FBG_FEM_ROS2/src/fbg_msgs' with build type 'ament_cmake'
[0.374s] INFO:colcon.colcon_cmake.task.cmake.build:Building CMake package in '/home/yangshengxu/Desktop/InSituNeedle_Manipulation_FBG_FEM_ROS2/src/fbg_msgs'
[0.377s] INFO:colcon.colcon_core.plugin_system:Skipping extension 'colcon_core.shell.bat': Not used on non-Windows systems
[0.377s] INFO:colcon.colcon_core.shell:Skip shell extension 'powershell' for command environment: Not usable outside of PowerShell
[0.377s] DEBUG:colcon.colcon_core.shell:Skip shell extension 'dsv' for command environment
[0.382s] INFO:colcon.colcon_ros.task.ament_python.build:Building ROS package in '/home/yangshengxu/Desktop/InSituNeedle_Manipulation_FBG_FEM_ROS2/src/sm130_interrogator' with build type 'ament_python'
[0.382s] Level 1:colcon.colcon_core.shell:create_environment_hook('sm130_interrogator', 'ament_prefix_path')
[0.384s] INFO:colcon.colcon_core.shell:Creating environment hook '/home/yangshengxu/Desktop/InSituNeedle_Manipulation_FBG_FEM_ROS2/install/sm130_interrogator/share/sm130_interrogator/hook/ament_prefix_path.ps1'
[0.384s] INFO:colcon.colcon_core.shell:Creating environment descriptor '/home/yangshengxu/Desktop/InSituNeedle_Manipulation_FBG_FEM_ROS2/install/sm130_interrogator/share/sm130_interrogator/hook/ament_prefix_path.dsv'
[0.385s] INFO:colcon.colcon_core.shell:Creating environment hook '/home/yangshengxu/Desktop/InSituNeedle_Manipulation_FBG_FEM_ROS2/install/sm130_interrogator/share/sm130_interrogator/hook/ament_prefix_path.sh'
[0.386s] INFO:colcon.colcon_core.shell:Skip shell extension 'powershell' for command environment: Not usable outside of PowerShell
[0.386s] DEBUG:colcon.colcon_core.shell:Skip shell extension 'dsv' for command environment
[0.391s] INFO:colcon.colcon_ros.task.ament_python.build:Building ROS package in '/home/yangshengxu/Desktop/InSituNeedle_Manipulation_FBG_FEM_ROS2/src/needle_shape' with build type 'ament_python'
[0.392s] Level 1:colcon.colcon_core.shell:create_environment_hook('needle_shape', 'ament_prefix_path')
[0.393s] INFO:colcon.colcon_core.shell:Creating environment hook '/home/yangshengxu/Desktop/InSituNeedle_Manipulation_FBG_FEM_ROS2/install/needle_shape/share/needle_shape/hook/ament_prefix_path.ps1'
[0.394s] INFO:colcon.colcon_core.shell:Creating environment descriptor '/home/yangshengxu/Desktop/InSituNeedle_Manipulation_FBG_FEM_ROS2/install/needle_shape/share/needle_shape/hook/ament_prefix_path.dsv'
[0.394s] INFO:colcon.colcon_core.shell:Creating environment hook '/home/yangshengxu/Desktop/InSituNeedle_Manipulation_FBG_FEM_ROS2/install/needle_shape/share/needle_shape/hook/ament_prefix_path.sh'
[0.395s] INFO:colcon.colcon_core.shell:Skip shell extension 'powershell' for command environment: Not usable outside of PowerShell
[0.395s] DEBUG:colcon.colcon_core.shell:Skip shell extension 'dsv' for command environment
[0.406s] DEBUG:colcon.colcon_core.event_handler.log_command:Invoking command in '/home/yangshengxu/Desktop/InSituNeedle_Manipulation_FBG_FEM_ROS2/build/fbg_msgs': CMAKE_PREFIX_PATH=${CMAKE_PREFIX_PATH}:/home/yangshengxu/Desktop/InSituNeedle_Manipulation_FBG_FEM_ROS2/install/curvature_srvcli:/home/yangshengxu/Desktop/InSituNeedle_Manipulation_FBG_FEM_ROS2/install/sm130_interrogator:/home/yangshengxu/Desktop/InSituNeedle_Manipulation_FBG_FEM_ROS2/install/needle_shape:/opt/ros/galactic /usr/bin/cmake --build /home/yangshengxu/Desktop/InSituNeedle_Manipulation_FBG_FEM_ROS2/build/fbg_msgs -- -j8 -l8
[0.616s] INFO:colcon.colcon_core.task.python.build:Building Python package in '/home/yangshengxu/Desktop/InSituNeedle_Manipulation_FBG_FEM_ROS2/src/sm130_interrogator'
[0.618s] INFO:colcon.colcon_core.shell:Skip shell extension 'powershell' for command environment: Not usable outside of PowerShell
[0.619s] DEBUG:colcon.colcon_core.shell:Skip shell extension 'dsv' for command environment
[0.800s] INFO:colcon.colcon_core.task.python.build:Building Python package in '/home/yangshengxu/Desktop/InSituNeedle_Manipulation_FBG_FEM_ROS2/src/needle_shape'
[0.802s] INFO:colcon.colcon_core.shell:Skip shell extension 'powershell' for command environment: Not usable outside of PowerShell
[0.802s] DEBUG:colcon.colcon_core.shell:Skip shell extension 'dsv' for command environment
[0.810s] DEBUG:colcon.colcon_core.event_handler.log_command:Invoked command in '/home/yangshengxu/Desktop/InSituNeedle_Manipulation_FBG_FEM_ROS2/build/fbg_msgs' returned '0': CMAKE_PREFIX_PATH=${CMAKE_PREFIX_PATH}:/home/yangshengxu/Desktop/InSituNeedle_Manipulation_FBG_FEM_ROS2/install/curvature_srvcli:/home/yangshengxu/Desktop/InSituNeedle_Manipulation_FBG_FEM_ROS2/install/sm130_interrogator:/home/yangshengxu/Desktop/InSituNeedle_Manipulation_FBG_FEM_ROS2/install/needle_shape:/opt/ros/galactic /usr/bin/cmake --build /home/yangshengxu/Desktop/InSituNeedle_Manipulation_FBG_FEM_ROS2/build/fbg_msgs -- -j8 -l8
[0.901s] DEBUG:colcon.colcon_core.event_handler.log_command:Invoking command in '/home/yangshengxu/Desktop/InSituNeedle_Manipulation_FBG_FEM_ROS2/build/fbg_msgs': CMAKE_PREFIX_PATH=${CMAKE_PREFIX_PATH}:/home/yangshengxu/Desktop/InSituNeedle_Manipulation_FBG_FEM_ROS2/install/curvature_srvcli:/home/yangshengxu/Desktop/InSituNeedle_Manipulation_FBG_FEM_ROS2/install/sm130_interrogator:/home/yangshengxu/Desktop/InSituNeedle_Manipulation_FBG_FEM_ROS2/install/needle_shape:/opt/ros/galactic /usr/bin/cmake --install /home/yangshengxu/Desktop/InSituNeedle_Manipulation_FBG_FEM_ROS2/build/fbg_msgs
[0.953s] Level 1:colcon.colcon_core.environment:create_environment_scripts_only(fbg_msgs)
[0.954s] DEBUG:colcon.colcon_core.event_handler.log_command:Invoked command in '/home/yangshengxu/Desktop/InSituNeedle_Manipulation_FBG_FEM_ROS2/build/fbg_msgs' returned '0': CMAKE_PREFIX_PATH=${CMAKE_PREFIX_PATH}:/home/yangshengxu/Desktop/InSituNeedle_Manipulation_FBG_FEM_ROS2/install/curvature_srvcli:/home/yangshengxu/Desktop/InSituNeedle_Manipulation_FBG_FEM_ROS2/install/sm130_interrogator:/home/yangshengxu/Desktop/InSituNeedle_Manipulation_FBG_FEM_ROS2/install/needle_shape:/opt/ros/galactic /usr/bin/cmake --install /home/yangshengxu/Desktop/InSituNeedle_Manipulation_FBG_FEM_ROS2/build/fbg_msgs
[0.960s] Level 1:colcon.colcon_core.environment:checking '/home/yangshengxu/Desktop/InSituNeedle_Manipulation_FBG_FEM_ROS2/install/fbg_msgs' for CMake module files
[0.961s] Level 1:colcon.colcon_core.environment:checking '/home/yangshengxu/Desktop/InSituNeedle_Manipulation_FBG_FEM_ROS2/install/fbg_msgs' for CMake config files
[0.962s] Level 1:colcon.colcon_core.shell:create_environment_hook('fbg_msgs', 'cmake_prefix_path')
[0.964s] INFO:colcon.colcon_core.shell:Creating environment hook '/home/yangshengxu/Desktop/InSituNeedle_Manipulation_FBG_FEM_ROS2/install/fbg_msgs/share/fbg_msgs/hook/cmake_prefix_path.ps1'
[0.965s] INFO:colcon.colcon_core.shell:Creating environment descriptor '/home/yangshengxu/Desktop/InSituNeedle_Manipulation_FBG_FEM_ROS2/install/fbg_msgs/share/fbg_msgs/hook/cmake_prefix_path.dsv'
[0.965s] INFO:colcon.colcon_core.shell:Creating environment hook '/home/yangshengxu/Desktop/InSituNeedle_Manipulation_FBG_FEM_ROS2/install/fbg_msgs/share/fbg_msgs/hook/cmake_prefix_path.sh'
[0.966s] Level 1:colcon.colcon_core.environment:checking '/home/yangshengxu/Desktop/InSituNeedle_Manipulation_FBG_FEM_ROS2/install/fbg_msgs/lib'
[0.966s] Level 1:colcon.colcon_core.shell:create_environment_hook('fbg_msgs', 'ld_library_path_lib')
[0.968s] INFO:colcon.colcon_core.shell:Creating environment hook '/home/yangshengxu/Desktop/InSituNeedle_Manipulation_FBG_FEM_ROS2/install/fbg_msgs/share/fbg_msgs/hook/ld_library_path_lib.ps1'
[0.969s] INFO:colcon.colcon_core.shell:Creating environment descriptor '/home/yangshengxu/Desktop/InSituNeedle_Manipulation_FBG_FEM_ROS2/install/fbg_msgs/share/fbg_msgs/hook/ld_library_path_lib.dsv'
[0.969s] INFO:colcon.colcon_core.shell:Creating environment hook '/home/yangshengxu/Desktop/InSituNeedle_Manipulation_FBG_FEM_ROS2/install/fbg_msgs/share/fbg_msgs/hook/ld_library_path_lib.sh'
[0.969s] Level 1:colcon.colcon_core.environment:checking '/home/yangshengxu/Desktop/InSituNeedle_Manipulation_FBG_FEM_ROS2/install/fbg_msgs/bin'
[0.969s] Level 1:colcon.colcon_core.environment:checking '/home/yangshengxu/Desktop/InSituNeedle_Manipulation_FBG_FEM_ROS2/install/fbg_msgs/lib/pkgconfig/fbg_msgs.pc'
[0.970s] Level 1:colcon.colcon_core.environment:checking '/home/yangshengxu/Desktop/InSituNeedle_Manipulation_FBG_FEM_ROS2/install/fbg_msgs/lib/python3.8/site-packages'
[0.970s] Level 1:colcon.colcon_core.shell:create_environment_hook('fbg_msgs', 'pythonpath')
[0.972s] INFO:colcon.colcon_core.shell:Creating environment hook '/home/yangshengxu/Desktop/InSituNeedle_Manipulation_FBG_FEM_ROS2/install/fbg_msgs/share/fbg_msgs/hook/pythonpath.ps1'
[0.972s] INFO:colcon.colcon_core.shell:Creating environment descriptor '/home/yangshengxu/Desktop/InSituNeedle_Manipulation_FBG_FEM_ROS2/install/fbg_msgs/share/fbg_msgs/hook/pythonpath.dsv'
[0.972s] INFO:colcon.colcon_core.shell:Creating environment hook '/home/yangshengxu/Desktop/InSituNeedle_Manipulation_FBG_FEM_ROS2/install/fbg_msgs/share/fbg_msgs/hook/pythonpath.sh'
[0.973s] Level 1:colcon.colcon_core.environment:checking '/home/yangshengxu/Desktop/InSituNeedle_Manipulation_FBG_FEM_ROS2/install/fbg_msgs/bin'
[0.975s] INFO:colcon.colcon_core.shell:Creating package script '/home/yangshengxu/Desktop/InSituNeedle_Manipulation_FBG_FEM_ROS2/install/fbg_msgs/share/fbg_msgs/package.ps1'
[0.976s] INFO:colcon.colcon_core.shell:Creating package descriptor '/home/yangshengxu/Desktop/InSituNeedle_Manipulation_FBG_FEM_ROS2/install/fbg_msgs/share/fbg_msgs/package.dsv'
[0.977s] INFO:colcon.colcon_core.shell:Creating package script '/home/yangshengxu/Desktop/InSituNeedle_Manipulation_FBG_FEM_ROS2/install/fbg_msgs/share/fbg_msgs/package.sh'
[0.978s] INFO:colcon.colcon_core.shell:Creating package script '/home/yangshengxu/Desktop/InSituNeedle_Manipulation_FBG_FEM_ROS2/install/fbg_msgs/share/fbg_msgs/package.bash'
[0.979s] INFO:colcon.colcon_core.shell:Creating package script '/home/yangshengxu/Desktop/InSituNeedle_Manipulation_FBG_FEM_ROS2/install/fbg_msgs/share/fbg_msgs/package.zsh'
[0.980s] Level 1:colcon.colcon_core.environment:create_file_with_runtime_dependencies(/home/yangshengxu/Desktop/InSituNeedle_Manipulation_FBG_FEM_ROS2/install/fbg_msgs/share/colcon-core/packages/fbg_msgs)
[1.059s] Level 1:colcon.colcon_core.environment:create_environment_scripts_only(fbg_msgs)
[1.061s] Level 1:colcon.colcon_core.environment:checking '/home/yangshengxu/Desktop/InSituNeedle_Manipulation_FBG_FEM_ROS2/install/fbg_msgs' for CMake module files
[1.061s] Level 1:colcon.colcon_core.environment:checking '/home/yangshengxu/Desktop/InSituNeedle_Manipulation_FBG_FEM_ROS2/install/fbg_msgs' for CMake config files
[1.061s] Level 1:colcon.colcon_core.shell:create_environment_hook('fbg_msgs', 'cmake_prefix_path')
[1.063s] INFO:colcon.colcon_core.shell:Creating environment hook '/home/yangshengxu/Desktop/InSituNeedle_Manipulation_FBG_FEM_ROS2/install/fbg_msgs/share/fbg_msgs/hook/cmake_prefix_path.ps1'
[1.063s] INFO:colcon.colcon_core.shell:Creating environment descriptor '/home/yangshengxu/Desktop/InSituNeedle_Manipulation_FBG_FEM_ROS2/install/fbg_msgs/share/fbg_msgs/hook/cmake_prefix_path.dsv'
[1.063s] INFO:colcon.colcon_core.shell:Creating environment hook '/home/yangshengxu/Desktop/InSituNeedle_Manipulation_FBG_FEM_ROS2/install/fbg_msgs/share/fbg_msgs/hook/cmake_prefix_path.sh'
[1.064s] Level 1:colcon.colcon_core.environment:checking '/home/yangshengxu/Desktop/InSituNeedle_Manipulation_FBG_FEM_ROS2/install/fbg_msgs/lib'
[1.064s] Level 1:colcon.colcon_core.shell:create_environment_hook('fbg_msgs', 'ld_library_path_lib')
[1.065s] INFO:colcon.colcon_core.shell:Creating environment hook '/home/yangshengxu/Desktop/InSituNeedle_Manipulation_FBG_FEM_ROS2/install/fbg_msgs/share/fbg_msgs/hook/ld_library_path_lib.ps1'
[1.066s] INFO:colcon.colcon_core.shell:Creating environment descriptor '/home/yangshengxu/Desktop/InSituNeedle_Manipulation_FBG_FEM_ROS2/install/fbg_msgs/share/fbg_msgs/hook/ld_library_path_lib.dsv'
[1.066s] INFO:colcon.colcon_core.shell:Creating environment hook '/home/yangshengxu/Desktop/InSituNeedle_Manipulation_FBG_FEM_ROS2/install/fbg_msgs/share/fbg_msgs/hook/ld_library_path_lib.sh'
[1.067s] Level 1:colcon.colcon_core.environment:checking '/home/yangshengxu/Desktop/InSituNeedle_Manipulation_FBG_FEM_ROS2/install/fbg_msgs/bin'
[1.067s] Level 1:colcon.colcon_core.environment:checking '/home/yangshengxu/Desktop/InSituNeedle_Manipulation_FBG_FEM_ROS2/install/fbg_msgs/lib/pkgconfig/fbg_msgs.pc'
[1.067s] Level 1:colcon.colcon_core.environment:checking '/home/yangshengxu/Desktop/InSituNeedle_Manipulation_FBG_FEM_ROS2/install/fbg_msgs/lib/python3.8/site-packages'
[1.067s] Level 1:colcon.colcon_core.shell:create_environment_hook('fbg_msgs', 'pythonpath')
[1.069s] INFO:colcon.colcon_core.shell:Creating environment hook '/home/yangshengxu/Desktop/InSituNeedle_Manipulation_FBG_FEM_ROS2/install/fbg_msgs/share/fbg_msgs/hook/pythonpath.ps1'
[1.069s] INFO:colcon.colcon_core.shell:Creating environment descriptor '/home/yangshengxu/Desktop/InSituNeedle_Manipulation_FBG_FEM_ROS2/install/fbg_msgs/share/fbg_msgs/hook/pythonpath.dsv'
[1.069s] INFO:colcon.colcon_core.shell:Creating environment hook '/home/yangshengxu/Desktop/InSituNeedle_Manipulation_FBG_FEM_ROS2/install/fbg_msgs/share/fbg_msgs/hook/pythonpath.sh'
[1.070s] Level 1:colcon.colcon_core.environment:checking '/home/yangshengxu/Desktop/InSituNeedle_Manipulation_FBG_FEM_ROS2/install/fbg_msgs/bin'
[1.072s] INFO:colcon.colcon_core.shell:Creating package script '/home/yangshengxu/Desktop/InSituNeedle_Manipulation_FBG_FEM_ROS2/install/fbg_msgs/share/fbg_msgs/package.ps1'
[1.072s] INFO:colcon.colcon_core.shell:Creating package descriptor '/home/yangshengxu/Desktop/InSituNeedle_Manipulation_FBG_FEM_ROS2/install/fbg_msgs/share/fbg_msgs/package.dsv'
[1.073s] INFO:colcon.colcon_core.shell:Creating package script '/home/yangshengxu/Desktop/InSituNeedle_Manipulation_FBG_FEM_ROS2/install/fbg_msgs/share/fbg_msgs/package.sh'
[1.073s] INFO:colcon.colcon_core.shell:Creating package script '/home/yangshengxu/Desktop/InSituNeedle_Manipulation_FBG_FEM_ROS2/install/fbg_msgs/share/fbg_msgs/package.bash'
[1.073s] INFO:colcon.colcon_core.shell:Creating package script '/home/yangshengxu/Desktop/InSituNeedle_Manipulation_FBG_FEM_ROS2/install/fbg_msgs/share/fbg_msgs/package.zsh'
[1.073s] Level 1:colcon.colcon_core.environment:create_file_with_runtime_dependencies(/home/yangshengxu/Desktop/InSituNeedle_Manipulation_FBG_FEM_ROS2/install/fbg_msgs/share/colcon-core/packages/fbg_msgs)
[1.174s] DEBUG:colcon.colcon_core.event_handler.log_command:Invoking command in '/home/yangshengxu/Desktop/InSituNeedle_Manipulation_FBG_FEM_ROS2/src/sm130_interrogator': PYTHONPATH=/home/yangshengxu/Desktop/InSituNeedle_Manipulation_FBG_FEM_ROS2/build/sm130_interrogator/prefix_override:/home/yangshengxu/Desktop/InSituNeedle_Manipulation_FBG_FEM_ROS2/install/sm130_interrogator/lib/python3.8/site-packages:${PYTHONPATH} /usr/bin/python3 setup.py egg_info --egg-base ../../build/sm130_interrogator build --build-base /home/yangshengxu/Desktop/InSituNeedle_Manipulation_FBG_FEM_ROS2/build/sm130_interrogator/build install --record /home/yangshengxu/Desktop/InSituNeedle_Manipulation_FBG_FEM_ROS2/build/sm130_interrogator/install.log --single-version-externally-managed
[1.199s] DEBUG:colcon.colcon_core.event_handler.log_command:Invoking command in '/home/yangshengxu/Desktop/InSituNeedle_Manipulation_FBG_FEM_ROS2/src/needle_shape': PYTHONPATH=/home/yangshengxu/Desktop/InSituNeedle_Manipulation_FBG_FEM_ROS2/build/needle_shape/prefix_override:/home/yangshengxu/Desktop/InSituNeedle_Manipulation_FBG_FEM_ROS2/install/needle_shape/lib/python3.8/site-packages:${PYTHONPATH} /usr/bin/python3 setup.py egg_info --egg-base ../../build/needle_shape build --build-base /home/yangshengxu/Desktop/InSituNeedle_Manipulation_FBG_FEM_ROS2/build/needle_shape/build install --record /home/yangshengxu/Desktop/InSituNeedle_Manipulation_FBG_FEM_ROS2/build/needle_shape/install.log --single-version-externally-managed
[1.428s] Level 1:colcon.colcon_core.environment:checking '/home/yangshengxu/Desktop/InSituNeedle_Manipulation_FBG_FEM_ROS2/install/sm130_interrogator' for CMake module files
[1.429s] DEBUG:colcon.colcon_core.event_handler.log_command:Invoked command in '/home/yangshengxu/Desktop/InSituNeedle_Manipulation_FBG_FEM_ROS2/src/sm130_interrogator' returned '0': PYTHONPATH=/home/yangshengxu/Desktop/InSituNeedle_Manipulation_FBG_FEM_ROS2/build/sm130_interrogator/prefix_override:/home/yangshengxu/Desktop/InSituNeedle_Manipulation_FBG_FEM_ROS2/install/sm130_interrogator/lib/python3.8/site-packages:${PYTHONPATH} /usr/bin/python3 setup.py egg_info --egg-base ../../build/sm130_interrogator build --build-base /home/yangshengxu/Desktop/InSituNeedle_Manipulation_FBG_FEM_ROS2/build/sm130_interrogator/build install --record /home/yangshengxu/Desktop/InSituNeedle_Manipulation_FBG_FEM_ROS2/build/sm130_interrogator/install.log --single-version-externally-managed
[1.429s] Level 1:colcon.colcon_core.environment:checking '/home/yangshengxu/Desktop/InSituNeedle_Manipulation_FBG_FEM_ROS2/install/sm130_interrogator' for CMake config files
[1.429s] Level 1:colcon.colcon_core.environment:checking '/home/yangshengxu/Desktop/InSituNeedle_Manipulation_FBG_FEM_ROS2/install/sm130_interrogator/lib'
[1.429s] Level 1:colcon.colcon_core.environment:checking '/home/yangshengxu/Desktop/InSituNeedle_Manipulation_FBG_FEM_ROS2/install/sm130_interrogator/bin'
[1.429s] Level 1:colcon.colcon_core.environment:checking '/home/yangshengxu/Desktop/InSituNeedle_Manipulation_FBG_FEM_ROS2/install/sm130_interrogator/lib/pkgconfig/sm130_interrogator.pc'
[1.430s] Level 1:colcon.colcon_core.environment:checking '/home/yangshengxu/Desktop/InSituNeedle_Manipulation_FBG_FEM_ROS2/install/sm130_interrogator/lib/python3.8/site-packages'
[1.430s] Level 1:colcon.colcon_core.shell:create_environment_hook('sm130_interrogator', 'pythonpath')
[1.431s] INFO:colcon.colcon_core.shell:Creating environment hook '/home/yangshengxu/Desktop/InSituNeedle_Manipulation_FBG_FEM_ROS2/install/sm130_interrogator/share/sm130_interrogator/hook/pythonpath.ps1'
[1.431s] INFO:colcon.colcon_core.shell:Creating environment descriptor '/home/yangshengxu/Desktop/InSituNeedle_Manipulation_FBG_FEM_ROS2/install/sm130_interrogator/share/sm130_interrogator/hook/pythonpath.dsv'
[1.431s] INFO:colcon.colcon_core.shell:Creating environment hook '/home/yangshengxu/Desktop/InSituNeedle_Manipulation_FBG_FEM_ROS2/install/sm130_interrogator/share/sm130_interrogator/hook/pythonpath.sh'
[1.432s] Level 1:colcon.colcon_core.environment:checking '/home/yangshengxu/Desktop/InSituNeedle_Manipulation_FBG_FEM_ROS2/install/sm130_interrogator/bin'
[1.432s] Level 1:colcon.colcon_core.environment:create_environment_scripts_only(sm130_interrogator)
[1.433s] INFO:colcon.colcon_core.shell:Creating package script '/home/yangshengxu/Desktop/InSituNeedle_Manipulation_FBG_FEM_ROS2/install/sm130_interrogator/share/sm130_interrogator/package.ps1'
[1.434s] INFO:colcon.colcon_core.shell:Creating package descriptor '/home/yangshengxu/Desktop/InSituNeedle_Manipulation_FBG_FEM_ROS2/install/sm130_interrogator/share/sm130_interrogator/package.dsv'
[1.434s] INFO:colcon.colcon_core.shell:Creating package script '/home/yangshengxu/Desktop/InSituNeedle_Manipulation_FBG_FEM_ROS2/install/sm130_interrogator/share/sm130_interrogator/package.sh'
[1.435s] INFO:colcon.colcon_core.shell:Creating package script '/home/yangshengxu/Desktop/InSituNeedle_Manipulation_FBG_FEM_ROS2/install/sm130_interrogator/share/sm130_interrogator/package.bash'
[1.435s] INFO:colcon.colcon_core.shell:Creating package script '/home/yangshengxu/Desktop/InSituNeedle_Manipulation_FBG_FEM_ROS2/install/sm130_interrogator/share/sm130_interrogator/package.zsh'
[1.435s] Level 1:colcon.colcon_core.environment:create_file_with_runtime_dependencies(/home/yangshengxu/Desktop/InSituNeedle_Manipulation_FBG_FEM_ROS2/install/sm130_interrogator/share/colcon-core/packages/sm130_interrogator)
[1.436s] INFO:colcon.colcon_ros.task.ament_python.build:Building ROS package in '/home/yangshengxu/Desktop/InSituNeedle_Manipulation_FBG_FEM_ROS2/src/curvature_srvcli' with build type 'ament_python'
[1.436s] Level 1:colcon.colcon_core.shell:create_environment_hook('curvature_srvcli', 'ament_prefix_path')
[1.437s] INFO:colcon.colcon_core.shell:Creating environment hook '/home/yangshengxu/Desktop/InSituNeedle_Manipulation_FBG_FEM_ROS2/install/curvature_srvcli/share/curvature_srvcli/hook/ament_prefix_path.ps1'
[1.438s] INFO:colcon.colcon_core.shell:Creating environment descriptor '/home/yangshengxu/Desktop/InSituNeedle_Manipulation_FBG_FEM_ROS2/install/curvature_srvcli/share/curvature_srvcli/hook/ament_prefix_path.dsv'
[1.438s] INFO:colcon.colcon_core.shell:Creating environment hook '/home/yangshengxu/Desktop/InSituNeedle_Manipulation_FBG_FEM_ROS2/install/curvature_srvcli/share/curvature_srvcli/hook/ament_prefix_path.sh'
[1.441s] INFO:colcon.colcon_core.shell:Skip shell extension 'powershell' for command environment: Not usable outside of PowerShell
[1.441s] DEBUG:colcon.colcon_core.shell:Skip shell extension 'dsv' for command environment
[1.643s] INFO:colcon.colcon_core.task.python.build:Building Python package in '/home/yangshengxu/Desktop/InSituNeedle_Manipulation_FBG_FEM_ROS2/src/curvature_srvcli'
[1.645s] INFO:colcon.colcon_core.shell:Skip shell extension 'powershell' for command environment: Not usable outside of PowerShell
[1.645s] DEBUG:colcon.colcon_core.shell:Skip shell extension 'dsv' for command environment
[1.656s] Level 1:colcon.colcon_core.environment:checking '/home/yangshengxu/Desktop/InSituNeedle_Manipulation_FBG_FEM_ROS2/install/needle_shape' for CMake module files
[1.657s] DEBUG:colcon.colcon_core.event_handler.log_command:Invoked command in '/home/yangshengxu/Desktop/InSituNeedle_Manipulation_FBG_FEM_ROS2/src/needle_shape' returned '0': PYTHONPATH=/home/yangshengxu/Desktop/InSituNeedle_Manipulation_FBG_FEM_ROS2/build/needle_shape/prefix_override:/home/yangshengxu/Desktop/InSituNeedle_Manipulation_FBG_FEM_ROS2/install/needle_shape/lib/python3.8/site-packages:${PYTHONPATH} /usr/bin/python3 setup.py egg_info --egg-base ../../build/needle_shape build --build-base /home/yangshengxu/Desktop/InSituNeedle_Manipulation_FBG_FEM_ROS2/build/needle_shape/build install --record /home/yangshengxu/Desktop/InSituNeedle_Manipulation_FBG_FEM_ROS2/build/needle_shape/install.log --single-version-externally-managed
[1.657s] Level 1:colcon.colcon_core.environment:checking '/home/yangshengxu/Desktop/InSituNeedle_Manipulation_FBG_FEM_ROS2/install/needle_shape' for CMake config files
[1.658s] Level 1:colcon.colcon_core.environment:checking '/home/yangshengxu/Desktop/InSituNeedle_Manipulation_FBG_FEM_ROS2/install/needle_shape/lib'
[1.658s] Level 1:colcon.colcon_core.environment:checking '/home/yangshengxu/Desktop/InSituNeedle_Manipulation_FBG_FEM_ROS2/install/needle_shape/bin'
[1.658s] Level 1:colcon.colcon_core.environment:checking '/home/yangshengxu/Desktop/InSituNeedle_Manipulation_FBG_FEM_ROS2/install/needle_shape/lib/pkgconfig/needle_shape.pc'
[1.658s] Level 1:colcon.colcon_core.environment:checking '/home/yangshengxu/Desktop/InSituNeedle_Manipulation_FBG_FEM_ROS2/install/needle_shape/lib/python3.8/site-packages'
[1.658s] Level 1:colcon.colcon_core.shell:create_environment_hook('needle_shape', 'pythonpath')
[1.659s] INFO:colcon.colcon_core.shell:Creating environment hook '/home/yangshengxu/Desktop/InSituNeedle_Manipulation_FBG_FEM_ROS2/install/needle_shape/share/needle_shape/hook/pythonpath.ps1'
[1.660s] INFO:colcon.colcon_core.shell:Creating environment descriptor '/home/yangshengxu/Desktop/InSituNeedle_Manipulation_FBG_FEM_ROS2/install/needle_shape/share/needle_shape/hook/pythonpath.dsv'
[1.660s] INFO:colcon.colcon_core.shell:Creating environment hook '/home/yangshengxu/Desktop/InSituNeedle_Manipulation_FBG_FEM_ROS2/install/needle_shape/share/needle_shape/hook/pythonpath.sh'
[1.660s] Level 1:colcon.colcon_core.environment:checking '/home/yangshengxu/Desktop/InSituNeedle_Manipulation_FBG_FEM_ROS2/install/needle_shape/bin'
[1.660s] Level 1:colcon.colcon_core.environment:create_environment_scripts_only(needle_shape)
[1.662s] INFO:colcon.colcon_core.shell:Creating package script '/home/yangshengxu/Desktop/InSituNeedle_Manipulation_FBG_FEM_ROS2/install/needle_shape/share/needle_shape/package.ps1'
[1.662s] INFO:colcon.colcon_core.shell:Creating package descriptor '/home/yangshengxu/Desktop/InSituNeedle_Manipulation_FBG_FEM_ROS2/install/needle_shape/share/needle_shape/package.dsv'
[1.662s] INFO:colcon.colcon_core.shell:Creating package script '/home/yangshengxu/Desktop/InSituNeedle_Manipulation_FBG_FEM_ROS2/install/needle_shape/share/needle_shape/package.sh'
[1.663s] INFO:colcon.colcon_core.shell:Creating package script '/home/yangshengxu/Desktop/InSituNeedle_Manipulation_FBG_FEM_ROS2/install/needle_shape/share/needle_shape/package.bash'
[1.663s] INFO:colcon.colcon_core.shell:Creating package script '/home/yangshengxu/Desktop/InSituNeedle_Manipulation_FBG_FEM_ROS2/install/needle_shape/share/needle_shape/package.zsh'
[1.663s] Level 1:colcon.colcon_core.environment:create_file_with_runtime_dependencies(/home/yangshengxu/Desktop/InSituNeedle_Manipulation_FBG_FEM_ROS2/install/needle_shape/share/colcon-core/packages/needle_shape)
[1.990s] DEBUG:colcon.colcon_core.event_handler.log_command:Invoking command in '/home/yangshengxu/Desktop/InSituNeedle_Manipulation_FBG_FEM_ROS2/src/curvature_srvcli': AMENT_PREFIX_PATH=/home/yangshengxu/Desktop/InSituNeedle_Manipulation_FBG_FEM_ROS2/install/sm130_interrogator:/home/yangshengxu/Desktop/InSituNeedle_Manipulation_FBG_FEM_ROS2/install/curvature_srvcli:/home/yangshengxu/Desktop/InSituNeedle_Manipulation_FBG_FEM_ROS2/install/needle_shape:/home/yangshengxu/Desktop/InSituNeedle_Manipulation_FBG_FEM_ROS2/install/fbg_msgs:/opt/ros/galactic PYTHONPATH=/home/yangshengxu/Desktop/InSituNeedle_Manipulation_FBG_FEM_ROS2/build/curvature_srvcli/prefix_override:/home/yangshengxu/Desktop/InSituNeedle_Manipulation_FBG_FEM_ROS2/install/curvature_srvcli/lib/python3.8/site-packages:/home/yangshengxu/Desktop/InSituNeedle_Manipulation_FBG_FEM_ROS2/install/sm130_interrogator/lib/python3.8/site-packages:/home/yangshengxu/Desktop/InSituNeedle_Manipulation_FBG_FEM_ROS2/install/fbg_msgs/lib/python3.8/site-packages:/home/yangshengxu/Desktop/InSituNeedle_Manipulation_FBG_FEM_ROS2/install/curvature_srvcli/lib/python3.8/site-packages:/home/yangshengxu/Desktop/InSituNeedle_Manipulation_FBG_FEM_ROS2/install/needle_shape/lib/python3.8/site-packages:/opt/ros/galactic/lib/python3.8/site-packages /usr/bin/python3 setup.py egg_info --egg-base ../../build/curvature_srvcli build --build-base /home/yangshengxu/Desktop/InSituNeedle_Manipulation_FBG_FEM_ROS2/build/curvature_srvcli/build install --record /home/yangshengxu/Desktop/InSituNeedle_Manipulation_FBG_FEM_ROS2/build/curvature_srvcli/install.log --single-version-externally-managed
[2.219s] Level 1:colcon.colcon_core.environment:checking '/home/yangshengxu/Desktop/InSituNeedle_Manipulation_FBG_FEM_ROS2/install/curvature_srvcli' for CMake module files
[2.220s] DEBUG:colcon.colcon_core.event_handler.log_command:Invoked command in '/home/yangshengxu/Desktop/InSituNeedle_Manipulation_FBG_FEM_ROS2/src/curvature_srvcli' returned '0': AMENT_PREFIX_PATH=/home/yangshengxu/Desktop/InSituNeedle_Manipulation_FBG_FEM_ROS2/install/sm130_interrogator:/home/yangshengxu/Desktop/InSituNeedle_Manipulation_FBG_FEM_ROS2/install/curvature_srvcli:/home/yangshengxu/Desktop/InSituNeedle_Manipulation_FBG_FEM_ROS2/install/needle_shape:/home/yangshengxu/Desktop/InSituNeedle_Manipulation_FBG_FEM_ROS2/install/fbg_msgs:/opt/ros/galactic PYTHONPATH=/home/yangshengxu/Desktop/InSituNeedle_Manipulation_FBG_FEM_ROS2/build/curvature_srvcli/prefix_override:/home/yangshengxu/Desktop/InSituNeedle_Manipulation_FBG_FEM_ROS2/install/curvature_srvcli/lib/python3.8/site-packages:/home/yangshengxu/Desktop/InSituNeedle_Manipulation_FBG_FEM_ROS2/install/sm130_interrogator/lib/python3.8/site-packages:/home/yangshengxu/Desktop/InSituNeedle_Manipulation_FBG_FEM_ROS2/install/fbg_msgs/lib/python3.8/site-packages:/home/yangshengxu/Desktop/InSituNeedle_Manipulation_FBG_FEM_ROS2/install/curvature_srvcli/lib/python3.8/site-packages:/home/yangshengxu/Desktop/InSituNeedle_Manipulation_FBG_FEM_ROS2/install/needle_shape/lib/python3.8/site-packages:/opt/ros/galactic/lib/python3.8/site-packages /usr/bin/python3 setup.py egg_info --egg-base ../../build/curvature_srvcli build --build-base /home/yangshengxu/Desktop/InSituNeedle_Manipulation_FBG_FEM_ROS2/build/curvature_srvcli/build install --record /home/yangshengxu/Desktop/InSituNeedle_Manipulation_FBG_FEM_ROS2/build/curvature_srvcli/install.log --single-version-externally-managed
[2.220s] Level 1:colcon.colcon_core.environment:checking '/home/yangshengxu/Desktop/InSituNeedle_Manipulation_FBG_FEM_ROS2/install/curvature_srvcli' for CMake config files
[2.221s] Level 1:colcon.colcon_core.environment:checking '/home/yangshengxu/Desktop/InSituNeedle_Manipulation_FBG_FEM_ROS2/install/curvature_srvcli/lib'
[2.221s] Level 1:colcon.colcon_core.environment:checking '/home/yangshengxu/Desktop/InSituNeedle_Manipulation_FBG_FEM_ROS2/install/curvature_srvcli/bin'
[2.221s] Level 1:colcon.colcon_core.environment:checking '/home/yangshengxu/Desktop/InSituNeedle_Manipulation_FBG_FEM_ROS2/install/curvature_srvcli/lib/pkgconfig/curvature_srvcli.pc'
[2.221s] Level 1:colcon.colcon_core.environment:checking '/home/yangshengxu/Desktop/InSituNeedle_Manipulation_FBG_FEM_ROS2/install/curvature_srvcli/lib/python3.8/site-packages'
[2.221s] Level 1:colcon.colcon_core.shell:create_environment_hook('curvature_srvcli', 'pythonpath')
[2.223s] INFO:colcon.colcon_core.shell:Creating environment hook '/home/yangshengxu/Desktop/InSituNeedle_Manipulation_FBG_FEM_ROS2/install/curvature_srvcli/share/curvature_srvcli/hook/pythonpath.ps1'
[2.224s] INFO:colcon.colcon_core.shell:Creating environment descriptor '/home/yangshengxu/Desktop/InSituNeedle_Manipulation_FBG_FEM_ROS2/install/curvature_srvcli/share/curvature_srvcli/hook/pythonpath.dsv'
[2.224s] INFO:colcon.colcon_core.shell:Creating environment hook '/home/yangshengxu/Desktop/InSituNeedle_Manipulation_FBG_FEM_ROS2/install/curvature_srvcli/share/curvature_srvcli/hook/pythonpath.sh'
[2.225s] Level 1:colcon.colcon_core.environment:checking '/home/yangshengxu/Desktop/InSituNeedle_Manipulation_FBG_FEM_ROS2/install/curvature_srvcli/bin'
[2.225s] Level 1:colcon.colcon_core.environment:create_environment_scripts_only(curvature_srvcli)
[2.227s] INFO:colcon.colcon_core.shell:Creating package script '/home/yangshengxu/Desktop/InSituNeedle_Manipulation_FBG_FEM_ROS2/install/curvature_srvcli/share/curvature_srvcli/package.ps1'
[2.227s] INFO:colcon.colcon_core.shell:Creating package descriptor '/home/yangshengxu/Desktop/InSituNeedle_Manipulation_FBG_FEM_ROS2/install/curvature_srvcli/share/curvature_srvcli/package.dsv'
[2.228s] INFO:colcon.colcon_core.shell:Creating package script '/home/yangshengxu/Desktop/InSituNeedle_Manipulation_FBG_FEM_ROS2/install/curvature_srvcli/share/curvature_srvcli/package.sh'
[2.228s] INFO:colcon.colcon_core.shell:Creating package script '/home/yangshengxu/Desktop/InSituNeedle_Manipulation_FBG_FEM_ROS2/install/curvature_srvcli/share/curvature_srvcli/package.bash'
[2.228s] INFO:colcon.colcon_core.shell:Creating package script '/home/yangshengxu/Desktop/InSituNeedle_Manipulation_FBG_FEM_ROS2/install/curvature_srvcli/share/curvature_srvcli/package.zsh'
[2.229s] Level 1:colcon.colcon_core.environment:create_file_with_runtime_dependencies(/home/yangshengxu/Desktop/InSituNeedle_Manipulation_FBG_FEM_ROS2/install/curvature_srvcli/share/colcon-core/packages/curvature_srvcli)
[2.229s] DEBUG:colcon.colcon_parallel_executor.executor.parallel:closing loop
[2.229s] DEBUG:colcon.colcon_parallel_executor.executor.parallel:loop closed
[2.229s] DEBUG:colcon.colcon_parallel_executor.executor.parallel:run_until_complete finished with '0'
[2.230s] DEBUG:colcon.colcon_core.event_reactor:joining thread
[2.234s] INFO:colcon.colcon_core.plugin_system:Skipping extension 'colcon_notification.desktop_notification.terminal_notifier': Not used on non-Darwin systems
[2.234s] INFO:colcon.colcon_core.plugin_system:Skipping extension 'colcon_notification.desktop_notification.win32': Not used on non-Windows systems
[2.234s] INFO:colcon.colcon_notification.desktop_notification:Sending desktop notification using 'notify2'
[2.247s] DEBUG:colcon.colcon_core.event_reactor:joined thread
[2.248s] INFO:colcon.colcon_core.shell:Creating prefix script '/home/yangshengxu/Desktop/InSituNeedle_Manipulation_FBG_FEM_ROS2/install/local_setup.ps1'
[2.249s] INFO:colcon.colcon_core.shell:Creating prefix util module '/home/yangshengxu/Desktop/InSituNeedle_Manipulation_FBG_FEM_ROS2/install/_local_setup_util_ps1.py'
[2.250s] INFO:colcon.colcon_core.shell:Creating prefix chain script '/home/yangshengxu/Desktop/InSituNeedle_Manipulation_FBG_FEM_ROS2/install/setup.ps1'
[2.251s] INFO:colcon.colcon_core.shell:Creating prefix script '/home/yangshengxu/Desktop/InSituNeedle_Manipulation_FBG_FEM_ROS2/install/local_setup.sh'
[2.252s] INFO:colcon.colcon_core.shell:Creating prefix util module '/home/yangshengxu/Desktop/InSituNeedle_Manipulation_FBG_FEM_ROS2/install/_local_setup_util_sh.py'
[2.252s] INFO:colcon.colcon_core.shell:Creating prefix chain script '/home/yangshengxu/Desktop/InSituNeedle_Manipulation_FBG_FEM_ROS2/install/setup.sh'
[2.253s] INFO:colcon.colcon_core.shell:Creating prefix script '/home/yangshengxu/Desktop/InSituNeedle_Manipulation_FBG_FEM_ROS2/install/local_setup.bash'
[2.253s] INFO:colcon.colcon_core.shell:Creating prefix chain script '/home/yangshengxu/Desktop/InSituNeedle_Manipulation_FBG_FEM_ROS2/install/setup.bash'
[2.254s] INFO:colcon.colcon_core.shell:Creating prefix script '/home/yangshengxu/Desktop/InSituNeedle_Manipulation_FBG_FEM_ROS2/install/local_setup.zsh'
[2.255s] INFO:colcon.colcon_core.shell:Creating prefix chain script '/home/yangshengxu/Desktop/InSituNeedle_Manipulation_FBG_FEM_ROS2/install/setup.zsh'
