[0.296s] DEBUG:colcon:Command line arguments: ['/home/yangshengxu/.matlab/R2022b/ros2/glnxa64/venv/bin/colcon', 'build', '--merge-install', '--cmake-args', '-DCMAKE_BUILD_TYPE=Release', '-DCMAKE_SHARED_LINKER_FLAGS=-Wl,-no-as-needed', '-DBUILD_TESTING=OFF', '-DCMAKE_CXX_FLAGS_RELEASE=-O0', '-G', 'Ninja']
[0.296s] DEBUG:colcon:Parsed command line arguments: Namespace(log_base=None, log_level=None, verb_name='build', build_base='build', install_base='install', merge_install=True, symlink_install=False, test_result_base=None, continue_on_error=False, executor='parallel', parallel_workers=8, event_handlers=None, ignore_user_meta=False, metas=['./colcon.meta'], base_paths=['.'], packages_ignore=None, packages_ignore_regex=None, paths=None, packages_up_to=None, packages_up_to_regex=None, packages_above=None, packages_above_and_dependencies=None, packages_above_depth=None, packages_select_by_dep=None, packages_skip_by_dep=None, packages_skip_up_to=None, packages_select_build_failed=False, packages_skip_build_finished=False, packages_select_test_failures=False, packages_skip_test_passed=False, packages_select=None, packages_skip=None, packages_select_regex=None, packages_skip_regex=None, packages_start=None, packages_end=None, cmake_args=['-DCMAKE_BUILD_TYPE=Release', '-DCMAKE_SHARED_LINKER_FLAGS=-Wl,-no-as-needed', '-DBUILD_TESTING=OFF', '-DCMAKE_CXX_FLAGS_RELEASE=-O0', '-G', 'Ninja'], cmake_target=None, cmake_target_skip_unavailable=False, cmake_clean_cache=False, cmake_clean_first=False, cmake_force_configure=False, ament_cmake_args=None, catkin_cmake_args=None, catkin_skip_building_tests=False, verb_parser=<colcon_defaults.argument_parser.defaults.DefaultArgumentsDecorator object at 0x7f15ba5e7fd0>, verb_extension=<colcon_core.verb.build.BuildVerb object at 0x7f15ba5e7a00>, main=<bound method BuildVerb.main of <colcon_core.verb.build.BuildVerb object at 0x7f15ba5e7a00>>)
[0.306s] Level 1:colcon.colcon_core.package_discovery:discover_packages(colcon_meta) check parameters
[0.306s] Level 1:colcon.colcon_core.package_discovery:discover_packages(recursive) check parameters
[0.306s] Level 1:colcon.colcon_core.package_discovery:discover_packages(ignore) check parameters
[0.306s] Level 1:colcon.colcon_core.package_discovery:discover_packages(path) check parameters
[0.306s] Level 1:colcon.colcon_core.package_discovery:discover_packages(colcon_meta) discover
[0.306s] Level 1:colcon.colcon_core.package_discovery:discover_packages(recursive) discover
[0.306s] INFO:colcon.colcon_core.package_discovery:Crawling recursively for packages in '/home/yangshengxu/Desktop/InSituNeedle_Manipulation_FBG_FEM_ROS2/needle_simulation_control/custom/matlab_msg_gen/glnxa64'
[0.306s] Level 1:colcon.colcon_core.package_identification:_identify(.) by extensions ['ignore', 'ignore_ament_install']
[0.306s] Level 1:colcon.colcon_core.package_identification:_identify(.) by extension 'ignore'
[0.306s] Level 1:colcon.colcon_core.package_identification:_identify(.) by extension 'ignore_ament_install'
[0.306s] Level 1:colcon.colcon_core.package_identification:_identify(.) by extensions ['colcon_pkg']
[0.307s] Level 1:colcon.colcon_core.package_identification:_identify(.) by extension 'colcon_pkg'
[0.307s] Level 1:colcon.colcon_core.package_identification:_identify(.) by extensions ['colcon_meta']
[0.307s] Level 1:colcon.colcon_core.package_identification:_identify(.) by extension 'colcon_meta'
[0.307s] Level 1:colcon.colcon_core.package_identification:_identify(.) by extensions ['ros']
[0.307s] Level 1:colcon.colcon_core.package_identification:_identify(.) by extension 'ros'
[0.313s] Level 1:colcon.colcon_core.package_identification:_identify(.) by extensions ['cmake', 'python']
[0.313s] Level 1:colcon.colcon_core.package_identification:_identify(.) by extension 'cmake'
[0.313s] Level 1:colcon.colcon_core.package_identification:_identify(.) by extension 'python'
[0.313s] Level 1:colcon.colcon_core.package_identification:_identify(.) by extensions ['python_setup_py']
[0.313s] Level 1:colcon.colcon_core.package_identification:_identify(.) by extension 'python_setup_py'
[0.313s] Level 1:colcon.colcon_core.package_identification:_identify(build) by extensions ['ignore', 'ignore_ament_install']
[0.313s] Level 1:colcon.colcon_core.package_identification:_identify(build) by extension 'ignore'
[0.313s] Level 1:colcon.colcon_core.package_identification:_identify(build) ignored
[0.313s] Level 1:colcon.colcon_core.package_identification:_identify(install) by extensions ['ignore', 'ignore_ament_install']
[0.313s] Level 1:colcon.colcon_core.package_identification:_identify(install) by extension 'ignore'
[0.314s] Level 1:colcon.colcon_core.package_identification:_identify(install) ignored
[0.314s] Level 1:colcon.colcon_core.package_identification:_identify(log) by extensions ['ignore', 'ignore_ament_install']
[0.314s] Level 1:colcon.colcon_core.package_identification:_identify(log) by extension 'ignore'
[0.314s] Level 1:colcon.colcon_core.package_identification:_identify(log) ignored
[0.314s] Level 1:colcon.colcon_core.package_identification:_identify(src) by extensions ['ignore', 'ignore_ament_install']
[0.314s] Level 1:colcon.colcon_core.package_identification:_identify(src) by extension 'ignore'
[0.314s] Level 1:colcon.colcon_core.package_identification:_identify(src) by extension 'ignore_ament_install'
[0.314s] Level 1:colcon.colcon_core.package_identification:_identify(src) by extensions ['colcon_pkg']
[0.314s] Level 1:colcon.colcon_core.package_identification:_identify(src) by extension 'colcon_pkg'
[0.314s] Level 1:colcon.colcon_core.package_identification:_identify(src) by extensions ['colcon_meta']
[0.314s] Level 1:colcon.colcon_core.package_identification:_identify(src) by extension 'colcon_meta'
[0.314s] Level 1:colcon.colcon_core.package_identification:_identify(src) by extensions ['ros']
[0.314s] Level 1:colcon.colcon_core.package_identification:_identify(src) by extension 'ros'
[0.314s] Level 1:colcon.colcon_core.package_identification:_identify(src) by extensions ['cmake', 'python']
[0.314s] Level 1:colcon.colcon_core.package_identification:_identify(src) by extension 'cmake'
[0.314s] Level 1:colcon.colcon_core.package_identification:_identify(src) by extension 'python'
[0.314s] Level 1:colcon.colcon_core.package_identification:_identify(src) by extensions ['python_setup_py']
[0.314s] Level 1:colcon.colcon_core.package_identification:_identify(src) by extension 'python_setup_py'
[0.314s] Level 1:colcon.colcon_core.package_identification:_identify(src/assignment1_msgs) by extensions ['ignore', 'ignore_ament_install']
[0.314s] Level 1:colcon.colcon_core.package_identification:_identify(src/assignment1_msgs) by extension 'ignore'
[0.314s] Level 1:colcon.colcon_core.package_identification:_identify(src/assignment1_msgs) by extension 'ignore_ament_install'
[0.314s] Level 1:colcon.colcon_core.package_identification:_identify(src/assignment1_msgs) by extensions ['colcon_pkg']
[0.314s] Level 1:colcon.colcon_core.package_identification:_identify(src/assignment1_msgs) by extension 'colcon_pkg'
[0.314s] Level 1:colcon.colcon_core.package_identification:_identify(src/assignment1_msgs) by extensions ['colcon_meta']
[0.314s] Level 1:colcon.colcon_core.package_identification:_identify(src/assignment1_msgs) by extension 'colcon_meta'
[0.314s] Level 1:colcon.colcon_core.package_identification:_identify(src/assignment1_msgs) by extensions ['ros']
[0.314s] Level 1:colcon.colcon_core.package_identification:_identify(src/assignment1_msgs) by extension 'ros'
[0.316s] DEBUG:colcon.colcon_core.package_identification:Package 'src/assignment1_msgs' with type 'ros.ament_cmake' and name 'assignment1_msgs'
[0.316s] Level 1:colcon.colcon_core.package_identification:_identify(src/fbg_msgs) by extensions ['ignore', 'ignore_ament_install']
[0.316s] Level 1:colcon.colcon_core.package_identification:_identify(src/fbg_msgs) by extension 'ignore'
[0.316s] Level 1:colcon.colcon_core.package_identification:_identify(src/fbg_msgs) by extension 'ignore_ament_install'
[0.316s] Level 1:colcon.colcon_core.package_identification:_identify(src/fbg_msgs) by extensions ['colcon_pkg']
[0.316s] Level 1:colcon.colcon_core.package_identification:_identify(src/fbg_msgs) by extension 'colcon_pkg'
[0.316s] Level 1:colcon.colcon_core.package_identification:_identify(src/fbg_msgs) by extensions ['colcon_meta']
[0.316s] Level 1:colcon.colcon_core.package_identification:_identify(src/fbg_msgs) by extension 'colcon_meta'
[0.316s] Level 1:colcon.colcon_core.package_identification:_identify(src/fbg_msgs) by extensions ['ros']
[0.316s] Level 1:colcon.colcon_core.package_identification:_identify(src/fbg_msgs) by extension 'ros'
[0.317s] DEBUG:colcon.colcon_core.package_identification:Package 'src/fbg_msgs' with type 'ros.ament_cmake' and name 'fbg_msgs'
[0.317s] Level 1:colcon.colcon_core.package_discovery:discover_packages(recursive) using defaults
[0.317s] Level 1:colcon.colcon_core.package_discovery:discover_packages(ignore) discover
[0.317s] Level 1:colcon.colcon_core.package_discovery:discover_packages(ignore) using defaults
[0.317s] Level 1:colcon.colcon_core.package_discovery:discover_packages(path) discover
[0.317s] Level 1:colcon.colcon_core.package_discovery:discover_packages(path) using defaults
[0.342s] Level 5:colcon.colcon_core.verb:set package 'assignment1_msgs' build argument 'cmake_args' from command line to '['-DCMAKE_BUILD_TYPE=Release', '-DCMAKE_SHARED_LINKER_FLAGS=-Wl,-no-as-needed', '-DBUILD_TESTING=OFF', '-DCMAKE_CXX_FLAGS_RELEASE=-O0', '-G', 'Ninja']'
[0.342s] Level 5:colcon.colcon_core.verb:set package 'assignment1_msgs' build argument 'cmake_target' from command line to 'None'
[0.342s] Level 5:colcon.colcon_core.verb:set package 'assignment1_msgs' build argument 'cmake_target_skip_unavailable' from command line to 'False'
[0.342s] Level 5:colcon.colcon_core.verb:set package 'assignment1_msgs' build argument 'cmake_clean_cache' from command line to 'False'
[0.342s] Level 5:colcon.colcon_core.verb:set package 'assignment1_msgs' build argument 'cmake_clean_first' from command line to 'False'
[0.342s] Level 5:colcon.colcon_core.verb:set package 'assignment1_msgs' build argument 'cmake_force_configure' from command line to 'False'
[0.342s] Level 5:colcon.colcon_core.verb:set package 'assignment1_msgs' build argument 'ament_cmake_args' from command line to 'None'
[0.342s] Level 5:colcon.colcon_core.verb:set package 'assignment1_msgs' build argument 'catkin_cmake_args' from command line to 'None'
[0.342s] Level 5:colcon.colcon_core.verb:set package 'assignment1_msgs' build argument 'catkin_skip_building_tests' from command line to 'False'
[0.342s] DEBUG:colcon.colcon_core.verb:Building package 'assignment1_msgs' with the following arguments: {'ament_cmake_args': None, 'build_base': '/home/yangshengxu/Desktop/InSituNeedle_Manipulation_FBG_FEM_ROS2/needle_simulation_control/custom/matlab_msg_gen/glnxa64/build/assignment1_msgs', 'catkin_cmake_args': None, 'catkin_skip_building_tests': False, 'cmake_args': ['-DCMAKE_BUILD_TYPE=Release', '-DCMAKE_SHARED_LINKER_FLAGS=-Wl,-no-as-needed', '-DBUILD_TESTING=OFF', '-DCMAKE_CXX_FLAGS_RELEASE=-O0', '-G', 'Ninja'], 'cmake_clean_cache': False, 'cmake_clean_first': False, 'cmake_force_configure': False, 'cmake_target': None, 'cmake_target_skip_unavailable': False, 'install_base': '/home/yangshengxu/Desktop/InSituNeedle_Manipulation_FBG_FEM_ROS2/needle_simulation_control/custom/matlab_msg_gen/glnxa64/install', 'merge_install': True, 'path': '/home/yangshengxu/Desktop/InSituNeedle_Manipulation_FBG_FEM_ROS2/needle_simulation_control/custom/matlab_msg_gen/glnxa64/src/assignment1_msgs', 'symlink_install': False, 'test_result_base': None}
[0.347s] Level 5:colcon.colcon_core.verb:set package 'fbg_msgs' build argument 'cmake_args' from command line to '['-DCMAKE_BUILD_TYPE=Release', '-DCMAKE_SHARED_LINKER_FLAGS=-Wl,-no-as-needed', '-DBUILD_TESTING=OFF', '-DCMAKE_CXX_FLAGS_RELEASE=-O0', '-G', 'Ninja']'
[0.347s] Level 5:colcon.colcon_core.verb:set package 'fbg_msgs' build argument 'cmake_target' from command line to 'None'
[0.347s] Level 5:colcon.colcon_core.verb:set package 'fbg_msgs' build argument 'cmake_target_skip_unavailable' from command line to 'False'
[0.347s] Level 5:colcon.colcon_core.verb:set package 'fbg_msgs' build argument 'cmake_clean_cache' from command line to 'False'
[0.347s] Level 5:colcon.colcon_core.verb:set package 'fbg_msgs' build argument 'cmake_clean_first' from command line to 'False'
[0.347s] Level 5:colcon.colcon_core.verb:set package 'fbg_msgs' build argument 'cmake_force_configure' from command line to 'False'
[0.347s] Level 5:colcon.colcon_core.verb:set package 'fbg_msgs' build argument 'ament_cmake_args' from command line to 'None'
[0.347s] Level 5:colcon.colcon_core.verb:set package 'fbg_msgs' build argument 'catkin_cmake_args' from command line to 'None'
[0.347s] Level 5:colcon.colcon_core.verb:set package 'fbg_msgs' build argument 'catkin_skip_building_tests' from command line to 'False'
[0.347s] DEBUG:colcon.colcon_core.verb:Building package 'fbg_msgs' with the following arguments: {'ament_cmake_args': None, 'build_base': '/home/yangshengxu/Desktop/InSituNeedle_Manipulation_FBG_FEM_ROS2/needle_simulation_control/custom/matlab_msg_gen/glnxa64/build/fbg_msgs', 'catkin_cmake_args': None, 'catkin_skip_building_tests': False, 'cmake_args': ['-DCMAKE_BUILD_TYPE=Release', '-DCMAKE_SHARED_LINKER_FLAGS=-Wl,-no-as-needed', '-DBUILD_TESTING=OFF', '-DCMAKE_CXX_FLAGS_RELEASE=-O0', '-G', 'Ninja'], 'cmake_clean_cache': False, 'cmake_clean_first': False, 'cmake_force_configure': False, 'cmake_target': None, 'cmake_target_skip_unavailable': False, 'install_base': '/home/yangshengxu/Desktop/InSituNeedle_Manipulation_FBG_FEM_ROS2/needle_simulation_control/custom/matlab_msg_gen/glnxa64/install', 'merge_install': True, 'path': '/home/yangshengxu/Desktop/InSituNeedle_Manipulation_FBG_FEM_ROS2/needle_simulation_control/custom/matlab_msg_gen/glnxa64/src/fbg_msgs', 'symlink_install': False, 'test_result_base': None}
[0.348s] INFO:colcon.colcon_core.executor:Executing jobs using 'parallel' executor
[0.357s] DEBUG:colcon.colcon_parallel_executor.executor.parallel:run_until_complete
[0.357s] INFO:colcon.colcon_ros.task.ament_cmake.build:Building ROS package in '/home/yangshengxu/Desktop/InSituNeedle_Manipulation_FBG_FEM_ROS2/needle_simulation_control/custom/matlab_msg_gen/glnxa64/src/assignment1_msgs' with build type 'ament_cmake'
[0.357s] INFO:colcon.colcon_cmake.task.cmake.build:Building CMake package in '/home/yangshengxu/Desktop/InSituNeedle_Manipulation_FBG_FEM_ROS2/needle_simulation_control/custom/matlab_msg_gen/glnxa64/src/assignment1_msgs'
[0.362s] INFO:colcon.colcon_core.plugin_system:Skipping extension 'colcon_core.shell.bat': Not used on non-Windows systems
[0.362s] INFO:colcon.colcon_core.shell:Skip shell extension 'powershell' for command environment: Not usable outside of PowerShell
[0.362s] DEBUG:colcon.colcon_core.shell:Skip shell extension 'dsv' for command environment
[0.368s] INFO:colcon.colcon_ros.task.ament_cmake.build:Building ROS package in '/home/yangshengxu/Desktop/InSituNeedle_Manipulation_FBG_FEM_ROS2/needle_simulation_control/custom/matlab_msg_gen/glnxa64/src/fbg_msgs' with build type 'ament_cmake'
[0.369s] INFO:colcon.colcon_cmake.task.cmake.build:Building CMake package in '/home/yangshengxu/Desktop/InSituNeedle_Manipulation_FBG_FEM_ROS2/needle_simulation_control/custom/matlab_msg_gen/glnxa64/src/fbg_msgs'
[0.372s] INFO:colcon.colcon_core.shell:Skip shell extension 'powershell' for command environment: Not usable outside of PowerShell
[0.372s] DEBUG:colcon.colcon_core.shell:Skip shell extension 'dsv' for command environment
[0.381s] DEBUG:colcon.colcon_core.event_handler.log_command:Invoking command in '/home/yangshengxu/Desktop/InSituNeedle_Manipulation_FBG_FEM_ROS2/needle_simulation_control/custom/matlab_msg_gen/glnxa64/build/assignment1_msgs': PS1=(venv) /usr/bin/cmake /home/yangshengxu/Desktop/InSituNeedle_Manipulation_FBG_FEM_ROS2/needle_simulation_control/custom/matlab_msg_gen/glnxa64/src/assignment1_msgs -DCMAKE_BUILD_TYPE=Release -DCMAKE_SHARED_LINKER_FLAGS=-Wl,-no-as-needed -DBUILD_TESTING=OFF -DCMAKE_CXX_FLAGS_RELEASE=-O0 -G Ninja -DCMAKE_INSTALL_PREFIX=/home/yangshengxu/Desktop/InSituNeedle_Manipulation_FBG_FEM_ROS2/needle_simulation_control/custom/matlab_msg_gen/glnxa64/install
[0.385s] DEBUG:colcon.colcon_core.event_handler.log_command:Invoking command in '/home/yangshengxu/Desktop/InSituNeedle_Manipulation_FBG_FEM_ROS2/needle_simulation_control/custom/matlab_msg_gen/glnxa64/build/fbg_msgs': PS1=(venv) /usr/bin/cmake /home/yangshengxu/Desktop/InSituNeedle_Manipulation_FBG_FEM_ROS2/needle_simulation_control/custom/matlab_msg_gen/glnxa64/src/fbg_msgs -DCMAKE_BUILD_TYPE=Release -DCMAKE_SHARED_LINKER_FLAGS=-Wl,-no-as-needed -DBUILD_TESTING=OFF -DCMAKE_CXX_FLAGS_RELEASE=-O0 -G Ninja -DCMAKE_INSTALL_PREFIX=/home/yangshengxu/Desktop/InSituNeedle_Manipulation_FBG_FEM_ROS2/needle_simulation_control/custom/matlab_msg_gen/glnxa64/install
[1.166s] DEBUG:colcon.colcon_core.event_handler.log_command:Invoked command in '/home/yangshengxu/Desktop/InSituNeedle_Manipulation_FBG_FEM_ROS2/needle_simulation_control/custom/matlab_msg_gen/glnxa64/build/assignment1_msgs' returned '0': PS1=(venv) /usr/bin/cmake /home/yangshengxu/Desktop/InSituNeedle_Manipulation_FBG_FEM_ROS2/needle_simulation_control/custom/matlab_msg_gen/glnxa64/src/assignment1_msgs -DCMAKE_BUILD_TYPE=Release -DCMAKE_SHARED_LINKER_FLAGS=-Wl,-no-as-needed -DBUILD_TESTING=OFF -DCMAKE_CXX_FLAGS_RELEASE=-O0 -G Ninja -DCMAKE_INSTALL_PREFIX=/home/yangshengxu/Desktop/InSituNeedle_Manipulation_FBG_FEM_ROS2/needle_simulation_control/custom/matlab_msg_gen/glnxa64/install
[1.167s] DEBUG:colcon.colcon_core.event_handler.log_command:Invoking command in '/home/yangshengxu/Desktop/InSituNeedle_Manipulation_FBG_FEM_ROS2/needle_simulation_control/custom/matlab_msg_gen/glnxa64/build/assignment1_msgs': PS1=(venv) /usr/bin/cmake --build /home/yangshengxu/Desktop/InSituNeedle_Manipulation_FBG_FEM_ROS2/needle_simulation_control/custom/matlab_msg_gen/glnxa64/build/assignment1_msgs -- -j8 -l8
[1.175s] DEBUG:colcon.colcon_core.event_handler.log_command:Invoked command in '/home/yangshengxu/Desktop/InSituNeedle_Manipulation_FBG_FEM_ROS2/needle_simulation_control/custom/matlab_msg_gen/glnxa64/build/fbg_msgs' returned '0': PS1=(venv) /usr/bin/cmake /home/yangshengxu/Desktop/InSituNeedle_Manipulation_FBG_FEM_ROS2/needle_simulation_control/custom/matlab_msg_gen/glnxa64/src/fbg_msgs -DCMAKE_BUILD_TYPE=Release -DCMAKE_SHARED_LINKER_FLAGS=-Wl,-no-as-needed -DBUILD_TESTING=OFF -DCMAKE_CXX_FLAGS_RELEASE=-O0 -G Ninja -DCMAKE_INSTALL_PREFIX=/home/yangshengxu/Desktop/InSituNeedle_Manipulation_FBG_FEM_ROS2/needle_simulation_control/custom/matlab_msg_gen/glnxa64/install
[1.176s] DEBUG:colcon.colcon_core.event_handler.log_command:Invoking command in '/home/yangshengxu/Desktop/InSituNeedle_Manipulation_FBG_FEM_ROS2/needle_simulation_control/custom/matlab_msg_gen/glnxa64/build/fbg_msgs': PS1=(venv) /usr/bin/cmake --build /home/yangshengxu/Desktop/InSituNeedle_Manipulation_FBG_FEM_ROS2/needle_simulation_control/custom/matlab_msg_gen/glnxa64/build/fbg_msgs -- -j8 -l8
[9.996s] DEBUG:colcon.colcon_core.event_handler.log_command:Invoked command in '/home/yangshengxu/Desktop/InSituNeedle_Manipulation_FBG_FEM_ROS2/needle_simulation_control/custom/matlab_msg_gen/glnxa64/build/assignment1_msgs' returned '0': PS1=(venv) /usr/bin/cmake --build /home/yangshengxu/Desktop/InSituNeedle_Manipulation_FBG_FEM_ROS2/needle_simulation_control/custom/matlab_msg_gen/glnxa64/build/assignment1_msgs -- -j8 -l8
[10.018s] WARNING:colcon.colcon_cmake.task.cmake.build:Unable to determine CMake version, building the installtarget instead of invoking 'cmake --install'
[10.021s] DEBUG:colcon.colcon_core.event_handler.log_command:Invoking command in '/home/yangshengxu/Desktop/InSituNeedle_Manipulation_FBG_FEM_ROS2/needle_simulation_control/custom/matlab_msg_gen/glnxa64/build/assignment1_msgs': PS1=(venv) /usr/bin/cmake --build /home/yangshengxu/Desktop/InSituNeedle_Manipulation_FBG_FEM_ROS2/needle_simulation_control/custom/matlab_msg_gen/glnxa64/build/assignment1_msgs --target install -- -j8 -l8
[10.054s] Level 1:colcon.colcon_core.environment:create_environment_scripts_only(assignment1_msgs)
[10.057s] DEBUG:colcon.colcon_core.event_handler.log_command:Invoked command in '/home/yangshengxu/Desktop/InSituNeedle_Manipulation_FBG_FEM_ROS2/needle_simulation_control/custom/matlab_msg_gen/glnxa64/build/assignment1_msgs' returned '0': PS1=(venv) /usr/bin/cmake --build /home/yangshengxu/Desktop/InSituNeedle_Manipulation_FBG_FEM_ROS2/needle_simulation_control/custom/matlab_msg_gen/glnxa64/build/assignment1_msgs --target install -- -j8 -l8
[10.065s] Level 1:colcon.colcon_core.environment:checking '/home/yangshengxu/Desktop/InSituNeedle_Manipulation_FBG_FEM_ROS2/needle_simulation_control/custom/matlab_msg_gen/glnxa64/install' for CMake module files
[10.065s] Level 1:colcon.colcon_core.environment:checking '/home/yangshengxu/Desktop/InSituNeedle_Manipulation_FBG_FEM_ROS2/needle_simulation_control/custom/matlab_msg_gen/glnxa64/install' for CMake config files
[10.066s] Level 1:colcon.colcon_core.shell:create_environment_hook('assignment1_msgs', 'cmake_prefix_path')
[10.073s] INFO:colcon.colcon_core.shell:Creating environment hook '/home/yangshengxu/Desktop/InSituNeedle_Manipulation_FBG_FEM_ROS2/needle_simulation_control/custom/matlab_msg_gen/glnxa64/install/share/assignment1_msgs/hook/cmake_prefix_path.ps1'
[10.073s] INFO:colcon.colcon_core.shell:Creating environment descriptor '/home/yangshengxu/Desktop/InSituNeedle_Manipulation_FBG_FEM_ROS2/needle_simulation_control/custom/matlab_msg_gen/glnxa64/install/share/assignment1_msgs/hook/cmake_prefix_path.dsv'
[10.074s] INFO:colcon.colcon_core.shell:Creating environment hook '/home/yangshengxu/Desktop/InSituNeedle_Manipulation_FBG_FEM_ROS2/needle_simulation_control/custom/matlab_msg_gen/glnxa64/install/share/assignment1_msgs/hook/cmake_prefix_path.sh'
[10.075s] Level 1:colcon.colcon_core.environment:checking '/home/yangshengxu/Desktop/InSituNeedle_Manipulation_FBG_FEM_ROS2/needle_simulation_control/custom/matlab_msg_gen/glnxa64/install/lib'
[10.075s] Level 1:colcon.colcon_core.shell:create_environment_hook('assignment1_msgs', 'ld_library_path_lib')
[10.082s] INFO:colcon.colcon_core.shell:Creating environment hook '/home/yangshengxu/Desktop/InSituNeedle_Manipulation_FBG_FEM_ROS2/needle_simulation_control/custom/matlab_msg_gen/glnxa64/install/share/assignment1_msgs/hook/ld_library_path_lib.ps1'
[10.083s] INFO:colcon.colcon_core.shell:Creating environment descriptor '/home/yangshengxu/Desktop/InSituNeedle_Manipulation_FBG_FEM_ROS2/needle_simulation_control/custom/matlab_msg_gen/glnxa64/install/share/assignment1_msgs/hook/ld_library_path_lib.dsv'
[10.083s] INFO:colcon.colcon_core.shell:Creating environment hook '/home/yangshengxu/Desktop/InSituNeedle_Manipulation_FBG_FEM_ROS2/needle_simulation_control/custom/matlab_msg_gen/glnxa64/install/share/assignment1_msgs/hook/ld_library_path_lib.sh'
[10.084s] Level 1:colcon.colcon_core.environment:checking '/home/yangshengxu/Desktop/InSituNeedle_Manipulation_FBG_FEM_ROS2/needle_simulation_control/custom/matlab_msg_gen/glnxa64/install/bin'
[10.084s] Level 1:colcon.colcon_core.environment:checking '/home/yangshengxu/Desktop/InSituNeedle_Manipulation_FBG_FEM_ROS2/needle_simulation_control/custom/matlab_msg_gen/glnxa64/install/lib/pkgconfig/assignment1_msgs.pc'
[10.084s] Level 1:colcon.colcon_core.environment:checking '/home/yangshengxu/Desktop/InSituNeedle_Manipulation_FBG_FEM_ROS2/needle_simulation_control/custom/matlab_msg_gen/glnxa64/install/lib/python3.9/site-packages'
[10.091s] INFO:colcon.colcon_core.shell:Creating package script '/home/yangshengxu/Desktop/InSituNeedle_Manipulation_FBG_FEM_ROS2/needle_simulation_control/custom/matlab_msg_gen/glnxa64/install/share/assignment1_msgs/package.ps1'
[10.092s] INFO:colcon.colcon_core.shell:Creating package descriptor '/home/yangshengxu/Desktop/InSituNeedle_Manipulation_FBG_FEM_ROS2/needle_simulation_control/custom/matlab_msg_gen/glnxa64/install/share/assignment1_msgs/package.dsv'
[10.093s] INFO:colcon.colcon_core.shell:Creating package script '/home/yangshengxu/Desktop/InSituNeedle_Manipulation_FBG_FEM_ROS2/needle_simulation_control/custom/matlab_msg_gen/glnxa64/install/share/assignment1_msgs/package.sh'
[10.094s] INFO:colcon.colcon_core.shell:Creating package script '/home/yangshengxu/Desktop/InSituNeedle_Manipulation_FBG_FEM_ROS2/needle_simulation_control/custom/matlab_msg_gen/glnxa64/install/share/assignment1_msgs/package.bash'
[10.095s] INFO:colcon.colcon_core.shell:Creating package script '/home/yangshengxu/Desktop/InSituNeedle_Manipulation_FBG_FEM_ROS2/needle_simulation_control/custom/matlab_msg_gen/glnxa64/install/share/assignment1_msgs/package.zsh'
[10.095s] Level 1:colcon.colcon_core.environment:create_file_with_runtime_dependencies(/home/yangshengxu/Desktop/InSituNeedle_Manipulation_FBG_FEM_ROS2/needle_simulation_control/custom/matlab_msg_gen/glnxa64/install/share/colcon-core/packages/assignment1_msgs)
[10.118s] Level 1:colcon.colcon_core.environment:create_environment_scripts_only(assignment1_msgs)
[10.122s] Level 1:colcon.colcon_core.environment:checking '/home/yangshengxu/Desktop/InSituNeedle_Manipulation_FBG_FEM_ROS2/needle_simulation_control/custom/matlab_msg_gen/glnxa64/install' for CMake module files
[10.123s] Level 1:colcon.colcon_core.environment:checking '/home/yangshengxu/Desktop/InSituNeedle_Manipulation_FBG_FEM_ROS2/needle_simulation_control/custom/matlab_msg_gen/glnxa64/install' for CMake config files
[10.123s] Level 1:colcon.colcon_core.shell:create_environment_hook('assignment1_msgs', 'cmake_prefix_path')
[10.127s] INFO:colcon.colcon_core.shell:Creating environment hook '/home/yangshengxu/Desktop/InSituNeedle_Manipulation_FBG_FEM_ROS2/needle_simulation_control/custom/matlab_msg_gen/glnxa64/install/share/assignment1_msgs/hook/cmake_prefix_path.ps1'
[10.127s] INFO:colcon.colcon_core.shell:Creating environment descriptor '/home/yangshengxu/Desktop/InSituNeedle_Manipulation_FBG_FEM_ROS2/needle_simulation_control/custom/matlab_msg_gen/glnxa64/install/share/assignment1_msgs/hook/cmake_prefix_path.dsv'
[10.127s] INFO:colcon.colcon_core.shell:Creating environment hook '/home/yangshengxu/Desktop/InSituNeedle_Manipulation_FBG_FEM_ROS2/needle_simulation_control/custom/matlab_msg_gen/glnxa64/install/share/assignment1_msgs/hook/cmake_prefix_path.sh'
[10.128s] Level 1:colcon.colcon_core.environment:checking '/home/yangshengxu/Desktop/InSituNeedle_Manipulation_FBG_FEM_ROS2/needle_simulation_control/custom/matlab_msg_gen/glnxa64/install/lib'
[10.128s] Level 1:colcon.colcon_core.shell:create_environment_hook('assignment1_msgs', 'ld_library_path_lib')
[10.132s] INFO:colcon.colcon_core.shell:Creating environment hook '/home/yangshengxu/Desktop/InSituNeedle_Manipulation_FBG_FEM_ROS2/needle_simulation_control/custom/matlab_msg_gen/glnxa64/install/share/assignment1_msgs/hook/ld_library_path_lib.ps1'
[10.132s] INFO:colcon.colcon_core.shell:Creating environment descriptor '/home/yangshengxu/Desktop/InSituNeedle_Manipulation_FBG_FEM_ROS2/needle_simulation_control/custom/matlab_msg_gen/glnxa64/install/share/assignment1_msgs/hook/ld_library_path_lib.dsv'
[10.132s] INFO:colcon.colcon_core.shell:Creating environment hook '/home/yangshengxu/Desktop/InSituNeedle_Manipulation_FBG_FEM_ROS2/needle_simulation_control/custom/matlab_msg_gen/glnxa64/install/share/assignment1_msgs/hook/ld_library_path_lib.sh'
[10.132s] Level 1:colcon.colcon_core.environment:checking '/home/yangshengxu/Desktop/InSituNeedle_Manipulation_FBG_FEM_ROS2/needle_simulation_control/custom/matlab_msg_gen/glnxa64/install/bin'
[10.133s] Level 1:colcon.colcon_core.environment:checking '/home/yangshengxu/Desktop/InSituNeedle_Manipulation_FBG_FEM_ROS2/needle_simulation_control/custom/matlab_msg_gen/glnxa64/install/lib/pkgconfig/assignment1_msgs.pc'
[10.133s] Level 1:colcon.colcon_core.environment:checking '/home/yangshengxu/Desktop/InSituNeedle_Manipulation_FBG_FEM_ROS2/needle_simulation_control/custom/matlab_msg_gen/glnxa64/install/lib/python3.9/site-packages'
[10.137s] INFO:colcon.colcon_core.shell:Creating package script '/home/yangshengxu/Desktop/InSituNeedle_Manipulation_FBG_FEM_ROS2/needle_simulation_control/custom/matlab_msg_gen/glnxa64/install/share/assignment1_msgs/package.ps1'
[10.137s] INFO:colcon.colcon_core.shell:Creating package descriptor '/home/yangshengxu/Desktop/InSituNeedle_Manipulation_FBG_FEM_ROS2/needle_simulation_control/custom/matlab_msg_gen/glnxa64/install/share/assignment1_msgs/package.dsv'
[10.138s] INFO:colcon.colcon_core.shell:Creating package script '/home/yangshengxu/Desktop/InSituNeedle_Manipulation_FBG_FEM_ROS2/needle_simulation_control/custom/matlab_msg_gen/glnxa64/install/share/assignment1_msgs/package.sh'
[10.138s] INFO:colcon.colcon_core.shell:Creating package script '/home/yangshengxu/Desktop/InSituNeedle_Manipulation_FBG_FEM_ROS2/needle_simulation_control/custom/matlab_msg_gen/glnxa64/install/share/assignment1_msgs/package.bash'
[10.138s] INFO:colcon.colcon_core.shell:Creating package script '/home/yangshengxu/Desktop/InSituNeedle_Manipulation_FBG_FEM_ROS2/needle_simulation_control/custom/matlab_msg_gen/glnxa64/install/share/assignment1_msgs/package.zsh'
[10.138s] Level 1:colcon.colcon_core.environment:create_file_with_runtime_dependencies(/home/yangshengxu/Desktop/InSituNeedle_Manipulation_FBG_FEM_ROS2/needle_simulation_control/custom/matlab_msg_gen/glnxa64/install/share/colcon-core/packages/assignment1_msgs)
[12.572s] DEBUG:colcon.colcon_core.event_handler.log_command:Invoked command in '/home/yangshengxu/Desktop/InSituNeedle_Manipulation_FBG_FEM_ROS2/needle_simulation_control/custom/matlab_msg_gen/glnxa64/build/fbg_msgs' returned '0': PS1=(venv) /usr/bin/cmake --build /home/yangshengxu/Desktop/InSituNeedle_Manipulation_FBG_FEM_ROS2/needle_simulation_control/custom/matlab_msg_gen/glnxa64/build/fbg_msgs -- -j8 -l8
[12.588s] WARNING:colcon.colcon_cmake.task.cmake.build:Unable to determine CMake version, building the installtarget instead of invoking 'cmake --install'
[12.590s] DEBUG:colcon.colcon_core.event_handler.log_command:Invoking command in '/home/yangshengxu/Desktop/InSituNeedle_Manipulation_FBG_FEM_ROS2/needle_simulation_control/custom/matlab_msg_gen/glnxa64/build/fbg_msgs': PS1=(venv) /usr/bin/cmake --build /home/yangshengxu/Desktop/InSituNeedle_Manipulation_FBG_FEM_ROS2/needle_simulation_control/custom/matlab_msg_gen/glnxa64/build/fbg_msgs --target install -- -j8 -l8
[12.626s] Level 1:colcon.colcon_core.environment:create_environment_scripts_only(fbg_msgs)
[12.630s] Level 1:colcon.colcon_core.environment:checking '/home/yangshengxu/Desktop/InSituNeedle_Manipulation_FBG_FEM_ROS2/needle_simulation_control/custom/matlab_msg_gen/glnxa64/install' for CMake module files
[12.630s] DEBUG:colcon.colcon_core.event_handler.log_command:Invoked command in '/home/yangshengxu/Desktop/InSituNeedle_Manipulation_FBG_FEM_ROS2/needle_simulation_control/custom/matlab_msg_gen/glnxa64/build/fbg_msgs' returned '0': PS1=(venv) /usr/bin/cmake --build /home/yangshengxu/Desktop/InSituNeedle_Manipulation_FBG_FEM_ROS2/needle_simulation_control/custom/matlab_msg_gen/glnxa64/build/fbg_msgs --target install -- -j8 -l8
[12.631s] Level 1:colcon.colcon_core.environment:checking '/home/yangshengxu/Desktop/InSituNeedle_Manipulation_FBG_FEM_ROS2/needle_simulation_control/custom/matlab_msg_gen/glnxa64/install' for CMake config files
[12.631s] Level 1:colcon.colcon_core.shell:create_environment_hook('fbg_msgs', 'cmake_prefix_path')
[12.635s] INFO:colcon.colcon_core.shell:Creating environment hook '/home/yangshengxu/Desktop/InSituNeedle_Manipulation_FBG_FEM_ROS2/needle_simulation_control/custom/matlab_msg_gen/glnxa64/install/share/fbg_msgs/hook/cmake_prefix_path.ps1'
[12.635s] INFO:colcon.colcon_core.shell:Creating environment descriptor '/home/yangshengxu/Desktop/InSituNeedle_Manipulation_FBG_FEM_ROS2/needle_simulation_control/custom/matlab_msg_gen/glnxa64/install/share/fbg_msgs/hook/cmake_prefix_path.dsv'
[12.635s] INFO:colcon.colcon_core.shell:Creating environment hook '/home/yangshengxu/Desktop/InSituNeedle_Manipulation_FBG_FEM_ROS2/needle_simulation_control/custom/matlab_msg_gen/glnxa64/install/share/fbg_msgs/hook/cmake_prefix_path.sh'
[12.635s] Level 1:colcon.colcon_core.environment:checking '/home/yangshengxu/Desktop/InSituNeedle_Manipulation_FBG_FEM_ROS2/needle_simulation_control/custom/matlab_msg_gen/glnxa64/install/lib'
[12.635s] Level 1:colcon.colcon_core.shell:create_environment_hook('fbg_msgs', 'ld_library_path_lib')
[12.639s] INFO:colcon.colcon_core.shell:Creating environment hook '/home/yangshengxu/Desktop/InSituNeedle_Manipulation_FBG_FEM_ROS2/needle_simulation_control/custom/matlab_msg_gen/glnxa64/install/share/fbg_msgs/hook/ld_library_path_lib.ps1'
[12.639s] INFO:colcon.colcon_core.shell:Creating environment descriptor '/home/yangshengxu/Desktop/InSituNeedle_Manipulation_FBG_FEM_ROS2/needle_simulation_control/custom/matlab_msg_gen/glnxa64/install/share/fbg_msgs/hook/ld_library_path_lib.dsv'
[12.639s] INFO:colcon.colcon_core.shell:Creating environment hook '/home/yangshengxu/Desktop/InSituNeedle_Manipulation_FBG_FEM_ROS2/needle_simulation_control/custom/matlab_msg_gen/glnxa64/install/share/fbg_msgs/hook/ld_library_path_lib.sh'
[12.639s] Level 1:colcon.colcon_core.environment:checking '/home/yangshengxu/Desktop/InSituNeedle_Manipulation_FBG_FEM_ROS2/needle_simulation_control/custom/matlab_msg_gen/glnxa64/install/bin'
[12.639s] Level 1:colcon.colcon_core.environment:checking '/home/yangshengxu/Desktop/InSituNeedle_Manipulation_FBG_FEM_ROS2/needle_simulation_control/custom/matlab_msg_gen/glnxa64/install/lib/pkgconfig/fbg_msgs.pc'
[12.639s] Level 1:colcon.colcon_core.environment:checking '/home/yangshengxu/Desktop/InSituNeedle_Manipulation_FBG_FEM_ROS2/needle_simulation_control/custom/matlab_msg_gen/glnxa64/install/lib/python3.9/site-packages'
[12.642s] INFO:colcon.colcon_core.shell:Creating package script '/home/yangshengxu/Desktop/InSituNeedle_Manipulation_FBG_FEM_ROS2/needle_simulation_control/custom/matlab_msg_gen/glnxa64/install/share/fbg_msgs/package.ps1'
[12.643s] INFO:colcon.colcon_core.shell:Creating package descriptor '/home/yangshengxu/Desktop/InSituNeedle_Manipulation_FBG_FEM_ROS2/needle_simulation_control/custom/matlab_msg_gen/glnxa64/install/share/fbg_msgs/package.dsv'
[12.643s] INFO:colcon.colcon_core.shell:Creating package script '/home/yangshengxu/Desktop/InSituNeedle_Manipulation_FBG_FEM_ROS2/needle_simulation_control/custom/matlab_msg_gen/glnxa64/install/share/fbg_msgs/package.sh'
[12.643s] INFO:colcon.colcon_core.shell:Creating package script '/home/yangshengxu/Desktop/InSituNeedle_Manipulation_FBG_FEM_ROS2/needle_simulation_control/custom/matlab_msg_gen/glnxa64/install/share/fbg_msgs/package.bash'
[12.643s] INFO:colcon.colcon_core.shell:Creating package script '/home/yangshengxu/Desktop/InSituNeedle_Manipulation_FBG_FEM_ROS2/needle_simulation_control/custom/matlab_msg_gen/glnxa64/install/share/fbg_msgs/package.zsh'
[12.643s] Level 1:colcon.colcon_core.environment:create_file_with_runtime_dependencies(/home/yangshengxu/Desktop/InSituNeedle_Manipulation_FBG_FEM_ROS2/needle_simulation_control/custom/matlab_msg_gen/glnxa64/install/share/colcon-core/packages/fbg_msgs)
[12.663s] Level 1:colcon.colcon_core.environment:create_environment_scripts_only(fbg_msgs)
[12.666s] Level 1:colcon.colcon_core.environment:checking '/home/yangshengxu/Desktop/InSituNeedle_Manipulation_FBG_FEM_ROS2/needle_simulation_control/custom/matlab_msg_gen/glnxa64/install' for CMake module files
[12.666s] Level 1:colcon.colcon_core.environment:checking '/home/yangshengxu/Desktop/InSituNeedle_Manipulation_FBG_FEM_ROS2/needle_simulation_control/custom/matlab_msg_gen/glnxa64/install' for CMake config files
[12.667s] Level 1:colcon.colcon_core.shell:create_environment_hook('fbg_msgs', 'cmake_prefix_path')
[12.670s] INFO:colcon.colcon_core.shell:Creating environment hook '/home/yangshengxu/Desktop/InSituNeedle_Manipulation_FBG_FEM_ROS2/needle_simulation_control/custom/matlab_msg_gen/glnxa64/install/share/fbg_msgs/hook/cmake_prefix_path.ps1'
[12.670s] INFO:colcon.colcon_core.shell:Creating environment descriptor '/home/yangshengxu/Desktop/InSituNeedle_Manipulation_FBG_FEM_ROS2/needle_simulation_control/custom/matlab_msg_gen/glnxa64/install/share/fbg_msgs/hook/cmake_prefix_path.dsv'
[12.670s] INFO:colcon.colcon_core.shell:Creating environment hook '/home/yangshengxu/Desktop/InSituNeedle_Manipulation_FBG_FEM_ROS2/needle_simulation_control/custom/matlab_msg_gen/glnxa64/install/share/fbg_msgs/hook/cmake_prefix_path.sh'
[12.671s] Level 1:colcon.colcon_core.environment:checking '/home/yangshengxu/Desktop/InSituNeedle_Manipulation_FBG_FEM_ROS2/needle_simulation_control/custom/matlab_msg_gen/glnxa64/install/lib'
[12.671s] Level 1:colcon.colcon_core.shell:create_environment_hook('fbg_msgs', 'ld_library_path_lib')
[12.674s] INFO:colcon.colcon_core.shell:Creating environment hook '/home/yangshengxu/Desktop/InSituNeedle_Manipulation_FBG_FEM_ROS2/needle_simulation_control/custom/matlab_msg_gen/glnxa64/install/share/fbg_msgs/hook/ld_library_path_lib.ps1'
[12.674s] INFO:colcon.colcon_core.shell:Creating environment descriptor '/home/yangshengxu/Desktop/InSituNeedle_Manipulation_FBG_FEM_ROS2/needle_simulation_control/custom/matlab_msg_gen/glnxa64/install/share/fbg_msgs/hook/ld_library_path_lib.dsv'
[12.674s] INFO:colcon.colcon_core.shell:Creating environment hook '/home/yangshengxu/Desktop/InSituNeedle_Manipulation_FBG_FEM_ROS2/needle_simulation_control/custom/matlab_msg_gen/glnxa64/install/share/fbg_msgs/hook/ld_library_path_lib.sh'
[12.675s] Level 1:colcon.colcon_core.environment:checking '/home/yangshengxu/Desktop/InSituNeedle_Manipulation_FBG_FEM_ROS2/needle_simulation_control/custom/matlab_msg_gen/glnxa64/install/bin'
[12.675s] Level 1:colcon.colcon_core.environment:checking '/home/yangshengxu/Desktop/InSituNeedle_Manipulation_FBG_FEM_ROS2/needle_simulation_control/custom/matlab_msg_gen/glnxa64/install/lib/pkgconfig/fbg_msgs.pc'
[12.675s] Level 1:colcon.colcon_core.environment:checking '/home/yangshengxu/Desktop/InSituNeedle_Manipulation_FBG_FEM_ROS2/needle_simulation_control/custom/matlab_msg_gen/glnxa64/install/lib/python3.9/site-packages'
[12.678s] INFO:colcon.colcon_core.shell:Creating package script '/home/yangshengxu/Desktop/InSituNeedle_Manipulation_FBG_FEM_ROS2/needle_simulation_control/custom/matlab_msg_gen/glnxa64/install/share/fbg_msgs/package.ps1'
[12.678s] INFO:colcon.colcon_core.shell:Creating package descriptor '/home/yangshengxu/Desktop/InSituNeedle_Manipulation_FBG_FEM_ROS2/needle_simulation_control/custom/matlab_msg_gen/glnxa64/install/share/fbg_msgs/package.dsv'
[12.678s] INFO:colcon.colcon_core.shell:Creating package script '/home/yangshengxu/Desktop/InSituNeedle_Manipulation_FBG_FEM_ROS2/needle_simulation_control/custom/matlab_msg_gen/glnxa64/install/share/fbg_msgs/package.sh'
[12.679s] INFO:colcon.colcon_core.shell:Creating package script '/home/yangshengxu/Desktop/InSituNeedle_Manipulation_FBG_FEM_ROS2/needle_simulation_control/custom/matlab_msg_gen/glnxa64/install/share/fbg_msgs/package.bash'
[12.679s] INFO:colcon.colcon_core.shell:Creating package script '/home/yangshengxu/Desktop/InSituNeedle_Manipulation_FBG_FEM_ROS2/needle_simulation_control/custom/matlab_msg_gen/glnxa64/install/share/fbg_msgs/package.zsh'
[12.679s] Level 1:colcon.colcon_core.environment:create_file_with_runtime_dependencies(/home/yangshengxu/Desktop/InSituNeedle_Manipulation_FBG_FEM_ROS2/needle_simulation_control/custom/matlab_msg_gen/glnxa64/install/share/colcon-core/packages/fbg_msgs)
[12.679s] DEBUG:colcon.colcon_parallel_executor.executor.parallel:closing loop
[12.680s] DEBUG:colcon.colcon_parallel_executor.executor.parallel:loop closed
[12.680s] DEBUG:colcon.colcon_parallel_executor.executor.parallel:run_until_complete finished with '0'
[12.680s] DEBUG:colcon.colcon_core.event_reactor:joining thread
[12.683s] INFO:colcon.colcon_core.plugin_system:Skipping extension 'colcon_notification.desktop_notification.notify2': 'notify2' not found
[12.684s] INFO:colcon.colcon_core.plugin_system:Skipping extension 'colcon_notification.desktop_notification.terminal_notifier': Not used on non-Darwin systems
[12.684s] INFO:colcon.colcon_core.plugin_system:Skipping extension 'colcon_notification.desktop_notification.win32': Not used on non-Windows systems
[12.684s] INFO:colcon.colcon_notification.desktop_notification:Sending desktop notification using 'notify_send'
[12.698s] DEBUG:colcon.colcon_core.event_reactor:joined thread
[12.702s] INFO:colcon.colcon_core.shell:Creating prefix script '/home/yangshengxu/Desktop/InSituNeedle_Manipulation_FBG_FEM_ROS2/needle_simulation_control/custom/matlab_msg_gen/glnxa64/install/local_setup.ps1'
[12.703s] INFO:colcon.colcon_core.shell:Creating prefix util module '/home/yangshengxu/Desktop/InSituNeedle_Manipulation_FBG_FEM_ROS2/needle_simulation_control/custom/matlab_msg_gen/glnxa64/install/_local_setup_util_ps1.py'
[12.704s] INFO:colcon.colcon_core.shell:Creating prefix chain script '/home/yangshengxu/Desktop/InSituNeedle_Manipulation_FBG_FEM_ROS2/needle_simulation_control/custom/matlab_msg_gen/glnxa64/install/setup.ps1'
[12.707s] INFO:colcon.colcon_core.shell:Creating prefix script '/home/yangshengxu/Desktop/InSituNeedle_Manipulation_FBG_FEM_ROS2/needle_simulation_control/custom/matlab_msg_gen/glnxa64/install/local_setup.sh'
[12.708s] INFO:colcon.colcon_core.shell:Creating prefix util module '/home/yangshengxu/Desktop/InSituNeedle_Manipulation_FBG_FEM_ROS2/needle_simulation_control/custom/matlab_msg_gen/glnxa64/install/_local_setup_util_sh.py'
[12.708s] INFO:colcon.colcon_core.shell:Creating prefix chain script '/home/yangshengxu/Desktop/InSituNeedle_Manipulation_FBG_FEM_ROS2/needle_simulation_control/custom/matlab_msg_gen/glnxa64/install/setup.sh'
[12.711s] INFO:colcon.colcon_core.shell:Creating prefix script '/home/yangshengxu/Desktop/InSituNeedle_Manipulation_FBG_FEM_ROS2/needle_simulation_control/custom/matlab_msg_gen/glnxa64/install/local_setup.bash'
[12.711s] INFO:colcon.colcon_core.shell:Creating prefix chain script '/home/yangshengxu/Desktop/InSituNeedle_Manipulation_FBG_FEM_ROS2/needle_simulation_control/custom/matlab_msg_gen/glnxa64/install/setup.bash'
[12.714s] INFO:colcon.colcon_core.shell:Creating prefix script '/home/yangshengxu/Desktop/InSituNeedle_Manipulation_FBG_FEM_ROS2/needle_simulation_control/custom/matlab_msg_gen/glnxa64/install/local_setup.zsh'
[12.714s] INFO:colcon.colcon_core.shell:Creating prefix chain script '/home/yangshengxu/Desktop/InSituNeedle_Manipulation_FBG_FEM_ROS2/needle_simulation_control/custom/matlab_msg_gen/glnxa64/install/setup.zsh'
