[0.023s] Invoking command in '/home/jkang/InSituNeedle_Manipulation_FBG_FEM_ROS2/src/FEM/custom/matlab_msg_gen/glnxa64/build/fbg_msgs': PS1=(venv) /home/jkang/MATLAB/R2022b/bin/glnxa64/cmake/bin/cmake /home/jkang/InSituNeedle_Manipulation_FBG_FEM_ROS2/src/FEM/custom/matlab_msg_gen/glnxa64/src/fbg_msgs -DCMAKE_BUILD_TYPE=Release -DCMAKE_SHARED_LINKER_FLAGS=-Wl,-no-as-needed -DBUILD_TESTING=OFF -DCMAKE_CXX_FLAGS_RELEASE=-O0 -G Ninja -DCMAKE_INSTALL_PREFIX=/home/jkang/InSituNeedle_Manipulation_FBG_FEM_ROS2/src/FEM/custom/matlab_msg_gen/glnxa64/install
[0.065s] -- The C compiler identification is GNU 9.4.0
[0.111s] -- The CXX compiler identification is GNU 9.4.0
[0.117s] -- Detecting C compiler ABI info
[0.157s] -- Detecting C compiler ABI info - done
[0.164s] -- Check for working C compiler: /usr/bin/cc - skipped
[0.164s] -- Detecting C compile features
[0.165s] -- Detecting C compile features - done
[0.167s] -- Detecting CXX compiler ABI info
[0.219s] -- Detecting CXX compiler ABI info - done
[0.226s] -- Check for working CXX compiler: /usr/bin/c++ - skipped
[0.226s] -- Detecting CXX compile features
[0.227s] -- Detecting CXX compile features - done
[0.229s] -- Found ament_cmake: 0.9.8 (/home/jkang/MATLAB/R2022b/sys/ros2/glnxa64/ros2/share/ament_cmake/cmake)
[0.244s] -- Found PythonInterp: /home/jkang/.matlab/R2022b/ros2/glnxa64/venv/bin/python3 (found suitable version "3.9.5", minimum required is "3") 
[0.244s] -- Using PYTHON_EXECUTABLE: /home/jkang/.matlab/R2022b/ros2/glnxa64/venv/bin/python3
[0.404s] -- Found ament_cmake_ros: 0.9.2 (/home/jkang/MATLAB/R2022b/sys/ros2/glnxa64/ros2/share/ament_cmake_ros/cmake)
[0.409s] -- Found rosidl_typesupport_c: 1.0.2 (/home/jkang/MATLAB/R2022b/sys/ros2/glnxa64/ros2/share/rosidl_typesupport_c/cmake)
[0.410s] -- Using all available rosidl_typesupport_c: rosidl_typesupport_fastrtps_c;rosidl_typesupport_introspection_c
[0.415s] -- Found rosidl_adapter: 1.2.1 (/home/jkang/MATLAB/R2022b/sys/ros2/glnxa64/ros2/share/rosidl_adapter/cmake)
[0.462s] -- Found FastRTPS: /home/jkang/MATLAB/R2022b/sys/ros2/glnxa64/ros2/include  
[0.528s] -- Found rosidl_typesupport_cpp: 1.0.2 (/home/jkang/MATLAB/R2022b/sys/ros2/glnxa64/ros2/share/rosidl_typesupport_cpp/cmake)
[0.528s] -- Using all available rosidl_typesupport_cpp: rosidl_typesupport_fastrtps_cpp;rosidl_typesupport_introspection_cpp
[0.544s] -- Found rosidl_default_generators: 1.0.1 (/home/jkang/MATLAB/R2022b/sys/ros2/glnxa64/ros2/share/rosidl_default_generators/cmake)
[0.548s] -- Found class_loader: 2.0.2 (/home/jkang/MATLAB/R2022b/sys/ros2/glnxa64/ros2/share/class_loader/cmake)
[0.552s] -- Found rclcpp: 2.3.1 (/home/jkang/MATLAB/R2022b/sys/ros2/glnxa64/ros2/share/rclcpp/cmake)
[0.594s] -- Found rmw_implementation_cmake: 1.0.3 (/home/jkang/MATLAB/R2022b/sys/ros2/glnxa64/ros2/share/rmw_implementation_cmake/cmake)
[0.595s] -- Using RMW implementation 'rmw_fastrtps_cpp' as default
[0.596s] -- Looking for pthread.h
[0.639s] -- Looking for pthread.h - found
[0.639s] -- Performing Test CMAKE_HAVE_LIBC_PTHREAD
[0.684s] -- Performing Test CMAKE_HAVE_LIBC_PTHREAD - Failed
[0.684s] -- Looking for pthread_create in pthreads
[0.716s] -- Looking for pthread_create in pthreads - not found
[0.716s] -- Looking for pthread_create in pthread
[0.778s] -- Looking for pthread_create in pthread - found
[0.779s] -- Found Threads: TRUE  
[0.878s] -- Found PythonInterp: /home/jkang/.matlab/R2022b/ros2/glnxa64/venv/bin/python3 (found version "3.9.5") 
[1.045s] -- Using all available rosidl_typesupport_c: rosidl_typesupport_fastrtps_c;rosidl_typesupport_introspection_c
[1.050s] -- Using all available rosidl_typesupport_cpp: rosidl_typesupport_fastrtps_cpp;rosidl_typesupport_introspection_cpp
[1.057s] -- Configuring done
[1.074s] -- Generating done
[1.083s] -- Build files have been written to: /home/jkang/InSituNeedle_Manipulation_FBG_FEM_ROS2/src/FEM/custom/matlab_msg_gen/glnxa64/build/fbg_msgs
[1.091s] Invoked command in '/home/jkang/InSituNeedle_Manipulation_FBG_FEM_ROS2/src/FEM/custom/matlab_msg_gen/glnxa64/build/fbg_msgs' returned '0': PS1=(venv) /home/jkang/MATLAB/R2022b/bin/glnxa64/cmake/bin/cmake /home/jkang/InSituNeedle_Manipulation_FBG_FEM_ROS2/src/FEM/custom/matlab_msg_gen/glnxa64/src/fbg_msgs -DCMAKE_BUILD_TYPE=Release -DCMAKE_SHARED_LINKER_FLAGS=-Wl,-no-as-needed -DBUILD_TESTING=OFF -DCMAKE_CXX_FLAGS_RELEASE=-O0 -G Ninja -DCMAKE_INSTALL_PREFIX=/home/jkang/InSituNeedle_Manipulation_FBG_FEM_ROS2/src/FEM/custom/matlab_msg_gen/glnxa64/install
[1.093s] Invoking command in '/home/jkang/InSituNeedle_Manipulation_FBG_FEM_ROS2/src/FEM/custom/matlab_msg_gen/glnxa64/build/fbg_msgs': PS1=(venv) /home/jkang/MATLAB/R2022b/bin/glnxa64/cmake/bin/cmake --build /home/jkang/InSituNeedle_Manipulation_FBG_FEM_ROS2/src/FEM/custom/matlab_msg_gen/glnxa64/build/fbg_msgs -- -j12 -l12
[1.330s] [1/40] Generating C++ code for ROS interfaces
[1.341s] [2/40] Generating C code for ROS interfaces
[1.387s] [3/40] Building C object CMakeFiles/fbg_msgs__rosidl_generator_c.dir/rosidl_generator_c/fbg_msgs/msg/detail/fbg_reading__functions.c.o
[1.387s] [4/40] Building C object CMakeFiles/fbg_msgs__rosidl_generator_c.dir/rosidl_generator_c/fbg_msgs/msg/detail/curvature__functions.c.o
[1.408s] [5/40] Building C object CMakeFiles/fbg_msgs__rosidl_generator_c.dir/rosidl_generator_c/fbg_msgs/srv/detail/cal_curvature__functions.c.o
[1.426s] [6/40] Linking C shared library libfbg_msgs__rosidl_generator_c.so
[1.528s] [7/40] Generating C++ type support dispatch for ROS interfaces
[1.547s] [8/40] Generating C++ introspection for ROS interfaces
[1.618s] [9/40] Generating C++ type support for eProsima Fast-RTPS
[1.671s] [10/40] Generating C introspection for ROS interfaces
[1.694s] [11/40] Generating C type support dispatch for ROS interfaces
[1.718s] [12/40] Building C object CMakeFiles/fbg_msgs__rosidl_typesupport_introspection_c.dir/rosidl_typesupport_introspection_c/fbg_msgs/msg/detail/curvature__type_support.c.o
[1.718s] [13/40] Building C object CMakeFiles/fbg_msgs__rosidl_typesupport_introspection_c.dir/rosidl_typesupport_introspection_c/fbg_msgs/msg/detail/fbg_reading__type_support.c.o
[1.750s] [14/40] Building C object CMakeFiles/fbg_msgs__rosidl_typesupport_introspection_c.dir/rosidl_typesupport_introspection_c/fbg_msgs/srv/detail/cal_curvature__type_support.c.o
[1.753s] [15/40] Building CXX object CMakeFiles/fbg_msgs__rosidl_typesupport_c.dir/rosidl_typesupport_c/fbg_msgs/msg/fbg_reading__type_support.cpp.o
[1.756s] [16/40] Building CXX object CMakeFiles/fbg_msgs__rosidl_typesupport_c.dir/rosidl_typesupport_c/fbg_msgs/msg/curvature__type_support.cpp.o
[1.777s] [17/40] Linking C shared library libfbg_msgs__rosidl_typesupport_introspection_c.so
[1.780s] [18/40] Building CXX object CMakeFiles/fbg_msgs__rosidl_typesupport_c.dir/rosidl_typesupport_c/fbg_msgs/srv/cal_curvature__type_support.cpp.o
[1.837s] [19/40] Linking CXX shared library libfbg_msgs__rosidl_typesupport_c.so
[1.881s] [20/40] Building CXX object CMakeFiles/fbg_msgs__rosidl_typesupport_cpp.dir/rosidl_typesupport_cpp/fbg_msgs/msg/fbg_reading__type_support.cpp.o
[1.924s] [21/40] Building CXX object CMakeFiles/fbg_msgs__rosidl_typesupport_cpp.dir/rosidl_typesupport_cpp/fbg_msgs/srv/cal_curvature__type_support.cpp.o
[1.933s] [22/40] Building CXX object CMakeFiles/fbg_msgs__rosidl_typesupport_cpp.dir/rosidl_typesupport_cpp/fbg_msgs/msg/curvature__type_support.cpp.o
[1.946s] [23/40] Building CXX object CMakeFiles/fbg_msgs__rosidl_typesupport_introspection_cpp.dir/rosidl_typesupport_introspection_cpp/fbg_msgs/srv/detail/cal_curvature__type_support.cpp.o
[1.983s] [24/40] Building CXX object CMakeFiles/fbg_msgs__rosidl_typesupport_introspection_cpp.dir/rosidl_typesupport_introspection_cpp/fbg_msgs/msg/detail/curvature__type_support.cpp.o
[1.990s] [25/40] Linking CXX shared library libfbg_msgs__rosidl_typesupport_cpp.so
[1.994s] [26/40] Building CXX object CMakeFiles/fbg_msgs__rosidl_typesupport_introspection_cpp.dir/rosidl_typesupport_introspection_cpp/fbg_msgs/msg/detail/fbg_reading__type_support.cpp.o
[2.046s] [27/40] Linking CXX shared library libfbg_msgs__rosidl_typesupport_introspection_cpp.so
[2.087s] [28/40] Building CXX object CMakeFiles/fbg_msgs__rosidl_typesupport_fastrtps_cpp.dir/rosidl_typesupport_fastrtps_cpp/fbg_msgs/msg/detail/dds_fastrtps/curvature__type_support.cpp.o
[2.098s] [29/40] Building CXX object CMakeFiles/fbg_msgs__rosidl_typesupport_fastrtps_cpp.dir/rosidl_typesupport_fastrtps_cpp/fbg_msgs/srv/detail/dds_fastrtps/cal_curvature__type_support.cpp.o
[2.136s] [30/40] Building CXX object CMakeFiles/fbg_msgs__rosidl_typesupport_fastrtps_cpp.dir/rosidl_typesupport_fastrtps_cpp/fbg_msgs/msg/detail/dds_fastrtps/fbg_reading__type_support.cpp.o
[2.238s] [31/40] Linking CXX shared library libfbg_msgs__rosidl_typesupport_fastrtps_cpp.so
[2.458s] [32/40] Generating C type support for eProsima Fast-RTPS
[2.745s] [33/40] Building CXX object CMakeFiles/fbg_msgs__rosidl_typesupport_fastrtps_c.dir/rosidl_typesupport_fastrtps_c/fbg_msgs/msg/detail/fbg_reading__type_support_c.cpp.o
[2.745s] [34/40] Building CXX object CMakeFiles/fbg_msgs__rosidl_typesupport_fastrtps_c.dir/rosidl_typesupport_fastrtps_c/fbg_msgs/msg/detail/curvature__type_support_c.cpp.o
[2.757s] [35/40] Building CXX object CMakeFiles/fbg_msgs__rosidl_typesupport_fastrtps_c.dir/rosidl_typesupport_fastrtps_c/fbg_msgs/srv/detail/cal_curvature__type_support_c.cpp.o
[2.862s] [36/40] Linking CXX shared library libfbg_msgs__rosidl_typesupport_fastrtps_c.so
[8.519s] [37/40] Building CXX object CMakeFiles/fbg_msgs_matlab.dir/src/fbg_msgs_Curvature_message.cpp.o
[8.529s] [38/40] Building CXX object CMakeFiles/fbg_msgs_matlab.dir/src/fbg_msgs_FbgReading_message.cpp.o
[10.462s] [39/40] Building CXX object CMakeFiles/fbg_msgs_matlab.dir/src/fbg_msgs_CalCurvature_service.cpp.o
[11.013s] [40/40] Linking CXX shared library libfbg_msgs_matlab.so
[11.015s] Invoked command in '/home/jkang/InSituNeedle_Manipulation_FBG_FEM_ROS2/src/FEM/custom/matlab_msg_gen/glnxa64/build/fbg_msgs' returned '0': PS1=(venv) /home/jkang/MATLAB/R2022b/bin/glnxa64/cmake/bin/cmake --build /home/jkang/InSituNeedle_Manipulation_FBG_FEM_ROS2/src/FEM/custom/matlab_msg_gen/glnxa64/build/fbg_msgs -- -j12 -l12
[11.037s] Invoking command in '/home/jkang/InSituNeedle_Manipulation_FBG_FEM_ROS2/src/FEM/custom/matlab_msg_gen/glnxa64/build/fbg_msgs': PS1=(venv) /home/jkang/MATLAB/R2022b/bin/glnxa64/cmake/bin/cmake --install /home/jkang/InSituNeedle_Manipulation_FBG_FEM_ROS2/src/FEM/custom/matlab_msg_gen/glnxa64/build/fbg_msgs
[11.039s] -- Install configuration: "Release"
[11.039s] -- Installing: /home/jkang/InSituNeedle_Manipulation_FBG_FEM_ROS2/src/FEM/custom/matlab_msg_gen/glnxa64/install/share/ament_index/resource_index/rosidl_interfaces/fbg_msgs
[11.039s] -- Installing: /home/jkang/InSituNeedle_Manipulation_FBG_FEM_ROS2/src/FEM/custom/matlab_msg_gen/glnxa64/install/include/fbg_msgs
[11.039s] -- Installing: /home/jkang/InSituNeedle_Manipulation_FBG_FEM_ROS2/src/FEM/custom/matlab_msg_gen/glnxa64/install/include/fbg_msgs/msg
[11.040s] -- Installing: /home/jkang/InSituNeedle_Manipulation_FBG_FEM_ROS2/src/FEM/custom/matlab_msg_gen/glnxa64/install/include/fbg_msgs/msg/fbg_reading.h
[11.040s] -- Installing: /home/jkang/InSituNeedle_Manipulation_FBG_FEM_ROS2/src/FEM/custom/matlab_msg_gen/glnxa64/install/include/fbg_msgs/msg/curvature.h
[11.040s] -- Installing: /home/jkang/InSituNeedle_Manipulation_FBG_FEM_ROS2/src/FEM/custom/matlab_msg_gen/glnxa64/install/include/fbg_msgs/msg/rosidl_generator_c__visibility_control.h
[11.040s] -- Installing: /home/jkang/InSituNeedle_Manipulation_FBG_FEM_ROS2/src/FEM/custom/matlab_msg_gen/glnxa64/install/include/fbg_msgs/msg/detail
[11.040s] -- Installing: /home/jkang/InSituNeedle_Manipulation_FBG_FEM_ROS2/src/FEM/custom/matlab_msg_gen/glnxa64/install/include/fbg_msgs/msg/detail/curvature__functions.c
[11.040s] -- Installing: /home/jkang/InSituNeedle_Manipulation_FBG_FEM_ROS2/src/FEM/custom/matlab_msg_gen/glnxa64/install/include/fbg_msgs/msg/detail/fbg_reading__functions.h
[11.040s] -- Installing: /home/jkang/InSituNeedle_Manipulation_FBG_FEM_ROS2/src/FEM/custom/matlab_msg_gen/glnxa64/install/include/fbg_msgs/msg/detail/fbg_reading__type_support.h
[11.040s] -- Installing: /home/jkang/InSituNeedle_Manipulation_FBG_FEM_ROS2/src/FEM/custom/matlab_msg_gen/glnxa64/install/include/fbg_msgs/msg/detail/curvature__struct.h
[11.040s] -- Installing: /home/jkang/InSituNeedle_Manipulation_FBG_FEM_ROS2/src/FEM/custom/matlab_msg_gen/glnxa64/install/include/fbg_msgs/msg/detail/fbg_reading__functions.c
[11.040s] -- Installing: /home/jkang/InSituNeedle_Manipulation_FBG_FEM_ROS2/src/FEM/custom/matlab_msg_gen/glnxa64/install/include/fbg_msgs/msg/detail/fbg_reading__struct.h
[11.040s] -- Installing: /home/jkang/InSituNeedle_Manipulation_FBG_FEM_ROS2/src/FEM/custom/matlab_msg_gen/glnxa64/install/include/fbg_msgs/msg/detail/curvature__functions.h
[11.040s] -- Installing: /home/jkang/InSituNeedle_Manipulation_FBG_FEM_ROS2/src/FEM/custom/matlab_msg_gen/glnxa64/install/include/fbg_msgs/msg/detail/curvature__type_support.h
[11.040s] -- Installing: /home/jkang/InSituNeedle_Manipulation_FBG_FEM_ROS2/src/FEM/custom/matlab_msg_gen/glnxa64/install/include/fbg_msgs/srv
[11.041s] -- Installing: /home/jkang/InSituNeedle_Manipulation_FBG_FEM_ROS2/src/FEM/custom/matlab_msg_gen/glnxa64/install/include/fbg_msgs/srv/cal_curvature.h
[11.041s] -- Installing: /home/jkang/InSituNeedle_Manipulation_FBG_FEM_ROS2/src/FEM/custom/matlab_msg_gen/glnxa64/install/include/fbg_msgs/srv/detail
[11.041s] -- Installing: /home/jkang/InSituNeedle_Manipulation_FBG_FEM_ROS2/src/FEM/custom/matlab_msg_gen/glnxa64/install/include/fbg_msgs/srv/detail/cal_curvature__struct.h
[11.041s] -- Installing: /home/jkang/InSituNeedle_Manipulation_FBG_FEM_ROS2/src/FEM/custom/matlab_msg_gen/glnxa64/install/include/fbg_msgs/srv/detail/cal_curvature__functions.c
[11.041s] -- Installing: /home/jkang/InSituNeedle_Manipulation_FBG_FEM_ROS2/src/FEM/custom/matlab_msg_gen/glnxa64/install/include/fbg_msgs/srv/detail/cal_curvature__functions.h
[11.041s] -- Installing: /home/jkang/InSituNeedle_Manipulation_FBG_FEM_ROS2/src/FEM/custom/matlab_msg_gen/glnxa64/install/include/fbg_msgs/srv/detail/cal_curvature__type_support.h
[11.041s] -- Installing: /home/jkang/InSituNeedle_Manipulation_FBG_FEM_ROS2/src/FEM/custom/matlab_msg_gen/glnxa64/install/share/fbg_msgs/environment/library_path.sh
[11.041s] -- Installing: /home/jkang/InSituNeedle_Manipulation_FBG_FEM_ROS2/src/FEM/custom/matlab_msg_gen/glnxa64/install/share/fbg_msgs/environment/library_path.dsv
[11.041s] -- Installing: /home/jkang/InSituNeedle_Manipulation_FBG_FEM_ROS2/src/FEM/custom/matlab_msg_gen/glnxa64/install/lib/libfbg_msgs__rosidl_generator_c.so
[11.041s] -- Up-to-date: /home/jkang/InSituNeedle_Manipulation_FBG_FEM_ROS2/src/FEM/custom/matlab_msg_gen/glnxa64/install/include/fbg_msgs
[11.041s] -- Up-to-date: /home/jkang/InSituNeedle_Manipulation_FBG_FEM_ROS2/src/FEM/custom/matlab_msg_gen/glnxa64/install/include/fbg_msgs/msg
[11.041s] -- Up-to-date: /home/jkang/InSituNeedle_Manipulation_FBG_FEM_ROS2/src/FEM/custom/matlab_msg_gen/glnxa64/install/include/fbg_msgs/msg/detail
[11.041s] -- Installing: /home/jkang/InSituNeedle_Manipulation_FBG_FEM_ROS2/src/FEM/custom/matlab_msg_gen/glnxa64/install/include/fbg_msgs/msg/detail/fbg_reading__rosidl_typesupport_fastrtps_c.h
[11.041s] -- Installing: /home/jkang/InSituNeedle_Manipulation_FBG_FEM_ROS2/src/FEM/custom/matlab_msg_gen/glnxa64/install/include/fbg_msgs/msg/detail/curvature__rosidl_typesupport_fastrtps_c.h
[11.041s] -- Installing: /home/jkang/InSituNeedle_Manipulation_FBG_FEM_ROS2/src/FEM/custom/matlab_msg_gen/glnxa64/install/include/fbg_msgs/msg/rosidl_typesupport_fastrtps_c__visibility_control.h
[11.041s] -- Up-to-date: /home/jkang/InSituNeedle_Manipulation_FBG_FEM_ROS2/src/FEM/custom/matlab_msg_gen/glnxa64/install/include/fbg_msgs/srv
[11.042s] -- Up-to-date: /home/jkang/InSituNeedle_Manipulation_FBG_FEM_ROS2/src/FEM/custom/matlab_msg_gen/glnxa64/install/include/fbg_msgs/srv/detail
[11.042s] -- Installing: /home/jkang/InSituNeedle_Manipulation_FBG_FEM_ROS2/src/FEM/custom/matlab_msg_gen/glnxa64/install/include/fbg_msgs/srv/detail/cal_curvature__rosidl_typesupport_fastrtps_c.h
[11.042s] -- Installing: /home/jkang/InSituNeedle_Manipulation_FBG_FEM_ROS2/src/FEM/custom/matlab_msg_gen/glnxa64/install/lib/libfbg_msgs__rosidl_typesupport_fastrtps_c.so
[11.042s] -- Up-to-date: /home/jkang/InSituNeedle_Manipulation_FBG_FEM_ROS2/src/FEM/custom/matlab_msg_gen/glnxa64/install/include/fbg_msgs
[11.042s] -- Up-to-date: /home/jkang/InSituNeedle_Manipulation_FBG_FEM_ROS2/src/FEM/custom/matlab_msg_gen/glnxa64/install/include/fbg_msgs/msg
[11.042s] -- Up-to-date: /home/jkang/InSituNeedle_Manipulation_FBG_FEM_ROS2/src/FEM/custom/matlab_msg_gen/glnxa64/install/include/fbg_msgs/msg/detail
[11.042s] -- Installing: /home/jkang/InSituNeedle_Manipulation_FBG_FEM_ROS2/src/FEM/custom/matlab_msg_gen/glnxa64/install/include/fbg_msgs/msg/detail/curvature__rosidl_typesupport_fastrtps_cpp.hpp
[11.042s] -- Installing: /home/jkang/InSituNeedle_Manipulation_FBG_FEM_ROS2/src/FEM/custom/matlab_msg_gen/glnxa64/install/include/fbg_msgs/msg/detail/fbg_reading__rosidl_typesupport_fastrtps_cpp.hpp
[11.042s] -- Installing: /home/jkang/InSituNeedle_Manipulation_FBG_FEM_ROS2/src/FEM/custom/matlab_msg_gen/glnxa64/install/include/fbg_msgs/msg/detail/dds_fastrtps
[11.043s] -- Installing: /home/jkang/InSituNeedle_Manipulation_FBG_FEM_ROS2/src/FEM/custom/matlab_msg_gen/glnxa64/install/include/fbg_msgs/msg/rosidl_typesupport_fastrtps_cpp__visibility_control.h
[11.043s] -- Up-to-date: /home/jkang/InSituNeedle_Manipulation_FBG_FEM_ROS2/src/FEM/custom/matlab_msg_gen/glnxa64/install/include/fbg_msgs/srv
[11.043s] -- Up-to-date: /home/jkang/InSituNeedle_Manipulation_FBG_FEM_ROS2/src/FEM/custom/matlab_msg_gen/glnxa64/install/include/fbg_msgs/srv/detail
[11.043s] -- Installing: /home/jkang/InSituNeedle_Manipulation_FBG_FEM_ROS2/src/FEM/custom/matlab_msg_gen/glnxa64/install/include/fbg_msgs/srv/detail/dds_fastrtps
[11.043s] -- Installing: /home/jkang/InSituNeedle_Manipulation_FBG_FEM_ROS2/src/FEM/custom/matlab_msg_gen/glnxa64/install/include/fbg_msgs/srv/detail/cal_curvature__rosidl_typesupport_fastrtps_cpp.hpp
[11.043s] -- Installing: /home/jkang/InSituNeedle_Manipulation_FBG_FEM_ROS2/src/FEM/custom/matlab_msg_gen/glnxa64/install/lib/libfbg_msgs__rosidl_typesupport_fastrtps_cpp.so
[11.043s] -- Up-to-date: /home/jkang/InSituNeedle_Manipulation_FBG_FEM_ROS2/src/FEM/custom/matlab_msg_gen/glnxa64/install/include/fbg_msgs
[11.043s] -- Up-to-date: /home/jkang/InSituNeedle_Manipulation_FBG_FEM_ROS2/src/FEM/custom/matlab_msg_gen/glnxa64/install/include/fbg_msgs/msg
[11.043s] -- Installing: /home/jkang/InSituNeedle_Manipulation_FBG_FEM_ROS2/src/FEM/custom/matlab_msg_gen/glnxa64/install/include/fbg_msgs/msg/rosidl_typesupport_introspection_c__visibility_control.h
[11.043s] -- Up-to-date: /home/jkang/InSituNeedle_Manipulation_FBG_FEM_ROS2/src/FEM/custom/matlab_msg_gen/glnxa64/install/include/fbg_msgs/msg/detail
[11.043s] -- Installing: /home/jkang/InSituNeedle_Manipulation_FBG_FEM_ROS2/src/FEM/custom/matlab_msg_gen/glnxa64/install/include/fbg_msgs/msg/detail/fbg_reading__type_support.c
[11.043s] -- Installing: /home/jkang/InSituNeedle_Manipulation_FBG_FEM_ROS2/src/FEM/custom/matlab_msg_gen/glnxa64/install/include/fbg_msgs/msg/detail/fbg_reading__rosidl_typesupport_introspection_c.h
[11.043s] -- Installing: /home/jkang/InSituNeedle_Manipulation_FBG_FEM_ROS2/src/FEM/custom/matlab_msg_gen/glnxa64/install/include/fbg_msgs/msg/detail/curvature__type_support.c
[11.044s] -- Installing: /home/jkang/InSituNeedle_Manipulation_FBG_FEM_ROS2/src/FEM/custom/matlab_msg_gen/glnxa64/install/include/fbg_msgs/msg/detail/curvature__rosidl_typesupport_introspection_c.h
[11.044s] -- Up-to-date: /home/jkang/InSituNeedle_Manipulation_FBG_FEM_ROS2/src/FEM/custom/matlab_msg_gen/glnxa64/install/include/fbg_msgs/srv
[11.044s] -- Up-to-date: /home/jkang/InSituNeedle_Manipulation_FBG_FEM_ROS2/src/FEM/custom/matlab_msg_gen/glnxa64/install/include/fbg_msgs/srv/detail
[11.044s] -- Installing: /home/jkang/InSituNeedle_Manipulation_FBG_FEM_ROS2/src/FEM/custom/matlab_msg_gen/glnxa64/install/include/fbg_msgs/srv/detail/cal_curvature__rosidl_typesupport_introspection_c.h
[11.044s] -- Installing: /home/jkang/InSituNeedle_Manipulation_FBG_FEM_ROS2/src/FEM/custom/matlab_msg_gen/glnxa64/install/include/fbg_msgs/srv/detail/cal_curvature__type_support.c
[11.044s] -- Installing: /home/jkang/InSituNeedle_Manipulation_FBG_FEM_ROS2/src/FEM/custom/matlab_msg_gen/glnxa64/install/lib/libfbg_msgs__rosidl_typesupport_introspection_c.so
[11.044s] -- Installing: /home/jkang/InSituNeedle_Manipulation_FBG_FEM_ROS2/src/FEM/custom/matlab_msg_gen/glnxa64/install/lib/libfbg_msgs__rosidl_typesupport_c.so
[11.044s] -- Up-to-date: /home/jkang/InSituNeedle_Manipulation_FBG_FEM_ROS2/src/FEM/custom/matlab_msg_gen/glnxa64/install/include/fbg_msgs
[11.044s] -- Up-to-date: /home/jkang/InSituNeedle_Manipulation_FBG_FEM_ROS2/src/FEM/custom/matlab_msg_gen/glnxa64/install/include/fbg_msgs/msg
[11.044s] -- Installing: /home/jkang/InSituNeedle_Manipulation_FBG_FEM_ROS2/src/FEM/custom/matlab_msg_gen/glnxa64/install/include/fbg_msgs/msg/curvature.hpp
[11.044s] -- Installing: /home/jkang/InSituNeedle_Manipulation_FBG_FEM_ROS2/src/FEM/custom/matlab_msg_gen/glnxa64/install/include/fbg_msgs/msg/fbg_reading.hpp
[11.044s] -- Up-to-date: /home/jkang/InSituNeedle_Manipulation_FBG_FEM_ROS2/src/FEM/custom/matlab_msg_gen/glnxa64/install/include/fbg_msgs/msg/detail
[11.044s] -- Installing: /home/jkang/InSituNeedle_Manipulation_FBG_FEM_ROS2/src/FEM/custom/matlab_msg_gen/glnxa64/install/include/fbg_msgs/msg/detail/curvature__builder.hpp
[11.044s] -- Installing: /home/jkang/InSituNeedle_Manipulation_FBG_FEM_ROS2/src/FEM/custom/matlab_msg_gen/glnxa64/install/include/fbg_msgs/msg/detail/curvature__traits.hpp
[11.045s] -- Installing: /home/jkang/InSituNeedle_Manipulation_FBG_FEM_ROS2/src/FEM/custom/matlab_msg_gen/glnxa64/install/include/fbg_msgs/msg/detail/fbg_reading__struct.hpp
[11.045s] -- Installing: /home/jkang/InSituNeedle_Manipulation_FBG_FEM_ROS2/src/FEM/custom/matlab_msg_gen/glnxa64/install/include/fbg_msgs/msg/detail/fbg_reading__traits.hpp
[11.045s] -- Installing: /home/jkang/InSituNeedle_Manipulation_FBG_FEM_ROS2/src/FEM/custom/matlab_msg_gen/glnxa64/install/include/fbg_msgs/msg/detail/curvature__struct.hpp
[11.045s] -- Installing: /home/jkang/InSituNeedle_Manipulation_FBG_FEM_ROS2/src/FEM/custom/matlab_msg_gen/glnxa64/install/include/fbg_msgs/msg/detail/fbg_reading__builder.hpp
[11.045s] -- Up-to-date: /home/jkang/InSituNeedle_Manipulation_FBG_FEM_ROS2/src/FEM/custom/matlab_msg_gen/glnxa64/install/include/fbg_msgs/srv
[11.045s] -- Up-to-date: /home/jkang/InSituNeedle_Manipulation_FBG_FEM_ROS2/src/FEM/custom/matlab_msg_gen/glnxa64/install/include/fbg_msgs/srv/detail
[11.045s] -- Installing: /home/jkang/InSituNeedle_Manipulation_FBG_FEM_ROS2/src/FEM/custom/matlab_msg_gen/glnxa64/install/include/fbg_msgs/srv/detail/cal_curvature__builder.hpp
[11.045s] -- Installing: /home/jkang/InSituNeedle_Manipulation_FBG_FEM_ROS2/src/FEM/custom/matlab_msg_gen/glnxa64/install/include/fbg_msgs/srv/detail/cal_curvature__traits.hpp
[11.045s] -- Installing: /home/jkang/InSituNeedle_Manipulation_FBG_FEM_ROS2/src/FEM/custom/matlab_msg_gen/glnxa64/install/include/fbg_msgs/srv/detail/cal_curvature__struct.hpp
[11.045s] -- Installing: /home/jkang/InSituNeedle_Manipulation_FBG_FEM_ROS2/src/FEM/custom/matlab_msg_gen/glnxa64/install/include/fbg_msgs/srv/cal_curvature.hpp
[11.045s] -- Up-to-date: /home/jkang/InSituNeedle_Manipulation_FBG_FEM_ROS2/src/FEM/custom/matlab_msg_gen/glnxa64/install/include/fbg_msgs
[11.045s] -- Up-to-date: /home/jkang/InSituNeedle_Manipulation_FBG_FEM_ROS2/src/FEM/custom/matlab_msg_gen/glnxa64/install/include/fbg_msgs/msg
[11.045s] -- Up-to-date: /home/jkang/InSituNeedle_Manipulation_FBG_FEM_ROS2/src/FEM/custom/matlab_msg_gen/glnxa64/install/include/fbg_msgs/msg/detail
[11.045s] -- Installing: /home/jkang/InSituNeedle_Manipulation_FBG_FEM_ROS2/src/FEM/custom/matlab_msg_gen/glnxa64/install/include/fbg_msgs/msg/detail/fbg_reading__type_support.cpp
[11.045s] -- Installing: /home/jkang/InSituNeedle_Manipulation_FBG_FEM_ROS2/src/FEM/custom/matlab_msg_gen/glnxa64/install/include/fbg_msgs/msg/detail/fbg_reading__rosidl_typesupport_introspection_cpp.hpp
[11.046s] -- Installing: /home/jkang/InSituNeedle_Manipulation_FBG_FEM_ROS2/src/FEM/custom/matlab_msg_gen/glnxa64/install/include/fbg_msgs/msg/detail/curvature__type_support.cpp
[11.046s] -- Installing: /home/jkang/InSituNeedle_Manipulation_FBG_FEM_ROS2/src/FEM/custom/matlab_msg_gen/glnxa64/install/include/fbg_msgs/msg/detail/curvature__rosidl_typesupport_introspection_cpp.hpp
[11.046s] -- Up-to-date: /home/jkang/InSituNeedle_Manipulation_FBG_FEM_ROS2/src/FEM/custom/matlab_msg_gen/glnxa64/install/include/fbg_msgs/srv
[11.046s] -- Up-to-date: /home/jkang/InSituNeedle_Manipulation_FBG_FEM_ROS2/src/FEM/custom/matlab_msg_gen/glnxa64/install/include/fbg_msgs/srv/detail
[11.046s] -- Installing: /home/jkang/InSituNeedle_Manipulation_FBG_FEM_ROS2/src/FEM/custom/matlab_msg_gen/glnxa64/install/include/fbg_msgs/srv/detail/cal_curvature__type_support.cpp
[11.046s] -- Installing: /home/jkang/InSituNeedle_Manipulation_FBG_FEM_ROS2/src/FEM/custom/matlab_msg_gen/glnxa64/install/include/fbg_msgs/srv/detail/cal_curvature__rosidl_typesupport_introspection_cpp.hpp
[11.046s] -- Installing: /home/jkang/InSituNeedle_Manipulation_FBG_FEM_ROS2/src/FEM/custom/matlab_msg_gen/glnxa64/install/lib/libfbg_msgs__rosidl_typesupport_introspection_cpp.so
[11.046s] -- Installing: /home/jkang/InSituNeedle_Manipulation_FBG_FEM_ROS2/src/FEM/custom/matlab_msg_gen/glnxa64/install/lib/libfbg_msgs__rosidl_typesupport_cpp.so
[11.046s] -- Installing: /home/jkang/InSituNeedle_Manipulation_FBG_FEM_ROS2/src/FEM/custom/matlab_msg_gen/glnxa64/install/share/fbg_msgs/msg/Curvature.idl
[11.046s] -- Installing: /home/jkang/InSituNeedle_Manipulation_FBG_FEM_ROS2/src/FEM/custom/matlab_msg_gen/glnxa64/install/share/fbg_msgs/msg/FbgReading.idl
[11.046s] -- Installing: /home/jkang/InSituNeedle_Manipulation_FBG_FEM_ROS2/src/FEM/custom/matlab_msg_gen/glnxa64/install/share/fbg_msgs/srv/CalCurvature.idl
[11.046s] -- Installing: /home/jkang/InSituNeedle_Manipulation_FBG_FEM_ROS2/src/FEM/custom/matlab_msg_gen/glnxa64/install/share/fbg_msgs/msg/Curvature.msg
[11.047s] -- Installing: /home/jkang/InSituNeedle_Manipulation_FBG_FEM_ROS2/src/FEM/custom/matlab_msg_gen/glnxa64/install/share/fbg_msgs/msg/FbgReading.msg
[11.047s] -- Installing: /home/jkang/InSituNeedle_Manipulation_FBG_FEM_ROS2/src/FEM/custom/matlab_msg_gen/glnxa64/install/share/fbg_msgs/srv/CalCurvature.srv
[11.047s] -- Installing: /home/jkang/InSituNeedle_Manipulation_FBG_FEM_ROS2/src/FEM/custom/matlab_msg_gen/glnxa64/install/share/fbg_msgs/srv/CalCurvature_Request.msg
[11.047s] -- Installing: /home/jkang/InSituNeedle_Manipulation_FBG_FEM_ROS2/src/FEM/custom/matlab_msg_gen/glnxa64/install/share/fbg_msgs/srv/CalCurvature_Response.msg
[11.047s] -- Up-to-date: /home/jkang/InSituNeedle_Manipulation_FBG_FEM_ROS2/src/FEM/custom/matlab_msg_gen/glnxa64/install/include
[11.047s] -- Up-to-date: /home/jkang/InSituNeedle_Manipulation_FBG_FEM_ROS2/src/FEM/custom/matlab_msg_gen/glnxa64/install/include/fbg_msgs
[11.047s] -- Installing: /home/jkang/InSituNeedle_Manipulation_FBG_FEM_ROS2/src/FEM/custom/matlab_msg_gen/glnxa64/install/include/fbg_msgs/visibility_control.h
[11.047s] -- Installing: /home/jkang/InSituNeedle_Manipulation_FBG_FEM_ROS2/src/FEM/custom/matlab_msg_gen/glnxa64/install/lib/libfbg_msgs_matlab.so
[11.056s] -- Installing: /home/jkang/InSituNeedle_Manipulation_FBG_FEM_ROS2/src/FEM/custom/matlab_msg_gen/glnxa64/install/m/
[11.056s] -- Installing: /home/jkang/InSituNeedle_Manipulation_FBG_FEM_ROS2/src/FEM/custom/matlab_msg_gen/glnxa64/install/m//+ros
[11.056s] -- Installing: /home/jkang/InSituNeedle_Manipulation_FBG_FEM_ROS2/src/FEM/custom/matlab_msg_gen/glnxa64/install/m//+ros/+internal
[11.056s] -- Installing: /home/jkang/InSituNeedle_Manipulation_FBG_FEM_ROS2/src/FEM/custom/matlab_msg_gen/glnxa64/install/m//+ros/+internal/+ros2
[11.056s] -- Installing: /home/jkang/InSituNeedle_Manipulation_FBG_FEM_ROS2/src/FEM/custom/matlab_msg_gen/glnxa64/install/m//+ros/+internal/+ros2/+custommessages
[11.057s] -- Installing: /home/jkang/InSituNeedle_Manipulation_FBG_FEM_ROS2/src/FEM/custom/matlab_msg_gen/glnxa64/install/m//+ros/+internal/+ros2/+custommessages/+fbg_msgs
[11.057s] -- Installing: /home/jkang/InSituNeedle_Manipulation_FBG_FEM_ROS2/src/FEM/custom/matlab_msg_gen/glnxa64/install/m//+ros/+internal/+ros2/+custommessages/+fbg_msgs/fbg_msgs_msg_FbgReading_2To1_Converter.m
[11.057s] -- Installing: /home/jkang/InSituNeedle_Manipulation_FBG_FEM_ROS2/src/FEM/custom/matlab_msg_gen/glnxa64/install/m//+ros/+internal/+ros2/+custommessages/+fbg_msgs/calCurvatureResponse.m
[11.057s] -- Installing: /home/jkang/InSituNeedle_Manipulation_FBG_FEM_ROS2/src/FEM/custom/matlab_msg_gen/glnxa64/install/m//+ros/+internal/+ros2/+custommessages/+fbg_msgs/calCurvatureRequest.m
[11.057s] -- Installing: /home/jkang/InSituNeedle_Manipulation_FBG_FEM_ROS2/src/FEM/custom/matlab_msg_gen/glnxa64/install/m//+ros/+internal/+ros2/+custommessages/+fbg_msgs/fbg_msgs_msg_FbgReading_1To2_Converter.m
[11.057s] -- Installing: /home/jkang/InSituNeedle_Manipulation_FBG_FEM_ROS2/src/FEM/custom/matlab_msg_gen/glnxa64/install/m//+ros/+internal/+ros2/+custommessages/+fbg_msgs/curvature.m
[11.057s] -- Installing: /home/jkang/InSituNeedle_Manipulation_FBG_FEM_ROS2/src/FEM/custom/matlab_msg_gen/glnxa64/install/m//+ros/+internal/+ros2/+custommessages/+fbg_msgs/fbg_msgs_msg_Curvature_1To2_Converter.m
[11.057s] -- Installing: /home/jkang/InSituNeedle_Manipulation_FBG_FEM_ROS2/src/FEM/custom/matlab_msg_gen/glnxa64/install/m//+ros/+internal/+ros2/+custommessages/+fbg_msgs/fbg_msgs_msg_Curvature_2To1_Converter.m
[11.057s] -- Installing: /home/jkang/InSituNeedle_Manipulation_FBG_FEM_ROS2/src/FEM/custom/matlab_msg_gen/glnxa64/install/m//+ros/+internal/+ros2/+custommessages/+fbg_msgs/fbgReading.m
[11.057s] -- Installing: /home/jkang/InSituNeedle_Manipulation_FBG_FEM_ROS2/src/FEM/custom/matlab_msg_gen/glnxa64/install/share/ament_index/resource_index/package_run_dependencies/fbg_msgs
[11.057s] -- Installing: /home/jkang/InSituNeedle_Manipulation_FBG_FEM_ROS2/src/FEM/custom/matlab_msg_gen/glnxa64/install/share/ament_index/resource_index/parent_prefix_path/fbg_msgs
[11.058s] -- Installing: /home/jkang/InSituNeedle_Manipulation_FBG_FEM_ROS2/src/FEM/custom/matlab_msg_gen/glnxa64/install/share/fbg_msgs/environment/ament_prefix_path.sh
[11.058s] -- Installing: /home/jkang/InSituNeedle_Manipulation_FBG_FEM_ROS2/src/FEM/custom/matlab_msg_gen/glnxa64/install/share/fbg_msgs/environment/ament_prefix_path.dsv
[11.058s] -- Installing: /home/jkang/InSituNeedle_Manipulation_FBG_FEM_ROS2/src/FEM/custom/matlab_msg_gen/glnxa64/install/share/fbg_msgs/environment/path.sh
[11.058s] -- Installing: /home/jkang/InSituNeedle_Manipulation_FBG_FEM_ROS2/src/FEM/custom/matlab_msg_gen/glnxa64/install/share/fbg_msgs/environment/path.dsv
[11.058s] -- Installing: /home/jkang/InSituNeedle_Manipulation_FBG_FEM_ROS2/src/FEM/custom/matlab_msg_gen/glnxa64/install/share/fbg_msgs/local_setup.bash
[11.058s] -- Installing: /home/jkang/InSituNeedle_Manipulation_FBG_FEM_ROS2/src/FEM/custom/matlab_msg_gen/glnxa64/install/share/fbg_msgs/local_setup.sh
[11.058s] -- Installing: /home/jkang/InSituNeedle_Manipulation_FBG_FEM_ROS2/src/FEM/custom/matlab_msg_gen/glnxa64/install/share/fbg_msgs/local_setup.zsh
[11.058s] -- Installing: /home/jkang/InSituNeedle_Manipulation_FBG_FEM_ROS2/src/FEM/custom/matlab_msg_gen/glnxa64/install/share/fbg_msgs/local_setup.dsv
[11.058s] -- Installing: /home/jkang/InSituNeedle_Manipulation_FBG_FEM_ROS2/src/FEM/custom/matlab_msg_gen/glnxa64/install/share/fbg_msgs/package.dsv
[11.058s] -- Installing: /home/jkang/InSituNeedle_Manipulation_FBG_FEM_ROS2/src/FEM/custom/matlab_msg_gen/glnxa64/install/share/ament_index/resource_index/packages/fbg_msgs
[11.058s] -- Installing: /home/jkang/InSituNeedle_Manipulation_FBG_FEM_ROS2/src/FEM/custom/matlab_msg_gen/glnxa64/install/share/fbg_msgs/cmake/fbg_msgs__rosidl_generator_cExport.cmake
[11.058s] -- Installing: /home/jkang/InSituNeedle_Manipulation_FBG_FEM_ROS2/src/FEM/custom/matlab_msg_gen/glnxa64/install/share/fbg_msgs/cmake/fbg_msgs__rosidl_generator_cExport-release.cmake
[11.059s] -- Installing: /home/jkang/InSituNeedle_Manipulation_FBG_FEM_ROS2/src/FEM/custom/matlab_msg_gen/glnxa64/install/share/fbg_msgs/cmake/fbg_msgs__rosidl_typesupport_introspection_cExport.cmake
[11.059s] -- Installing: /home/jkang/InSituNeedle_Manipulation_FBG_FEM_ROS2/src/FEM/custom/matlab_msg_gen/glnxa64/install/share/fbg_msgs/cmake/fbg_msgs__rosidl_typesupport_introspection_cExport-release.cmake
[11.059s] -- Installing: /home/jkang/InSituNeedle_Manipulation_FBG_FEM_ROS2/src/FEM/custom/matlab_msg_gen/glnxa64/install/share/fbg_msgs/cmake/fbg_msgs__rosidl_typesupport_cExport.cmake
[11.059s] -- Installing: /home/jkang/InSituNeedle_Manipulation_FBG_FEM_ROS2/src/FEM/custom/matlab_msg_gen/glnxa64/install/share/fbg_msgs/cmake/fbg_msgs__rosidl_typesupport_cExport-release.cmake
[11.059s] -- Installing: /home/jkang/InSituNeedle_Manipulation_FBG_FEM_ROS2/src/FEM/custom/matlab_msg_gen/glnxa64/install/share/fbg_msgs/cmake/fbg_msgs__rosidl_generator_cppExport.cmake
[11.059s] -- Installing: /home/jkang/InSituNeedle_Manipulation_FBG_FEM_ROS2/src/FEM/custom/matlab_msg_gen/glnxa64/install/share/fbg_msgs/cmake/fbg_msgs__rosidl_typesupport_introspection_cppExport.cmake
[11.059s] -- Installing: /home/jkang/InSituNeedle_Manipulation_FBG_FEM_ROS2/src/FEM/custom/matlab_msg_gen/glnxa64/install/share/fbg_msgs/cmake/fbg_msgs__rosidl_typesupport_introspection_cppExport-release.cmake
[11.059s] -- Installing: /home/jkang/InSituNeedle_Manipulation_FBG_FEM_ROS2/src/FEM/custom/matlab_msg_gen/glnxa64/install/share/fbg_msgs/cmake/fbg_msgs__rosidl_typesupport_cppExport.cmake
[11.059s] -- Installing: /home/jkang/InSituNeedle_Manipulation_FBG_FEM_ROS2/src/FEM/custom/matlab_msg_gen/glnxa64/install/share/fbg_msgs/cmake/fbg_msgs__rosidl_typesupport_cppExport-release.cmake
[11.059s] -- Installing: /home/jkang/InSituNeedle_Manipulation_FBG_FEM_ROS2/src/FEM/custom/matlab_msg_gen/glnxa64/install/share/fbg_msgs/cmake/rosidl_cmake-extras.cmake
[11.060s] -- Installing: /home/jkang/InSituNeedle_Manipulation_FBG_FEM_ROS2/src/FEM/custom/matlab_msg_gen/glnxa64/install/share/fbg_msgs/cmake/ament_cmake_export_dependencies-extras.cmake
[11.060s] -- Installing: /home/jkang/InSituNeedle_Manipulation_FBG_FEM_ROS2/src/FEM/custom/matlab_msg_gen/glnxa64/install/share/fbg_msgs/cmake/ament_cmake_export_libraries-extras.cmake
[11.060s] -- Installing: /home/jkang/InSituNeedle_Manipulation_FBG_FEM_ROS2/src/FEM/custom/matlab_msg_gen/glnxa64/install/share/fbg_msgs/cmake/ament_cmake_export_targets-extras.cmake
[11.060s] -- Installing: /home/jkang/InSituNeedle_Manipulation_FBG_FEM_ROS2/src/FEM/custom/matlab_msg_gen/glnxa64/install/share/fbg_msgs/cmake/ament_cmake_export_include_directories-extras.cmake
[11.060s] -- Installing: /home/jkang/InSituNeedle_Manipulation_FBG_FEM_ROS2/src/FEM/custom/matlab_msg_gen/glnxa64/install/share/fbg_msgs/cmake/rosidl_cmake_export_typesupport_libraries-extras.cmake
[11.060s] -- Installing: /home/jkang/InSituNeedle_Manipulation_FBG_FEM_ROS2/src/FEM/custom/matlab_msg_gen/glnxa64/install/share/fbg_msgs/cmake/rosidl_cmake_export_typesupport_targets-extras.cmake
[11.060s] -- Installing: /home/jkang/InSituNeedle_Manipulation_FBG_FEM_ROS2/src/FEM/custom/matlab_msg_gen/glnxa64/install/share/fbg_msgs/cmake/fbg_msgsConfig.cmake
[11.060s] -- Installing: /home/jkang/InSituNeedle_Manipulation_FBG_FEM_ROS2/src/FEM/custom/matlab_msg_gen/glnxa64/install/share/fbg_msgs/cmake/fbg_msgsConfig-version.cmake
[11.060s] -- Installing: /home/jkang/InSituNeedle_Manipulation_FBG_FEM_ROS2/src/FEM/custom/matlab_msg_gen/glnxa64/install/share/fbg_msgs/package.xml
[11.062s] Invoked command in '/home/jkang/InSituNeedle_Manipulation_FBG_FEM_ROS2/src/FEM/custom/matlab_msg_gen/glnxa64/build/fbg_msgs' returned '0': PS1=(venv) /home/jkang/MATLAB/R2022b/bin/glnxa64/cmake/bin/cmake --install /home/jkang/InSituNeedle_Manipulation_FBG_FEM_ROS2/src/FEM/custom/matlab_msg_gen/glnxa64/build/fbg_msgs
