[0.018s] Invoking command in '/home/yangshengxu/Desktop/InSituNeedle_Manipulation_FBG_FEM_ROS2/build/fbg_msgs': CMAKE_PREFIX_PATH=${CMAKE_PREFIX_PATH}:/home/yangshengxu/Desktop/InSituNeedle_Manipulation_FBG_FEM_ROS2/install/curvature_srvcli:/home/yangshengxu/Desktop/InSituNeedle_Manipulation_FBG_FEM_ROS2/install/sm130_interrogator:/home/yangshengxu/Desktop/InSituNeedle_Manipulation_FBG_FEM_ROS2/install/FBG:/opt/ros/galactic /usr/bin/cmake /home/yangshengxu/Desktop/InSituNeedle_Manipulation_FBG_FEM_ROS2/src/fbg_msgs -DCMAKE_INSTALL_PREFIX=/home/yangshengxu/Desktop/InSituNeedle_Manipulation_FBG_FEM_ROS2/install/fbg_msgs
[0.056s] -- The C compiler identification is GNU 9.4.0
[0.094s] -- The CXX compiler identification is GNU 9.4.0
[0.097s] -- Check for working C compiler: /usr/bin/cc
[0.144s] -- Check for working C compiler: /usr/bin/cc -- works
[0.145s] -- Detecting C compiler ABI info
[0.193s] -- Detecting C compiler ABI info - done
[0.201s] -- Detecting C compile features
[0.201s] -- Detecting C compile features - done
[0.202s] -- Check for working CXX compiler: /usr/bin/c++
[0.256s] -- Check for working CXX compiler: /usr/bin/c++ -- works
[0.257s] -- Detecting CXX compiler ABI info
[0.311s] -- Detecting CXX compiler ABI info - done
[0.319s] -- Detecting CXX compile features
[0.319s] -- Detecting CXX compile features - done
[0.321s] -- Found ament_cmake: 1.1.6 (/opt/ros/galactic/share/ament_cmake/cmake)
[0.338s] -- Found PythonInterp: /usr/bin/python3 (found suitable version "3.8.10", minimum required is "3") 
[0.338s] -- Using PYTHON_EXECUTABLE: /usr/bin/python3
[0.391s] -- Found rclcpp: 9.2.2 (/opt/ros/galactic/share/rclcpp/cmake)
[0.423s] -- Using all available rosidl_typesupport_c: rosidl_typesupport_fastrtps_c;rosidl_typesupport_introspection_c
[0.429s] -- Found rosidl_adapter: 2.2.3 (/opt/ros/galactic/share/rosidl_adapter/cmake)
[0.475s] -- Found OpenSSL: /usr/lib/x86_64-linux-gnu/libcrypto.so (found version "1.1.1f")  
[0.495s] -- Found FastRTPS: /opt/ros/galactic/include  
[0.548s] -- Using all available rosidl_typesupport_cpp: rosidl_typesupport_fastrtps_cpp;rosidl_typesupport_introspection_cpp
[0.591s] -- Found rmw_implementation_cmake: 3.3.1 (/opt/ros/galactic/share/rmw_implementation_cmake/cmake)
[0.599s] -- Found rmw_cyclonedds_cpp: 0.22.6 (/opt/ros/galactic/share/rmw_cyclonedds_cpp/cmake)
[0.607s] -- Using RMW implementation 'rmw_cyclonedds_cpp' as default
[0.607s] -- Looking for pthread.h
[0.660s] -- Looking for pthread.h - found
[0.660s] -- Performing Test CMAKE_HAVE_LIBC_PTHREAD
[0.725s] -- Performing Test CMAKE_HAVE_LIBC_PTHREAD - Failed
[0.725s] -- Looking for pthread_create in pthreads
[0.776s] -- Looking for pthread_create in pthreads - not found
[0.776s] -- Looking for pthread_create in pthread
[0.853s] -- Looking for pthread_create in pthread - found
[0.854s] -- Found Threads: TRUE  
[0.960s] -- Found rosidl_default_generators: 1.1.1 (/opt/ros/galactic/share/rosidl_default_generators/cmake)
[0.983s] -- Found PythonInterp: /usr/bin/python3 (found version "3.8.10") 
[1.073s] -- Found ament_cmake_ros: 0.9.2 (/opt/ros/galactic/share/ament_cmake_ros/cmake)
[1.140s] -- Using all available rosidl_typesupport_c: rosidl_typesupport_fastrtps_c;rosidl_typesupport_introspection_c
[1.144s] -- Using all available rosidl_typesupport_cpp: rosidl_typesupport_fastrtps_cpp;rosidl_typesupport_introspection_cpp
[1.161s] -- Found PythonInterp: /usr/bin/python3 (found suitable version "3.8.10", minimum required is "3.5") 
[1.162s] -- Found python_cmake_module: 0.8.1 (/opt/ros/galactic/share/python_cmake_module/cmake)
[1.183s] -- Found PythonLibs: /usr/lib/x86_64-linux-gnu/libpython3.8.so (found suitable version "3.8.10", minimum required is "3.5") 
[1.183s] -- Using PYTHON_EXECUTABLE: /usr/bin/python3
[1.183s] -- Using PYTHON_INCLUDE_DIRS: /usr/include/python3.8
[1.183s] -- Using PYTHON_LIBRARIES: /usr/lib/x86_64-linux-gnu/libpython3.8.so
[1.199s] -- Found PythonExtra: .so  
[1.229s] -- Found ament_lint_auto: 0.10.7 (/opt/ros/galactic/share/ament_lint_auto/cmake)
[1.242s] -- Added test 'copyright' to check source files copyright and LICENSE
[1.242s] -- Added test 'lint_cmake' to check CMake code style
[1.243s] -- Added test 'xmllint' to check XML markup files
[1.246s] -- Configuring done
[1.267s] -- Generating done
[1.269s] -- Build files have been written to: /home/yangshengxu/Desktop/InSituNeedle_Manipulation_FBG_FEM_ROS2/build/fbg_msgs
