[0.020s] Invoking command in '/home/yangshengxu/Desktop/InSituNeedle_Manipulation_FBG_FEM_ROS2/build/fbg_msgs': CMAKE_PREFIX_PATH=${CMAKE_PREFIX_PATH}:/home/yangshengxu/Desktop/InSituNeedle_Manipulation_FBG_FEM_ROS2/install/curvature_srvcli:/home/yangshengxu/Desktop/InSituNeedle_Manipulation_FBG_FEM_ROS2/install/sm130_interrogator:/opt/ros/galactic /usr/bin/cmake --build /home/yangshengxu/Desktop/InSituNeedle_Manipulation_FBG_FEM_ROS2/build/fbg_msgs -- -j8 -l8
[0.040s] -- Found ament_cmake: 1.1.6 (/opt/ros/galactic/share/ament_cmake/cmake)
[0.056s] -- Found PythonInterp: /usr/bin/python3 (found suitable version "3.8.10", minimum required is "3") 
[0.056s] -- Using PYTHON_EXECUTABLE: /usr/bin/python3
[0.100s] -- Found rclcpp: 9.2.2 (/opt/ros/galactic/share/rclcpp/cmake)
[0.126s] -- Using all available rosidl_typesupport_c: rosidl_typesupport_fastrtps_c;rosidl_typesupport_introspection_c
[0.129s] -- Found rosidl_adapter: 2.2.3 (/opt/ros/galactic/share/rosidl_adapter/cmake)
[0.213s] -- Using all available rosidl_typesupport_cpp: rosidl_typesupport_fastrtps_cpp;rosidl_typesupport_introspection_cpp
[0.251s] -- Found rmw_implementation_cmake: 3.3.1 (/opt/ros/galactic/share/rmw_implementation_cmake/cmake)
[0.252s] -- Found rmw_cyclonedds_cpp: 0.22.6 (/opt/ros/galactic/share/rmw_cyclonedds_cpp/cmake)
[0.266s] -- Using RMW implementation 'rmw_cyclonedds_cpp' as default
[0.368s] -- Found rosidl_default_generators: 1.1.1 (/opt/ros/galactic/share/rosidl_default_generators/cmake)
[0.391s] -- Found PythonInterp: /usr/bin/python3 (found version "3.8.10") 
[0.485s] -- Found ament_cmake_ros: 0.9.2 (/opt/ros/galactic/share/ament_cmake_ros/cmake)
[0.552s] -- Using all available rosidl_typesupport_c: rosidl_typesupport_fastrtps_c;rosidl_typesupport_introspection_c
[0.556s] -- Using all available rosidl_typesupport_cpp: rosidl_typesupport_fastrtps_cpp;rosidl_typesupport_introspection_cpp
[0.573s] -- Found PythonInterp: /usr/bin/python3 (found suitable version "3.8.10", minimum required is "3.5") 
[0.574s] -- Found python_cmake_module: 0.8.1 (/opt/ros/galactic/share/python_cmake_module/cmake)
[0.591s] -- Using PYTHON_EXECUTABLE: /usr/bin/python3
[0.591s] -- Using PYTHON_INCLUDE_DIRS: /usr/include/python3.8
[0.591s] -- Using PYTHON_LIBRARIES: /usr/lib/x86_64-linux-gnu/libpython3.8.so
[0.601s] -- Found ament_lint_auto: 0.10.7 (/opt/ros/galactic/share/ament_lint_auto/cmake)
[0.607s] -- Added test 'copyright' to check source files copyright and LICENSE
[0.608s] -- Added test 'lint_cmake' to check CMake code style
[0.609s] -- Added test 'xmllint' to check XML markup files
[0.612s] -- Configuring done
[0.634s] -- Generating done
[0.636s] -- Build files have been written to: /home/yangshengxu/Desktop/InSituNeedle_Manipulation_FBG_FEM_ROS2/build/fbg_msgs
[0.654s] [  2%] [34m[1mGenerating C code for ROS interfaces[0m
[0.662s] [  4%] [34m[1mGenerating C++ code for ROS interfaces[0m
[0.911s] [  4%] Built target fbg_msgs__cpp
[0.918s] [  6%] [34m[1mGenerating C++ type support for eProsima Fast-RTPS[0m
[0.918s] [  8%] [34m[1mGenerating C++ introspection for ROS interfaces[0m
[0.918s] [ 10%] [34m[1mGenerating C++ type support dispatch for ROS interfaces[0m
[0.919s] [35m[1mScanning dependencies of target fbg_msgs__rosidl_generator_c[0m
[0.927s] [ 12%] [32mBuilding C object CMakeFiles/fbg_msgs__rosidl_generator_c.dir/rosidl_generator_c/fbg_msgs/msg/detail/curvature__functions.c.o[0m
[0.928s] [ 14%] [32mBuilding C object CMakeFiles/fbg_msgs__rosidl_generator_c.dir/rosidl_generator_c/fbg_msgs/msg/detail/fbg_reading__functions.c.o[0m
[0.929s] [ 17%] [32mBuilding C object CMakeFiles/fbg_msgs__rosidl_generator_c.dir/rosidl_generator_c/fbg_msgs/srv/detail/cal_curvature__functions.c.o[0m
[0.980s] [ 19%] [32m[1mLinking C shared library libfbg_msgs__rosidl_generator_c.so[0m
[1.004s] [ 19%] Built target fbg_msgs__rosidl_generator_c
[1.012s] [ 21%] [34m[1mGenerating C introspection for ROS interfaces[0m
[1.014s] [ 23%] [34m[1mGenerating C type support dispatch for ROS interfaces[0m
[1.109s] [35m[1mScanning dependencies of target fbg_msgs__rosidl_typesupport_cpp[0m
[1.120s] [ 29%] [32mBuilding CXX object CMakeFiles/fbg_msgs__rosidl_typesupport_cpp.dir/rosidl_typesupport_cpp/fbg_msgs/srv/cal_curvature__type_support.cpp.o[0m
[1.120s] [ 29%] [32mBuilding CXX object CMakeFiles/fbg_msgs__rosidl_typesupport_cpp.dir/rosidl_typesupport_cpp/fbg_msgs/msg/curvature__type_support.cpp.o[0m
[1.120s] [ 29%] [32mBuilding CXX object CMakeFiles/fbg_msgs__rosidl_typesupport_cpp.dir/rosidl_typesupport_cpp/fbg_msgs/msg/fbg_reading__type_support.cpp.o[0m
[1.164s] [35m[1mScanning dependencies of target fbg_msgs__rosidl_typesupport_introspection_cpp[0m
[1.172s] [35m[1mScanning dependencies of target fbg_msgs__rosidl_typesupport_fastrtps_cpp[0m
[1.176s] [ 31%] [32mBuilding CXX object CMakeFiles/fbg_msgs__rosidl_typesupport_introspection_cpp.dir/rosidl_typesupport_introspection_cpp/fbg_msgs/msg/detail/fbg_reading__type_support.cpp.o[0m
[1.176s] [ 34%] [32mBuilding CXX object CMakeFiles/fbg_msgs__rosidl_typesupport_introspection_cpp.dir/rosidl_typesupport_introspection_cpp/fbg_msgs/msg/detail/curvature__type_support.cpp.o[0m
[1.187s] [ 36%] [32mBuilding CXX object CMakeFiles/fbg_msgs__rosidl_typesupport_fastrtps_cpp.dir/rosidl_typesupport_fastrtps_cpp/fbg_msgs/msg/detail/dds_fastrtps/fbg_reading__type_support.cpp.o[0m
[1.337s] [35m[1mScanning dependencies of target fbg_msgs__rosidl_typesupport_c[0m
[1.349s] [ 38%] [32mBuilding CXX object CMakeFiles/fbg_msgs__rosidl_typesupport_c.dir/rosidl_typesupport_c/fbg_msgs/msg/fbg_reading__type_support.cpp.o[0m
[1.381s] [ 40%] [32mBuilding CXX object CMakeFiles/fbg_msgs__rosidl_typesupport_c.dir/rosidl_typesupport_c/fbg_msgs/msg/curvature__type_support.cpp.o[0m
[1.410s] [35m[1mScanning dependencies of target fbg_msgs__rosidl_typesupport_introspection_c[0m
[1.412s] [ 42%] [32mBuilding CXX object CMakeFiles/fbg_msgs__rosidl_typesupport_c.dir/rosidl_typesupport_c/fbg_msgs/srv/cal_curvature__type_support.cpp.o[0m
[1.424s] [ 44%] [32mBuilding C object CMakeFiles/fbg_msgs__rosidl_typesupport_introspection_c.dir/rosidl_typesupport_introspection_c/fbg_msgs/msg/detail/fbg_reading__type_support.c.o[0m
[1.431s] [ 48%] [32mBuilding C object CMakeFiles/fbg_msgs__rosidl_typesupport_introspection_c.dir/rosidl_typesupport_introspection_c/fbg_msgs/msg/detail/curvature__type_support.c.o[0m
[1.432s] [ 48%] [32mBuilding C object CMakeFiles/fbg_msgs__rosidl_typesupport_introspection_c.dir/rosidl_typesupport_introspection_c/fbg_msgs/srv/detail/cal_curvature__type_support.c.o[0m
[1.435s] [ 51%] [32m[1mLinking CXX shared library libfbg_msgs__rosidl_typesupport_cpp.so[0m
[1.451s] [ 53%] [32m[1mLinking CXX shared library libfbg_msgs__rosidl_typesupport_c.so[0m
[1.459s] [ 55%] [32mBuilding CXX object CMakeFiles/fbg_msgs__rosidl_typesupport_introspection_cpp.dir/rosidl_typesupport_introspection_cpp/fbg_msgs/srv/detail/cal_curvature__type_support.cpp.o[0m
[1.466s] [ 57%] [32mBuilding CXX object CMakeFiles/fbg_msgs__rosidl_typesupport_fastrtps_cpp.dir/rosidl_typesupport_fastrtps_cpp/fbg_msgs/msg/detail/dds_fastrtps/curvature__type_support.cpp.o[0m
[1.467s] [ 59%] [32m[1mLinking C shared library libfbg_msgs__rosidl_typesupport_introspection_c.so[0m
[1.477s] [ 59%] Built target fbg_msgs__rosidl_typesupport_cpp
[1.490s] [ 61%] [32mBuilding CXX object CMakeFiles/fbg_msgs__rosidl_typesupport_fastrtps_cpp.dir/rosidl_typesupport_fastrtps_cpp/fbg_msgs/srv/detail/dds_fastrtps/cal_curvature__type_support.cpp.o[0m
[1.498s] [ 61%] Built target fbg_msgs__rosidl_typesupport_c
[1.507s] [ 61%] Built target fbg_msgs__rosidl_typesupport_introspection_c
[1.691s] [ 63%] [32m[1mLinking CXX shared library libfbg_msgs__rosidl_typesupport_introspection_cpp.so[0m
[1.740s] [ 63%] Built target fbg_msgs__rosidl_typesupport_introspection_cpp
[1.791s] [ 65%] [32m[1mLinking CXX shared library libfbg_msgs__rosidl_typesupport_fastrtps_cpp.so[0m
[1.852s] [ 65%] Built target fbg_msgs__rosidl_typesupport_fastrtps_cpp
[1.859s] [ 68%] [34m[1mGenerating C type support for eProsima Fast-RTPS[0m
[2.072s] [35m[1mScanning dependencies of target fbg_msgs__rosidl_typesupport_fastrtps_c[0m
[2.082s] [ 72%] [32mBuilding CXX object CMakeFiles/fbg_msgs__rosidl_typesupport_fastrtps_c.dir/rosidl_typesupport_fastrtps_c/fbg_msgs/msg/detail/fbg_reading__type_support_c.cpp.o[0m
[2.082s] [ 72%] [32mBuilding CXX object CMakeFiles/fbg_msgs__rosidl_typesupport_fastrtps_c.dir/rosidl_typesupport_fastrtps_c/fbg_msgs/msg/detail/curvature__type_support_c.cpp.o[0m
[2.082s] [ 74%] [32mBuilding CXX object CMakeFiles/fbg_msgs__rosidl_typesupport_fastrtps_c.dir/rosidl_typesupport_fastrtps_c/fbg_msgs/srv/detail/cal_curvature__type_support_c.cpp.o[0m
[2.318s] [ 76%] [32m[1mLinking CXX shared library libfbg_msgs__rosidl_typesupport_fastrtps_c.so[0m
[2.376s] [ 76%] Built target fbg_msgs__rosidl_typesupport_fastrtps_c
[2.390s] [ 76%] Built target fbg_msgs
[2.409s] [ 78%] [34m[1mGenerating Python code for ROS interfaces[0m
[2.845s] [ 78%] Built target fbg_msgs__py
[2.853s] [35m[1mScanning dependencies of target fbg_msgs__python[0m
[2.865s] [ 82%] [32mBuilding C object CMakeFiles/fbg_msgs__python.dir/rosidl_generator_py/fbg_msgs/msg/_curvature_s.c.o[0m
[2.865s] [ 82%] [32mBuilding C object CMakeFiles/fbg_msgs__python.dir/rosidl_generator_py/fbg_msgs/srv/_cal_curvature_s.c.o[0m
[2.865s] [ 85%] [32mBuilding C object CMakeFiles/fbg_msgs__python.dir/rosidl_generator_py/fbg_msgs/msg/_fbg_reading_s.c.o[0m
[2.934s] [ 87%] [32m[1mLinking C shared library rosidl_generator_py/fbg_msgs/libfbg_msgs__python.so[0m
[2.962s] [ 87%] Built target fbg_msgs__python
[2.969s] [35m[1mScanning dependencies of target fbg_msgs__rosidl_typesupport_fastrtps_c__pyext[0m
[2.969s] [35m[1mScanning dependencies of target fbg_msgs__rosidl_typesupport_introspection_c__pyext[0m
[2.969s] [35m[1mScanning dependencies of target fbg_msgs__rosidl_typesupport_c__pyext[0m
[2.979s] [ 89%] [32mBuilding C object CMakeFiles/fbg_msgs__rosidl_typesupport_c__pyext.dir/rosidl_generator_py/fbg_msgs/_fbg_msgs_s.ep.rosidl_typesupport_c.c.o[0m
[2.981s] [ 91%] [32mBuilding C object CMakeFiles/fbg_msgs__rosidl_typesupport_introspection_c__pyext.dir/rosidl_generator_py/fbg_msgs/_fbg_msgs_s.ep.rosidl_typesupport_introspection_c.c.o[0m
[2.981s] [ 93%] [32mBuilding C object CMakeFiles/fbg_msgs__rosidl_typesupport_fastrtps_c__pyext.dir/rosidl_generator_py/fbg_msgs/_fbg_msgs_s.ep.rosidl_typesupport_fastrtps_c.c.o[0m
[3.041s] [100%] [32m[1mLinking CXX shared library rosidl_generator_py/fbg_msgs/fbg_msgs_s__rosidl_typesupport_fastrtps_c.cpython-38-x86_64-linux-gnu.so[0m
[3.041s] [100%] [32m[1mLinking C shared library rosidl_generator_py/fbg_msgs/fbg_msgs_s__rosidl_typesupport_introspection_c.cpython-38-x86_64-linux-gnu.so[0m
[3.041s] [100%] [32m[1mLinking C shared library rosidl_generator_py/fbg_msgs/fbg_msgs_s__rosidl_typesupport_c.cpython-38-x86_64-linux-gnu.so[0m
[3.065s] [100%] Built target fbg_msgs__rosidl_typesupport_c__pyext
[3.065s] [100%] Built target fbg_msgs__rosidl_typesupport_introspection_c__pyext
[3.086s] [100%] Built target fbg_msgs__rosidl_typesupport_fastrtps_c__pyext
[3.094s] Invoked command in '/home/yangshengxu/Desktop/InSituNeedle_Manipulation_FBG_FEM_ROS2/build/fbg_msgs' returned '0': CMAKE_PREFIX_PATH=${CMAKE_PREFIX_PATH}:/home/yangshengxu/Desktop/InSituNeedle_Manipulation_FBG_FEM_ROS2/install/curvature_srvcli:/home/yangshengxu/Desktop/InSituNeedle_Manipulation_FBG_FEM_ROS2/install/sm130_interrogator:/opt/ros/galactic /usr/bin/cmake --build /home/yangshengxu/Desktop/InSituNeedle_Manipulation_FBG_FEM_ROS2/build/fbg_msgs -- -j8 -l8
[3.150s] Invoking command in '/home/yangshengxu/Desktop/InSituNeedle_Manipulation_FBG_FEM_ROS2/build/fbg_msgs': CMAKE_PREFIX_PATH=${CMAKE_PREFIX_PATH}:/home/yangshengxu/Desktop/InSituNeedle_Manipulation_FBG_FEM_ROS2/install/curvature_srvcli:/home/yangshengxu/Desktop/InSituNeedle_Manipulation_FBG_FEM_ROS2/install/sm130_interrogator:/opt/ros/galactic /usr/bin/cmake --install /home/yangshengxu/Desktop/InSituNeedle_Manipulation_FBG_FEM_ROS2/build/fbg_msgs
[3.156s] -- Install configuration: ""
[3.156s] -- Up-to-date: /home/yangshengxu/Desktop/InSituNeedle_Manipulation_FBG_FEM_ROS2/install/fbg_msgs/share/ament_index/resource_index/rosidl_interfaces/fbg_msgs
[3.156s] -- Up-to-date: /home/yangshengxu/Desktop/InSituNeedle_Manipulation_FBG_FEM_ROS2/install/fbg_msgs/include/fbg_msgs
[3.156s] -- Up-to-date: /home/yangshengxu/Desktop/InSituNeedle_Manipulation_FBG_FEM_ROS2/install/fbg_msgs/include/fbg_msgs/msg
[3.156s] -- Installing: /home/yangshengxu/Desktop/InSituNeedle_Manipulation_FBG_FEM_ROS2/install/fbg_msgs/include/fbg_msgs/msg/curvature.h
[3.156s] -- Up-to-date: /home/yangshengxu/Desktop/InSituNeedle_Manipulation_FBG_FEM_ROS2/install/fbg_msgs/include/fbg_msgs/msg/rosidl_generator_c__visibility_control.h
[3.156s] -- Installing: /home/yangshengxu/Desktop/InSituNeedle_Manipulation_FBG_FEM_ROS2/install/fbg_msgs/include/fbg_msgs/msg/fbg_reading.h
[3.156s] -- Up-to-date: /home/yangshengxu/Desktop/InSituNeedle_Manipulation_FBG_FEM_ROS2/install/fbg_msgs/include/fbg_msgs/msg/detail
[3.156s] -- Installing: /home/yangshengxu/Desktop/InSituNeedle_Manipulation_FBG_FEM_ROS2/install/fbg_msgs/include/fbg_msgs/msg/detail/fbg_reading__functions.c
[3.157s] -- Installing: /home/yangshengxu/Desktop/InSituNeedle_Manipulation_FBG_FEM_ROS2/install/fbg_msgs/include/fbg_msgs/msg/detail/fbg_reading__struct.h
[3.157s] -- Installing: /home/yangshengxu/Desktop/InSituNeedle_Manipulation_FBG_FEM_ROS2/install/fbg_msgs/include/fbg_msgs/msg/detail/curvature__functions.h
[3.157s] -- Installing: /home/yangshengxu/Desktop/InSituNeedle_Manipulation_FBG_FEM_ROS2/install/fbg_msgs/include/fbg_msgs/msg/detail/fbg_reading__type_support.h
[3.157s] -- Installing: /home/yangshengxu/Desktop/InSituNeedle_Manipulation_FBG_FEM_ROS2/install/fbg_msgs/include/fbg_msgs/msg/detail/fbg_reading__functions.h
[3.157s] -- Installing: /home/yangshengxu/Desktop/InSituNeedle_Manipulation_FBG_FEM_ROS2/install/fbg_msgs/include/fbg_msgs/msg/detail/curvature__type_support.h
[3.157s] -- Installing: /home/yangshengxu/Desktop/InSituNeedle_Manipulation_FBG_FEM_ROS2/install/fbg_msgs/include/fbg_msgs/msg/detail/curvature__struct.h
[3.157s] -- Installing: /home/yangshengxu/Desktop/InSituNeedle_Manipulation_FBG_FEM_ROS2/install/fbg_msgs/include/fbg_msgs/msg/detail/curvature__functions.c
[3.157s] -- Up-to-date: /home/yangshengxu/Desktop/InSituNeedle_Manipulation_FBG_FEM_ROS2/install/fbg_msgs/include/fbg_msgs/srv
[3.157s] -- Installing: /home/yangshengxu/Desktop/InSituNeedle_Manipulation_FBG_FEM_ROS2/install/fbg_msgs/include/fbg_msgs/srv/cal_curvature.h
[3.157s] -- Up-to-date: /home/yangshengxu/Desktop/InSituNeedle_Manipulation_FBG_FEM_ROS2/install/fbg_msgs/include/fbg_msgs/srv/detail
[3.157s] -- Installing: /home/yangshengxu/Desktop/InSituNeedle_Manipulation_FBG_FEM_ROS2/install/fbg_msgs/include/fbg_msgs/srv/detail/cal_curvature__functions.c
[3.157s] -- Installing: /home/yangshengxu/Desktop/InSituNeedle_Manipulation_FBG_FEM_ROS2/install/fbg_msgs/include/fbg_msgs/srv/detail/cal_curvature__type_support.h
[3.157s] -- Installing: /home/yangshengxu/Desktop/InSituNeedle_Manipulation_FBG_FEM_ROS2/install/fbg_msgs/include/fbg_msgs/srv/detail/cal_curvature__functions.h
[3.157s] -- Installing: /home/yangshengxu/Desktop/InSituNeedle_Manipulation_FBG_FEM_ROS2/install/fbg_msgs/include/fbg_msgs/srv/detail/cal_curvature__struct.h
[3.157s] -- Up-to-date: /home/yangshengxu/Desktop/InSituNeedle_Manipulation_FBG_FEM_ROS2/install/fbg_msgs/share/fbg_msgs/environment/library_path.sh
[3.157s] -- Installing: /home/yangshengxu/Desktop/InSituNeedle_Manipulation_FBG_FEM_ROS2/install/fbg_msgs/share/fbg_msgs/environment/library_path.dsv
[3.157s] -- Installing: /home/yangshengxu/Desktop/InSituNeedle_Manipulation_FBG_FEM_ROS2/install/fbg_msgs/lib/libfbg_msgs__rosidl_generator_c.so
[3.157s] -- Set runtime path of "/home/yangshengxu/Desktop/InSituNeedle_Manipulation_FBG_FEM_ROS2/install/fbg_msgs/lib/libfbg_msgs__rosidl_generator_c.so" to ""
[3.157s] -- Up-to-date: /home/yangshengxu/Desktop/InSituNeedle_Manipulation_FBG_FEM_ROS2/install/fbg_msgs/include/fbg_msgs
[3.157s] -- Up-to-date: /home/yangshengxu/Desktop/InSituNeedle_Manipulation_FBG_FEM_ROS2/install/fbg_msgs/include/fbg_msgs/msg
[3.158s] -- Up-to-date: /home/yangshengxu/Desktop/InSituNeedle_Manipulation_FBG_FEM_ROS2/install/fbg_msgs/include/fbg_msgs/msg/detail
[3.158s] -- Installing: /home/yangshengxu/Desktop/InSituNeedle_Manipulation_FBG_FEM_ROS2/install/fbg_msgs/include/fbg_msgs/msg/detail/fbg_reading__rosidl_typesupport_fastrtps_c.h
[3.158s] -- Installing: /home/yangshengxu/Desktop/InSituNeedle_Manipulation_FBG_FEM_ROS2/install/fbg_msgs/include/fbg_msgs/msg/detail/curvature__rosidl_typesupport_fastrtps_c.h
[3.158s] -- Up-to-date: /home/yangshengxu/Desktop/InSituNeedle_Manipulation_FBG_FEM_ROS2/install/fbg_msgs/include/fbg_msgs/msg/rosidl_typesupport_fastrtps_c__visibility_control.h
[3.158s] -- Up-to-date: /home/yangshengxu/Desktop/InSituNeedle_Manipulation_FBG_FEM_ROS2/install/fbg_msgs/include/fbg_msgs/srv
[3.158s] -- Up-to-date: /home/yangshengxu/Desktop/InSituNeedle_Manipulation_FBG_FEM_ROS2/install/fbg_msgs/include/fbg_msgs/srv/detail
[3.158s] -- Installing: /home/yangshengxu/Desktop/InSituNeedle_Manipulation_FBG_FEM_ROS2/install/fbg_msgs/include/fbg_msgs/srv/detail/cal_curvature__rosidl_typesupport_fastrtps_c.h
[3.158s] -- Installing: /home/yangshengxu/Desktop/InSituNeedle_Manipulation_FBG_FEM_ROS2/install/fbg_msgs/lib/libfbg_msgs__rosidl_typesupport_fastrtps_c.so
[3.158s] -- Set runtime path of "/home/yangshengxu/Desktop/InSituNeedle_Manipulation_FBG_FEM_ROS2/install/fbg_msgs/lib/libfbg_msgs__rosidl_typesupport_fastrtps_c.so" to ""
[3.158s] -- Up-to-date: /home/yangshengxu/Desktop/InSituNeedle_Manipulation_FBG_FEM_ROS2/install/fbg_msgs/include/fbg_msgs
[3.158s] -- Up-to-date: /home/yangshengxu/Desktop/InSituNeedle_Manipulation_FBG_FEM_ROS2/install/fbg_msgs/include/fbg_msgs/msg
[3.158s] -- Up-to-date: /home/yangshengxu/Desktop/InSituNeedle_Manipulation_FBG_FEM_ROS2/install/fbg_msgs/include/fbg_msgs/msg/rosidl_typesupport_fastrtps_cpp__visibility_control.h
[3.158s] -- Up-to-date: /home/yangshengxu/Desktop/InSituNeedle_Manipulation_FBG_FEM_ROS2/install/fbg_msgs/include/fbg_msgs/msg/detail
[3.158s] -- Installing: /home/yangshengxu/Desktop/InSituNeedle_Manipulation_FBG_FEM_ROS2/install/fbg_msgs/include/fbg_msgs/msg/detail/fbg_reading__rosidl_typesupport_fastrtps_cpp.hpp
[3.158s] -- Installing: /home/yangshengxu/Desktop/InSituNeedle_Manipulation_FBG_FEM_ROS2/install/fbg_msgs/include/fbg_msgs/msg/detail/curvature__rosidl_typesupport_fastrtps_cpp.hpp
[3.158s] -- Up-to-date: /home/yangshengxu/Desktop/InSituNeedle_Manipulation_FBG_FEM_ROS2/install/fbg_msgs/include/fbg_msgs/msg/detail/dds_fastrtps
[3.158s] -- Up-to-date: /home/yangshengxu/Desktop/InSituNeedle_Manipulation_FBG_FEM_ROS2/install/fbg_msgs/include/fbg_msgs/srv
[3.158s] -- Up-to-date: /home/yangshengxu/Desktop/InSituNeedle_Manipulation_FBG_FEM_ROS2/install/fbg_msgs/include/fbg_msgs/srv/detail
[3.158s] -- Installing: /home/yangshengxu/Desktop/InSituNeedle_Manipulation_FBG_FEM_ROS2/install/fbg_msgs/include/fbg_msgs/srv/detail/cal_curvature__rosidl_typesupport_fastrtps_cpp.hpp
[3.158s] -- Up-to-date: /home/yangshengxu/Desktop/InSituNeedle_Manipulation_FBG_FEM_ROS2/install/fbg_msgs/include/fbg_msgs/srv/detail/dds_fastrtps
[3.158s] -- Installing: /home/yangshengxu/Desktop/InSituNeedle_Manipulation_FBG_FEM_ROS2/install/fbg_msgs/lib/libfbg_msgs__rosidl_typesupport_fastrtps_cpp.so
[3.159s] -- Set runtime path of "/home/yangshengxu/Desktop/InSituNeedle_Manipulation_FBG_FEM_ROS2/install/fbg_msgs/lib/libfbg_msgs__rosidl_typesupport_fastrtps_cpp.so" to ""
[3.159s] -- Up-to-date: /home/yangshengxu/Desktop/InSituNeedle_Manipulation_FBG_FEM_ROS2/install/fbg_msgs/include/fbg_msgs
[3.159s] -- Up-to-date: /home/yangshengxu/Desktop/InSituNeedle_Manipulation_FBG_FEM_ROS2/install/fbg_msgs/include/fbg_msgs/msg
[3.159s] -- Up-to-date: /home/yangshengxu/Desktop/InSituNeedle_Manipulation_FBG_FEM_ROS2/install/fbg_msgs/include/fbg_msgs/msg/rosidl_typesupport_introspection_c__visibility_control.h
[3.159s] -- Up-to-date: /home/yangshengxu/Desktop/InSituNeedle_Manipulation_FBG_FEM_ROS2/install/fbg_msgs/include/fbg_msgs/msg/detail
[3.159s] -- Installing: /home/yangshengxu/Desktop/InSituNeedle_Manipulation_FBG_FEM_ROS2/install/fbg_msgs/include/fbg_msgs/msg/detail/curvature__type_support.c
[3.159s] -- Installing: /home/yangshengxu/Desktop/InSituNeedle_Manipulation_FBG_FEM_ROS2/install/fbg_msgs/include/fbg_msgs/msg/detail/fbg_reading__rosidl_typesupport_introspection_c.h
[3.159s] -- Installing: /home/yangshengxu/Desktop/InSituNeedle_Manipulation_FBG_FEM_ROS2/install/fbg_msgs/include/fbg_msgs/msg/detail/fbg_reading__type_support.c
[3.159s] -- Installing: /home/yangshengxu/Desktop/InSituNeedle_Manipulation_FBG_FEM_ROS2/install/fbg_msgs/include/fbg_msgs/msg/detail/curvature__rosidl_typesupport_introspection_c.h
[3.159s] -- Up-to-date: /home/yangshengxu/Desktop/InSituNeedle_Manipulation_FBG_FEM_ROS2/install/fbg_msgs/include/fbg_msgs/srv
[3.159s] -- Up-to-date: /home/yangshengxu/Desktop/InSituNeedle_Manipulation_FBG_FEM_ROS2/install/fbg_msgs/include/fbg_msgs/srv/detail
[3.159s] -- Installing: /home/yangshengxu/Desktop/InSituNeedle_Manipulation_FBG_FEM_ROS2/install/fbg_msgs/include/fbg_msgs/srv/detail/cal_curvature__type_support.c
[3.159s] -- Installing: /home/yangshengxu/Desktop/InSituNeedle_Manipulation_FBG_FEM_ROS2/install/fbg_msgs/include/fbg_msgs/srv/detail/cal_curvature__rosidl_typesupport_introspection_c.h
[3.159s] -- Installing: /home/yangshengxu/Desktop/InSituNeedle_Manipulation_FBG_FEM_ROS2/install/fbg_msgs/lib/libfbg_msgs__rosidl_typesupport_introspection_c.so
[3.159s] -- Set runtime path of "/home/yangshengxu/Desktop/InSituNeedle_Manipulation_FBG_FEM_ROS2/install/fbg_msgs/lib/libfbg_msgs__rosidl_typesupport_introspection_c.so" to ""
[3.159s] -- Installing: /home/yangshengxu/Desktop/InSituNeedle_Manipulation_FBG_FEM_ROS2/install/fbg_msgs/lib/libfbg_msgs__rosidl_typesupport_c.so
[3.160s] -- Set runtime path of "/home/yangshengxu/Desktop/InSituNeedle_Manipulation_FBG_FEM_ROS2/install/fbg_msgs/lib/libfbg_msgs__rosidl_typesupport_c.so" to ""
[3.160s] -- Up-to-date: /home/yangshengxu/Desktop/InSituNeedle_Manipulation_FBG_FEM_ROS2/install/fbg_msgs/include/fbg_msgs
[3.160s] -- Up-to-date: /home/yangshengxu/Desktop/InSituNeedle_Manipulation_FBG_FEM_ROS2/install/fbg_msgs/include/fbg_msgs/msg
[3.160s] -- Installing: /home/yangshengxu/Desktop/InSituNeedle_Manipulation_FBG_FEM_ROS2/install/fbg_msgs/include/fbg_msgs/msg/curvature.hpp
[3.160s] -- Up-to-date: /home/yangshengxu/Desktop/InSituNeedle_Manipulation_FBG_FEM_ROS2/install/fbg_msgs/include/fbg_msgs/msg/detail
[3.160s] -- Installing: /home/yangshengxu/Desktop/InSituNeedle_Manipulation_FBG_FEM_ROS2/install/fbg_msgs/include/fbg_msgs/msg/detail/curvature__traits.hpp
[3.160s] -- Installing: /home/yangshengxu/Desktop/InSituNeedle_Manipulation_FBG_FEM_ROS2/install/fbg_msgs/include/fbg_msgs/msg/detail/curvature__builder.hpp
[3.160s] -- Installing: /home/yangshengxu/Desktop/InSituNeedle_Manipulation_FBG_FEM_ROS2/install/fbg_msgs/include/fbg_msgs/msg/detail/curvature__struct.hpp
[3.160s] -- Installing: /home/yangshengxu/Desktop/InSituNeedle_Manipulation_FBG_FEM_ROS2/install/fbg_msgs/include/fbg_msgs/msg/detail/fbg_reading__struct.hpp
[3.160s] -- Installing: /home/yangshengxu/Desktop/InSituNeedle_Manipulation_FBG_FEM_ROS2/install/fbg_msgs/include/fbg_msgs/msg/detail/fbg_reading__builder.hpp
[3.160s] -- Installing: /home/yangshengxu/Desktop/InSituNeedle_Manipulation_FBG_FEM_ROS2/install/fbg_msgs/include/fbg_msgs/msg/detail/fbg_reading__traits.hpp
[3.160s] -- Installing: /home/yangshengxu/Desktop/InSituNeedle_Manipulation_FBG_FEM_ROS2/install/fbg_msgs/include/fbg_msgs/msg/fbg_reading.hpp
[3.160s] -- Up-to-date: /home/yangshengxu/Desktop/InSituNeedle_Manipulation_FBG_FEM_ROS2/install/fbg_msgs/include/fbg_msgs/srv
[3.160s] -- Installing: /home/yangshengxu/Desktop/InSituNeedle_Manipulation_FBG_FEM_ROS2/install/fbg_msgs/include/fbg_msgs/srv/cal_curvature.hpp
[3.160s] -- Up-to-date: /home/yangshengxu/Desktop/InSituNeedle_Manipulation_FBG_FEM_ROS2/install/fbg_msgs/include/fbg_msgs/srv/detail
[3.160s] -- Installing: /home/yangshengxu/Desktop/InSituNeedle_Manipulation_FBG_FEM_ROS2/install/fbg_msgs/include/fbg_msgs/srv/detail/cal_curvature__struct.hpp
[3.160s] -- Installing: /home/yangshengxu/Desktop/InSituNeedle_Manipulation_FBG_FEM_ROS2/install/fbg_msgs/include/fbg_msgs/srv/detail/cal_curvature__builder.hpp
[3.161s] -- Installing: /home/yangshengxu/Desktop/InSituNeedle_Manipulation_FBG_FEM_ROS2/install/fbg_msgs/include/fbg_msgs/srv/detail/cal_curvature__traits.hpp
[3.161s] -- Up-to-date: /home/yangshengxu/Desktop/InSituNeedle_Manipulation_FBG_FEM_ROS2/install/fbg_msgs/include/fbg_msgs
[3.161s] -- Up-to-date: /home/yangshengxu/Desktop/InSituNeedle_Manipulation_FBG_FEM_ROS2/install/fbg_msgs/include/fbg_msgs/msg
[3.161s] -- Up-to-date: /home/yangshengxu/Desktop/InSituNeedle_Manipulation_FBG_FEM_ROS2/install/fbg_msgs/include/fbg_msgs/msg/detail
[3.161s] -- Installing: /home/yangshengxu/Desktop/InSituNeedle_Manipulation_FBG_FEM_ROS2/install/fbg_msgs/include/fbg_msgs/msg/detail/fbg_reading__type_support.cpp
[3.161s] -- Installing: /home/yangshengxu/Desktop/InSituNeedle_Manipulation_FBG_FEM_ROS2/install/fbg_msgs/include/fbg_msgs/msg/detail/fbg_reading__rosidl_typesupport_introspection_cpp.hpp
[3.161s] -- Installing: /home/yangshengxu/Desktop/InSituNeedle_Manipulation_FBG_FEM_ROS2/install/fbg_msgs/include/fbg_msgs/msg/detail/curvature__rosidl_typesupport_introspection_cpp.hpp
[3.161s] -- Installing: /home/yangshengxu/Desktop/InSituNeedle_Manipulation_FBG_FEM_ROS2/install/fbg_msgs/include/fbg_msgs/msg/detail/curvature__type_support.cpp
[3.161s] -- Up-to-date: /home/yangshengxu/Desktop/InSituNeedle_Manipulation_FBG_FEM_ROS2/install/fbg_msgs/include/fbg_msgs/srv
[3.161s] -- Up-to-date: /home/yangshengxu/Desktop/InSituNeedle_Manipulation_FBG_FEM_ROS2/install/fbg_msgs/include/fbg_msgs/srv/detail
[3.161s] -- Installing: /home/yangshengxu/Desktop/InSituNeedle_Manipulation_FBG_FEM_ROS2/install/fbg_msgs/include/fbg_msgs/srv/detail/cal_curvature__type_support.cpp
[3.161s] -- Installing: /home/yangshengxu/Desktop/InSituNeedle_Manipulation_FBG_FEM_ROS2/install/fbg_msgs/include/fbg_msgs/srv/detail/cal_curvature__rosidl_typesupport_introspection_cpp.hpp
[3.161s] -- Installing: /home/yangshengxu/Desktop/InSituNeedle_Manipulation_FBG_FEM_ROS2/install/fbg_msgs/lib/libfbg_msgs__rosidl_typesupport_introspection_cpp.so
[3.161s] -- Set runtime path of "/home/yangshengxu/Desktop/InSituNeedle_Manipulation_FBG_FEM_ROS2/install/fbg_msgs/lib/libfbg_msgs__rosidl_typesupport_introspection_cpp.so" to ""
[3.161s] -- Installing: /home/yangshengxu/Desktop/InSituNeedle_Manipulation_FBG_FEM_ROS2/install/fbg_msgs/lib/libfbg_msgs__rosidl_typesupport_cpp.so
[3.161s] -- Set runtime path of "/home/yangshengxu/Desktop/InSituNeedle_Manipulation_FBG_FEM_ROS2/install/fbg_msgs/lib/libfbg_msgs__rosidl_typesupport_cpp.so" to ""
[3.162s] -- Up-to-date: /home/yangshengxu/Desktop/InSituNeedle_Manipulation_FBG_FEM_ROS2/install/fbg_msgs/share/fbg_msgs/environment/pythonpath.sh
[3.162s] -- Installing: /home/yangshengxu/Desktop/InSituNeedle_Manipulation_FBG_FEM_ROS2/install/fbg_msgs/share/fbg_msgs/environment/pythonpath.dsv
[3.162s] -- Installing: /home/yangshengxu/Desktop/InSituNeedle_Manipulation_FBG_FEM_ROS2/install/fbg_msgs/lib/python3.8/site-packages/fbg_msgs/__init__.py
[3.184s] Compiling '/home/yangshengxu/Desktop/InSituNeedle_Manipulation_FBG_FEM_ROS2/install/fbg_msgs/lib/python3.8/site-packages/fbg_msgs/__init__.py'...
[3.186s] -- Up-to-date: /home/yangshengxu/Desktop/InSituNeedle_Manipulation_FBG_FEM_ROS2/install/fbg_msgs/lib/python3.8/site-packages/fbg_msgs/msg
[3.186s] -- Installing: /home/yangshengxu/Desktop/InSituNeedle_Manipulation_FBG_FEM_ROS2/install/fbg_msgs/lib/python3.8/site-packages/fbg_msgs/msg/_fbg_reading.py
[3.186s] -- Installing: /home/yangshengxu/Desktop/InSituNeedle_Manipulation_FBG_FEM_ROS2/install/fbg_msgs/lib/python3.8/site-packages/fbg_msgs/msg/__init__.py
[3.186s] -- Installing: /home/yangshengxu/Desktop/InSituNeedle_Manipulation_FBG_FEM_ROS2/install/fbg_msgs/lib/python3.8/site-packages/fbg_msgs/msg/_curvature.py
[3.187s] -- Installing: /home/yangshengxu/Desktop/InSituNeedle_Manipulation_FBG_FEM_ROS2/install/fbg_msgs/lib/python3.8/site-packages/fbg_msgs/msg/_curvature_s.c
[3.187s] -- Installing: /home/yangshengxu/Desktop/InSituNeedle_Manipulation_FBG_FEM_ROS2/install/fbg_msgs/lib/python3.8/site-packages/fbg_msgs/msg/_fbg_reading_s.c
[3.187s] -- Up-to-date: /home/yangshengxu/Desktop/InSituNeedle_Manipulation_FBG_FEM_ROS2/install/fbg_msgs/lib/python3.8/site-packages/fbg_msgs/srv
[3.187s] -- Installing: /home/yangshengxu/Desktop/InSituNeedle_Manipulation_FBG_FEM_ROS2/install/fbg_msgs/lib/python3.8/site-packages/fbg_msgs/srv/__init__.py
[3.187s] -- Installing: /home/yangshengxu/Desktop/InSituNeedle_Manipulation_FBG_FEM_ROS2/install/fbg_msgs/lib/python3.8/site-packages/fbg_msgs/srv/_cal_curvature_s.c
[3.187s] -- Installing: /home/yangshengxu/Desktop/InSituNeedle_Manipulation_FBG_FEM_ROS2/install/fbg_msgs/lib/python3.8/site-packages/fbg_msgs/srv/_cal_curvature.py
[3.187s] -- Installing: /home/yangshengxu/Desktop/InSituNeedle_Manipulation_FBG_FEM_ROS2/install/fbg_msgs/lib/python3.8/site-packages/fbg_msgs/fbg_msgs_s__rosidl_typesupport_fastrtps_c.cpython-38-x86_64-linux-gnu.so
[3.187s] -- Set runtime path of "/home/yangshengxu/Desktop/InSituNeedle_Manipulation_FBG_FEM_ROS2/install/fbg_msgs/lib/python3.8/site-packages/fbg_msgs/fbg_msgs_s__rosidl_typesupport_fastrtps_c.cpython-38-x86_64-linux-gnu.so" to ""
[3.187s] -- Installing: /home/yangshengxu/Desktop/InSituNeedle_Manipulation_FBG_FEM_ROS2/install/fbg_msgs/lib/python3.8/site-packages/fbg_msgs/fbg_msgs_s__rosidl_typesupport_introspection_c.cpython-38-x86_64-linux-gnu.so
[3.188s] -- Set runtime path of "/home/yangshengxu/Desktop/InSituNeedle_Manipulation_FBG_FEM_ROS2/install/fbg_msgs/lib/python3.8/site-packages/fbg_msgs/fbg_msgs_s__rosidl_typesupport_introspection_c.cpython-38-x86_64-linux-gnu.so" to ""
[3.188s] -- Installing: /home/yangshengxu/Desktop/InSituNeedle_Manipulation_FBG_FEM_ROS2/install/fbg_msgs/lib/python3.8/site-packages/fbg_msgs/fbg_msgs_s__rosidl_typesupport_c.cpython-38-x86_64-linux-gnu.so
[3.188s] -- Set runtime path of "/home/yangshengxu/Desktop/InSituNeedle_Manipulation_FBG_FEM_ROS2/install/fbg_msgs/lib/python3.8/site-packages/fbg_msgs/fbg_msgs_s__rosidl_typesupport_c.cpython-38-x86_64-linux-gnu.so" to ""
[3.188s] -- Installing: /home/yangshengxu/Desktop/InSituNeedle_Manipulation_FBG_FEM_ROS2/install/fbg_msgs/lib/libfbg_msgs__python.so
[3.188s] -- Set runtime path of "/home/yangshengxu/Desktop/InSituNeedle_Manipulation_FBG_FEM_ROS2/install/fbg_msgs/lib/libfbg_msgs__python.so" to ""
[3.188s] -- Installing: /home/yangshengxu/Desktop/InSituNeedle_Manipulation_FBG_FEM_ROS2/install/fbg_msgs/share/fbg_msgs/msg/FbgReading.idl
[3.189s] -- Up-to-date: /home/yangshengxu/Desktop/InSituNeedle_Manipulation_FBG_FEM_ROS2/install/fbg_msgs/share/fbg_msgs/msg/Curvature.idl
[3.189s] -- Up-to-date: /home/yangshengxu/Desktop/InSituNeedle_Manipulation_FBG_FEM_ROS2/install/fbg_msgs/share/fbg_msgs/srv/CalCurvature.idl
[3.189s] -- Installing: /home/yangshengxu/Desktop/InSituNeedle_Manipulation_FBG_FEM_ROS2/install/fbg_msgs/share/fbg_msgs/msg/FbgReading.msg
[3.189s] -- Up-to-date: /home/yangshengxu/Desktop/InSituNeedle_Manipulation_FBG_FEM_ROS2/install/fbg_msgs/share/fbg_msgs/msg/Curvature.msg
[3.189s] -- Up-to-date: /home/yangshengxu/Desktop/InSituNeedle_Manipulation_FBG_FEM_ROS2/install/fbg_msgs/share/fbg_msgs/srv/CalCurvature.srv
[3.189s] -- Up-to-date: /home/yangshengxu/Desktop/InSituNeedle_Manipulation_FBG_FEM_ROS2/install/fbg_msgs/share/fbg_msgs/srv/CalCurvature_Request.msg
[3.189s] -- Up-to-date: /home/yangshengxu/Desktop/InSituNeedle_Manipulation_FBG_FEM_ROS2/install/fbg_msgs/share/fbg_msgs/srv/CalCurvature_Response.msg
[3.189s] -- Up-to-date: /home/yangshengxu/Desktop/InSituNeedle_Manipulation_FBG_FEM_ROS2/install/fbg_msgs/share/ament_index/resource_index/package_run_dependencies/fbg_msgs
[3.189s] -- Installing: /home/yangshengxu/Desktop/InSituNeedle_Manipulation_FBG_FEM_ROS2/install/fbg_msgs/share/ament_index/resource_index/parent_prefix_path/fbg_msgs
[3.189s] -- Up-to-date: /home/yangshengxu/Desktop/InSituNeedle_Manipulation_FBG_FEM_ROS2/install/fbg_msgs/share/fbg_msgs/environment/ament_prefix_path.sh
[3.189s] -- Installing: /home/yangshengxu/Desktop/InSituNeedle_Manipulation_FBG_FEM_ROS2/install/fbg_msgs/share/fbg_msgs/environment/ament_prefix_path.dsv
[3.189s] -- Up-to-date: /home/yangshengxu/Desktop/InSituNeedle_Manipulation_FBG_FEM_ROS2/install/fbg_msgs/share/fbg_msgs/environment/path.sh
[3.189s] -- Installing: /home/yangshengxu/Desktop/InSituNeedle_Manipulation_FBG_FEM_ROS2/install/fbg_msgs/share/fbg_msgs/environment/path.dsv
[3.189s] -- Up-to-date: /home/yangshengxu/Desktop/InSituNeedle_Manipulation_FBG_FEM_ROS2/install/fbg_msgs/share/fbg_msgs/local_setup.bash
[3.189s] -- Up-to-date: /home/yangshengxu/Desktop/InSituNeedle_Manipulation_FBG_FEM_ROS2/install/fbg_msgs/share/fbg_msgs/local_setup.sh
[3.189s] -- Up-to-date: /home/yangshengxu/Desktop/InSituNeedle_Manipulation_FBG_FEM_ROS2/install/fbg_msgs/share/fbg_msgs/local_setup.zsh
[3.189s] -- Installing: /home/yangshengxu/Desktop/InSituNeedle_Manipulation_FBG_FEM_ROS2/install/fbg_msgs/share/fbg_msgs/local_setup.dsv
[3.189s] -- Installing: /home/yangshengxu/Desktop/InSituNeedle_Manipulation_FBG_FEM_ROS2/install/fbg_msgs/share/fbg_msgs/package.dsv
[3.189s] -- Up-to-date: /home/yangshengxu/Desktop/InSituNeedle_Manipulation_FBG_FEM_ROS2/install/fbg_msgs/share/ament_index/resource_index/packages/fbg_msgs
[3.189s] -- Up-to-date: /home/yangshengxu/Desktop/InSituNeedle_Manipulation_FBG_FEM_ROS2/install/fbg_msgs/share/fbg_msgs/cmake/fbg_msgs__rosidl_generator_cExport.cmake
[3.190s] -- Installing: /home/yangshengxu/Desktop/InSituNeedle_Manipulation_FBG_FEM_ROS2/install/fbg_msgs/share/fbg_msgs/cmake/fbg_msgs__rosidl_generator_cExport-noconfig.cmake
[3.190s] -- Up-to-date: /home/yangshengxu/Desktop/InSituNeedle_Manipulation_FBG_FEM_ROS2/install/fbg_msgs/share/fbg_msgs/cmake/fbg_msgs__rosidl_typesupport_introspection_cExport.cmake
[3.190s] -- Installing: /home/yangshengxu/Desktop/InSituNeedle_Manipulation_FBG_FEM_ROS2/install/fbg_msgs/share/fbg_msgs/cmake/fbg_msgs__rosidl_typesupport_introspection_cExport-noconfig.cmake
[3.190s] -- Up-to-date: /home/yangshengxu/Desktop/InSituNeedle_Manipulation_FBG_FEM_ROS2/install/fbg_msgs/share/fbg_msgs/cmake/fbg_msgs__rosidl_typesupport_cExport.cmake
[3.190s] -- Installing: /home/yangshengxu/Desktop/InSituNeedle_Manipulation_FBG_FEM_ROS2/install/fbg_msgs/share/fbg_msgs/cmake/fbg_msgs__rosidl_typesupport_cExport-noconfig.cmake
[3.190s] -- Up-to-date: /home/yangshengxu/Desktop/InSituNeedle_Manipulation_FBG_FEM_ROS2/install/fbg_msgs/share/fbg_msgs/cmake/fbg_msgs__rosidl_generator_cppExport.cmake
[3.190s] -- Up-to-date: /home/yangshengxu/Desktop/InSituNeedle_Manipulation_FBG_FEM_ROS2/install/fbg_msgs/share/fbg_msgs/cmake/fbg_msgs__rosidl_typesupport_introspection_cppExport.cmake
[3.190s] -- Installing: /home/yangshengxu/Desktop/InSituNeedle_Manipulation_FBG_FEM_ROS2/install/fbg_msgs/share/fbg_msgs/cmake/fbg_msgs__rosidl_typesupport_introspection_cppExport-noconfig.cmake
[3.190s] -- Up-to-date: /home/yangshengxu/Desktop/InSituNeedle_Manipulation_FBG_FEM_ROS2/install/fbg_msgs/share/fbg_msgs/cmake/fbg_msgs__rosidl_typesupport_cppExport.cmake
[3.190s] -- Installing: /home/yangshengxu/Desktop/InSituNeedle_Manipulation_FBG_FEM_ROS2/install/fbg_msgs/share/fbg_msgs/cmake/fbg_msgs__rosidl_typesupport_cppExport-noconfig.cmake
[3.190s] -- Up-to-date: /home/yangshengxu/Desktop/InSituNeedle_Manipulation_FBG_FEM_ROS2/install/fbg_msgs/share/fbg_msgs/cmake/rosidl_cmake-extras.cmake
[3.190s] -- Up-to-date: /home/yangshengxu/Desktop/InSituNeedle_Manipulation_FBG_FEM_ROS2/install/fbg_msgs/share/fbg_msgs/cmake/ament_cmake_export_dependencies-extras.cmake
[3.190s] -- Up-to-date: /home/yangshengxu/Desktop/InSituNeedle_Manipulation_FBG_FEM_ROS2/install/fbg_msgs/share/fbg_msgs/cmake/ament_cmake_export_libraries-extras.cmake
[3.191s] -- Up-to-date: /home/yangshengxu/Desktop/InSituNeedle_Manipulation_FBG_FEM_ROS2/install/fbg_msgs/share/fbg_msgs/cmake/ament_cmake_export_targets-extras.cmake
[3.191s] -- Up-to-date: /home/yangshengxu/Desktop/InSituNeedle_Manipulation_FBG_FEM_ROS2/install/fbg_msgs/share/fbg_msgs/cmake/ament_cmake_export_include_directories-extras.cmake
[3.191s] -- Up-to-date: /home/yangshengxu/Desktop/InSituNeedle_Manipulation_FBG_FEM_ROS2/install/fbg_msgs/share/fbg_msgs/cmake/rosidl_cmake_export_typesupport_libraries-extras.cmake
[3.191s] -- Up-to-date: /home/yangshengxu/Desktop/InSituNeedle_Manipulation_FBG_FEM_ROS2/install/fbg_msgs/share/fbg_msgs/cmake/rosidl_cmake_export_typesupport_targets-extras.cmake
[3.191s] -- Up-to-date: /home/yangshengxu/Desktop/InSituNeedle_Manipulation_FBG_FEM_ROS2/install/fbg_msgs/share/fbg_msgs/cmake/fbg_msgsConfig.cmake
[3.191s] -- Up-to-date: /home/yangshengxu/Desktop/InSituNeedle_Manipulation_FBG_FEM_ROS2/install/fbg_msgs/share/fbg_msgs/cmake/fbg_msgsConfig-version.cmake
[3.191s] -- Up-to-date: /home/yangshengxu/Desktop/InSituNeedle_Manipulation_FBG_FEM_ROS2/install/fbg_msgs/share/fbg_msgs/package.xml
[3.194s] Invoked command in '/home/yangshengxu/Desktop/InSituNeedle_Manipulation_FBG_FEM_ROS2/build/fbg_msgs' returned '0': CMAKE_PREFIX_PATH=${CMAKE_PREFIX_PATH}:/home/yangshengxu/Desktop/InSituNeedle_Manipulation_FBG_FEM_ROS2/install/curvature_srvcli:/home/yangshengxu/Desktop/InSituNeedle_Manipulation_FBG_FEM_ROS2/install/sm130_interrogator:/opt/ros/galactic /usr/bin/cmake --install /home/yangshengxu/Desktop/InSituNeedle_Manipulation_FBG_FEM_ROS2/build/fbg_msgs
